###############################################################################
#
# IAR ELF Linker V7.80.1.11864/W32 for ARM                25/Feb/2017  20:30:40
# Copyright 2007-2016 IAR Systems AB.
#
#    Output file  =  E:\WORK\DISPLAY\ILI9325\EWARM\DISPLAY\Exe\DISPLAY.out
#    Map file     =  E:\WORK\DISPLAY\ILI9325\EWARM\DISPLAY\List\DISPLAY.map
#    Command line =  
#        E:\WORK\DISPLAY\ILI9325\EWARM\DISPLAY\Obj\Arial16.o
#        E:\WORK\DISPLAY\ILI9325\EWARM\DISPLAY\Obj\GUI_X.o
#        E:\WORK\DISPLAY\ILI9325\EWARM\DISPLAY\Obj\GUIConf.o
#        E:\WORK\DISPLAY\ILI9325\EWARM\DISPLAY\Obj\LCD_ini.o
#        E:\WORK\DISPLAY\ILI9325\EWARM\DISPLAY\Obj\LCDConf_FlexColor.o
#        E:\WORK\DISPLAY\ILI9325\EWARM\DISPLAY\Obj\main.o
#        E:\WORK\DISPLAY\ILI9325\EWARM\DISPLAY\Obj\startup_stm32f407xx.o
#        E:\WORK\DISPLAY\ILI9325\EmWin\STemWin532_CM4_IAR.a
#        E:\WORK\DISPLAY\ILI9325\EWARM\DISPLAY\Obj\stm32f4xx_hal.o
#        E:\WORK\DISPLAY\ILI9325\EWARM\DISPLAY\Obj\stm32f4xx_hal_cortex.o
#        E:\WORK\DISPLAY\ILI9325\EWARM\DISPLAY\Obj\stm32f4xx_hal_dma.o
#        E:\WORK\DISPLAY\ILI9325\EWARM\DISPLAY\Obj\stm32f4xx_hal_dma_ex.o
#        E:\WORK\DISPLAY\ILI9325\EWARM\DISPLAY\Obj\stm32f4xx_hal_flash.o
#        E:\WORK\DISPLAY\ILI9325\EWARM\DISPLAY\Obj\stm32f4xx_hal_flash_ex.o
#        E:\WORK\DISPLAY\ILI9325\EWARM\DISPLAY\Obj\stm32f4xx_hal_flash_ramfunc.o
#        E:\WORK\DISPLAY\ILI9325\EWARM\DISPLAY\Obj\stm32f4xx_hal_gpio.o
#        E:\WORK\DISPLAY\ILI9325\EWARM\DISPLAY\Obj\stm32f4xx_hal_msp.o
#        E:\WORK\DISPLAY\ILI9325\EWARM\DISPLAY\Obj\stm32f4xx_hal_pwr.o
#        E:\WORK\DISPLAY\ILI9325\EWARM\DISPLAY\Obj\stm32f4xx_hal_pwr_ex.o
#        E:\WORK\DISPLAY\ILI9325\EWARM\DISPLAY\Obj\stm32f4xx_hal_rcc.o
#        E:\WORK\DISPLAY\ILI9325\EWARM\DISPLAY\Obj\stm32f4xx_hal_rcc_ex.o
#        E:\WORK\DISPLAY\ILI9325\EWARM\DISPLAY\Obj\stm32f4xx_hal_spi.o
#        E:\WORK\DISPLAY\ILI9325\EWARM\DISPLAY\Obj\stm32f4xx_hal_sram.o
#        E:\WORK\DISPLAY\ILI9325\EWARM\DISPLAY\Obj\stm32f4xx_hal_tim.o
#        E:\WORK\DISPLAY\ILI9325\EWARM\DISPLAY\Obj\stm32f4xx_hal_tim_ex.o
#        E:\WORK\DISPLAY\ILI9325\EWARM\DISPLAY\Obj\stm32f4xx_it.o
#        E:\WORK\DISPLAY\ILI9325\EWARM\DISPLAY\Obj\stm32f4xx_ll_fsmc.o
#        E:\WORK\DISPLAY\ILI9325\EWARM\DISPLAY\Obj\system_stm32f4xx.o
#        E:\WORK\DISPLAY\ILI9325\EWARM\DISPLAY\Obj\WindowDLG.o
#        E:\WORK\DISPLAY\ILI9325\EWARM\DISPLAY\Obj\XPT2046.o --redirect
#        _Printf=_PrintfFull --redirect _Scanf=_ScanfFull -o
#        E:\WORK\DISPLAY\ILI9325\EWARM\DISPLAY\Exe\DISPLAY.out --map
#        E:\WORK\DISPLAY\ILI9325\EWARM\DISPLAY\List\DISPLAY.map --config
#        E:\WORK\DISPLAY\ILI9325\EWARM/stm32f407xx_flash.icf --semihosting
#        E:\WORK\DISPLAY\ILI9325\EWARM\..\EmWin\STemWin532_CM4_IAR.a --entry
#        __iar_program_start --vfe
#
###############################################################################

*******************************************************************************
*** RUNTIME MODEL ATTRIBUTES
***

CppFlavor       = *
__SystemLibrary = DLib


*******************************************************************************
*** PLACEMENT SUMMARY
***

"A0":  place at 0x08000000 { ro section .intvec };
"P1":  place in [from 0x08000000 to 0x080fffff] { ro };
"P2":  place in [from 0x20000000 to 0x2001ffff] { rw, block CSTACK, block HEAP };
initialize by copy { rw };

  Section            Kind        Address     Size  Object
  -------            ----        -------     ----  ------
"A0":                                       0x188
  .intvec            ro code  0x08000000    0x188  startup_stm32f407xx.o [1]
                            - 0x08000188    0x188

"P1":                                      0xff67
  .text              ro code  0x08000188   0x10dc  WM.o [3]
  .text              ro code  0x08001264     0x30  LCD_SetClipRectEx.o [3]
  .text              ro code  0x08001294    0x6cc  GUI_Alloc.o [3]
  .text              ro code  0x08001960     0x40  GUI__IntersectRect.o [3]
  .text              ro code  0x080019a0     0x58  GUI_MergeRect.o [3]
  .text              ro code  0x080019f8     0x10  GUI_WaitEvent.o [3]
  .text              ro code  0x08001a08     0x1c  GUI_MoveRect.o [3]
  .text              ro code  0x08001a24    0x300  GUIDEV.o [3]
  .text              ro code  0x08001d24      0xe  WM_GetFirstChild.o [3]
  .text              ro code  0x08001d32     0x60  GUI__IntersectRects.o [3]
  .text              ro code  0x08001d92     0x38  GUI_RectsIntersect.o [3]
  .text              ro code  0x08001dca      0x2  GUICC_8888_Index2Color.o [3]
  .text              ro code  0x08001dcc     0x40  WM__SendMessage.o [3]
  .text              ro code  0x08001e0c     0x24  GUI_ALLOC_AllocZero.o [3]
  .text              ro code  0x08001e30     0x84  WM_BringToBottom.o [3]
  .text              ro code  0x08001eb4     0x98  WM_Timer.o [3]
  .text              ro code  0x08001f4c     0x14  WM_NotifyParent.o [3]
  .text              ro code  0x08001f60     0x5c  GUI_SelectLayer.o [3]
  .text              ro code  0x08001fbc    0x5e4  LCD.o [3]
  .text              ro code  0x080025a0     0x76  ABImemcpy_unaligned.o [6]
  .text              ro code  0x08002616      0x2  GUICC_888_Index2Color.o [3]
  .text              ro code  0x08002618     0x40  GUI_SetDefault.o [3]
  .text              ro code  0x08002658      0x4  WM_SendMessageNoPara.o [3]
  .text              ro code  0x0800265c    0x154  GUIDEV_Banding.o [3]
  .text              ro code  0x080027b0     0x58  GUI_OnKey.o [3]
  .text              ro code  0x08002808     0xd0  GUI__ManageCache.o [3]
  .text              ro code  0x080028d8     0x20  GUI_SaveContext.o [3]
  .text              ro code  0x080028f8      0x8  GUI_SetColor.o [3]
  .text              ro code  0x08002900    0x1c0  GUI_Core.o [3]
  .text              ro code  0x08002ac0     0x40  WM_GetClientRect.o [3]
  .text              ro code  0x08002b00     0x1c  WM_SendToParent.o [3]
  .text              ro code  0x08002b1c    0x134  GUI_Device.o [3]
  .text              ro code  0x08002c50     0x30  WM_CriticalHandle.o [3]
  .text              ro code  0x08002c80     0x78  ABImemmove_unaligned.o [6]
  .text              ro code  0x08002cf8      0x6  ABImemclr.o [6]
  .text              ro code  0x08002cfe     0x54  GUI__memset.o [3]
  .text              ro code  0x08002d54    0x184  LCD_GetEx.o [3]
  .text              ro code  0x08002ed8    0x1ac  GUIDEV_UsageBM.o [3]
  .text              ro code  0x08003084     0x12  GUI_SelectLCD.o [3]
  .text              ro code  0x08003098     0x4e  GUIDEV_Usage.o [3]
  .text              ro code  0x080030e8     0x24  LCD_UpdateColorIndices.o [3]
  .text              ro code  0x0800310c      0x4  GUI_SetDrawMode.o [3]
  .text              ro code  0x08003110    0x600  GUIDEV_WriteToActiveOpaque.o [3]
  .text              ro code  0x08003710     0x22  WM__GetPrevSibling.o [3]
  .text              ro code  0x08003732      0xe  WM_GetParent.o [3]
  .text              ro code  0x08003740    0x1ee  GUI_Timer.o [3]
  .text              ro code  0x08003930     0xe0  LCD_Set.o [3]
  .text              ro code  0x08003a10     0xb8  LCD_Color.o [3]
  .text              ro code  0x08003ac8     0x10  GUI_Pen.o [3]
  .text              ro code  0x08003ad8     0x14  GUI_SetTextAlign.o [3]
  .text              ro code  0x08003aec     0x14  GUI_SetTextMode.o [3]
  .text              ro code  0x08003b00     0x14  GUI_SetFont.o [3]
  .text              ro code  0x08003b14     0x10  GUI_SetLineStyle.o [3]
  .text              ro code  0x08003b24     0x38  WM__SendMessageNoPara.o [3]
  .text              ro code  0x08003b5c     0x1e  GUI_GetOrg.o [3]
  .text              ro code  0x08003b7c     0x28  GUIDEV_GetYSize.o [3]
  .text              ro code  0x08003ba4     0x30  GUIDEV_ReduceYSize.o [3]
  .text              ro code  0x08003bd4     0x68  GUIDEV_SetOrg.o [3]
  .text              ro code  0x08003c3c     0x3c  GUIDEV_Clear.o [3]
  .text              ro code  0x08003c78     0x38  WM_OnKey.o [3]
  .text              ro code  0x08003cb0     0x2c  GUI_Goto.o [3]
  .text              ro code  0x08003cdc     0x1c  GUIConf.o [1]
  .text              ro code  0x08003cf8     0xee  LCDConf_FlexColor.o [1]
  .text              ro code  0x08003de8     0x2a  GUI_X.o [1]
  .text              ro code  0x08003e14     0x18  WM_GetDesktopWindow.o [3]
  .text              ro code  0x08003e2c     0x30  GUI_SetOrg.o [3]
  .text              ro code  0x08003e5c     0x66  ABImemset.o [6]
  .text              ro code  0x08003ec4     0x44  LCD_SelectLCD.o [3]
  .text              ro code  0x08003f08    0x240  GUI__CompactPixelIndices.o [3]
  .text              ro code  0x08004148     0x1c  GUIDEV_GetDataPtr.o [3]
  .text              ro code  0x08004164     0x10  WM__GetFirstSibling.o [3]
  .text              ro code  0x08004174     0x2e  GUI_Time.o [3]
  .text              ro code  0x080041a2     0x1a  LCD_GetNumDisplays.o [3]
  .text              ro code  0x080041bc      0x6  ABImemclr4.o [6]
  .text              ro code  0x080041c4    0x5e4  GUIDRV_FlexColor.o [3]
  .text              ro code  0x080047a8    0x238  LCD_ini.o [1]
  .text              ro code  0x080049e0     0x48  GUI_Exec.o [3]
  .text              ro code  0x08004a28     0x32  ABImemset48.o [6]
  .text              ro code  0x08004a5c    0x248  stm32f4xx_hal_gpio.o [1]
  .text              ro code  0x08004ca4     0x1a  stm32f4xx_hal.o [1]
  .text              ro code  0x08004cc0      0xc  stm32f4xx_hal.o [1]
  .rodata            const    0x08004ccc    0x984  F13_1.o [3]
  .text              ro code  0x08005650    0x958  GUIDEV_32.o [3]
  .text              ro code  0x08005fa8    0x304  GUI__Alpha.o [3]
  .text              ro code  0x080062ac    0x1b4  LCD_ReadRect.o [3]
  .text              ro code  0x08006460    0x120  GUI__ExpandPixelIndices.o [3]
  .text              ro code  0x08006580    0x94c  GUIDEV_16.o [3]
  .text              ro code  0x08006ecc     0x40  GUI__memset16.o [3]
  .rodata            const    0x08006f0c    0x918  F13_ASCII.o [3]
  .text              ro code  0x08007824    0x8f0  EDIT.o [3]
  .text              ro code  0x08008114    0x2a4  WIDGET.o [3]
  .text              ro code  0x080083b8     0x98  GUI__CalcTextRect.o [3]
  .text              ro code  0x08008450     0x1a  GUI__GetNumChars.o [3]
  .text              ro code  0x0800846c     0xc0  GUI__GetCursorPos.o [3]
  .text              ro code  0x0800852c     0x54  GUI_Char.o [3]
  .text              ro code  0x08008580     0x16  WM__IsEnabled.o [3]
  .text              ro code  0x08008598     0x18  WM_SetUserClipRect.o [3]
  .text              ro code  0x080085b0     0xfc  WIDGET_FillStringInRect.o [3]
  .text              ro code  0x080086ac     0x10  GUI_DispStringAt.o [3]
  .text              ro code  0x080086bc     0x48  GUI_FillRect.o [3]
  .text              ro code  0x08008704     0x60  GUI_InvertRect.o [3]
  .text              ro code  0x08008764     0x54  GUI_Realloc.o [3]
  .text              ro code  0x080087b8     0x36  strlen.o [6]
  .text              ro code  0x080087f0     0x90  GUI_UC.o [3]
  .text              ro code  0x08008880     0x44  strcpy_unaligned.o [6]
  .text              ro code  0x080088c4     0x54  WM_GetWindowSize.o [3]
  .text              ro code  0x08008918     0x14  GUI_GetStringDistX.o [3]
  .text              ro code  0x0800892c     0x14  WM__Screen2Client.o [3]
  .text              ro code  0x08008940     0x1a  GUI__ReduceRect.o [3]
  .text              ro code  0x0800895a     0xc2  WM__UpdateChildPositions.o [3]
  .text              ro code  0x08008a1c     0xac  WM_SetFocus.o [3]
  .text              ro code  0x08008ac8     0x74  WM_BringToTop.o [3]
  .text              ro code  0x08008b3c     0x16  GUI_GetColor.o [3]
  .text              ro code  0x08008b52     0x14  GUI_ClearRectEx.o [3]
  .text              ro code  0x08008b68     0xfc  GUI_DispString.o [3]
  .text              ro code  0x08008c64    0x1b8  GUI_CharLine.o [3]
  .text              ro code  0x08008e1c    0x12c  WM_Move.o [3]
  .text              ro code  0x08008f48     0xf4  WM_ResizeWindow.o [3]
  .text              ro code  0x0800903c      0x4  WM_IsWindow.o [3]
  .text              ro code  0x08009040      0x4  WM_ForEachDesc.o [3]
  .text              ro code  0x08009044     0x18  LCD_GetColorIndex.o [3]
  .text              ro code  0x0800905c     0x2c  WM__ForEachDesc.o [3]
  .rodata            const    0x08009088    0x718  F6x8.o [3]
  .text              ro code  0x080097a0    0x6e6  GUI_SPRITE.o [3]
  .text              ro code  0x08009e86     0x9a  GUI_GetBitmapPixelIndex.o [3]
  .text              ro code  0x08009f20    0x610  GUIDRV_FlexColor_16bpp_C0B16.o [3]
  .rodata            const    0x0800a530    0x600  Arial16.o [1]
  .text              ro code  0x0800ab30    0x54e  stm32f4xx_hal_spi.o [1]
  .text              ro code  0x0800b080    0x160  stm32f4xx_hal_msp.o [1]
  .text              ro code  0x0800b1e0    0x142  stm32f4xx_hal_cortex.o [1]
  .text              ro code  0x0800b324    0x3ec  WM_Touch.o [3]
  .text              ro code  0x0800b710     0x30  WM__IsAncestor.o [3]
  .text              ro code  0x0800b740     0x1a  WM__SendMessageIfEnabled.o [3]
  .text              ro code  0x0800b75c     0xe0  GUI_PID.o [3]
  .text              ro code  0x0800b83c     0x60  GUI_Curs1.o [3]
  .text              ro code  0x0800b89c     0xb4  WM_Screen2Win.o [3]
  .text              ro code  0x0800b950     0x32  WM_SetCapture.o [3]
  .text              ro code  0x0800b984     0x1c  WM_PID__GetPrevState.o [3]
  .text              ro code  0x0800b9a0     0x14  WM_GetDesktopWindowEx.o [3]
  .text              ro code  0x0800b9b4    0x3b4  stm32f4xx_hal_rcc.o [1]
  .text              ro code  0x0800bd68    0x350  GUIDRV_FlexColor_Func66708.o [3]
  .text              ro code  0x0800c0b8    0x34e  main.o [1]
  .text              ro code  0x0800c408     0x40  stm32f4xx_hal.o [1]
  .text              ro code  0x0800c448     0xc4  WindowDLG.o [1]
  .text              ro code  0x0800c50c    0x248  XPT2046.o [1]
  .text              ro code  0x0800c754    0x264  stm32f4xx_hal_rcc.o [1]
  .text              ro code  0x0800c9b8     0x5c  stm32f4xx_hal_sram.o [1]
  .text              ro code  0x0800ca14     0x28  stm32f4xx_hal.o [1]
  .text              ro code  0x0800ca3c     0x50  WM_GetDialogItem.o [3]
  .text              ro code  0x0800ca8c    0x244  BUTTON.o [3]
  .text              ro code  0x0800ccd0     0x34  WM_GetId.o [3]
  .text              ro code  0x0800cd04     0x9e  DIALOG.o [3]
  .text              ro code  0x0800cda4     0x2c  GUI_TOUCH_StoreUnstable.o [3]
  .text              ro code  0x0800cdd0     0xf0  stm32f4xx_ll_fsmc.o [1]
  .text              ro code  0x0800cec0     0x6e  GUI__SetText.o [3]
  .text              ro code  0x0800cf2e     0x18  WM_GetClientWindow.o [3]
  .text              ro code  0x0800cf46     0x52  WM_Show.o [3]
  .text              ro code  0x0800cf98     0x14  WM_GetFocussedWindow.o [3]
  .text              ro code  0x0800cfac     0x80  WM_SetFocusOnNextChild.o [3]
  .text              ro code  0x0800d02c     0x24  GUI_TOUCH_StoreState.o [3]
  .text              ro code  0x0800d050     0x48  GUI__strcmp.o [3]
  .text              ro code  0x0800d098     0x14  GUI__strlen.o [3]
  .text              ro code  0x0800d0ac     0x28  WM__GetFocussedChild.o [3]
  .text              ro code  0x0800d0d4     0x30  WM_IsFocussable.o [3]
  .text              ro code  0x0800d104     0x40  GUI_TOUCH.o [3]
  .text              ro code  0x0800d144     0x22  WM__IsChild.o [3]
  .text              ro code  0x0800d168     0x62  memcmp_unaligned.o [6]
  .text              ro code  0x0800d1cc    0x248  BUTTON_SkinFlex.o [3]
  .text              ro code  0x0800d414    0x1ec  GUI__DrawTwinArc.o [3]
  .text              ro code  0x0800d600     0x4c  GUI_DrawHLine.o [3]
  .text              ro code  0x0800d64c     0x44  GUI_DrawVLine.o [3]
  .text              ro code  0x0800d690     0x88  GUI_2DLib.o [3]
  .text              ro code  0x0800d718    0x1e4  GUI_DrawGradient.o [3]
  .text              ro code  0x0800d8fc     0x2e  GUI_DRAW.o [3]
  .text              ro code  0x0800d92a      0xa  GUI_GetClientRect.o [3]
  .text              ro code  0x0800d934    0x18c  GUI_DispStringInRect.o [3]
  .text              ro code  0x0800dac0     0x44  WM_SetTrans.o [3]
  .text              ro code  0x0800db04     0x1a  GUI__sqrt32.o [3]
  .text              ro code  0x0800db1e     0x16  GUI__HandleEOLine.o [3]
  .text              ro code  0x0800db34     0x30  WM_ValidateWindow.o [3]
  .text              ro code  0x0800db64    0x1ac  WINDOW.o [3]
  .text              ro code  0x0800dd10     0x1c  WM_HasFocus.o [3]
  .text              ro code  0x0800dd2c     0x52  WM_SetFocusOnPrevChild.o [3]
  .text              ro code  0x0800dd7e     0x1a  WM__GetLastSibling.o [3]
  .text              ro code  0x0800dd98    0x19c  GUIDEV_WriteToActiveAlpha.o [3]
  .text              ro code  0x0800df34    0x17a  GUI_CharM.o [3]
  .text              ro code  0x0800e0b0    0x164  GUIDEV_StaticDevices.o [3]
  .text              ro code  0x0800e214     0x48  WM_SetSize.o [3]
  .text              ro code  0x0800e25c     0x24  GUI_SetAlpha.o [3]
  .text              ro code  0x0800e280     0x16  WM_GetOrg.o [3]
  .text              ro code  0x0800e298     0x7c  GUIDEV_Write.o [3]
  .text              ro code  0x0800e314     0x10  LCD_AA.o [3]
  .text              ro code  0x0800e324    0x12c  GUI_CharP.o [3]
  .rodata            const    0x0800e450    0x100  GUI__DivTbl_255_31.o [3]
  .rodata            const    0x0800e550    0x100  GUI__DivTbl_255_63.o [3]
  .rodata            const    0x0800e650    0x100  LCD_Mirror.o [3]
  .text              ro code  0x0800e750     0xc4  GUICC_565.o [3]
  .text              ro code  0x0800e814     0xb8  GUICC_0.o [3]
  .text              ro code  0x0800e8cc     0x3e  GUI_CalcColorDist.o [3]
  .text              ro code  0x0800e90c     0xa8  BUTTON_Skin.o [3]
  .text              ro code  0x0800e9b4     0x78  lz77_init_single.o [6]
  .text              ro code  0x0800ea2c     0x6c  system_stm32f4xx.o [1]
  .text              ro code  0x0800ea98     0x60  WIDGET_Effect_Simple.o [3]
  .rodata            const    0x0800eaf8     0x54  WindowDLG.o [1]
  .text              ro code  0x0800eb4c     0x4a  EDIT_CreateIndirect.o [3]
  .text              ro code  0x0800eb96     0x44  BUTTON_CreateIndirect.o [3]
  .rodata            const    0x0800ebdc     0x40  GUI__DivTbl_63_255.o [3]
  .text              ro code  0x0800ec1c     0x40  zero_init3.o [6]
  .rodata            const    0x0800ec5c     0x34  GUIDRV_FlexColor.o [3]
  .text              ro code  0x0800ec90     0x28  GUICC_8888.o [3]
  .text              ro code  0x0800ecb8     0x28  data_init.o [6]
  .rodata            const    0x0800ece0     0x24  Arial16.o [1]
  .text              ro code  0x0800ed04     0x24  GUI_UC_EncodeNone.o [3]
  .text              ro code  0x0800ed28     0x22  fpinit_M.o [5]
  .iar.init_table    const    0x0800ed4c     0x20  - Linker created -
  .rodata            const    0x0800ed6c     0x20  Arial16.o [1]
  .rodata            const    0x0800ed8c     0x20  Arial16.o [1]
  .rodata            const    0x0800edac     0x20  Arial16.o [1]
  .rodata            const    0x0800edcc     0x20  Arial16.o [1]
  .rodata            const    0x0800edec     0x20  Arial16.o [1]
  .rodata            const    0x0800ee0c     0x20  Arial16.o [1]
  .rodata            const    0x0800ee2c     0x20  Arial16.o [1]
  .rodata            const    0x0800ee4c     0x20  Arial16.o [1]
  .rodata            const    0x0800ee6c     0x20  Arial16.o [1]
  .rodata            const    0x0800ee8c     0x20  Arial16.o [1]
  .rodata            const    0x0800eeac     0x20  Arial16.o [1]
  .rodata            const    0x0800eecc     0x20  Arial16.o [1]
  .rodata            const    0x0800eeec     0x20  Arial16.o [1]
  .rodata            const    0x0800ef0c     0x20  Arial16.o [1]
  .rodata            const    0x0800ef2c     0x20  Arial16.o [1]
  .rodata            const    0x0800ef4c     0x20  Arial16.o [1]
  .rodata            const    0x0800ef6c     0x20  Arial16.o [1]
  .rodata            const    0x0800ef8c     0x20  Arial16.o [1]
  .rodata            const    0x0800efac     0x20  Arial16.o [1]
  .rodata            const    0x0800efcc     0x20  Arial16.o [1]
  .rodata            const    0x0800efec     0x20  Arial16.o [1]
  .rodata            const    0x0800f00c     0x20  Arial16.o [1]
  .rodata            const    0x0800f02c     0x20  Arial16.o [1]
  .rodata            const    0x0800f04c     0x20  Arial16.o [1]
  .rodata            const    0x0800f06c     0x20  Arial16.o [1]
  .rodata            const    0x0800f08c     0x20  Arial16.o [1]
  .rodata            const    0x0800f0ac     0x20  Arial16.o [1]
  .rodata            const    0x0800f0cc     0x20  Arial16.o [1]
  .rodata            const    0x0800f0ec     0x20  Arial16.o [1]
  .rodata            const    0x0800f10c     0x20  Arial16.o [1]
  .rodata            const    0x0800f12c     0x20  Arial16.o [1]
  .rodata            const    0x0800f14c     0x20  Arial16.o [1]
  .rodata            const    0x0800f16c     0x20  Arial16.o [1]
  .rodata            const    0x0800f18c     0x20  Arial16.o [1]
  .rodata            const    0x0800f1ac     0x20  Arial16.o [1]
  .rodata            const    0x0800f1cc     0x20  Arial16.o [1]
  .rodata            const    0x0800f1ec     0x20  Arial16.o [1]
  .rodata            const    0x0800f20c     0x20  Arial16.o [1]
  .rodata            const    0x0800f22c     0x20  Arial16.o [1]
  .rodata            const    0x0800f24c     0x20  Arial16.o [1]
  .rodata            const    0x0800f26c     0x20  Arial16.o [1]
  .rodata            const    0x0800f28c     0x20  Arial16.o [1]
  .rodata            const    0x0800f2ac     0x20  Arial16.o [1]
  .rodata            const    0x0800f2cc     0x20  Arial16.o [1]
  .rodata            const    0x0800f2ec     0x20  Arial16.o [1]
  .rodata            const    0x0800f30c     0x20  Arial16.o [1]
  .rodata            const    0x0800f32c     0x20  Arial16.o [1]
  .rodata            const    0x0800f34c     0x20  Arial16.o [1]
  .rodata            const    0x0800f36c     0x20  Arial16.o [1]
  .rodata            const    0x0800f38c     0x20  Arial16.o [1]
  .rodata            const    0x0800f3ac     0x20  Arial16.o [1]
  .rodata            const    0x0800f3cc     0x20  Arial16.o [1]
  .rodata            const    0x0800f3ec     0x20  Arial16.o [1]
  .rodata            const    0x0800f40c     0x20  Arial16.o [1]
  .rodata            const    0x0800f42c     0x20  Arial16.o [1]
  .rodata            const    0x0800f44c     0x20  Arial16.o [1]
  .rodata            const    0x0800f46c     0x20  Arial16.o [1]
  .rodata            const    0x0800f48c     0x20  Arial16.o [1]
  .rodata            const    0x0800f4ac     0x20  Arial16.o [1]
  .rodata            const    0x0800f4cc     0x20  Arial16.o [1]
  .rodata            const    0x0800f4ec     0x20  Arial16.o [1]
  .rodata            const    0x0800f50c     0x20  Arial16.o [1]
  .rodata            const    0x0800f52c     0x20  Arial16.o [1]
  .rodata            const    0x0800f54c     0x20  GUI__DivTbl_31_255.o [3]
  .text              ro code  0x0800f56c     0x20  stm32f4xx_it.o [1]
  .text              ro code  0x0800f58c     0x10  stm32f4xx_hal.o [1]
  .rodata            const    0x0800f59c     0x1c  WIDGET_Effect_Simple.o [3]
  .text              ro code  0x0800f5b8     0x1a  cmain.o [6]
  .text              ro code  0x0800f5d2      0x4  low_level_init.o [4]
  .text              ro code  0x0800f5d6      0x4  exit.o [4]
  .text              ro code  0x0800f5dc      0xa  cexit.o [6]
  .text              ro code  0x0800f5e8     0x14  exit.o [7]
  .rodata            const    0x0800f5fc     0x18  GUICC_565.o [3]
  .rodata            const    0x0800f614     0x18  GUICC_0.o [3]
  .rodata            const    0x0800f62c     0x18  GUICC_8888.o [3]
  .rodata            const    0x0800f644     0x10  Arial16.o [1]
  .rodata            const    0x0800f654     0x10  Arial16.o [1]
  .rodata            const    0x0800f664     0x10  Arial16.o [1]
  .rodata            const    0x0800f674     0x10  Arial16.o [1]
  .rodata            const    0x0800f684     0x10  Arial16.o [1]
  .rodata            const    0x0800f694     0x10  Arial16.o [1]
  .rodata            const    0x0800f6a4     0x10  Arial16.o [1]
  .rodata            const    0x0800f6b4     0x10  Arial16.o [1]
  .rodata            const    0x0800f6c4     0x10  Arial16.o [1]
  .rodata            const    0x0800f6d4     0x10  Arial16.o [1]
  .rodata            const    0x0800f6e4     0x10  Arial16.o [1]
  .rodata            const    0x0800f6f4     0x10  Arial16.o [1]
  .rodata            const    0x0800f704     0x10  Arial16.o [1]
  .rodata            const    0x0800f714     0x10  Arial16.o [1]
  .rodata            const    0x0800f724     0x10  Arial16.o [1]
  .rodata            const    0x0800f734     0x10  Arial16.o [1]
  .rodata            const    0x0800f744     0x10  Arial16.o [1]
  .rodata            const    0x0800f754     0x10  Arial16.o [1]
  .rodata            const    0x0800f764     0x10  Arial16.o [1]
  .rodata            const    0x0800f774     0x10  Arial16.o [1]
  .rodata            const    0x0800f784     0x10  Arial16.o [1]
  .rodata            const    0x0800f794     0x10  Arial16.o [1]
  .rodata            const    0x0800f7a4     0x10  Arial16.o [1]
  .rodata            const    0x0800f7b4     0x10  Arial16.o [1]
  .rodata            const    0x0800f7c4     0x10  Arial16.o [1]
  .rodata            const    0x0800f7d4     0x10  Arial16.o [1]
  .rodata            const    0x0800f7e4     0x10  Arial16.o [1]
  .rodata            const    0x0800f7f4     0x10  Arial16.o [1]
  .rodata            const    0x0800f804     0x10  Arial16.o [1]
  .rodata            const    0x0800f814     0x10  Arial16.o [1]
  .rodata            const    0x0800f824     0x10  Arial16.o [1]
  .rodata            const    0x0800f834     0x10  Arial16.o [1]
  .rodata            const    0x0800f844     0x10  Arial16.o [1]
  .rodata            const    0x0800f854     0x10  Arial16.o [1]
  .rodata            const    0x0800f864     0x10  Arial16.o [1]
  .rodata            const    0x0800f874     0x10  Arial16.o [1]
  .rodata            const    0x0800f884     0x10  Arial16.o [1]
  .rodata            const    0x0800f894     0x10  Arial16.o [1]
  .rodata            const    0x0800f8a4     0x10  Arial16.o [1]
  .rodata            const    0x0800f8b4     0x10  Arial16.o [1]
  .rodata            const    0x0800f8c4     0x10  Arial16.o [1]
  .rodata            const    0x0800f8d4     0x10  Arial16.o [1]
  .rodata            const    0x0800f8e4     0x10  Arial16.o [1]
  .rodata            const    0x0800f8f4     0x10  Arial16.o [1]
  .rodata            const    0x0800f904     0x10  Arial16.o [1]
  .rodata            const    0x0800f914     0x10  Arial16.o [1]
  .rodata            const    0x0800f924     0x10  Arial16.o [1]
  .rodata            const    0x0800f934     0x10  Arial16.o [1]
  .rodata            const    0x0800f944     0x10  Arial16.o [1]
  .rodata            const    0x0800f954     0x10  Arial16.o [1]
  .rodata            const    0x0800f964     0x10  Arial16.o [1]
  .rodata            const    0x0800f974     0x10  Arial16.o [1]
  .rodata            const    0x0800f984     0x10  Arial16.o [1]
  .rodata            const    0x0800f994     0x10  Arial16.o [1]
  .rodata            const    0x0800f9a4     0x10  Arial16.o [1]
  .rodata            const    0x0800f9b4     0x10  Arial16.o [1]
  .rodata            const    0x0800f9c4     0x10  Arial16.o [1]
  .rodata            const    0x0800f9d4     0x10  Arial16.o [1]
  .rodata            const    0x0800f9e4     0x10  Arial16.o [1]
  .rodata            const    0x0800f9f4     0x10  Arial16.o [1]
  .rodata            const    0x0800fa04     0x10  Arial16.o [1]
  .rodata            const    0x0800fa14     0x10  Arial16.o [1]
  .rodata            const    0x0800fa24     0x10  Arial16.o [1]
  .rodata            const    0x0800fa34     0x10  Arial16.o [1]
  .rodata            const    0x0800fa44     0x10  Arial16.o [1]
  .rodata            const    0x0800fa54     0x10  Arial16.o [1]
  .rodata            const    0x0800fa64     0x10  Arial16.o [1]
  .rodata            const    0x0800fa74     0x10  Arial16.o [1]
  .rodata            const    0x0800fa84     0x10  Arial16.o [1]
  .rodata            const    0x0800fa94     0x10  Arial16.o [1]
  .rodata            const    0x0800faa4     0x10  Arial16.o [1]
  .rodata            const    0x0800fab4     0x10  Arial16.o [1]
  .rodata            const    0x0800fac4     0x10  Arial16.o [1]
  .rodata            const    0x0800fad4     0x10  Arial16.o [1]
  .rodata            const    0x0800fae4     0x10  Arial16.o [1]
  .rodata            const    0x0800faf4     0x10  Arial16.o [1]
  .rodata            const    0x0800fb04     0x10  Arial16.o [1]
  .rodata            const    0x0800fb14     0x10  Arial16.o [1]
  .rodata            const    0x0800fb24     0x10  Arial16.o [1]
  .rodata            const    0x0800fb34     0x10  Arial16.o [1]
  .rodata            const    0x0800fb44     0x10  Arial16.o [1]
  .rodata            const    0x0800fb54     0x10  Arial16.o [1]
  .rodata            const    0x0800fb64     0x10  Arial16.o [1]
  .rodata            const    0x0800fb74     0x10  Arial16.o [1]
  .rodata            const    0x0800fb84     0x10  Arial16.o [1]
  .rodata            const    0x0800fb94     0x10  Arial16.o [1]
  .rodata            const    0x0800fba4     0x10  Arial16.o [1]
  .rodata            const    0x0800fbb4     0x10  Arial16.o [1]
  .rodata            const    0x0800fbc4     0x10  Arial16.o [1]
  .rodata            const    0x0800fbd4     0x10  Arial16.o [1]
  .rodata            const    0x0800fbe4     0x10  Arial16.o [1]
  .rodata            const    0x0800fbf4     0x10  Arial16.o [1]
  .rodata            const    0x0800fc04     0x10  Arial16.o [1]
  .rodata            const    0x0800fc14     0x10  Arial16.o [1]
  .rodata            const    0x0800fc24     0x10  Arial16.o [1]
  .rodata            const    0x0800fc34     0x10  Arial16.o [1]
  .rodata            const    0x0800fc44     0x10  Arial16.o [1]
  .rodata            const    0x0800fc54     0x10  Arial16.o [1]
  .rodata            const    0x0800fc64     0x10  Arial16.o [1]
  .rodata            const    0x0800fc74     0x10  Arial16.o [1]
  .rodata            const    0x0800fc84     0x10  Arial16.o [1]
  .rodata            const    0x0800fc94     0x10  Arial16.o [1]
  .rodata            const    0x0800fca4     0x10  Arial16.o [1]
  .rodata            const    0x0800fcb4     0x10  Arial16.o [1]
  .rodata            const    0x0800fcc4     0x10  Arial16.o [1]
  .rodata            const    0x0800fcd4     0x10  Arial16.o [1]
  .rodata            const    0x0800fce4     0x10  Arial16.o [1]
  .rodata            const    0x0800fcf4     0x10  Arial16.o [1]
  .rodata            const    0x0800fd04     0x10  Arial16.o [1]
  .rodata            const    0x0800fd14     0x10  Arial16.o [1]
  .rodata            const    0x0800fd24     0x10  Arial16.o [1]
  .rodata            const    0x0800fd34     0x10  Arial16.o [1]
  .rodata            const    0x0800fd44     0x10  Arial16.o [1]
  .rodata            const    0x0800fd54     0x10  Arial16.o [1]
  .rodata            const    0x0800fd64     0x10  Arial16.o [1]
  .rodata            const    0x0800fd74     0x10  Arial16.o [1]
  .rodata            const    0x0800fd84     0x10  Arial16.o [1]
  .rodata            const    0x0800fd94     0x10  Arial16.o [1]
  .rodata            const    0x0800fda4     0x10  Arial16.o [1]
  .rodata            const    0x0800fdb4     0x10  Arial16.o [1]
  .rodata            const    0x0800fdc4     0x10  Arial16.o [1]
  .rodata            const    0x0800fdd4     0x10  Arial16.o [1]
  .rodata            const    0x0800fde4     0x10  Arial16.o [1]
  .rodata            const    0x0800fdf4     0x10  Arial16.o [1]
  .rodata            const    0x0800fe04     0x10  Arial16.o [1]
  .rodata            const    0x0800fe14     0x10  Arial16.o [1]
  .rodata            const    0x0800fe24     0x10  Arial16.o [1]
  .rodata            const    0x0800fe34     0x10  Arial16.o [1]
  .rodata            const    0x0800fe44     0x10  Arial16.o [1]
  .rodata            const    0x0800fe54     0x10  stm32f4xx_hal_rcc.o [1]
  .text              ro code  0x0800fe64     0x10  startup_stm32f407xx.o [1]
  .rodata            const    0x0800fe74      0xc  Arial16.o [1]
  .rodata            const    0x0800fe80      0xc  Arial16.o [1]
  .rodata            const    0x0800fe8c      0xc  LCD.o [3]
  .text              ro code  0x0800fe98      0xc  cstartup_M.o [6]
  .rodata            const    0x0800fea4      0x8  WindowDLG.o [1]
  .rodata            const    0x0800feac      0x8  WindowDLG.o [1]
  .rodata            const    0x0800feb4      0x8  WindowDLG.o [1]
  .rodata            const    0x0800febc      0x8  WindowDLG.o [1]
  .text              ro code  0x0800fec4      0x4  startup_stm32f407xx.o [1]
  .text              ro code  0x0800fec8      0x4  startup_stm32f407xx.o [1]
  .text              ro code  0x0800fecc      0x4  startup_stm32f407xx.o [1]
  .text              ro code  0x0800fed0      0x4  startup_stm32f407xx.o [1]
  .text              ro code  0x0800fed4      0x4  startup_stm32f407xx.o [1]
  .text              ro code  0x0800fed8      0x4  startup_stm32f407xx.o [1]
  .text              ro code  0x0800fedc      0x4  startup_stm32f407xx.o [1]
  .text              ro code  0x0800fee0      0x4  startup_stm32f407xx.o [1]
  .text              ro code  0x0800fee4      0x4  startup_stm32f407xx.o [1]
  .text              ro code  0x0800fee8      0x4  startup_stm32f407xx.o [1]
  .text              ro code  0x0800feec      0x4  startup_stm32f407xx.o [1]
  .text              ro code  0x0800fef0      0x4  startup_stm32f407xx.o [1]
  .text              ro code  0x0800fef4      0x4  startup_stm32f407xx.o [1]
  .text              ro code  0x0800fef8      0x4  startup_stm32f407xx.o [1]
  .text              ro code  0x0800fefc      0x4  startup_stm32f407xx.o [1]
  .text              ro code  0x0800ff00      0x4  startup_stm32f407xx.o [1]
  .text              ro code  0x0800ff04      0x4  startup_stm32f407xx.o [1]
  .text              ro code  0x0800ff08      0x4  startup_stm32f407xx.o [1]
  .text              ro code  0x0800ff0c      0x4  startup_stm32f407xx.o [1]
  .text              ro code  0x0800ff10      0x4  startup_stm32f407xx.o [1]
  .text              ro code  0x0800ff14      0x4  startup_stm32f407xx.o [1]
  .text              ro code  0x0800ff18      0x4  startup_stm32f407xx.o [1]
  .text              ro code  0x0800ff1c      0x4  startup_stm32f407xx.o [1]
  .text              ro code  0x0800ff20      0x4  startup_stm32f407xx.o [1]
  .text              ro code  0x0800ff24      0x4  startup_stm32f407xx.o [1]
  .text              ro code  0x0800ff28      0x4  startup_stm32f407xx.o [1]
  .text              ro code  0x0800ff2c      0x4  startup_stm32f407xx.o [1]
  .text              ro code  0x0800ff30      0x4  startup_stm32f407xx.o [1]
  .text              ro code  0x0800ff34      0x4  startup_stm32f407xx.o [1]
  .text              ro code  0x0800ff38      0x4  startup_stm32f407xx.o [1]
  .text              ro code  0x0800ff3c      0x4  startup_stm32f407xx.o [1]
  .text              ro code  0x0800ff40      0x4  startup_stm32f407xx.o [1]
  .text              ro code  0x0800ff44      0x4  startup_stm32f407xx.o [1]
  .text              ro code  0x0800ff48      0x4  startup_stm32f407xx.o [1]
  .text              ro code  0x0800ff4c      0x4  startup_stm32f407xx.o [1]
  .text              ro code  0x0800ff50      0x4  startup_stm32f407xx.o [1]
  .text              ro code  0x0800ff54      0x4  startup_stm32f407xx.o [1]
  .text              ro code  0x0800ff58      0x4  startup_stm32f407xx.o [1]
  .text              ro code  0x0800ff5c      0x4  startup_stm32f407xx.o [1]
  .text              ro code  0x0800ff60      0x4  startup_stm32f407xx.o [1]
  .text              ro code  0x0800ff64      0x4  startup_stm32f407xx.o [1]
  .text              ro code  0x0800ff68      0x4  startup_stm32f407xx.o [1]
  .text              ro code  0x0800ff6c      0x4  startup_stm32f407xx.o [1]
  .text              ro code  0x0800ff70      0x4  startup_stm32f407xx.o [1]
  .text              ro code  0x0800ff74      0x4  startup_stm32f407xx.o [1]
  .text              ro code  0x0800ff78      0x4  startup_stm32f407xx.o [1]
  .text              ro code  0x0800ff7c      0x4  startup_stm32f407xx.o [1]
  .text              ro code  0x0800ff80      0x4  startup_stm32f407xx.o [1]
  .text              ro code  0x0800ff84      0x4  startup_stm32f407xx.o [1]
  .text              ro code  0x0800ff88      0x4  startup_stm32f407xx.o [1]
  .text              ro code  0x0800ff8c      0x4  startup_stm32f407xx.o [1]
  .text              ro code  0x0800ff90      0x4  startup_stm32f407xx.o [1]
  .text              ro code  0x0800ff94      0x4  startup_stm32f407xx.o [1]
  .text              ro code  0x0800ff98      0x4  startup_stm32f407xx.o [1]
  .text              ro code  0x0800ff9c      0x4  startup_stm32f407xx.o [1]
  .text              ro code  0x0800ffa0      0x4  startup_stm32f407xx.o [1]
  .text              ro code  0x0800ffa4      0x4  startup_stm32f407xx.o [1]
  .text              ro code  0x0800ffa8      0x4  startup_stm32f407xx.o [1]
  .text              ro code  0x0800ffac      0x4  startup_stm32f407xx.o [1]
  .text              ro code  0x0800ffb0      0x4  startup_stm32f407xx.o [1]
  .text              ro code  0x0800ffb4      0x4  startup_stm32f407xx.o [1]
  .text              ro code  0x0800ffb8      0x4  startup_stm32f407xx.o [1]
  .text              ro code  0x0800ffbc      0x4  startup_stm32f407xx.o [1]
  .text              ro code  0x0800ffc0      0x4  startup_stm32f407xx.o [1]
  .text              ro code  0x0800ffc4      0x4  startup_stm32f407xx.o [1]
  .text              ro code  0x0800ffc8      0x4  startup_stm32f407xx.o [1]
  .text              ro code  0x0800ffcc      0x4  startup_stm32f407xx.o [1]
  .text              ro code  0x0800ffd0      0x4  startup_stm32f407xx.o [1]
  .text              ro code  0x0800ffd4      0x4  startup_stm32f407xx.o [1]
  .text              ro code  0x0800ffd8      0x4  startup_stm32f407xx.o [1]
  .text              ro code  0x0800ffdc      0x4  startup_stm32f407xx.o [1]
  .text              ro code  0x0800ffe0      0x4  startup_stm32f407xx.o [1]
  .text              ro code  0x0800ffe4      0x4  startup_stm32f407xx.o [1]
  .text              ro code  0x0800ffe8      0x4  startup_stm32f407xx.o [1]
  .text              ro code  0x0800ffec      0x4  startup_stm32f407xx.o [1]
  .text              ro code  0x0800fff0      0x4  startup_stm32f407xx.o [1]
  .text              ro code  0x0800fff4      0x4  startup_stm32f407xx.o [1]
  .text              ro code  0x0800fff8      0x4  startup_stm32f407xx.o [1]
  .text              ro code  0x0800fffc      0x4  startup_stm32f407xx.o [1]
  .text              ro code  0x08010000      0x4  startup_stm32f407xx.o [1]
  .text              ro code  0x08010004      0x4  startup_stm32f407xx.o [1]
  .rodata            const    0x08010008      0x0  zero_init3.o [6]
  .rodata            const    0x08010008      0x0  lz77_init_single.o [6]
  Initializer bytes  const    0x08010008     0xe7  <for P2-1>
                            - 0x080100ef   0xff67

"P2", part 1 of 3:                          0x219
  P2-1                        0x20000000    0x219  <Init block>
    .data            inited   0x20000000      0x4  system_stm32f4xx.o [1]
    .data            inited   0x20000004     0x80  GUI_Core.o [3]
    .data            inited   0x20000084     0x34  BUTTON.o [3]
    .data            inited   0x200000b8      0x8  BUTTON.o [3]
    .data            inited   0x200000c0     0x24  EDIT.o [3]
    .data            inited   0x200000e4      0x4  WINDOW.o [3]
    .data            inited   0x200000e8      0x4  LCD.o [3]
    .data            inited   0x200000ec     0x10  LCD_Color.o [3]
    .data            inited   0x200000fc     0x20  BUTTON_SkinFlex.o [3]
    .data            inited   0x2000011c     0x20  BUTTON_SkinFlex.o [3]
    .data            inited   0x2000013c     0x20  BUTTON_SkinFlex.o [3]
    .data            inited   0x2000015c     0x20  BUTTON_SkinFlex.o [3]
    .data            inited   0x2000017c      0xc  BUTTON_Skin.o [3]
    .data            inited   0x20000188     0x10  GUI_OnKey.o [3]
    .data            inited   0x20000198      0x4  WIDGET.o [3]
    .data            inited   0x2000019c      0x4  GUI__GetCursorPos.o [3]
    .data            inited   0x200001a0      0x4  GUI__GetCursorPos.o [3]
    .data            inited   0x200001a4      0x4  GUI__GetCursorPos.o [3]
    .data            inited   0x200001a8     0x14  WM_Touch.o [3]
    .data            inited   0x200001bc      0x4  GUI_CharLine.o [3]
    .data            inited   0x200001c0     0x54  GUI_PID.o [3]
    .data            inited   0x20000214      0x4  LCD_AA.o [3]
    .data            inited   0x20000218      0x1  GUIDEV_StaticDevices.o [3]
                            - 0x20000219    0x219

"P2", part 2 of 3:                          0x400
  CSTACK                      0x20000220    0x400  <Block>
    CSTACK           uninit   0x20000220    0x400  <Block tail>
                            - 0x20000620    0x400

"P2", part 3 of 3:                        0x103e0
  .bss               zero     0x20000620  0x10000  GUIConf.o [1]
  .bss               zero     0x20010620     0xc0  GUI_Alloc.o [3]
  .bss               zero     0x200106e0     0x78  WM.o [3]
  .bss               zero     0x20010758     0x58  main.o [1]
  .bss               zero     0x200107b0     0x58  GUI_OnKey.o [3]
  .bss               zero     0x20010808     0x50  main.o [1]
  .bss               zero     0x20010858     0x40  WM_Touch.o [3]
  .bss               zero     0x20010898     0x34  GUI_Curs1.o [3]
  .bss               zero     0x200108cc     0x1c  GUI__Alpha.o [3]
  .bss               zero     0x200108e8     0x18  WM_PID__GetPrevState.o [3]
  .bss               zero     0x20010900     0x14  GUI_Alloc.o [3]
  .bss               zero     0x20010914     0x14  GUI_Timer.o [3]
  .bss               zero     0x20010928     0x10  XPT2046.o [1]
  .bss               zero     0x20010938     0x10  GUI__ManageCache.o [3]
  .bss               zero     0x20010948     0x10  GUI_TOUCH.o [3]
  .bss               zero     0x20010958      0xc  XPT2046.o [1]
  .bss               zero     0x20010964      0xc  GUI_Core.o [3]
  .bss               zero     0x20010970      0xc  GUI_Core.o [3]
  .bss               zero     0x2001097c      0xc  GUI_TOUCH_StoreState.o [3]
  .bss               zero     0x20010988      0x8  GUI_TOUCH_StoreUnstable.o [3]
  .bss               zero     0x20010990      0x8  LCD_GetEx.o [3]
  .bss               zero     0x20010998      0x8  GUI_SelectLayer.o [3]
  .bss               zero     0x200109a0      0x4  GUI_X.o [1]
  .bss               zero     0x200109a4      0x4  stm32f4xx_hal.o [1]
  .bss               zero     0x200109a8      0x4  stm32f4xx_hal_msp.o [1]
  .bss               zero     0x200109ac      0x4  XPT2046.o [1]
  .bss               zero     0x200109b0      0x4  XPT2046.o [1]
  .bss               zero     0x200109b4      0x4  GUI_Core.o [3]
  .bss               zero     0x200109b8      0x4  GUI_Core.o [3]
  .bss               zero     0x200109bc      0x4  GUI_Core.o [3]
  .bss               zero     0x200109c0      0x4  GUI_Core.o [3]
  .bss               zero     0x200109c4      0x4  GUI_Core.o [3]
  .bss               zero     0x200109c8      0x4  GUI_Core.o [3]
  .bss               zero     0x200109cc      0x4  GUI_Core.o [3]
  .bss               zero     0x200109d0      0x4  GUIDRV_FlexColor.o [3]
  .bss               zero     0x200109d4      0x4  WM.o [3]
  .bss               zero     0x200109d8      0x4  GUI__BiDiRouting.o [3]
  .bss               zero     0x200109dc      0x4  GUI__BiDiRouting.o [3]
  .bss               zero     0x200109e0      0x4  GUI_WaitEvent.o [3]
  .bss               zero     0x200109e4      0x4  GUIDEV_Banding.o [3]
  .bss               zero     0x200109e8      0x4  WM__SendMessage.o [3]
  .bss               zero     0x200109ec      0x4  WIDGET_Effect_Simple.o [3]
  .bss               zero     0x200109f0      0x4  GUI__Alpha.o [3]
  .bss               zero     0x200109f4      0x2  GUI_Core.o [3]
  .bss               zero     0x200109f6      0x2  GUI_Core.o [3]
  .bss               zero     0x200109f8      0x2  GUI_Core.o [3]
  .bss               zero     0x200109fa      0x1  XPT2046.o [1]
  .bss               zero     0x200109fb      0x1  GUI_Core.o [3]
  .bss               zero     0x200109fc      0x1  WM.o [3]
                            - 0x200109fd  0x103dd


*******************************************************************************
*** INIT TABLE
***

          Address     Size
          -------     ----
Zero (__iar_zero_init3)
    1 destination range, total size 0x103dd:
          0x20000620  0x103dd

Copy/lz77 (__iar_lz77_init_single3)
    1 source range, total size 0xe7 (43% of destination):
          0x08010008     0xe7
    1 destination range, total size 0x219:
          0x20000000    0x219



*******************************************************************************
*** MODULE SUMMARY
***

    Module                          ro code  ro data  rw data
    ------                          -------  -------  -------
E:\WORK\DISPLAY\ILI9325\EWARM\DISPLAY\Obj: [1]
    Arial16.o                                  5 676
    GUIConf.o                            28            65 536
    GUI_X.o                              42                 4
    LCDConf_FlexColor.o                 238
    LCD_ini.o                           568
    WindowDLG.o                         196      116
    XPT2046.o                           584                37
    main.o                              846               168
    startup_stm32f407xx.o               732
    stm32f4xx_hal.o                     158                 4
    stm32f4xx_hal_cortex.o              322
    stm32f4xx_hal_gpio.o                584
    stm32f4xx_hal_msp.o                 352                 4
    stm32f4xx_hal_rcc.o               1 560       16
    stm32f4xx_hal_spi.o               1 358
    stm32f4xx_hal_sram.o                 92
    stm32f4xx_it.o                       32
    stm32f4xx_ll_fsmc.o                 240
    system_stm32f4xx.o                  108        1        4
    ---------------------------------------------------------
    Total:                            8 040    5 809   65 757

command line: [2]
    ---------------------------------------------------------
    Total:

STemWin532_CM4_IAR.a: [3]
    BUTTON.o                            580       26       60
    BUTTON_CreateIndirect.o              68
    BUTTON_Skin.o                       168        5       12
    BUTTON_SkinFlex.o                   584       55      128
    DIALOG.o                            158
    EDIT.o                            2 288       16       36
    EDIT_CreateIndirect.o                74
    F13_1.o                                    2 436
    F13_ASCII.o                                2 328
    F6x8.o                                     1 816
    GUICC_0.o                           184       24
    GUICC_565.o                         196       24
    GUICC_8888.o                         40       24
    GUICC_8888_Index2Color.o              2
    GUICC_888_Index2Color.o               2
    GUIDEV.o                            768
    GUIDEV_16.o                       2 380
    GUIDEV_32.o                       2 392
    GUIDEV_Banding.o                    340                 4
    GUIDEV_Clear.o                       60
    GUIDEV_GetDataPtr.o                  28
    GUIDEV_GetYSize.o                    40
    GUIDEV_ReduceYSize.o                 48
    GUIDEV_SetOrg.o                     104
    GUIDEV_StaticDevices.o              356        1        1
    GUIDEV_Usage.o                       78
    GUIDEV_UsageBM.o                    428
    GUIDEV_Write.o                      124
    GUIDEV_WriteToActiveAlpha.o         412
    GUIDEV_WriteToActiveOpaque.o      1 536
    GUIDRV_FlexColor.o                1 508       52        4
    GUIDRV_FlexColor_16bpp_C0B16.o    1 552
    GUIDRV_FlexColor_Func66708.o        848
    GUI_2DLib.o                         136
    GUI_ALLOC_AllocZero.o                36
    GUI_Alloc.o                       1 740               212
    GUI_CalcColorDist.o                  62
    GUI_Char.o                           84
    GUI_CharLine.o                      440        2        4
    GUI_CharM.o                         378
    GUI_CharP.o                         300
    GUI_ClearRectEx.o                    20
    GUI_Core.o                          448       55      187
    GUI_Curs1.o                          96                52
    GUI_DRAW.o                           46
    GUI_Device.o                        308
    GUI_DispString.o                    252
    GUI_DispStringAt.o                   16
    GUI_DispStringInRect.o              396
    GUI_DrawGradient.o                  484
    GUI_DrawHLine.o                      76
    GUI_DrawVLine.o                      68
    GUI_Exec.o                           72
    GUI_FillRect.o                       72
    GUI_GetBitmapPixelIndex.o           154
    GUI_GetClientRect.o                  10
    GUI_GetColor.o                       22
    GUI_GetOrg.o                         30
    GUI_GetStringDistX.o                 20
    GUI_Goto.o                           44
    GUI_InvertRect.o                     96
    GUI_MergeRect.o                      88
    GUI_MoveRect.o                       28
    GUI_OnKey.o                          88        7      104
    GUI_PID.o                           224       36       84
    GUI_Pen.o                            16
    GUI_Realloc.o                        84
    GUI_RectsIntersect.o                 56
    GUI_SPRITE.o                      1 766
    GUI_SaveContext.o                    32
    GUI_SelectLCD.o                      18
    GUI_SelectLayer.o                    92                 8
    GUI_SetAlpha.o                       36
    GUI_SetColor.o                        8
    GUI_SetDefault.o                     64
    GUI_SetDrawMode.o                     4
    GUI_SetFont.o                        20
    GUI_SetLineStyle.o                   16
    GUI_SetOrg.o                         48
    GUI_SetTextAlign.o                   20
    GUI_SetTextMode.o                    20
    GUI_TOUCH.o                          64                16
    GUI_TOUCH_StoreState.o               36                12
    GUI_TOUCH_StoreUnstable.o            44                 8
    GUI_Time.o                           46
    GUI_Timer.o                         494                20
    GUI_UC.o                            144
    GUI_UC_EncodeNone.o                  36
    GUI_WaitEvent.o                      16                 4
    GUI__Alpha.o                        772                32
    GUI__BiDiRouting.o                                      8
    GUI__CalcTextRect.o                 152
    GUI__CompactPixelIndices.o          576
    GUI__DivTbl_255_31.o                         256
    GUI__DivTbl_255_63.o                         256
    GUI__DivTbl_31_255.o                          32
    GUI__DivTbl_63_255.o                          64
    GUI__DrawTwinArc.o                  492
    GUI__ExpandPixelIndices.o           288
    GUI__GetCursorPos.o                 192        5       12
    GUI__GetNumChars.o                   26
    GUI__HandleEOLine.o                  22
    GUI__IntersectRect.o                 64
    GUI__IntersectRects.o                96
    GUI__ManageCache.o                  208                16
    GUI__ReduceRect.o                    26
    GUI__SetText.o                      110
    GUI__memset.o                        84
    GUI__memset16.o                      64
    GUI__sqrt32.o                        26
    GUI__strcmp.o                        72
    GUI__strlen.o                        20
    LCD.o                             1 508       14        4
    LCD_AA.o                             16        2        4
    LCD_Color.o                         184        7       16
    LCD_GetColorIndex.o                  24
    LCD_GetEx.o                         388                 8
    LCD_GetNumDisplays.o                 26
    LCD_Mirror.o                                 256
    LCD_ReadRect.o                      436
    LCD_SelectLCD.o                      68
    LCD_Set.o                           224
    LCD_SetClipRectEx.o                  48
    LCD_UpdateColorIndices.o             36
    WIDGET.o                            676        2        4
    WIDGET_Effect_Simple.o               96       28        4
    WIDGET_FillStringInRect.o           252
    WINDOW.o                            428        1        4
    WM.o                              4 316               125
    WM_BringToBottom.o                  132
    WM_BringToTop.o                     116
    WM_CriticalHandle.o                  48
    WM_ForEachDesc.o                      4
    WM_GetClientRect.o                   64
    WM_GetClientWindow.o                 24
    WM_GetDesktopWindow.o                24
    WM_GetDesktopWindowEx.o              20
    WM_GetDialogItem.o                   80
    WM_GetFirstChild.o                   14
    WM_GetFocussedWindow.o               20
    WM_GetId.o                           52
    WM_GetOrg.o                          22
    WM_GetParent.o                       14
    WM_GetWindowSize.o                   84
    WM_HasFocus.o                        28
    WM_IsFocussable.o                    48
    WM_IsWindow.o                         4
    WM_Move.o                           300
    WM_NotifyParent.o                    20
    WM_OnKey.o                           56
    WM_PID__GetPrevState.o               28                24
    WM_ResizeWindow.o                   244
    WM_Screen2Win.o                     180
    WM_SendMessageNoPara.o                4
    WM_SendToParent.o                    28
    WM_SetCapture.o                      50
    WM_SetFocus.o                       172
    WM_SetFocusOnNextChild.o            128
    WM_SetFocusOnPrevChild.o             82
    WM_SetSize.o                         72
    WM_SetTrans.o                        68
    WM_SetUserClipRect.o                 24
    WM_Show.o                            82
    WM_Timer.o                          152
    WM_Touch.o                        1 004        8       84
    WM_ValidateWindow.o                  48
    WM__ForEachDesc.o                    44
    WM__GetFirstSibling.o                16
    WM__GetFocussedChild.o               40
    WM__GetLastSibling.o                 26
    WM__GetPrevSibling.o                 34
    WM__IsAncestor.o                     48
    WM__IsChild.o                        34
    WM__IsEnabled.o                      22
    WM__Screen2Client.o                  20
    WM__SendMessage.o                    64                 4
    WM__SendMessageIfEnabled.o           26
    WM__SendMessageNoPara.o              56
    WM__UpdateChildPositions.o          194
    ---------------------------------------------------------
    Total:                           43 040    7 838    1 305

dl7M_tlf.a: [4]
    exit.o                                4
    low_level_init.o                      4
    ---------------------------------------------------------
    Total:                                8

m7M_tls.a: [5]
    fpinit_M.o                           34
    ---------------------------------------------------------
    Total:                               34

rt7M_tl.a: [6]
    ABImemclr.o                           6
    ABImemclr4.o                          6
    ABImemcpy_unaligned.o               118
    ABImemmove_unaligned.o              120
    ABImemset.o                         102
    ABImemset48.o                        50
    cexit.o                              10
    cmain.o                              26
    cstartup_M.o                         12
    data_init.o                          40
    lz77_init_single.o                  120
    memcmp_unaligned.o                   98
    strcpy_unaligned.o                   68
    strlen.o                             54
    zero_init3.o                         64
    ---------------------------------------------------------
    Total:                              894

shb_l.a: [7]
    exit.o                               20
    ---------------------------------------------------------
    Total:                               20

    Gaps                                 56        4
    Linker created                                32    1 024
-------------------------------------------------------------
    Grand Total:                     52 092   13 683   68 086


*******************************************************************************
*** ENTRY LIST
***

Entry                      Address     Size  Type      Object
-----                      -------     ----  ----      ------
.iar.init_table$$Base   0x0800ed4c            --   Gb  - Linker created -
.iar.init_table$$Limit  0x0800ed6c            --   Gb  - Linker created -
?main                   0x0800f5b9           Code  Gb  cmain.o [6]
APBAHBPrescTable        0x0800fe54     0x10  Data  Gb  stm32f4xx_hal_rcc.o [1]
API                     0x0800306c     0x18  Data  Lc  GUIDEV_UsageBM.o [3]
BUTTON_Callback         0x0800cb27     0xc0  Code  Gb  BUTTON.o [3]
BUTTON_CreateIndirect   0x0800eb97     0x44  Code  Gb  BUTTON_CreateIndirect.o [3]
BUTTON_CreateUser       0x0800cbed     0x4e  Code  Gb  BUTTON.o [3]
BUTTON_DrawSkinFlex     0x0800d1cd    0x21e  Code  Gb  BUTTON_SkinFlex.o [3]
BUTTON_SetFont          0x0800cc9b     0x1c  Code  Gb  BUTTON.o [3]
BUTTON_SetPressed       0x0800ccb7     0x10  Code  Gb  BUTTON.o [3]
BUTTON_SetText          0x0800cc55     0x46  Code  Gb  BUTTON.o [3]
BUTTON__DefaultProps    0x20000084     0x30  Data  Gb  BUTTON.o [3]
BUTTON__Skin            0x2000017c      0xc  Data  Gb  BUTTON_Skin.o [3]
BUTTON__pSkinDefault    0x200000b4      0x4  Data  Gb  BUTTON.o [3]
BusFault_Handler        0x0800f573      0x2  Code  Gb  stm32f4xx_it.o [1]
CSTACK$$Base            0x20000220            --   Gb  - Linker created -
CSTACK$$Limit           0x20000620            --   Gb  - Linker created -
Callibrate              0x0800c6ab     0x84  Code  Gb  XPT2046.o [1]
CreateWindow            0x0800c4dd     0x20  Code  Gb  WindowDLG.o [1]
DebugMon_Handler        0x0800f579      0x2  Code  Gb  stm32f4xx_it.o [1]
EDIT_AddKey             0x08007f0d    0x102  Code  Gb  EDIT.o [3]
EDIT_Callback           0x08007ccf     0xe2  Code  Gb  EDIT.o [3]
EDIT_CreateIndirect     0x0800eb4d     0x4a  Code  Gb  EDIT_CreateIndirect.o [3]
EDIT_CreateUser         0x08007db7     0x90  Code  Gb  EDIT.o [3]
EDIT_SetCursorAtPixel   0x08007e5d     0xb0  Code  Gb  EDIT.o [3]
EDIT_SetFont            0x08008019     0x1a  Code  Gb  EDIT.o [3]
EDIT_SetText            0x08008041     0xb2  Code  Gb  EDIT.o [3]
EDIT_SetTextAlign       0x080080f9     0x1c  Code  Gb  EDIT.o [3]
EDIT__DefaultProps      0x200000c0     0x24  Data  Gb  EDIT.o [3]
EDIT__SetCursorPos      0x08007c79     0x50  Code  Gb  EDIT.o [3]
Error_Handler           0x0800c405      0x2  Code  Gb  main.o [1]
FSMC_Initialized        0x200109a8      0x4  Data  Lc  stm32f4xx_hal_msp.o [1]
FSMC_NORSRAM_Extended_Timing_Init
                        0x0800ce75     0x44  Code  Gb  stm32f4xx_ll_fsmc.o [1]
FSMC_NORSRAM_Init       0x0800cdd1     0x5c  Code  Gb  stm32f4xx_ll_fsmc.o [1]
FSMC_NORSRAM_Timing_Init
                        0x0800ce2d     0x48  Code  Gb  stm32f4xx_ll_fsmc.o [1]
GL_SetDefault           0x08002619     0x3a  Code  Gb  GUI_SetDefault.o [3]
GUIDRV_FlexColor_API    0x0800ec5c     0x34  Data  Gb  GUIDRV_FlexColor.o [3]
GUIDRV_FlexColor_Config
                        0x080046ef     0x3e  Code  Gb  GUIDRV_FlexColor.o [3]
GUIDRV_FlexColor_SetFunc
                        0x0800472d     0x32  Code  Gb  GUIDRV_FlexColor.o [3]
GUIDRV_FlexColor_SetFunc66708
                        0x0800c055     0x32  Code  Gb  GUIDRV_FlexColor_Func66708.o [3]
GUIDRV_FlexColor_SetMode16bppC0B16
                        0x0800a4d3     0x3e  Code  Gb  GUIDRV_FlexColor_16bpp_C0B16.o [3]
GUIDRV_FlexColor__GetPixelIndexNoCache
                        0x080045c5     0xb0  Code  Gb  GUIDRV_FlexColor.o [3]
GUIDRV_FlexColor__InitOnce
                        0x0800467f     0x36  Code  Gb  GUIDRV_FlexColor.o [3]
GUIDRV_FlexColor__SetLog2Phys
                        0x080046b9     0x36  Code  Gb  GUIDRV_FlexColor.o [3]
GUIDRV_FlexColor__SetPixelIndexNoCache
                        0x08004539     0x84  Code  Gb  GUIDRV_FlexColor.o [3]
GUIMONO_DispChar        0x0800df35    0x10a  Code  Gb  GUI_CharM.o [3]
GUIMONO_GetCharDistX    0x0800e059     0x12  Code  Gb  GUI_CharM.o [3]
GUIMONO_GetFontInfo     0x0800e071      0x6  Code  Gb  GUI_CharM.o [3]
GUIMONO_IsInFont        0x0800e077     0x38  Code  Gb  GUI_CharM.o [3]
GUIPROP_DispChar        0x0800e339     0xc8  Code  Gb  GUI_CharP.o [3]
GUIPROP_GetCharDistX    0x0800e401     0x36  Code  Gb  GUI_CharP.o [3]
GUIPROP_GetFontInfo     0x0800e43d      0x6  Code  Gb  GUI_CharP.o [3]
GUIPROP_IsInFont        0x0800e443      0xe  Code  Gb  GUI_CharP.o [3]
GUIPROP__FindChar       0x0800e325     0x14  Code  Gb  GUI_CharP.o [3]
GUI_AA__ClipX0          0x200109c8      0x4  Data  Gb  GUI_Core.o [3]
GUI_ALLOC_AllocNoInit   0x08001823      0xa  Code  Gb  GUI_Alloc.o [3]
GUI_ALLOC_AllocZero     0x08001e0d     0x24  Code  Gb  GUI_ALLOC_AllocZero.o [3]
GUI_ALLOC_AssignMemory  0x080018d3      0xc  Code  Gb  GUI_Alloc.o [3]
GUI_ALLOC_Free          0x080018f7     0x2c  Code  Gb  GUI_Alloc.o [3]
GUI_ALLOC_FreeFixedBlock
                        0x0800176d     0x10  Code  Gb  GUI_Alloc.o [3]
GUI_ALLOC_FreePtr       0x08001923     0x10  Code  Gb  GUI_Alloc.o [3]
GUI_ALLOC_FreePtrArray  0x08001933     0x20  Code  Gb  GUI_Alloc.o [3]
GUI_ALLOC_GetFixedBlock
                        0x0800177d     0xa6  Code  Gb  GUI_Alloc.o [3]
GUI_ALLOC_GetMaxSize    0x0800187d     0x32  Code  Gb  GUI_Alloc.o [3]
GUI_ALLOC_GetSize       0x080018df     0x18  Code  Gb  GUI_Alloc.o [3]
GUI_ALLOC_LockH         0x0800183d     0x16  Code  Gb  GUI_Alloc.o [3]
GUI_ALLOC_Realloc       0x08008765     0x54  Code  Gb  GUI_Realloc.o [3]
GUI_ALLOC_RequestSize   0x080018af     0x24  Code  Gb  GUI_Alloc.o [3]
GUI_ALLOC_UnlockH       0x08001853     0x2a  Code  Gb  GUI_Alloc.o [3]
GUI_ALLOC__Context      0x20010620     0xc0  Data  Gb  GUI_Alloc.o [3]
GUI_ALLOC_h2p           0x0800182d     0x10  Code  Gb  GUI_Alloc.o [3]
GUI_CURSOR_SetPositionEx
                        0x0800b83d     0x5c  Code  Gb  GUI_Curs1.o [3]
GUI_CalcColorDist       0x0800e8cd     0x3e  Code  Gb  GUI_CalcColorDist.o [3]
GUI_CharLine_pfLog2Vis  0x200001bc      0x4  Data  Gb  GUI_CharLine.o [3]
GUI_Clear               0x08002985     0x1a  Code  Gb  GUI_Core.o [3]
GUI_ClearRect           0x0800292b     0x5a  Code  Gb  GUI_Core.o [3]
GUI_ClearRectEx         0x08008b53     0x14  Code  Gb  GUI_ClearRectEx.o [3]
GUI_CreateDialogBox     0x0800cd05     0x9e  Code  Gb  DIALOG.o [3]
GUI_DEVICE_Create       0x08002b41     0x46  Code  Gb  GUI_Device.o [3]
GUI_DEVICE_CreateAndLink
                        0x08002c21     0x24  Code  Gb  GUI_Device.o [3]
GUI_DEVICE_Delete       0x08002b3d      0x4  Code  Gb  GUI_Device.o [3]
GUI_DEVICE_Link         0x08002bb1     0x70  Code  Gb  GUI_Device.o [3]
GUI_DEVICE_Unlink       0x08002b87     0x2a  Code  Gb  GUI_Device.o [3]
GUI_DEVICE__GetpDriver  0x08002b1d     0x20  Code  Gb  GUI_Device.o [3]
GUI_DRAW__Draw          0x0800d8fd     0x2e  Code  Gb  GUI_DRAW.o [3]
GUI_DecChar             0x20010964      0x1  Data  Gb  GUI_Core.o [3]
GUI_Delay               0x08004179     0x2a  Code  Gb  GUI_Time.o [3]
GUI_DispString          0x08008b69     0xea  Code  Gb  GUI_DispString.o [3]
GUI_DispStringAt        0x080086ad     0x10  Code  Gb  GUI_DispStringAt.o [3]
GUI_DispStringInRect    0x0800dabb      0x6  Code  Gb  GUI_DispStringInRect.o [3]
GUI_DispStringInRectMax
                        0x0800da79     0x42  Code  Gb  GUI_DispStringInRect.o [3]
GUI_DrawGradientV       0x0800d88f     0x38  Code  Gb  GUI_DrawGradient.o [3]
GUI_DrawHLine           0x0800d601     0x4c  Code  Gb  GUI_DrawHLine.o [3]
GUI_DrawRect            0x0800d691     0x80  Code  Gb  GUI_2DLib.o [3]
GUI_DrawVLine           0x0800d64d     0x44  Code  Gb  GUI_DrawVLine.o [3]
GUI_Exec                0x08004a15     0x14  Code  Gb  GUI_Exec.o [3]
GUI_Exec1               0x080049e1     0x2c  Code  Gb  GUI_Exec.o [3]
GUI_F6x8_Mono           0x08009768     0x14  Data  Lc  F6x8.o [3]
GUI_F6x8_TI8859_1       0x08009760      0x8  Data  Lc  F6x8.o [3]
GUI_F6x8_TL8859_1       0x080095a0    0x1c0  Data  Lc  F6x8.o [3]
GUI_FillRect            0x080086bd     0x48  Code  Gb  GUI_FillRect.o [3]
GUI_Font13ASCII_CharInfo
                        0x08007520    0x2f8  Data  Lc  F13_ASCII.o [3]
GUI_Font13ASCII_Prop1   0x08007818      0xc  Data  Gb  F13_ASCII.o [3]
GUI_Font13_1            0x0800562c     0x24  Data  Gb  F13_1.o [3]
GUI_Font13_1_CharInfo   0x08005320    0x300  Data  Lc  F13_1.o [3]
GUI_Font13_1_Prop1      0x08005620      0xc  Data  Lc  F13_1.o [3]
GUI_Font6x8             0x0800977c     0x24  Data  Gb  F6x8.o [3]
GUI_FontArial16         0x0800ece0     0x24  Data  Gb  Arial16.o [1]
GUI_FontArial16_CharInfo
                        0x0800a530    0x600  Data  Gb  Arial16.o [1]
GUI_FontArial16_Prop1   0x0800fe80      0xc  Data  Gb  Arial16.o [1]
GUI_FontArial16_Prop2   0x0800fe74      0xc  Data  Gb  Arial16.o [1]
GUI_GetBitmapPixelIndex
                        0x08009f0b     0x16  Code  Gb  GUI_GetBitmapPixelIndex.o [3]
GUI_GetBitmapPixelIndexEx
                        0x08009e87     0x84  Code  Gb  GUI_GetBitmapPixelIndex.o [3]
GUI_GetBitsPerPixelEx   0x08002dc1      0xe  Code  Gb  LCD_GetEx.o [3]
GUI_GetBkColor          0x08008b3d      0x8  Code  Gb  GUI_GetColor.o [3]
GUI_GetCharDistX        0x08008563      0xc  Code  Gb  GUI_Char.o [3]
GUI_GetCharDistXEx      0x0800856f      0xa  Code  Gb  GUI_Char.o [3]
GUI_GetClientRect       0x0800d92b      0xa  Code  Gb  GUI_GetClientRect.o [3]
GUI_GetColor            0x08008b45      0x6  Code  Gb  GUI_GetColor.o [3]
GUI_GetCursorLayer      0x08001f61     0x10  Code  Gb  GUI_SelectLayer.o [3]
GUI_GetFontDistY        0x08008559      0xa  Code  Gb  GUI_Char.o [3]
GUI_GetLayerPosEx       0x08001f71     0x14  Code  Gb  GUI_SelectLayer.o [3]
GUI_GetOrg              0x08003b79      0x2  Code  Gb  GUI_GetOrg.o [3]
GUI_GetStringDistX      0x08008919     0x14  Code  Gb  GUI_GetStringDistX.o [3]
GUI_GetTime             0x08004175      0x4  Code  Gb  GUI_Time.o [3]
GUI_GetYAdjust          0x0800852d     0x2c  Code  Gb  GUI_Char.o [3]
GUI_GetpfColor2IndexEx  0x08002df9      0xc  Code  Gb  LCD_GetEx.o [3]
GUI_GetpfIndex2ColorEx  0x08002ded      0xc  Code  Gb  LCD_GetEx.o [3]
GUI_GotoXY              0x08003cc9     0x14  Code  Gb  GUI_Goto.o [3]
GUI_Init                0x080029c1     0xc6  Code  Gb  GUI_Core.o [3]
GUI_InvertRect          0x08008705     0x60  Code  Gb  GUI_InvertRect.o [3]
GUI_MEMDEV_Clear        0x08003c3d     0x3c  Code  Gb  GUIDEV_Clear.o [3]
GUI_MEMDEV_CopyToLCD    0x08001d0d      0x6  Code  Gb  GUIDEV.o [3]
GUI_MEMDEV_CopyToLCDAt  0x08001c71     0x9c  Code  Gb  GUIDEV.o [3]
GUI_MEMDEV_CreateEx     0x08001bbb     0x74  Code  Gb  GUIDEV.o [3]
GUI_MEMDEV_DEVICE_16    0x08006e98     0x34  Data  Gb  GUIDEV_16.o [3]
GUI_MEMDEV_DEVICE_32    0x08005f74     0x34  Data  Gb  GUIDEV_32.o [3]
GUI_MEMDEV_Delete       0x08001b7b     0x3a  Code  Gb  GUIDEV.o [3]
GUI_MEMDEV_Draw         0x08002667    0x13c  Code  Gb  GUIDEV_Banding.o [3]
GUI_MEMDEV_GetBitsPerPixel
                        0x08001b57     0x24  Code  Gb  GUIDEV.o [3]
GUI_MEMDEV_GetDataPtr   0x08004149     0x1c  Code  Gb  GUIDEV_GetDataPtr.o [3]
GUI_MEMDEV_GetYSize     0x08003b7d     0x28  Code  Gb  GUIDEV_GetYSize.o [3]
GUI_MEMDEV_Paint1Static
                        0x0800e1e3     0x1e  Code  Gb  GUIDEV_StaticDevices.o [3]
GUI_MEMDEV_ReduceYSize  0x08003ba5     0x30  Code  Gb  GUIDEV_ReduceYSize.o [3]
GUI_MEMDEV_Select       0x08001c2f     0x42  Code  Gb  GUIDEV.o [3]
GUI_MEMDEV_SetOrg       0x08003bd5     0x68  Code  Gb  GUIDEV_SetOrg.o [3]
GUI_MEMDEV_Write        0x0800e2c9      0x6  Code  Gb  GUIDEV_Write.o [3]
GUI_MEMDEV_WriteAt      0x0800e299     0x30  Code  Gb  GUIDEV_Write.o [3]
GUI_MEMDEV__CreateFixed
                        0x08001a55    0x102  Code  Gb  GUIDEV.o [3]
GUI_MEMDEV__WriteToActiveAlpha
                        0x0800ddcb    0x15e  Code  Gb  GUIDEV_WriteToActiveAlpha.o [3]
GUI_MEMDEV__WriteToActiveAt
                        0x08001a25     0x30  Code  Gb  GUIDEV.o [3]
GUI_MEMDEV__WriteToActiveOpaque
                        0x080036cb     0x3e  Code  Gb  GUIDEV_WriteToActiveOpaque.o [3]
GUI_MergeRect           0x080019a1     0x58  Code  Gb  GUI_MergeRect.o [3]
GUI_MoveRect            0x08001a09     0x1c  Code  Gb  GUI_MoveRect.o [3]
GUI_OrgX                0x200109f6      0x2  Data  Gb  GUI_Core.o [3]
GUI_OrgY                0x200109f8      0x2  Data  Gb  GUI_Core.o [3]
GUI_PID_GetState        0x0800b781     0x38  Code  Gb  GUI_PID.o [3]
GUI_PID_IsEmpty         0x0800b821     0x10  Code  Gb  GUI_PID.o [3]
GUI_PID_StoreState      0x0800b7b9     0x68  Code  Gb  GUI_PID.o [3]
GUI_PollKeyMsg          0x080027d9     0x26  Code  Gb  GUI_OnKey.o [3]
GUI_ReadRectEx          0x080063ff     0x56  Code  Gb  LCD_ReadRect.o [3]
GUI_RectsIntersect      0x08001d93     0x38  Code  Gb  GUI_RectsIntersect.o [3]
GUI_RestoreContext      0x080028e5      0xe  Code  Gb  GUI_SaveContext.o [3]
GUI_SPRITE_SetPosition  0x08009e7d      0xa  Code  Gb  GUI_SPRITE.o [3]
GUI_SaveContext_W       0x080028d9      0x6  Code  Gb  GUI_SaveContext.o [3]
GUI_SelectLCD           0x08003085     0x12  Code  Gb  GUI_SelectLCD.o [3]
GUI_SelectLayer         0x08001f85     0x26  Code  Gb  GUI_SelectLayer.o [3]
GUI_SetBkColor          0x080028f9      0x4  Code  Gb  GUI_SetColor.o [3]
GUI_SetColor            0x080028fd      0x4  Code  Gb  GUI_SetColor.o [3]
GUI_SetDefaultFont      0x08002925      0x6  Code  Gb  GUI_Core.o [3]
GUI_SetDrawMode         0x0800310d      0x4  Code  Gb  GUI_SetDrawMode.o [3]
GUI_SetFont             0x08003b01     0x14  Code  Gb  GUI_SetFont.o [3]
GUI_SetLayerPosEx       0x08001fb9      0x4  Code  Gb  GUI_SelectLayer.o [3]
GUI_SetLineStyle        0x08003b15     0x10  Code  Gb  GUI_SetLineStyle.o [3]
GUI_SetOrg              0x08003e2d     0x30  Code  Gb  GUI_SetOrg.o [3]
GUI_SetPenSize          0x08003ac9      0xc  Code  Gb  GUI_Pen.o [3]
GUI_SetTextAlign        0x08003ad9     0x14  Code  Gb  GUI_SetTextAlign.o [3]
GUI_SetTextMode         0x08003aed     0x14  Code  Gb  GUI_SetTextMode.o [3]
GUI_SignalEvent         0x080019f9      0xc  Code  Gb  GUI_WaitEvent.o [3]
GUI_StoreKey            0x080027cd      0xc  Code  Gb  GUI_OnKey.o [3]
GUI_TIMER_Delete        0x0800386b     0x56  Code  Gb  GUI_Timer.o [3]
GUI_TIMER_GetFlag       0x0800390d     0x22  Code  Gb  GUI_Timer.o [3]
GUI_TIMER_Restart       0x080038df     0x2e  Code  Gb  GUI_Timer.o [3]
GUI_TIMER_SetPeriod     0x080038c9     0x16  Code  Gb  GUI_Timer.o [3]
GUI_TIMER__GetFirstTimer
                        0x0800380d     0x20  Code  Gb  GUI_Timer.o [3]
GUI_TIMER__GetNextTimerLin
                        0x0800382d     0x2c  Code  Gb  GUI_Timer.o [3]
GUI_TOUCH_StoreState    0x0800d02d     0x1e  Code  Gb  GUI_TOUCH_StoreState.o [3]
GUI_TOUCH_StoreStateEx  0x0800d105     0x3c  Code  Gb  GUI_TOUCH.o [3]
GUI_TOUCH_StoreUnstable
                        0x0800cda5     0x28  Code  Gb  GUI_TOUCH_StoreUnstable.o [3]
GUI_UC_Encode           0x08008801      0x8  Code  Gb  GUI_UC.o [3]
GUI_UC_GetCharCode      0x080087f9      0x8  Code  Gb  GUI_UC.o [3]
GUI_UC_GetCharSize      0x080087f1      0x8  Code  Gb  GUI_UC.o [3]
GUI_UC_None             0x0800ed18     0x10  Data  Gb  GUI_UC_EncodeNone.o [3]
GUI_UC__CalcSizeOfChar  0x08008809      0x8  Code  Gb  GUI_UC.o [3]
GUI_UC__GetCharCodeInc  0x08008811     0x22  Code  Gb  GUI_UC.o [3]
GUI_UC__NumBytes2NumChars
                        0x08008857     0x26  Code  Gb  GUI_UC.o [3]
GUI_UC__NumChars2NumBytes
                        0x08008833     0x24  Code  Gb  GUI_UC.o [3]
GUI_USAGE_AddRect       0x080030bd     0x2a  Code  Gb  GUIDEV_Usage.o [3]
GUI_USAGE_BM_AddHLine   0x08002f03     0x6e  Code  Lc  GUIDEV_UsageBM.o [3]
GUI_USAGE_BM_AddPixel   0x08002ed9     0x2a  Code  Lc  GUIDEV_UsageBM.o [3]
GUI_USAGE_BM_Clear      0x08002f71      0xe  Code  Lc  GUIDEV_UsageBM.o [3]
GUI_USAGE_BM_Create     0x08003015     0x58  Code  Gb  GUIDEV_UsageBM.o [3]
GUI_USAGE_BM_GetNextDirty
                        0x08002f7f     0x92  Code  Lc  GUIDEV_UsageBM.o [3]
GUI_USAGE_DecUseCnt     0x08003099     0x24  Code  Gb  GUIDEV_Usage.o [3]
GUI_X_Config            0x08003cdd     0x1c  Code  Gb  GUIConf.o [1]
GUI_X_Config::aMemory   0x20000620  0x10000  Data  Lc  GUIConf.o [1]
GUI_X_Delay             0x08003dfb     0x12  Code  Gb  GUI_X.o [1]
GUI_X_GetTime           0x08003de9      0x6  Code  Gb  GUI_X.o [1]
GUI_X_Init              0x08003e11      0x2  Code  Gb  GUI_X.o [1]
GUI__AllocAlphaBuffer   0x08006275     0x16  Code  Gb  GUI__Alpha.o [3]
GUI__AlphaPreserveTrans
                        0x0800e25d     0x20  Code  Gb  GUI_SetAlpha.o [3]
GUI__BIDI_Enabled       0x200109d8      0x4  Data  Gb  GUI__BiDiRouting.o [3]
GUI__BufferSize         0x200109c4      0x4  Data  Gb  GUI_Core.o [3]
GUI__CalcTextRect       0x080083b9     0x98  Code  Gb  GUI__CalcTextRect.o [3]
GUI__CompactPixelIndices
                        0x08003f09     0xf0  Code  Gb  GUI__CompactPixelIndices.o [3]
GUI__CompactPixelIndicesEx
                        0x0800413b      0xe  Code  Gb  GUI__CompactPixelIndices.o [3]
GUI__Config             0x0800299f     0x22  Code  Gb  GUI_Core.o [3]
GUI__Context            0x20000004     0x70  Data  Lc  GUI_Core.o [3]
GUI__ConvertColor2Index
                        0x08004011    0x124  Code  Gb  GUI__CompactPixelIndices.o [3]
GUI__DispLine           0x08008d6d     0xa0  Code  Gb  GUI_CharLine.o [3]
GUI__DispStringInRect   0x0800d935    0x140  Code  Gb  GUI_DispStringInRect.o [3]
GUI__DoAlphaBlending    0x0800602f    0x1a2  Code  Gb  GUI__Alpha.o [3]
GUI__DrawTwinArc4       0x0800d599     0x62  Code  Gb  GUI__DrawTwinArc.o [3]
GUI__ExpandPixelIndicesEx
                        0x08006461    0x120  Code  Gb  GUI__ExpandPixelIndices.o [3]
GUI__GetAlphaBuffer     0x080061df     0x8e  Code  Gb  GUI__Alpha.o [3]
GUI__GetCursorCharacter
                        0x08008511      0xa  Code  Gb  GUI__GetCursorPos.o [3]
GUI__GetCursorPosChar   0x08008505      0xc  Code  Gb  GUI__GetCursorPos.o [3]
GUI__GetCursorPosX      0x080084f9      0xc  Code  Gb  GUI__GetCursorPos.o [3]
GUI__GetCursorPos_pfGetCharacter
                        0x200001a4      0x4  Data  Gb  GUI__GetCursorPos.o [3]
GUI__GetCursorPos_pfGetPosChar
                        0x200001a0      0x4  Data  Gb  GUI__GetCursorPos.o [3]
GUI__GetCursorPos_pfGetPosX
                        0x2000019c      0x4  Data  Gb  GUI__GetCursorPos.o [3]
GUI__GetLineDistX       0x08008d19     0x4a  Code  Gb  GUI_CharLine.o [3]
GUI__GetLineNumChars    0x08008ccb     0x32  Code  Gb  GUI_CharLine.o [3]
GUI__GetNumChars        0x08008451     0x1a  Code  Gb  GUI__GetNumChars.o [3]
GUI__GetOrg             0x08003b5d     0x12  Code  Gb  GUI_GetOrg.o [3]
GUI__GetOverlap         0x08008cfd     0x1c  Code  Gb  GUI_CharLine.o [3]
GUI__HandleEOLine       0x0800db1f     0x16  Code  Gb  GUI__HandleEOLine.o [3]
GUI__IntersectRect      0x08001961     0x40  Code  Gb  GUI__IntersectRect.o [3]
GUI__IntersectRects     0x08001d33     0x60  Code  Gb  GUI__IntersectRects.o [3]
GUI__IsInitialized      0x20010965      0x1  Data  Gb  GUI_Core.o [3]
GUI__ManageCache        0x080028c5      0xa  Code  Gb  GUI__ManageCache.o [3]
GUI__ManageCacheEx      0x08002809     0xb0  Code  Gb  GUI__ManageCache.o [3]
GUI__MixColors          0x08005fcd     0x62  Code  Gb  GUI__Alpha.o [3]
GUI__PreserveTrans      0x200109fb      0x1  Data  Gb  GUI_Core.o [3]
GUI__ReduceRect         0x08008941     0x1a  Code  Gb  GUI__ReduceRect.o [3]
GUI__RegisterExit       0x08002a87      0xa  Code  Gb  GUI_Core.o [3]
GUI__SetText            0x0800cec1     0x6e  Code  Gb  GUI__SetText.o [3]
GUI__aConvert_255_31    0x0800e450    0x100  Data  Gb  GUI__DivTbl_255_31.o [3]
GUI__aConvert_255_63    0x0800e550    0x100  Data  Gb  GUI__DivTbl_255_63.o [3]
GUI__aConvert_31_255    0x0800f54c     0x20  Data  Gb  GUI__DivTbl_31_255.o [3]
GUI__aConvert_63_255    0x0800ebdc     0x40  Data  Gb  GUI__DivTbl_63_255.o [3]
GUI__aNumBuffers        0x200109f4      0x2  Data  Gb  GUI_Core.o [3]
GUI__apDevice           0x2000007c      0x8  Data  Gb  GUI_Core.o [3]
GUI__memset             0x08002cff     0x54  Code  Gb  GUI__memset.o [3]
GUI__memset16           0x08006ecd     0x40  Code  Gb  GUI__memset16.o [3]
GUI__pFontDefault       0x20000074      0x4  Data  Gb  GUI_Core.o [3]
GUI__sqrt32             0x0800db05     0x1a  Code  Gb  GUI__sqrt32.o [3]
GUI__strcmp             0x0800d051     0x24  Code  Gb  GUI__strcmp.o [3]
GUI__strcmp_hp          0x0800d079     0x20  Code  Gb  GUI__strcmp.o [3]
GUI__strlen             0x0800d099     0x14  Code  Gb  GUI__strlen.o [3]
GUI_acFont6x8           0x08009088    0x518  Data  Lc  F6x8.o [3]
GUI_pContext            0x20000078      0x4  Data  Gb  GUI_Core.o [3]
GUI_pLCD_APIList        0x200109cc      0x4  Data  Gb  GUI_Core.o [3]
GUI_pUC_API             0x20010968      0x4  Data  Gb  GUI_Core.o [3]
GUI_pfDispCharStyle     0x200109c0      0x4  Data  Gb  GUI_Core.o [3]
GUI_pfTimerExec         0x200109b8      0x4  Data  Gb  GUI_Core.o [3]
GUI_pfUpdateSoftLayer   0x200109b4      0x4  Data  Gb  GUI_Core.o [3]
GetTouchState           0x0800c50d     0x46  Code  Gb  XPT2046.o [1]
HAL_Delay               0x08004ca5     0x1a  Code  Wk  stm32f4xx_hal.o [1]
HAL_FSMC_MspInit        0x0800b147     0x6e  Code  Lc  stm32f4xx_hal_msp.o [1]
HAL_GPIO_Init           0x08004a5d    0x1e4  Code  Gb  stm32f4xx_hal_gpio.o [1]
HAL_GPIO_ReadPin        0x08004c41     0x18  Code  Gb  stm32f4xx_hal_gpio.o [1]
HAL_GPIO_WritePin       0x08004c59     0x14  Code  Gb  stm32f4xx_hal_gpio.o [1]
[...]
acFont13_1_00B1         0x08004df4     0x10  Data  Lc  F13_1.o [3]
acFont13_1_00B2         0x08004e04     0x10  Data  Lc  F13_1.o [3]
acFont13_1_00B3         0x08004e14     0x10  Data  Lc  F13_1.o [3]
acFont13_1_00B4         0x08004e24     0x10  Data  Lc  F13_1.o [3]
acFont13_1_00B5         0x08004e34     0x10  Data  Lc  F13_1.o [3]
acFont13_1_00B6         0x08004e44     0x10  Data  Lc  F13_1.o [3]
acFont13_1_00B7         0x08004e54     0x10  Data  Lc  F13_1.o [3]
acFont13_1_00B8         0x08004e64     0x10  Data  Lc  F13_1.o [3]
acFont13_1_00B9         0x08004e74     0x10  Data  Lc  F13_1.o [3]
acFont13_1_00BA         0x08004e84     0x10  Data  Lc  F13_1.o [3]
acFont13_1_00BB         0x08004e94     0x10  Data  Lc  F13_1.o [3]
acFont13_1_00BC         0x08004ea4     0x1c  Data  Lc  F13_1.o [3]
acFont13_1_00BD         0x08004ec0     0x1c  Data  Lc  F13_1.o [3]
acFont13_1_00BE         0x08004edc     0x1c  Data  Lc  F13_1.o [3]
acFont13_1_00BF         0x08004ef8     0x10  Data  Lc  F13_1.o [3]
acFont13_1_00C0         0x08004f08     0x10  Data  Lc  F13_1.o [3]
acFont13_1_00C1         0x08004f18     0x10  Data  Lc  F13_1.o [3]
acFont13_1_00C2         0x08004f28     0x10  Data  Lc  F13_1.o [3]
acFont13_1_00C3         0x08004f38     0x10  Data  Lc  F13_1.o [3]
acFont13_1_00C4         0x08004f48     0x10  Data  Lc  F13_1.o [3]
acFont13_1_00C5         0x08004f58     0x10  Data  Lc  F13_1.o [3]
acFont13_1_00C6         0x08004f68     0x1c  Data  Lc  F13_1.o [3]
acFont13_1_00C7         0x08004f84     0x10  Data  Lc  F13_1.o [3]
acFont13_1_00C8         0x08004f94     0x10  Data  Lc  F13_1.o [3]
acFont13_1_00C9         0x08004fa4     0x10  Data  Lc  F13_1.o [3]
acFont13_1_00CA         0x08004fb4     0x10  Data  Lc  F13_1.o [3]
acFont13_1_00CB         0x08004fc4     0x10  Data  Lc  F13_1.o [3]
acFont13_1_00CC         0x08004fd4     0x10  Data  Lc  F13_1.o [3]
acFont13_1_00CD         0x08004fe4     0x10  Data  Lc  F13_1.o [3]
acFont13_1_00CE         0x08004ff4     0x10  Data  Lc  F13_1.o [3]
acFont13_1_00CF         0x08005004     0x10  Data  Lc  F13_1.o [3]
acFont13_1_00D0         0x08005014     0x10  Data  Lc  F13_1.o [3]
acFont13_1_00D1         0x08005024     0x10  Data  Lc  F13_1.o [3]
acFont13_1_00D2         0x08005034     0x10  Data  Lc  F13_1.o [3]
acFont13_1_00D3         0x08005044     0x10  Data  Lc  F13_1.o [3]
acFont13_1_00D4         0x08005054     0x10  Data  Lc  F13_1.o [3]
acFont13_1_00D5         0x08005064     0x10  Data  Lc  F13_1.o [3]
acFont13_1_00D6         0x08005074     0x10  Data  Lc  F13_1.o [3]
acFont13_1_00D7         0x08005084     0x10  Data  Lc  F13_1.o [3]
acFont13_1_00D8         0x08005094     0x10  Data  Lc  F13_1.o [3]
acFont13_1_00D9         0x080050a4     0x10  Data  Lc  F13_1.o [3]
acFont13_1_00DA         0x080050b4     0x10  Data  Lc  F13_1.o [3]
acFont13_1_00DB         0x080050c4     0x10  Data  Lc  F13_1.o [3]
acFont13_1_00DC         0x080050d4     0x10  Data  Lc  F13_1.o [3]
acFont13_1_00DD         0x080050e4     0x10  Data  Lc  F13_1.o [3]
acFont13_1_00DE         0x080050f4     0x10  Data  Lc  F13_1.o [3]
acFont13_1_00DF         0x08005104     0x10  Data  Lc  F13_1.o [3]
acFont13_1_00E0         0x08005114     0x10  Data  Lc  F13_1.o [3]
acFont13_1_00E1         0x08005124     0x10  Data  Lc  F13_1.o [3]
acFont13_1_00E2         0x08005134     0x10  Data  Lc  F13_1.o [3]
acFont13_1_00E3         0x08005144     0x10  Data  Lc  F13_1.o [3]
acFont13_1_00E4         0x08005154     0x10  Data  Lc  F13_1.o [3]
acFont13_1_00E5         0x08005164     0x10  Data  Lc  F13_1.o [3]
acFont13_1_00E6         0x08005174     0x1c  Data  Lc  F13_1.o [3]
acFont13_1_00E7         0x08005190     0x10  Data  Lc  F13_1.o [3]
acFont13_1_00E8         0x080051a0     0x10  Data  Lc  F13_1.o [3]
acFont13_1_00E9         0x080051b0     0x10  Data  Lc  F13_1.o [3]
acFont13_1_00EA         0x080051c0     0x10  Data  Lc  F13_1.o [3]
acFont13_1_00EB         0x080051d0     0x10  Data  Lc  F13_1.o [3]
acFont13_1_00EC         0x080051e0     0x10  Data  Lc  F13_1.o [3]
acFont13_1_00ED         0x080051f0     0x10  Data  Lc  F13_1.o [3]
acFont13_1_00EE         0x08005200     0x10  Data  Lc  F13_1.o [3]
acFont13_1_00EF         0x08005210     0x10  Data  Lc  F13_1.o [3]
acFont13_1_00F0         0x08005220     0x10  Data  Lc  F13_1.o [3]
acFont13_1_00F1         0x08005230     0x10  Data  Lc  F13_1.o [3]
acFont13_1_00F2         0x08005240     0x10  Data  Lc  F13_1.o [3]
acFont13_1_00F3         0x08005250     0x10  Data  Lc  F13_1.o [3]
acFont13_1_00F4         0x08005260     0x10  Data  Lc  F13_1.o [3]
acFont13_1_00F5         0x08005270     0x10  Data  Lc  F13_1.o [3]
acFont13_1_00F6         0x08005280     0x10  Data  Lc  F13_1.o [3]
acFont13_1_00F7         0x08005290     0x10  Data  Lc  F13_1.o [3]
acFont13_1_00F8         0x080052a0     0x10  Data  Lc  F13_1.o [3]
acFont13_1_00F9         0x080052b0     0x10  Data  Lc  F13_1.o [3]
acFont13_1_00FA         0x080052c0     0x10  Data  Lc  F13_1.o [3]
acFont13_1_00FB         0x080052d0     0x10  Data  Lc  F13_1.o [3]
acFont13_1_00FC         0x080052e0     0x10  Data  Lc  F13_1.o [3]
acFont13_1_00FD         0x080052f0     0x10  Data  Lc  F13_1.o [3]
acFont13_1_00FE         0x08005300     0x10  Data  Lc  F13_1.o [3]
acFont13_1_00FF         0x08005310     0x10  Data  Lc  F13_1.o [3]
acGUI_FontArial16_0020  0x0800f644     0x10  Data  Gb  Arial16.o [1]
acGUI_FontArial16_0021  0x0800f654     0x10  Data  Gb  Arial16.o [1]
acGUI_FontArial16_0022  0x0800f664     0x10  Data  Gb  Arial16.o [1]
acGUI_FontArial16_0023  0x0800f674     0x10  Data  Gb  Arial16.o [1]
acGUI_FontArial16_0024  0x0800f684     0x10  Data  Gb  Arial16.o [1]
acGUI_FontArial16_0025  0x0800ed6c     0x20  Data  Gb  Arial16.o [1]
acGUI_FontArial16_0026  0x0800ed8c     0x20  Data  Gb  Arial16.o [1]
acGUI_FontArial16_0027  0x0800f694     0x10  Data  Gb  Arial16.o [1]
acGUI_FontArial16_0028  0x0800f6a4     0x10  Data  Gb  Arial16.o [1]
acGUI_FontArial16_0029  0x0800f6b4     0x10  Data  Gb  Arial16.o [1]
acGUI_FontArial16_002A  0x0800f6c4     0x10  Data  Gb  Arial16.o [1]
acGUI_FontArial16_002B  0x0800f6d4     0x10  Data  Gb  Arial16.o [1]
acGUI_FontArial16_002C  0x0800f6e4     0x10  Data  Gb  Arial16.o [1]
acGUI_FontArial16_002D  0x0800f6f4     0x10  Data  Gb  Arial16.o [1]
acGUI_FontArial16_002E  0x0800f704     0x10  Data  Gb  Arial16.o [1]
acGUI_FontArial16_002F  0x0800f714     0x10  Data  Gb  Arial16.o [1]
acGUI_FontArial16_0030  0x0800f724     0x10  Data  Gb  Arial16.o [1]
acGUI_FontArial16_0031  0x0800f734     0x10  Data  Gb  Arial16.o [1]
acGUI_FontArial16_0032  0x0800f744     0x10  Data  Gb  Arial16.o [1]
acGUI_FontArial16_0033  0x0800f754     0x10  Data  Gb  Arial16.o [1]
acGUI_FontArial16_0034  0x0800f764     0x10  Data  Gb  Arial16.o [1]
acGUI_FontArial16_0035  0x0800f774     0x10  Data  Gb  Arial16.o [1]
acGUI_FontArial16_0036  0x0800f784     0x10  Data  Gb  Arial16.o [1]
acGUI_FontArial16_0037  0x0800f794     0x10  Data  Gb  Arial16.o [1]
acGUI_FontArial16_0038  0x0800f7a4     0x10  Data  Gb  Arial16.o [1]
acGUI_FontArial16_0039  0x0800f7b4     0x10  Data  Gb  Arial16.o [1]
acGUI_FontArial16_003A  0x0800f7c4     0x10  Data  Gb  Arial16.o [1]
acGUI_FontArial16_003B  0x0800f7d4     0x10  Data  Gb  Arial16.o [1]
acGUI_FontArial16_003C  0x0800f7e4     0x10  Data  Gb  Arial16.o [1]
acGUI_FontArial16_003D  0x0800f7f4     0x10  Data  Gb  Arial16.o [1]
acGUI_FontArial16_003E  0x0800f804     0x10  Data  Gb  Arial16.o [1]
acGUI_FontArial16_003F  0x0800f814     0x10  Data  Gb  Arial16.o [1]
acGUI_FontArial16_0040  0x0800edac     0x20  Data  Gb  Arial16.o [1]
acGUI_FontArial16_0041  0x0800edcc     0x20  Data  Gb  Arial16.o [1]
acGUI_FontArial16_0042  0x0800edec     0x20  Data  Gb  Arial16.o [1]
acGUI_FontArial16_0043  0x0800ee0c     0x20  Data  Gb  Arial16.o [1]
acGUI_FontArial16_0044  0x0800ee2c     0x20  Data  Gb  Arial16.o [1]
acGUI_FontArial16_0045  0x0800ee4c     0x20  Data  Gb  Arial16.o [1]
acGUI_FontArial16_0046  0x0800f824     0x10  Data  Gb  Arial16.o [1]
acGUI_FontArial16_0047  0x0800ee6c     0x20  Data  Gb  Arial16.o [1]
acGUI_FontArial16_0048  0x0800ee8c     0x20  Data  Gb  Arial16.o [1]
acGUI_FontArial16_0049  0x0800f834     0x10  Data  Gb  Arial16.o [1]
acGUI_FontArial16_004A  0x0800f844     0x10  Data  Gb  Arial16.o [1]
acGUI_FontArial16_004B  0x0800eeac     0x20  Data  Gb  Arial16.o [1]
acGUI_FontArial16_004C  0x0800f854     0x10  Data  Gb  Arial16.o [1]
acGUI_FontArial16_004D  0x0800eecc     0x20  Data  Gb  Arial16.o [1]
acGUI_FontArial16_004E  0x0800eeec     0x20  Data  Gb  Arial16.o [1]
acGUI_FontArial16_004F  0x0800ef0c     0x20  Data  Gb  Arial16.o [1]
acGUI_FontArial16_0050  0x0800ef2c     0x20  Data  Gb  Arial16.o [1]
acGUI_FontArial16_0051  0x0800ef4c     0x20  Data  Gb  Arial16.o [1]
acGUI_FontArial16_0052  0x0800ef6c     0x20  Data  Gb  Arial16.o [1]
acGUI_FontArial16_0053  0x0800ef8c     0x20  Data  Gb  Arial16.o [1]
acGUI_FontArial16_0054  0x0800f864     0x10  Data  Gb  Arial16.o [1]
acGUI_FontArial16_0055  0x0800efac     0x20  Data  Gb  Arial16.o [1]
acGUI_FontArial16_0056  0x0800efcc     0x20  Data  Gb  Arial16.o [1]
acGUI_FontArial16_0057  0x0800efec     0x20  Data  Gb  Arial16.o [1]
acGUI_FontArial16_0058  0x0800f874     0x10  Data  Gb  Arial16.o [1]
acGUI_FontArial16_0059  0x0800f00c     0x20  Data  Gb  Arial16.o [1]
acGUI_FontArial16_005A  0x0800f884     0x10  Data  Gb  Arial16.o [1]
acGUI_FontArial16_005B  0x0800f894     0x10  Data  Gb  Arial16.o [1]
acGUI_FontArial16_005C  0x0800f8a4     0x10  Data  Gb  Arial16.o [1]
acGUI_FontArial16_005D  0x0800f8b4     0x10  Data  Gb  Arial16.o [1]
acGUI_FontArial16_005E  0x0800f8c4     0x10  Data  Gb  Arial16.o [1]
acGUI_FontArial16_005F  0x0800f8d4     0x10  Data  Gb  Arial16.o [1]
acGUI_FontArial16_0060  0x0800f8e4     0x10  Data  Gb  Arial16.o [1]
acGUI_FontArial16_0061  0x0800f8f4     0x10  Data  Gb  Arial16.o [1]
acGUI_FontArial16_0062  0x0800f904     0x10  Data  Gb  Arial16.o [1]
acGUI_FontArial16_0063  0x0800f914     0x10  Data  Gb  Arial16.o [1]
acGUI_FontArial16_0064  0x0800f924     0x10  Data  Gb  Arial16.o [1]
acGUI_FontArial16_0065  0x0800f934     0x10  Data  Gb  Arial16.o [1]
acGUI_FontArial16_0066  0x0800f944     0x10  Data  Gb  Arial16.o [1]
acGUI_FontArial16_0067  0x0800f954     0x10  Data  Gb  Arial16.o [1]
acGUI_FontArial16_0068  0x0800f964     0x10  Data  Gb  Arial16.o [1]
acGUI_FontArial16_0069  0x0800f974     0x10  Data  Gb  Arial16.o [1]
acGUI_FontArial16_006A  0x0800f984     0x10  Data  Gb  Arial16.o [1]
acGUI_FontArial16_006B  0x0800f994     0x10  Data  Gb  Arial16.o [1]
acGUI_FontArial16_006C  0x0800f9a4     0x10  Data  Gb  Arial16.o [1]
acGUI_FontArial16_006D  0x0800f02c     0x20  Data  Gb  Arial16.o [1]
acGUI_FontArial16_006E  0x0800f9b4     0x10  Data  Gb  Arial16.o [1]
acGUI_FontArial16_006F  0x0800f9c4     0x10  Data  Gb  Arial16.o [1]
acGUI_FontArial16_0070  0x0800f9d4     0x10  Data  Gb  Arial16.o [1]
acGUI_FontArial16_0071  0x0800f9e4     0x10  Data  Gb  Arial16.o [1]
acGUI_FontArial16_0072  0x0800f9f4     0x10  Data  Gb  Arial16.o [1]
acGUI_FontArial16_0073  0x0800fa04     0x10  Data  Gb  Arial16.o [1]
acGUI_FontArial16_0074  0x0800fa14     0x10  Data  Gb  Arial16.o [1]
acGUI_FontArial16_0075  0x0800fa24     0x10  Data  Gb  Arial16.o [1]
acGUI_FontArial16_0076  0x0800fa34     0x10  Data  Gb  Arial16.o [1]
acGUI_FontArial16_0077  0x0800f04c     0x20  Data  Gb  Arial16.o [1]
acGUI_FontArial16_0078  0x0800fa44     0x10  Data  Gb  Arial16.o [1]
acGUI_FontArial16_0079  0x0800fa54     0x10  Data  Gb  Arial16.o [1]
acGUI_FontArial16_007A  0x0800fa64     0x10  Data  Gb  Arial16.o [1]
acGUI_FontArial16_007B  0x0800fa74     0x10  Data  Gb  Arial16.o [1]
acGUI_FontArial16_007C  0x0800fa84     0x10  Data  Gb  Arial16.o [1]
acGUI_FontArial16_007D  0x0800fa94     0x10  Data  Gb  Arial16.o [1]
acGUI_FontArial16_007E  0x0800faa4     0x10  Data  Gb  Arial16.o [1]
acGUI_FontArial16_007F  0x0800f06c     0x20  Data  Gb  Arial16.o [1]
acGUI_FontArial16_00A0  0x0800fab4     0x10  Data  Gb  Arial16.o [1]
acGUI_FontArial16_00A1  0x0800fac4     0x10  Data  Gb  Arial16.o [1]
acGUI_FontArial16_00A2  0x0800fad4     0x10  Data  Gb  Arial16.o [1]
acGUI_FontArial16_00A3  0x0800fae4     0x10  Data  Gb  Arial16.o [1]
acGUI_FontArial16_00A4  0x0800faf4     0x10  Data  Gb  Arial16.o [1]
acGUI_FontArial16_00A5  0x0800fb04     0x10  Data  Gb  Arial16.o [1]
acGUI_FontArial16_00A6  0x0800fb14     0x10  Data  Gb  Arial16.o [1]
acGUI_FontArial16_00A7  0x0800fb24     0x10  Data  Gb  Arial16.o [1]
acGUI_FontArial16_00A8  0x0800f08c     0x20  Data  Gb  Arial16.o [1]
acGUI_FontArial16_00A9  0x0800f0ac     0x20  Data  Gb  Arial16.o [1]
acGUI_FontArial16_00AA  0x0800f0cc     0x20  Data  Gb  Arial16.o [1]
acGUI_FontArial16_00AB  0x0800fb34     0x10  Data  Gb  Arial16.o [1]
acGUI_FontArial16_00AC  0x0800fb44     0x10  Data  Gb  Arial16.o [1]
acGUI_FontArial16_00AD  0x0800fb54     0x10  Data  Gb  Arial16.o [1]
acGUI_FontArial16_00AE  0x0800f0ec     0x20  Data  Gb  Arial16.o [1]
acGUI_FontArial16_00AF  0x0800fb64     0x10  Data  Gb  Arial16.o [1]
acGUI_FontArial16_00B0  0x0800fb74     0x10  Data  Gb  Arial16.o [1]
acGUI_FontArial16_00B1  0x0800fb84     0x10  Data  Gb  Arial16.o [1]
acGUI_FontArial16_00B2  0x0800fb94     0x10  Data  Gb  Arial16.o [1]
acGUI_FontArial16_00B3  0x0800fba4     0x10  Data  Gb  Arial16.o [1]
acGUI_FontArial16_00B4  0x0800fbb4     0x10  Data  Gb  Arial16.o [1]
acGUI_FontArial16_00B5  0x0800fbc4     0x10  Data  Gb  Arial16.o [1]
acGUI_FontArial16_00B6  0x0800fbd4     0x10  Data  Gb  Arial16.o [1]
acGUI_FontArial16_00B7  0x0800fbe4     0x10  Data  Gb  Arial16.o [1]
acGUI_FontArial16_00B8  0x0800fbf4     0x10  Data  Gb  Arial16.o [1]
acGUI_FontArial16_00B9  0x0800f10c     0x20  Data  Gb  Arial16.o [1]
acGUI_FontArial16_00BA  0x0800fc04     0x10  Data  Gb  Arial16.o [1]
acGUI_FontArial16_00BB  0x0800fc14     0x10  Data  Gb  Arial16.o [1]
acGUI_FontArial16_00BC  0x0800fc24     0x10  Data  Gb  Arial16.o [1]
acGUI_FontArial16_00BD  0x0800f12c     0x20  Data  Gb  Arial16.o [1]
acGUI_FontArial16_00BE  0x0800fc34     0x10  Data  Gb  Arial16.o [1]
acGUI_FontArial16_00BF  0x0800fc44     0x10  Data  Gb  Arial16.o [1]
acGUI_FontArial16_00C0  0x0800f14c     0x20  Data  Gb  Arial16.o [1]
acGUI_FontArial16_00C1  0x0800f16c     0x20  Data  Gb  Arial16.o [1]
acGUI_FontArial16_00C2  0x0800f18c     0x20  Data  Gb  Arial16.o [1]
acGUI_FontArial16_00C3  0x0800fc54     0x10  Data  Gb  Arial16.o [1]
acGUI_FontArial16_00C4  0x0800f1ac     0x20  Data  Gb  Arial16.o [1]
acGUI_FontArial16_00C5  0x0800f1cc     0x20  Data  Gb  Arial16.o [1]
acGUI_FontArial16_00C6  0x0800f1ec     0x20  Data  Gb  Arial16.o [1]
acGUI_FontArial16_00C7  0x0800fc64     0x10  Data  Gb  Arial16.o [1]
acGUI_FontArial16_00C8  0x0800f20c     0x20  Data  Gb  Arial16.o [1]
acGUI_FontArial16_00C9  0x0800f22c     0x20  Data  Gb  Arial16.o [1]
acGUI_FontArial16_00CA  0x0800fc74     0x10  Data  Gb  Arial16.o [1]
acGUI_FontArial16_00CB  0x0800f24c     0x20  Data  Gb  Arial16.o [1]
acGUI_FontArial16_00CC  0x0800f26c     0x20  Data  Gb  Arial16.o [1]
acGUI_FontArial16_00CD  0x0800f28c     0x20  Data  Gb  Arial16.o [1]
acGUI_FontArial16_00CE  0x0800f2ac     0x20  Data  Gb  Arial16.o [1]
acGUI_FontArial16_00CF  0x0800f2cc     0x20  Data  Gb  Arial16.o [1]
acGUI_FontArial16_00D0  0x0800f2ec     0x20  Data  Gb  Arial16.o [1]
acGUI_FontArial16_00D1  0x0800f30c     0x20  Data  Gb  Arial16.o [1]
acGUI_FontArial16_00D2  0x0800fc84     0x10  Data  Gb  Arial16.o [1]
acGUI_FontArial16_00D3  0x0800fc94     0x10  Data  Gb  Arial16.o [1]
acGUI_FontArial16_00D4  0x0800f32c     0x20  Data  Gb  Arial16.o [1]
acGUI_FontArial16_00D5  0x0800fca4     0x10  Data  Gb  Arial16.o [1]
acGUI_FontArial16_00D6  0x0800f34c     0x20  Data  Gb  Arial16.o [1]
acGUI_FontArial16_00D7  0x0800f36c     0x20  Data  Gb  Arial16.o [1]
acGUI_FontArial16_00D8  0x0800f38c     0x20  Data  Gb  Arial16.o [1]
acGUI_FontArial16_00D9  0x0800f3ac     0x20  Data  Gb  Arial16.o [1]
acGUI_FontArial16_00DA  0x0800f3cc     0x20  Data  Gb  Arial16.o [1]
acGUI_FontArial16_00DB  0x0800f3ec     0x20  Data  Gb  Arial16.o [1]
acGUI_FontArial16_00DC  0x0800fcb4     0x10  Data  Gb  Arial16.o [1]
acGUI_FontArial16_00DD  0x0800f40c     0x20  Data  Gb  Arial16.o [1]
acGUI_FontArial16_00DE  0x0800f42c     0x20  Data  Gb  Arial16.o [1]
acGUI_FontArial16_00DF  0x0800f44c     0x20  Data  Gb  Arial16.o [1]
acGUI_FontArial16_00E0  0x0800fcc4     0x10  Data  Gb  Arial16.o [1]
acGUI_FontArial16_00E1  0x0800fcd4     0x10  Data  Gb  Arial16.o [1]
acGUI_FontArial16_00E2  0x0800fce4     0x10  Data  Gb  Arial16.o [1]
acGUI_FontArial16_00E3  0x0800fcf4     0x10  Data  Gb  Arial16.o [1]
acGUI_FontArial16_00E4  0x0800fd04     0x10  Data  Gb  Arial16.o [1]
acGUI_FontArial16_00E5  0x0800fd14     0x10  Data  Gb  Arial16.o [1]
acGUI_FontArial16_00E6  0x0800f46c     0x20  Data  Gb  Arial16.o [1]
acGUI_FontArial16_00E7  0x0800fd24     0x10  Data  Gb  Arial16.o [1]
acGUI_FontArial16_00E8  0x0800fd34     0x10  Data  Gb  Arial16.o [1]
acGUI_FontArial16_00E9  0x0800fd44     0x10  Data  Gb  Arial16.o [1]
acGUI_FontArial16_00EA  0x0800fd54     0x10  Data  Gb  Arial16.o [1]
acGUI_FontArial16_00EB  0x0800fd64     0x10  Data  Gb  Arial16.o [1]
acGUI_FontArial16_00EC  0x0800f48c     0x20  Data  Gb  Arial16.o [1]
acGUI_FontArial16_00ED  0x0800fd74     0x10  Data  Gb  Arial16.o [1]
acGUI_FontArial16_00EE  0x0800fd84     0x10  Data  Gb  Arial16.o [1]
acGUI_FontArial16_00EF  0x0800fd94     0x10  Data  Gb  Arial16.o [1]
acGUI_FontArial16_00F0  0x0800fda4     0x10  Data  Gb  Arial16.o [1]
acGUI_FontArial16_00F1  0x0800fdb4     0x10  Data  Gb  Arial16.o [1]
acGUI_FontArial16_00F2  0x0800fdc4     0x10  Data  Gb  Arial16.o [1]
acGUI_FontArial16_00F3  0x0800fdd4     0x10  Data  Gb  Arial16.o [1]
acGUI_FontArial16_00F4  0x0800f4ac     0x20  Data  Gb  Arial16.o [1]
acGUI_FontArial16_00F5  0x0800fde4     0x10  Data  Gb  Arial16.o [1]
acGUI_FontArial16_00F6  0x0800fdf4     0x10  Data  Gb  Arial16.o [1]
acGUI_FontArial16_00F7  0x0800fe04     0x10  Data  Gb  Arial16.o [1]
acGUI_FontArial16_00F8  0x0800f4cc     0x20  Data  Gb  Arial16.o [1]
acGUI_FontArial16_00F9  0x0800f4ec     0x20  Data  Gb  Arial16.o [1]
acGUI_FontArial16_00FA  0x0800fe14     0x10  Data  Gb  Arial16.o [1]
acGUI_FontArial16_00FB  0x0800f50c     0x20  Data  Gb  Arial16.o [1]
acGUI_FontArial16_00FC  0x0800fe24     0x10  Data  Gb  Arial16.o [1]
acGUI_FontArial16_00FD  0x0800fe34     0x10  Data  Gb  Arial16.o [1]
acGUI_FontArial16_00FE  0x0800f52c     0x20  Data  Gb  Arial16.o [1]
acGUI_FontArial16_00FF  0x0800fe44     0x10  Data  Gb  Arial16.o [1]
emWin_LCD_Init          0x080024ab     0x8c  Code  Gb  LCD.o [3]
exit                    0x0800f5d7      0x4  Code  Gb  exit.o [4]
hspi2                   0x20010758     0x58  Data  Gb  main.o [1]
hsram1                  0x20010808     0x50  Data  Gb  main.o [1]
main                    0x0800c0b9     0x5e  Code  Gb  main.o [1]
strlen                  0x080087b9           Code  Gb  strlen.o [6]
touchGetX               0x0800c5a7     0x82  Code  Gb  XPT2046.o [1]
touchGetY               0x0800c629     0x82  Code  Gb  XPT2046.o [1]
touch_en                0x200109fa      0x1  Data  Gb  XPT2046.o [1]
touch_x                 0x200109b0      0x4  Data  Gb  XPT2046.o [1]
touch_y                 0x200109ac      0x4  Data  Gb  XPT2046.o [1]
uwTick                  0x200109a4      0x4  Data  Gb  stm32f4xx_hal.o [1]


[1] = E:\WORK\DISPLAY\ILI9325\EWARM\DISPLAY\Obj
[2] = command line
[3] = STemWin532_CM4_IAR.a
[4] = dl7M_tlf.a
[5] = m7M_tls.a
[6] = rt7M_tl.a
[7] = shb_l.a

  52 092 bytes of readonly  code memory
  13 683 bytes of readonly  data memory
  68 086 bytes of readwrite data memory

Errors: none
Warnings: none
