Component: ARM Compiler 5.06 update 2 (build 183) Tool: armlink [4d35b7]

==============================================================================

Section Cross References

    stm32f4xx_it.o(i.SysTick_Handler) refers to stm32f4xx_hal.o(i.HAL_IncTick) for HAL_IncTick
    stm32f4xx_it.o(i.SysTick_Handler) refers to stm32f4xx_hal_cortex.o(i.HAL_SYSTICK_IRQHandler) for HAL_SYSTICK_IRQHandler
    stm32f4xx_it.o(i.SysTick_Handler) refers to gui_x.o(i.OS_TimeMS_Inc) for OS_TimeMS_Inc
    stm32f4xx_hal_msp.o(i.HAL_FSMC_MspDeInit) refers to stm32f4xx_hal_gpio.o(i.HAL_GPIO_DeInit) for HAL_GPIO_DeInit
    stm32f4xx_hal_msp.o(i.HAL_FSMC_MspDeInit) refers to stm32f4xx_hal_msp.o(.data) for FSMC_DeInitialized
    stm32f4xx_hal_msp.o(i.HAL_FSMC_MspInit) refers to stm32f4xx_hal_gpio.o(i.HAL_GPIO_Init) for HAL_GPIO_Init
    stm32f4xx_hal_msp.o(i.HAL_FSMC_MspInit) refers to stm32f4xx_hal_msp.o(.data) for FSMC_Initialized
    stm32f4xx_hal_msp.o(i.HAL_MspInit) refers to stm32f4xx_hal_cortex.o(i.HAL_NVIC_SetPriorityGrouping) for HAL_NVIC_SetPriorityGrouping
    stm32f4xx_hal_msp.o(i.HAL_MspInit) refers to stm32f4xx_hal_cortex.o(i.HAL_NVIC_SetPriority) for HAL_NVIC_SetPriority
    stm32f4xx_hal_msp.o(i.HAL_SPI_MspDeInit) refers to stm32f4xx_hal_gpio.o(i.HAL_GPIO_DeInit) for HAL_GPIO_DeInit
    stm32f4xx_hal_msp.o(i.HAL_SPI_MspInit) refers to stm32f4xx_hal_gpio.o(i.HAL_GPIO_Init) for HAL_GPIO_Init
    stm32f4xx_hal_msp.o(i.HAL_SRAM_MspDeInit) refers to stm32f4xx_hal_msp.o(i.HAL_FSMC_MspDeInit) for HAL_FSMC_MspDeInit
    stm32f4xx_hal_msp.o(i.HAL_SRAM_MspInit) refers to stm32f4xx_hal_msp.o(i.HAL_FSMC_MspInit) for HAL_FSMC_MspInit
    main.o(i.MX_FSMC_Init) refers to stm32f4xx_hal_sram.o(i.HAL_SRAM_Init) for HAL_SRAM_Init
    main.o(i.MX_FSMC_Init) refers to main.o(i.Error_Handler) for Error_Handler
    main.o(i.MX_FSMC_Init) refers to main.o(.bss) for hsram1
    main.o(i.MX_GPIO_Init) refers to stm32f4xx_hal_gpio.o(i.HAL_GPIO_WritePin) for HAL_GPIO_WritePin
    main.o(i.MX_GPIO_Init) refers to stm32f4xx_hal_gpio.o(i.HAL_GPIO_Init) for HAL_GPIO_Init
    main.o(i.MX_SPI2_Init) refers to stm32f4xx_hal_spi.o(i.HAL_SPI_Init) for HAL_SPI_Init
    main.o(i.MX_SPI2_Init) refers to main.o(i.Error_Handler) for Error_Handler
    main.o(i.MX_SPI2_Init) refers to main.o(.bss) for hspi2
    main.o(i.SystemClock_Config) refers to stm32f4xx_hal_rcc.o(i.HAL_RCC_OscConfig) for HAL_RCC_OscConfig
    main.o(i.SystemClock_Config) refers to main.o(i.Error_Handler) for Error_Handler
    main.o(i.SystemClock_Config) refers to stm32f4xx_hal_rcc.o(i.HAL_RCC_ClockConfig) for HAL_RCC_ClockConfig
    main.o(i.SystemClock_Config) refers to stm32f4xx_hal_rcc.o(i.HAL_RCC_GetHCLKFreq) for HAL_RCC_GetHCLKFreq
    main.o(i.SystemClock_Config) refers to stm32f4xx_hal_cortex.o(i.HAL_SYSTICK_Config) for HAL_SYSTICK_Config
    main.o(i.SystemClock_Config) refers to stm32f4xx_hal_cortex.o(i.HAL_SYSTICK_CLKSourceConfig) for HAL_SYSTICK_CLKSourceConfig
    main.o(i.SystemClock_Config) refers to stm32f4xx_hal_cortex.o(i.HAL_NVIC_SetPriority) for HAL_NVIC_SetPriority
    main.o(i.main) refers to stm32f4xx_hal.o(i.HAL_Init) for HAL_Init
    main.o(i.main) refers to main.o(i.SystemClock_Config) for SystemClock_Config
    main.o(i.main) refers to main.o(i.MX_GPIO_Init) for MX_GPIO_Init
    main.o(i.main) refers to main.o(i.MX_FSMC_Init) for MX_FSMC_Init
    main.o(i.main) refers to main.o(i.MX_SPI2_Init) for MX_SPI2_Init
    main.o(i.main) refers to xpt2046.o(i.XPT2046_Init) for XPT2046_Init
    main.o(i.main) refers to gui_core.o(i.GUI_Init) for GUI_Init
    main.o(i.main) refers to windowdlg.o(i.CreateWindow) for CreateWindow
    main.o(i.main) refers to xpt2046.o(i.GetTouchState) for GetTouchState
    main.o(i.main) refers to xpt2046.o(i.touchGetX) for touchGetX
    main.o(i.main) refers to xpt2046.o(i.touchGetY) for touchGetY
    main.o(i.main) refers to xpt2046.o(i.GUI_RETXY) for GUI_RETXY
    main.o(i.main) refers to gui_time.o(i.GUI_Delay) for GUI_Delay
    main.o(i.main) refers to xpt2046.o(.data) for touch_en
    lcd_ini.o(i.LCD_Clear) refers to lcd_ini.o(i.LCD_dat_ready) for LCD_dat_ready
    lcd_ini.o(i.LCD_ini) refers to stm32f4xx_hal_gpio.o(i.HAL_GPIO_WritePin) for HAL_GPIO_WritePin
    lcd_ini.o(i.LCD_ini) refers to stm32f4xx_hal.o(i.HAL_Delay) for HAL_Delay
    lcd_ini.o(i.LCD_ini) refers to lcd_ini.o(i.LCD_write_reg) for LCD_write_reg
    xpt2046.o(i.GUI_RETXY) refers to lcd_getex.o(i.LCD_GetXSize) for LCD_GetXSize
    xpt2046.o(i.GUI_RETXY) refers to lcd_getex.o(i.LCD_GetYSize) for LCD_GetYSize
    xpt2046.o(i.GUI_RETXY) refers to gui_touch.o(i.GUI_TOUCH_StoreStateEx) for GUI_TOUCH_StoreStateEx
    xpt2046.o(i.GUI_RETXY) refers to xpt2046.o(.data) for touch_x
    xpt2046.o(i.GUI_RETXY) refers to xpt2046.o(.bss) for TS_State
    xpt2046.o(i.GetTouchState) refers to stm32f4xx_hal_gpio.o(i.HAL_GPIO_ReadPin) for HAL_GPIO_ReadPin
[...]
    0x08005690   0x00000024   Code   RO         3905    i.LCD_UpdateColorIndices  STemWin532_CM4_Keil.lib(lcd_updatecolorindices.o)
    0x080056b4   0x00000090   Code   RO          610    i.LCD_X_Config      lcdconf_flexcolor.o
    0x08005744   0x00000024   Code   RO          611    i.LCD_X_DisplayDriver  lcdconf_flexcolor.o
    0x08005768   0x000001b4   Code   RO         3236    i.LCD__DrawBitmap_1bpp  STemWin532_CM4_Keil.lib(lcd.o)
    0x0800591c   0x0000005c   Code   RO         2532    i.LCD__GetBPP       STemWin532_CM4_Keil.lib(lcd_getex.o)
    0x08005978   0x00000032   Code   RO         2533    i.LCD__GetBPPDevice  STemWin532_CM4_Keil.lib(lcd_getex.o)
    0x080059aa   0x00000002   PAD
    0x080059ac   0x000001fc   Code   RO          435    i.LCD_ini           lcd_ini.o
    0x08005ba8   0x00000010   Code   RO          437    i.LCD_write_reg     lcd_ini.o
    0x08005bb8   0x00000018   Code   RO          612    i.LcdReadDataMultiple  lcdconf_flexcolor.o
    0x08005bd0   0x0000000c   Code   RO          613    i.LcdWriteData      lcdconf_flexcolor.o
    0x08005bdc   0x00000018   Code   RO          614    i.LcdWriteDataMultiple  lcdconf_flexcolor.o
    0x08005bf4   0x00000008   Code   RO          615    i.LcdWriteReg       lcdconf_flexcolor.o
    0x08005bfc   0x00000074   Code   RO          260    i.MX_FSMC_Init      main.o
    0x08005c70   0x00000124   Code   RO          261    i.MX_GPIO_Init      main.o
    0x08005d94   0x00000044   Code   RO          262    i.MX_SPI2_Init      main.o
    0x08005dd8   0x00000004   Code   RO            7    i.MemManage_Handler  stm32f4xx_it.o
    0x08005ddc   0x00000002   Code   RO            8    i.NMI_Handler       stm32f4xx_it.o
    0x08005dde   0x00000002   PAD
    0x08005de0   0x00000010   Code   RO         1060    i.NVIC_GetPriorityGrouping  stm32f4xx_hal_cortex.o
    0x08005df0   0x00000028   Code   RO         1061    i.NVIC_SetPriority  stm32f4xx_hal_cortex.o
    0x08005e18   0x00000010   Code   RO          544    i.OS_TimeMS_Inc     gui_x.o
    0x08005e28   0x00000002   Code   RO            9    i.PendSV_Handler    stm32f4xx_it.o
    0x08005e2a   0x00000028   Code   RO         2093    i.SPI_CheckFlag_BSY  stm32f4xx_hal_spi.o
    0x08005e52   0x000000aa   Code   RO         2109    i.SPI_WaitFlagStateUntilTimeout  stm32f4xx_hal_spi.o
    0x08005efc   0x00000002   Code   RO           10    i.SVC_Handler       stm32f4xx_it.o
    0x08005efe   0x00000010   Code   RO           11    i.SysTick_Handler   stm32f4xx_it.o
    0x08005f0e   0x00000002   PAD
    0x08005f10   0x000000c8   Code   RO          263    i.SystemClock_Config  main.o
    0x08005fd8   0x00000064   Code   RO          701    i.SystemInit        system_stm32f4xx.o
    0x0800603c   0x00000004   Code   RO           12    i.UsageFault_Handler  stm32f4xx_it.o
    0x08006040   0x00000028   Code   RO         3499    i.WIDGET_AndState   STemWin532_CM4_Keil.lib(widget.o)
    0x08006068   0x00000120   Code   RO         3502    i.WIDGET_HandleActive  STemWin532_CM4_Keil.lib(widget.o)
    0x08006188   0x00000028   Code   RO         3503    i.WIDGET_OrState    STemWin532_CM4_Keil.lib(widget.o)
    0x080061b0   0x00000022   Code   RO         3505    i.WIDGET_SetState   STemWin532_CM4_Keil.lib(widget.o)
    0x080061d2   0x00000006   Code   RO         3510    i.WIDGET__EFFECT_DrawDown  STemWin532_CM4_Keil.lib(widget.o)
    0x080061d8   0x0000003a   Code   RO         3511    i.WIDGET__EFFECT_DrawDownRect  STemWin532_CM4_Keil.lib(widget.o)
    0x08006212   0x00000002   PAD
    0x08006214   0x00000110   Code   RO         3550    i.WIDGET__FillStringInRect  STemWin532_CM4_Keil.lib(widget_fillstringinrect.o)
    0x08006324   0x0000001a   Code   RO         3516    i.WIDGET__GetInsideRect  STemWin532_CM4_Keil.lib(widget.o)
    0x0800633e   0x00000002   PAD
    0x08006340   0x00000010   Code   RO         3520    i.WIDGET__Init      STemWin532_CM4_Keil.lib(widget.o)
    0x08006350   0x0000001e   Code   RO         3521    i.WIDGET__RotateRect90  STemWin532_CM4_Keil.lib(widget.o)
    0x0800636e   0x0000010e   Code   RO         2868    i.WINDOW_Callback   STemWin532_CM4_Keil.lib(window.o)
    0x0800647c   0x0000003c   Code   RO         2870    i.WINDOW_CreateIndirect  STemWin532_CM4_Keil.lib(window.o)
    0x080064b8   0x00000058   Code   RO         2871    i.WINDOW_CreateUser  STemWin532_CM4_Keil.lib(window.o)
    0x08006510   0x00000010   Code   RO         2883    i.WM_Activate       STemWin532_CM4_Keil.lib(wm.o)
    0x08006520   0x0000007e   Code   RO         3561    i.WM_BringToBottom  STemWin532_CM4_Keil.lib(wm_bringtobottom.o)
    0x0800659e   0x00000004   Code   RO         4148    i.WM_BringToTop     STemWin532_CM4_Keil.lib(wm_bringtotop.o)
    0x080065a2   0x00000002   PAD
    0x080065a4   0x00000148   Code   RO         2885    i.WM_CreateWindowAsChild  STemWin532_CM4_Keil.lib(wm.o)
    0x080066ec   0x00000014   Code   RO         2886    i.WM_Deactivate     STemWin532_CM4_Keil.lib(wm.o)
    0x08006700   0x00000046   Code   RO         2887    i.WM_DefaultProc    STemWin532_CM4_Keil.lib(wm.o)
    0x08006746   0x00000020   Code   RO         3618    i.WM_DeleteTimer    STemWin532_CM4_Keil.lib(wm_timer.o)
    0x08006766   0x00000002   PAD
    0x08006768   0x000000e8   Code   RO         2888    i.WM_DeleteWindow   STemWin532_CM4_Keil.lib(wm.o)
    0x08006850   0x00000078   Code   RO         2889    i.WM_Exec           STemWin532_CM4_Keil.lib(wm.o)
    0x080068c8   0x00000004   Code   RO         4401    i.WM_ForEachDesc    STemWin532_CM4_Keil.lib(wm_foreachdesc.o)
    0x080068cc   0x0000000c   Code   RO         2890    i.WM_GetActiveWindow  STemWin532_CM4_Keil.lib(wm.o)
    0x080068d8   0x0000001c   Code   RO         3567    i.WM_GetClientRect  STemWin532_CM4_Keil.lib(wm_getclientrect.o)
    0x080068f4   0x00000004   Code   RO         3568    i.WM_GetClientRectEx  STemWin532_CM4_Keil.lib(wm_getclientrect.o)
    0x080068f8   0x00000016   Code   RO         3573    i.WM_GetClientWindow  STemWin532_CM4_Keil.lib(wm_getclientwindow.o)
    0x0800690e   0x00000002   PAD
    0x08006910   0x00000018   Code   RO         2997    i.WM_GetDesktopWindow  STemWin532_CM4_Keil.lib(wm_getdesktopwindow.o)
    0x08006928   0x00000014   Code   RO         4403    i.WM_GetDesktopWindowEx  STemWin532_CM4_Keil.lib(wm_getdesktopwindowex.o)
    0x0800693c   0x00000010   Code   RO         2999    i.WM_GetDialogItem  STemWin532_CM4_Keil.lib(wm_getdialogitem.o)
    0x0800694c   0x0000000e   Code   RO         3575    i.WM_GetFirstChild  STemWin532_CM4_Keil.lib(wm_getfirstchild.o)
    0x0800695a   0x00000002   PAD
    0x0800695c   0x00000014   Code   RO         3577    i.WM_GetFocussedWindow  STemWin532_CM4_Keil.lib(wm_getfocussedwindow.o)
    0x08006970   0x0000001a   Code   RO         3003    i.WM_GetId          STemWin532_CM4_Keil.lib(wm_getid.o)
    0x0800698a   0x0000000e   Code   RO         4164    i.WM_GetParent      STemWin532_CM4_Keil.lib(wm_getparent.o)
    0x08006998   0x00000016   Code   RO         4158    i.WM_GetWindowOrgX  STemWin532_CM4_Keil.lib(wm_getorg.o)
    0x080069ae   0x00000022   Code   RO         3579    i.WM_GetWindowSizeX  STemWin532_CM4_Keil.lib(wm_getwindowsize.o)
    0x080069d0   0x00000022   Code   RO         3580    i.WM_GetWindowSizeY  STemWin532_CM4_Keil.lib(wm_getwindowsize.o)
    0x080069f2   0x00000002   PAD
    0x080069f4   0x00000370   Code   RO         3629    i.WM_HandlePID      STemWin532_CM4_Keil.lib(wm_touch.o)
    0x08006d64   0x00000020   Code   RO         3589    i.WM_HasFocus       STemWin532_CM4_Keil.lib(wm_hasfocus.o)
    0x08006d84   0x000000d4   Code   RO         2892    i.WM_Init           STemWin532_CM4_Keil.lib(wm.o)
    0x08006e58   0x00000076   Code   RO         2893    i.WM_InvalidateRect  STemWin532_CM4_Keil.lib(wm.o)
    0x08006ece   0x00000006   Code   RO         2894    i.WM_InvalidateWindow  STemWin532_CM4_Keil.lib(wm.o)
    0x08006ed4   0x00000028   Code   RO         3613    i.WM_InvalidateWindowAndDescs  STemWin532_CM4_Keil.lib(wm_show.o)
    0x08006efc   0x0000005e   Code   RO         2895    i.WM_InvalidateWindowAndDescsEx  STemWin532_CM4_Keil.lib(wm.o)
    0x08006f5a   0x00000030   Code   RO         4170    i.WM_IsFocussable   STemWin532_CM4_Keil.lib(wm_isfocussable.o)
    0x08006f8a   0x00000004   Code   RO         3591    i.WM_IsWindow       STemWin532_CM4_Keil.lib(wm_iswindow.o)
    0x08006f8e   0x00000004   Code   RO         4406    i.WM_MoveWindow     STemWin532_CM4_Keil.lib(wm_move.o)
    0x08006f92   0x00000010   Code   RO         3593    i.WM_NotifyParent   STemWin532_CM4_Keil.lib(wm_notifyparent.o)
    0x08006fa2   0x00000002   PAD
    0x08006fa4   0x00000038   Code   RO         4172    i.WM_OnKey          STemWin532_CM4_Keil.lib(wm_onkey.o)
    0x08006fdc   0x00000018   Code   RO         4175    i.WM_PID__SetPrevState  STemWin532_CM4_Keil.lib(wm_pid__getprevstate.o)
    0x08006ff4   0x00000004   Code   RO         4189    i.WM_ReleaseCapture  STemWin532_CM4_Keil.lib(wm_setcapture.o)
    0x08006ff8   0x000000ec   Code   RO         4415    i.WM_ResizeWindow   STemWin532_CM4_Keil.lib(wm_resizewindow.o)
    0x080070e4   0x00000028   Code   RO         3620    i.WM_RestartTimer   STemWin532_CM4_Keil.lib(wm_timer.o)
    0x0800710c   0x0000000a   Code   RO         4179    i.WM_Screen2hWin    STemWin532_CM4_Keil.lib(wm_screen2win.o)
    0x08007116   0x00000002   PAD
    0x08007118   0x0000003c   Code   RO         2896    i.WM_SelectWindow   STemWin532_CM4_Keil.lib(wm.o)
    0x08007154   0x0000000a   Code   RO         2897    i.WM_SendMessage    STemWin532_CM4_Keil.lib(wm.o)
    0x0800715e   0x00000004   Code   RO         3595    i.WM_SendMessageNoPara  STemWin532_CM4_Keil.lib(wm_sendmessagenopara.o)
    0x08007162   0x0000001e   Code   RO         3597    i.WM_SendToParent   STemWin532_CM4_Keil.lib(wm_sendtoparent.o)
    0x08007180   0x00000014   Code   RO         2898    i.WM_SetDefault     STemWin532_CM4_Keil.lib(wm.o)
    0x08007194   0x0000009c   Code   RO         3599    i.WM_SetFocus       STemWin532_CM4_Keil.lib(wm_setfocus.o)
    0x08007230   0x00000010   Code   RO         3601    i.WM_SetFocusOnNextChild  STemWin532_CM4_Keil.lib(wm_setfocusonnextchild.o)
    0x08007240   0x00000040   Code   RO         3607    i.WM_SetFocusOnPrevChild  STemWin532_CM4_Keil.lib(wm_setfocusonprevchild.o)
    0x08007280   0x00000040   Code   RO         4419    i.WM_SetHasTrans    STemWin532_CM4_Keil.lib(wm_settrans.o)
    0x080072c0   0x0000003e   Code   RO         4197    i.WM_SetSize        STemWin532_CM4_Keil.lib(wm_setsize.o)
    0x080072fe   0x00000002   PAD
    0x08007300   0x00000018   Code   RO         3611    i.WM_SetUserClipRect  STemWin532_CM4_Keil.lib(wm_setusercliprect.o)
    0x08007318   0x00000026   Code   RO         3614    i.WM_ShowWindow     STemWin532_CM4_Keil.lib(wm_show.o)
    0x0800733e   0x00000002   PAD
    0x08007340   0x0000002c   Code   RO         4438    i.WM_ValidateWindow  STemWin532_CM4_Keil.lib(wm_validatewindow.o)
    0x0800736c   0x00000048   Code   RO         2899    i.WM__ActivateClipRect  STemWin532_CM4_Keil.lib(wm.o)
    0x080073b4   0x00000010   Code   RO         3563    i.WM__AddCriticalHandle  STemWin532_CM4_Keil.lib(wm_criticalhandle.o)
    0x080073c4   0x00000010   Code   RO         2900    i.WM__Client2Screen  STemWin532_CM4_Keil.lib(wm.o)
    0x080073d4   0x0000004e   Code   RO         2901    i.WM__ClipAtParentBorders  STemWin532_CM4_Keil.lib(wm.o)
    0x08007422   0x0000004a   Code   RO         3621    i.WM__DeleteAssocTimer  STemWin532_CM4_Keil.lib(wm_timer.o)
    0x0800746c   0x00000028   Code   RO         2903    i.WM__DetachWindow  STemWin532_CM4_Keil.lib(wm.o)
    0x08007494   0x0000002c   Code   RO         4436    i.WM__ForEachDesc   STemWin532_CM4_Keil.lib(wm__foreachdesc.o)
    0x080074c0   0x00000020   Code   RO         3569    i.WM__GetClientRectEx  STemWin532_CM4_Keil.lib(wm_getclientrect.o)
    0x080074e0   0x00000018   Code   RO         2904    i.WM__GetClientRectWin  STemWin532_CM4_Keil.lib(wm.o)
    0x080074f8   0x00000012   Code   RO         4397    i.WM__GetFirstSibling  STemWin532_CM4_Keil.lib(wm__getfirstsibling.o)
    0x0800750a   0x00000002   PAD
    0x0800750c   0x00000028   Code   RO         4134    i.WM__GetFocussedChild  STemWin532_CM4_Keil.lib(wm__getfocussedchild.o)
    0x08007534   0x00000018   Code   RO         4136    i.WM__GetLastSibling  STemWin532_CM4_Keil.lib(wm__getlastsibling.o)
    0x0800754c   0x00000040   Code   RO         2905    i.WM__GetNextIVR    STemWin532_CM4_Keil.lib(wm.o)
    0x0800758c   0x00000024   Code   RO         4138    i.WM__GetPrevSibling  STemWin532_CM4_Keil.lib(wm__getprevsibling.o)
    0x080075b0   0x00000018   Code   RO         2906    i.WM__GetTopLevelLayer  STemWin532_CM4_Keil.lib(wm.o)
    0x080075c8   0x000000f0   Code   RO         2907    i.WM__InitIVRSearch  STemWin532_CM4_Keil.lib(wm.o)
    0x080076b8   0x000000a4   Code   RO         2908    i.WM__InsertWindowIntoList  STemWin532_CM4_Keil.lib(wm.o)
    0x0800775c   0x00000006   Code   RO         2909    i.WM__Invalidate1Abs  STemWin532_CM4_Keil.lib(wm.o)
    0x08007762   0x00000002   PAD
    0x08007764   0x00000054   Code   RO         2910    i.WM__InvalidateDrawAndDescs  STemWin532_CM4_Keil.lib(wm.o)
    0x080077b8   0x0000002a   Code   RO         2911    i.WM__InvalidateParent  STemWin532_CM4_Keil.lib(wm.o)
    0x080077e2   0x00000076   Code   RO         2912    i.WM__InvalidateRect  STemWin532_CM4_Keil.lib(wm.o)
    0x08007858   0x00000006   Code   RO         2913    i.WM__InvalidateRectEx  STemWin532_CM4_Keil.lib(wm.o)
    0x0800785e   0x00000002   PAD
    0x08007860   0x00000022   Code   RO         3552    i.WM__IsAncestor    STemWin532_CM4_Keil.lib(wm__isancestor.o)
    0x08007882   0x0000000c   Code   RO         3553    i.WM__IsAncestorOrSelf  STemWin532_CM4_Keil.lib(wm__isancestor.o)
    0x0800788e   0x00000022   Code   RO         4399    i.WM__IsChild       STemWin532_CM4_Keil.lib(wm__ischild.o)
    0x080078b0   0x00000016   Code   RO         3556    i.WM__IsEnabled     STemWin532_CM4_Keil.lib(wm__isenabled.o)
    0x080078c6   0x00000002   PAD
    0x080078c8   0x00000068   Code   RO         3630    i.WM__IsInModalArea  STemWin532_CM4_Keil.lib(wm_touch.o)
    0x08007930   0x00000030   Code   RO         4181    i.WM__IsInWindow    STemWin532_CM4_Keil.lib(wm_screen2win.o)
    0x08007960   0x00000024   Code   RO         2914    i.WM__IsWindow      STemWin532_CM4_Keil.lib(wm.o)
    0x08007984   0x0000009a   Code   RO         4408    i.WM__MoveWindow    STemWin532_CM4_Keil.lib(wm_move.o)
    0x08007a1e   0x00000002   PAD
    0x08007a20   0x000000a0   Code   RO         2915    i.WM__Paint         STemWin532_CM4_Keil.lib(wm.o)
    0x08007ac0   0x0000008c   Code   RO         2916    i.WM__Paint1        STemWin532_CM4_Keil.lib(wm.o)
    0x08007b4c   0x00000078   Code   RO         2917    i.WM__PaintWinAndOverlays  STemWin532_CM4_Keil.lib(wm.o)
    0x08007bc4   0x00000020   Code   RO         2918    i.WM__RectIsNZ      STemWin532_CM4_Keil.lib(wm.o)
    0x08007be4   0x0000002c   Code   RO         4191    i.WM__ReleaseCapture  STemWin532_CM4_Keil.lib(wm_setcapture.o)
    0x08007c10   0x0000002c   Code   RO         3564    i.WM__RemoveCriticalHandle  STemWin532_CM4_Keil.lib(wm_criticalhandle.o)
    0x08007c3c   0x00000040   Code   RO         2919    i.WM__RemoveWindowFromList  STemWin532_CM4_Keil.lib(wm.o)
    0x08007c7c   0x00000014   Code   RO         4140    i.WM__Screen2Client  STemWin532_CM4_Keil.lib(wm__screen2client.o)
    0x08007c90   0x00000014   Code   RO         2920    i.WM__SelectTopLevelLayer  STemWin532_CM4_Keil.lib(wm.o)
    0x08007ca4   0x0000003c   Code   RO         3558    i.WM__SendMessage   STemWin532_CM4_Keil.lib(wm__sendmessage.o)
    0x08007ce0   0x0000001c   Code   RO         4142    i.WM__SendMessageIfEnabled  STemWin532_CM4_Keil.lib(wm__sendmessageifenabled.o)
    0x08007cfc   0x00000026   Code   RO         4144    i.WM__SendMessageNoPara  STemWin532_CM4_Keil.lib(wm__sendmessagenopara.o)
    0x08007d22   0x0000000e   Code   RO         2921    i.WM__SendMsgNoData  STemWin532_CM4_Keil.lib(wm.o)
    0x08007d30   0x0000003e   Code   RO         3631    i.WM__SendPIDMessage  STemWin532_CM4_Keil.lib(wm_touch.o)
    0x08007d6e   0x00000036   Code   RO         3632    i.WM__SendTouchMessage  STemWin532_CM4_Keil.lib(wm_touch.o)
    0x08007da4   0x000000dc   Code   RO         4146    i.WM__UpdateChildPositions  STemWin532_CM4_Keil.lib(wm__updatechildpositions.o)
    0x08007e80   0x00000058   Code   RO          489    i.XPT2046_Init      xpt2046.o
    0x08007ed8   0x00000090   Code   RO         2364    i._AddFreeMemory    STemWin532_CM4_Keil.lib(gui_alloc.o)
    0x08007f68   0x000000b8   Code   RO         2365    i._Alloc            STemWin532_CM4_Keil.lib(gui_alloc.o)
    0x08008020   0x00000070   Code   RO         4149    i._BringToTop       STemWin532_CM4_Keil.lib(wm_bringtotop.o)
    0x08008090   0x00000004   Code   RO         3200    i._CalcSizeOfChar   STemWin532_CM4_Keil.lib(gui_uc_encodenone.o)
    0x08008094   0x00000148   Code   RO         2826    i._CalcSizes        STemWin532_CM4_Keil.lib(edit.o)
    0x080081dc   0x00000046   Code   RO         2827    i._ChangeCharacter  STemWin532_CM4_Keil.lib(edit.o)
    0x08008222   0x00000002   PAD
    0x08008224   0x00000038   Code   RO         2484    i._Color2IndexBulk  STemWin532_CM4_Keil.lib(guicc_565.o)
    0x0800825c   0x0000000e   Code   RO         3893    i._Color2IndexBulk  STemWin532_CM4_Keil.lib(guicc_8888.o)
    0x0800826a   0x00000002   PAD
    0x0800826c   0x00000054   Code   RO         3884    i._Color2Index_0    STemWin532_CM4_Keil.lib(guicc_0.o)
    0x080082c0   0x0000002c   Code   RO         2485    i._Color2Index_565  STemWin532_CM4_Keil.lib(guicc_565.o)
    0x080082ec   0x00000002   Code   RO         3894    i._Color2Index_8888  STemWin532_CM4_Keil.lib(guicc_8888.o)
    0x080082ee   0x0000003e   Code   RO         4088    i._Convert16        STemWin532_CM4_Keil.lib(guidev_writetoactiveopaque.o)
    0x0800832c   0x0000003e   Code   RO         4089    i._Convert8         STemWin532_CM4_Keil.lib(guidev_writetoactiveopaque.o)
    0x0800836a   0x00000030   Code   RO         4100    i._Create           STemWin532_CM4_Keil.lib(button_skin.o)
    0x0800839a   0x000000a2   Code   RO         4277    i._CreateBuffer     STemWin532_CM4_Keil.lib(gui_sprite.o)
    0x0800843c   0x00000148   Code   RO         3446    i._CreateStaticDevice  STemWin532_CM4_Keil.lib(guidev_staticdevices.o)
    0x08008584   0x00000014   Code   RO         3130    i._DecPointer       STemWin532_CM4_Keil.lib(gui_pid.o)
    0x08008598   0x00000012   Code   RO         2922    i._DeleteAllChildren  STemWin532_CM4_Keil.lib(wm.o)
    0x080085aa   0x00000060   Code   RO         2828    i._DeleteChar       STemWin532_CM4_Keil.lib(edit.o)
    0x0800860a   0x00000002   PAD
    0x0800860c   0x00000020   Code   RO         2923    i._DesktopHandle2Index  STemWin532_CM4_Keil.lib(wm.o)
    0x0800862c   0x00000074   Code   RO         3684    i._DispLine         STemWin532_CM4_Keil.lib(gui_charline.o)
    0x080086a0   0x00000148   Code   RO         2739    i._DrawBitLine1BPP  STemWin532_CM4_Keil.lib(guidrv_flexcolor_16bpp_c0b16.o)
    0x080087e8   0x00000148   Code   RO         3397    i._DrawBitLine1BPP  STemWin532_CM4_Keil.lib(guidev_16.o)
    0x08008930   0x0000011c   Code   RO         4005    i._DrawBitLine1BPP  STemWin532_CM4_Keil.lib(guidev_32.o)
    0x08008a4c   0x00000118   Code   RO         2740    i._DrawBitLine2BPP  STemWin532_CM4_Keil.lib(guidrv_flexcolor_16bpp_c0b16.o)
    0x08008b64   0x000000e0   Code   RO         3398    i._DrawBitLine2BPP  STemWin532_CM4_Keil.lib(guidev_16.o)
    0x08008c44   0x000000e0   Code   RO         4006    i._DrawBitLine2BPP  STemWin532_CM4_Keil.lib(guidev_32.o)
    0x08008d24   0x000000a0   Code   RO         4007    i._DrawBitLine32BPP_DDB  STemWin532_CM4_Keil.lib(guidev_32.o)
    0x08008dc4   0x00000118   Code   RO         2741    i._DrawBitLine4BPP  STemWin532_CM4_Keil.lib(guidrv_flexcolor_16bpp_c0b16.o)
    0x08008edc   0x00000160   Code   RO         3399    i._DrawBitLine4BPP  STemWin532_CM4_Keil.lib(guidev_16.o)
    0x0800903c   0x00000158   Code   RO         4008    i._DrawBitLine4BPP  STemWin532_CM4_Keil.lib(guidev_32.o)
    0x08009194   0x000000d4   Code   RO         2742    i._DrawBitLine8BPP  STemWin532_CM4_Keil.lib(guidrv_flexcolor_16bpp_c0b16.o)
    0x08009268   0x00000022   Code   RO         2644    i._DrawBitmap       STemWin532_CM4_Keil.lib(guidrv_flexcolor.o)
    0x0800928a   0x00000002   PAD
    0x0800928c   0x000000f4   Code   RO         2743    i._DrawBitmap       STemWin532_CM4_Keil.lib(guidrv_flexcolor_16bpp_c0b16.o)
    0x08009380   0x000002a0   Code   RO         3400    i._DrawBitmap       STemWin532_CM4_Keil.lib(guidev_16.o)
    0x08009620   0x000002a4   Code   RO         4009    i._DrawBitmap       STemWin532_CM4_Keil.lib(guidev_32.o)
    0x080098c4   0x00000010   Code   RO         4121    i._DrawDown         STemWin532_CM4_Keil.lib(widget_effect_simple.o)
    0x080098d4   0x00000038   Code   RO         4122    i._DrawDownRect     STemWin532_CM4_Keil.lib(widget_effect_simple.o)
    0x0800990c   0x0000017e   Code   RO         4257    i._DrawGradient     STemWin532_CM4_Keil.lib(gui_drawgradient.o)
    0x08009a8a   0x0000000e   Code   RO         2645    i._DrawHLine        STemWin532_CM4_Keil.lib(guidrv_flexcolor.o)
    0x08009a98   0x0000000a   Code   RO         3401    i._DrawHLine        STemWin532_CM4_Keil.lib(guidev_16.o)
    0x08009aa2   0x0000000a   Code   RO         4010    i._DrawHLine        STemWin532_CM4_Keil.lib(guidev_32.o)
    0x08009aac   0x0000005c   Code   RO         2924    i._DrawNext         STemWin532_CM4_Keil.lib(wm.o)
    0x08009b08   0x00000172   Code   RO         4209    i._DrawTwinArc4     STemWin532_CM4_Keil.lib(gui__drawtwinarc.o)
    0x08009c7a   0x00000010   Code   RO         4123    i._DrawUp           STemWin532_CM4_Keil.lib(widget_effect_simple.o)
    0x08009c8a   0x00000002   PAD
    0x08009c8c   0x00000038   Code   RO         4124    i._DrawUpRect       STemWin532_CM4_Keil.lib(widget_effect_simple.o)
    0x08009cc4   0x00000010   Code   RO         2646    i._DrawVLine        STemWin532_CM4_Keil.lib(guidrv_flexcolor.o)
    0x08009cd4   0x000000b8   Code   RO         3402    i._DrawVLine        STemWin532_CM4_Keil.lib(guidev_16.o)
    0x08009d8c   0x000000ac   Code   RO         4011    i._DrawVLine        STemWin532_CM4_Keil.lib(guidev_32.o)
    0x08009e38   0x00000056   Code   RO         3523    i._EffectRequiresRedraw  STemWin532_CM4_Keil.lib(widget.o)
    0x08009e8e   0x00000006   Code   RO         3201    i._Encode           STemWin532_CM4_Keil.lib(gui_uc_encodenone.o)
    0x08009e94   0x00000098   Code   RO         2366    i._EnlargeBlocks    STemWin532_CM4_Keil.lib(gui_alloc.o)
    0x08009f2c   0x00000070   Code   RO         2925    i._Exec1Input       STemWin532_CM4_Keil.lib(wm.o)
    0x08009f9c   0x00000010   Code   RO         2647    i._FillRect         STemWin532_CM4_Keil.lib(guidrv_flexcolor.o)
    0x08009fac   0x000000f8   Code   RO         2744    i._FillRect         STemWin532_CM4_Keil.lib(guidrv_flexcolor_16bpp_c0b16.o)
    0x0800a0a4   0x000000ac   Code   RO         3403    i._FillRect         STemWin532_CM4_Keil.lib(guidev_16.o)
    0x0800a150   0x000000a4   Code   RO         4012    i._FillRect         STemWin532_CM4_Keil.lib(guidev_32.o)
    0x0800a1f4   0x00000148   Code   RO         2926    i._FindNext_IVR     STemWin532_CM4_Keil.lib(wm.o)
    0x0800a33c   0x0000007c   Code   RO         2927    i._Findx0           STemWin532_CM4_Keil.lib(wm.o)
    0x0800a3b8   0x00000072   Code   RO         2928    i._Findx1           STemWin532_CM4_Keil.lib(wm.o)
    0x0800a42a   0x000000a6   Code   RO         2929    i._Findy1           STemWin532_CM4_Keil.lib(wm.o)
    0x0800a4d0   0x0000007a   Code   RO         4283    i._FlushBuffer      STemWin532_CM4_Keil.lib(gui_sprite.o)
    0x0800a54a   0x00000004   Code   RO         4071    i._GUI_USAGE_BM_Delete  STemWin532_CM4_Keil.lib(guidev_usagebm.o)
    0x0800a54e   0x0000006c   Code   RO         4284    i._GetBkIndex       STemWin532_CM4_Keil.lib(gui_sprite.o)
    0x0800a5ba   0x00000080   Code   RO         4285    i._GetBkIndexAlpha  STemWin532_CM4_Keil.lib(gui_sprite.o)
    0x0800a63a   0x00000004   Code   RO         3202    i._GetCharCode      STemWin532_CM4_Keil.lib(gui_uc_encodenone.o)
    0x0800a63e   0x00000004   Code   RO         3203    i._GetCharSize      STemWin532_CM4_Keil.lib(gui_uc_encodenone.o)
    0x0800a642   0x00000002   PAD
    0x0800a644   0x0000002c   Code   RO         3021    i._GetCursorCharacter  STemWin532_CM4_Keil.lib(gui__getcursorpos.o)
    0x0800a670   0x00000042   Code   RO         3022    i._GetCursorPosChar  STemWin532_CM4_Keil.lib(gui__getcursorpos.o)
    0x0800a6b2   0x0000001c   Code   RO         3023    i._GetCursorPosX    STemWin532_CM4_Keil.lib(gui__getcursorpos.o)
    0x0800a6ce   0x0000000a   Code   RO         3583    i._GetDefaultWin    STemWin532_CM4_Keil.lib(wm_getwindowsize.o)
    0x0800a6d8   0x0000000e   Code   RO         2648    i._GetDevData       STemWin532_CM4_Keil.lib(guidrv_flexcolor.o)
    0x0800a6e6   0x00000002   PAD
    0x0800a6e8   0x00000010   Code   RO         3404    i._GetDevData       STemWin532_CM4_Keil.lib(guidev_16.o)
    0x0800a6f8   0x00000010   Code   RO         4013    i._GetDevData       STemWin532_CM4_Keil.lib(guidev_32.o)
    0x0800a708   0x00000070   Code   RO         2649    i._GetDevFunc       STemWin532_CM4_Keil.lib(guidrv_flexcolor.o)
    0x0800a778   0x00000010   Code   RO         3405    i._GetDevFunc       STemWin532_CM4_Keil.lib(guidev_16.o)
    0x0800a788   0x00000010   Code   RO         4014    i._GetDevFunc       STemWin532_CM4_Keil.lib(guidev_32.o)
    0x0800a798   0x0000004c   Code   RO         2650    i._GetDevFunc_Init  STemWin532_CM4_Keil.lib(guidrv_flexcolor.o)
    0x0800a7e4   0x00000002   Code   RO         2651    i._GetDevFunc_SetRect  STemWin532_CM4_Keil.lib(guidrv_flexcolor.o)
    0x0800a7e6   0x00000002   PAD
    0x0800a7e8   0x00000040   Code   RO         2652    i._GetDevFunc_SetRectOutside  STemWin532_CM4_Keil.lib(guidrv_flexcolor.o)
    0x0800a828   0x00000014   Code   RO         2653    i._GetDevFunc_SetSize  STemWin532_CM4_Keil.lib(guidrv_flexcolor.o)
    0x0800a83c   0x00000014   Code   RO         2654    i._GetDevFunc_SetVSize  STemWin532_CM4_Keil.lib(guidrv_flexcolor.o)
    0x0800a850   0x0000001e   Code   RO         2534    i._GetDevProp       STemWin532_CM4_Keil.lib(lcd_getex.o)
    0x0800a86e   0x00000066   Code   RO         2655    i._GetDevProp       STemWin532_CM4_Keil.lib(guidrv_flexcolor.o)
    0x0800a8d4   0x00000010   Code   RO         3406    i._GetDevProp       STemWin532_CM4_Keil.lib(guidev_16.o)
    0x0800a8e4   0x0000000c   Code   RO         4015    i._GetDevProp       STemWin532_CM4_Keil.lib(guidev_32.o)
    0x0800a8f0   0x00000040   Code   RO         4291    i._GetDeviceRect    STemWin532_CM4_Keil.lib(gui_sprite.o)
    0x0800a930   0x00000040   Code   RO         3000    i._GetDialogItem    STemWin532_CM4_Keil.lib(wm_getdialogitem.o)
    0x0800a970   0x00000052   Code   RO         3885    i._GetIndexMask_0   STemWin532_CM4_Keil.lib(guicc_0.o)
    0x0800a9c2   0x00000006   Code   RO         2486    i._GetIndexMask_565  STemWin532_CM4_Keil.lib(guicc_565.o)
    0x0800a9c8   0x00000006   Code   RO         3895    i._GetIndexMask_8888  STemWin532_CM4_Keil.lib(guicc_8888.o)
    0x0800a9ce   0x0000001e   Code   RO         2535    i._GetMaxValue      STemWin532_CM4_Keil.lib(lcd_getex.o)
    0x0800a9ec   0x0000001c   Code   RO         2367    i._GetMinIndex      STemWin532_CM4_Keil.lib(gui_alloc.o)
    0x0800aa08   0x00000022   Code   RO         3602    i._GetNextChild     STemWin532_CM4_Keil.lib(wm_setfocusonnextchild.o)
    0x0800aa2a   0x00000008   Code   RO         2656    i._GetPixelIndex    STemWin532_CM4_Keil.lib(guidrv_flexcolor.o)
    0x0800aa32   0x0000000e   Code   RO         3407    i._GetPixelIndex    STemWin532_CM4_Keil.lib(guidev_16.o)
    0x0800aa40   0x0000000e   Code   RO         4016    i._GetPixelIndex    STemWin532_CM4_Keil.lib(guidev_32.o)
    0x0800aa4e   0x0000001a   Code   RO         3608    i._GetPrevChild     STemWin532_CM4_Keil.lib(wm_setfocusonprevchild.o)
    0x0800aa68   0x00000016   Code   RO         2657    i._GetRect          STemWin532_CM4_Keil.lib(guidrv_flexcolor.o)
    0x0800aa7e   0x00000030   Code   RO         3408    i._GetRect          STemWin532_CM4_Keil.lib(guidev_16.o)
    0x0800aaae   0x00000030   Code   RO         4017    i._GetRect          STemWin532_CM4_Keil.lib(guidev_32.o)
    0x0800aade   0x00000054   Code   RO         4212    i._GetTwinArcPara   STemWin532_CM4_Keil.lib(gui__drawtwinarc.o)
    0x0800ab32   0x00000002   PAD
    0x0800ab34   0x00000010   Code   RO         3089    i._GotoX            STemWin532_CM4_Keil.lib(gui_goto.o)
    0x0800ab44   0x00000010   Code   RO         3090    i._GotoY            STemWin532_CM4_Keil.lib(gui_goto.o)
    0x0800ab54   0x0000001c   Code   RO         3110    i._IncPointer       STemWin532_CM4_Keil.lib(gui_onkey.o)
    0x0800ab70   0x00000014   Code   RO         3131    i._IncPointer       STemWin532_CM4_Keil.lib(gui_pid.o)
    0x0800ab84   0x00000006   Code   RO         3111    i._IncReadPointer   STemWin532_CM4_Keil.lib(gui_onkey.o)
    0x0800ab8a   0x00000054   Code   RO         2829    i._IncrementBuffer  STemWin532_CM4_Keil.lib(edit.o)
    0x0800abde   0x00000002   PAD
    0x0800abe0   0x00000048   Code   RO         2487    i._Index2ColorBulk  STemWin532_CM4_Keil.lib(guicc_565.o)
    0x0800ac28   0x0000000e   Code   RO         3896    i._Index2ColorBulk  STemWin532_CM4_Keil.lib(guicc_8888.o)
    0x0800ac36   0x00000020   Code   RO         3886    i._Index2Color_0    STemWin532_CM4_Keil.lib(guicc_0.o)
    0x0800ac56   0x00000002   PAD
    0x0800ac58   0x00000070   Code   RO         2424    i._InitContext      STemWin532_CM4_Keil.lib(gui_core.o)
    0x0800acc8   0x000000a8   Code   RO         2368    i._InitOnce         STemWin532_CM4_Keil.lib(gui_alloc.o)
    0x0800ad70   0x000000b6   Code   RO         2830    i._InsertChar       STemWin532_CM4_Keil.lib(edit.o)
    0x0800ae26   0x00000002   PAD
    0x0800ae28   0x00000080   Code   RO         2930    i._Invalidate1Abs   STemWin532_CM4_Keil.lib(wm.o)
    0x0800aea8   0x0000004a   Code   RO         2831    i._IsSpaceInBuffer  STemWin532_CM4_Keil.lib(edit.o)
    0x0800aef2   0x00000002   PAD
    0x0800aef4   0x00000088   Code   RO         3859    i._Link             STemWin532_CM4_Keil.lib(gui_timer.o)
    0x0800af7c   0x00000004   Code   RO         2658    i._Log2PhysX_X0Y0S0  STemWin532_CM4_Keil.lib(guidrv_flexcolor.o)
    0x0800af80   0x00000004   Code   RO         2659    i._Log2PhysX_X0Y0S1  STemWin532_CM4_Keil.lib(guidrv_flexcolor.o)
    0x0800af84   0x00000004   Code   RO         2660    i._Log2PhysX_X0Y1S0  STemWin532_CM4_Keil.lib(guidrv_flexcolor.o)
    0x0800af88   0x00000004   Code   RO         2661    i._Log2PhysX_X0Y1S1  STemWin532_CM4_Keil.lib(guidrv_flexcolor.o)
    0x0800af8c   0x00000008   Code   RO         2662    i._Log2PhysX_X1Y0S0  STemWin532_CM4_Keil.lib(guidrv_flexcolor.o)
    0x0800af94   0x00000008   Code   RO         2663    i._Log2PhysX_X1Y0S1  STemWin532_CM4_Keil.lib(guidrv_flexcolor.o)
    0x0800af9c   0x00000008   Code   RO         2664    i._Log2PhysX_X1Y1S0  STemWin532_CM4_Keil.lib(guidrv_flexcolor.o)
    0x0800afa4   0x00000008   Code   RO         2665    i._Log2PhysX_X1Y1S1  STemWin532_CM4_Keil.lib(guidrv_flexcolor.o)
    0x0800afac   0x00000004   Code   RO         2666    i._Log2PhysY_X0Y0S0  STemWin532_CM4_Keil.lib(guidrv_flexcolor.o)
    0x0800afb0   0x00000004   Code   RO         2667    i._Log2PhysY_X0Y0S1  STemWin532_CM4_Keil.lib(guidrv_flexcolor.o)
    0x0800afb4   0x00000008   Code   RO         2668    i._Log2PhysY_X0Y1S0  STemWin532_CM4_Keil.lib(guidrv_flexcolor.o)
    0x0800afbc   0x00000008   Code   RO         2669    i._Log2PhysY_X0Y1S1  STemWin532_CM4_Keil.lib(guidrv_flexcolor.o)
    0x0800afc4   0x00000004   Code   RO         2670    i._Log2PhysY_X1Y0S0  STemWin532_CM4_Keil.lib(guidrv_flexcolor.o)
    0x0800afc8   0x00000004   Code   RO         2671    i._Log2PhysY_X1Y0S1  STemWin532_CM4_Keil.lib(guidrv_flexcolor.o)
    0x0800afcc   0x00000008   Code   RO         2672    i._Log2PhysY_X1Y1S0  STemWin532_CM4_Keil.lib(guidrv_flexcolor.o)
    0x0800afd4   0x00000008   Code   RO         2673    i._Log2PhysY_X1Y1S1  STemWin532_CM4_Keil.lib(guidrv_flexcolor.o)
    0x0800afdc   0x00000002   Code   RO         3685    i._Log2VisBuffered  STemWin532_CM4_Keil.lib(gui_charline.o)
    0x0800afde   0x00000008   Code   RO         3432    i._Min              STemWin532_CM4_Keil.lib(guidev_banding.o)
    0x0800afe6   0x0000006e   Code   RO         4409    i._MoveDescendents  STemWin532_CM4_Keil.lib(wm_move.o)
    0x0800b054   0x0000002c   Code   RO         3474    i._OnButtonPressed  STemWin532_CM4_Keil.lib(button.o)
    0x0800b080   0x0000003a   Code   RO         3475    i._OnButtonReleased  STemWin532_CM4_Keil.lib(button.o)
    0x0800b0ba   0x00000002   PAD
    0x0800b0bc   0x00000034   Code   RO         2369    i._OnExit           STemWin532_CM4_Keil.lib(gui_alloc.o)
    0x0800b0f0   0x0000002c   Code   RO         2425    i._OnExit           STemWin532_CM4_Keil.lib(gui_core.o)
    0x0800b11c   0x00000034   Code   RO         2931    i._OnExit           STemWin532_CM4_Keil.lib(wm.o)
    0x0800b150   0x00000014   Code   RO         3267    i._OnExit           STemWin532_CM4_Keil.lib(lcd_color.o)
    0x0800b164   0x00000028   Code   RO         3664    i._OnExit           STemWin532_CM4_Keil.lib(gui__alpha.o)
    0x0800b18c   0x00000040   Code   RO         3477    i._OnTouchDefault   STemWin532_CM4_Keil.lib(button.o)
    0x0800b1cc   0x00000148   Code   RO         2832    i._Paint            STemWin532_CM4_Keil.lib(edit.o)
    0x0800b314   0x0000007e   Code   RO         4101    i._Paint            STemWin532_CM4_Keil.lib(button_skin.o)
    0x0800b392   0x00000002   PAD
    0x0800b394   0x00000024   Code   RO         2932    i._Paint1           STemWin532_CM4_Keil.lib(wm.o)
    0x0800b3b8   0x0000008c   Code   RO         2933    i._Paint1Trans      STemWin532_CM4_Keil.lib(wm.o)
    0x0800b444   0x0000009a   Code   RO         2934    i._PaintTransChildren  STemWin532_CM4_Keil.lib(wm.o)
    0x0800b4de   0x00000002   PAD
    0x0800b4e0   0x00000040   Code   RO         2370    i._PopFreeBlock     STemWin532_CM4_Keil.lib(gui_alloc.o)
    0x0800b520   0x00000028   Code   RO         2371    i._PushFreeBlock    STemWin532_CM4_Keil.lib(gui_alloc.o)
    0x0800b548   0x00000006   Code   RO         2745    i._ReadData         STemWin532_CM4_Keil.lib(guidrv_flexcolor_16bpp_c0b16.o)
    0x0800b54e   0x0000000c   Code   RO         2674    i._ReadPixelCust_16bpp  STemWin532_CM4_Keil.lib(guidrv_flexcolor.o)
    0x0800b55a   0x0000000c   Code   RO         2675    i._ReadPixelCust_18bpp  STemWin532_CM4_Keil.lib(guidrv_flexcolor.o)
    0x0800b566   0x00000018   Code   RO         2757    i._ReadPixel_16bpp_B16  STemWin532_CM4_Keil.lib(guidrv_flexcolor_func66708.o)
    0x0800b57e   0x0000001c   Code   RO         2758    i._ReadPixel_16bpp_B8  STemWin532_CM4_Keil.lib(guidrv_flexcolor_func66708.o)
    0x0800b59a   0x00000030   Code   RO         2676    i._ReadRectCust_16bpp  STemWin532_CM4_Keil.lib(guidrv_flexcolor.o)
    0x0800b5ca   0x00000030   Code   RO         2677    i._ReadRectCust_18bpp  STemWin532_CM4_Keil.lib(guidrv_flexcolor.o)
    0x0800b5fa   0x0000001c   Code   RO         4296    i._ReleaseBuffer    STemWin532_CM4_Keil.lib(gui_sprite.o)
    0x0800b616   0x00000002   PAD
    0x0800b618   0x00000034   Code   RO         2372    i._RemoveFreeBlock  STemWin532_CM4_Keil.lib(gui_alloc.o)
    0x0800b64c   0x0000005c   Code   RO         3861    i._RemoveFromLinList  STemWin532_CM4_Keil.lib(gui_timer.o)
    0x0800b6a8   0x000000a0   Code   RO         2373    i._RemoveHoles      STemWin532_CM4_Keil.lib(gui_alloc.o)
    0x0800b748   0x0000005a   Code   RO         4182    i._Screen2hWin      STemWin532_CM4_Keil.lib(wm_screen2win.o)
    0x0800b7a2   0x00000002   PAD
    0x0800b7a4   0x00000024   Code   RO         4183    i._Screen2hWinStop  STemWin532_CM4_Keil.lib(wm_screen2win.o)
    0x0800b7c8   0x00000020   Code   RO         3237    i._SetBkColor       STemWin532_CM4_Keil.lib(lcd.o)
    0x0800b7e8   0x0000004a   Code   RO         4299    i._SetBkIndexBuffered  STemWin532_CM4_Keil.lib(gui_sprite.o)
    0x0800b832   0x00000002   PAD
    0x0800b834   0x0000004c   Code   RO         2935    i._SetClipRectUserIntersect  STemWin532_CM4_Keil.lib(wm.o)
    0x0800b880   0x00000020   Code   RO         3238    i._SetColor         STemWin532_CM4_Keil.lib(lcd.o)
    0x0800b8a0   0x00000080   Code   RO         2678    i._SetDevFunc       STemWin532_CM4_Keil.lib(guidrv_flexcolor.o)
    0x0800b920   0x0000002c   Code   RO         3239    i._SetDrawMode      STemWin532_CM4_Keil.lib(lcd.o)
    0x0800b94c   0x00000060   Code   RO         3603    i._SetFocusOnNextChild  STemWin532_CM4_Keil.lib(wm_setfocusonnextchild.o)
    0x0800b9ac   0x00000030   Code   RO         2759    i._SetInterface     STemWin532_CM4_Keil.lib(guidrv_flexcolor_func66708.o)
    0x0800b9dc   0x00000012   Code   RO         2679    i._SetOrg           STemWin532_CM4_Keil.lib(guidrv_flexcolor.o)
    0x0800b9ee   0x0000000e   Code   RO         3409    i._SetOrg           STemWin532_CM4_Keil.lib(guidev_16.o)
    0x0800b9fc   0x00000008   Code   RO         4018    i._SetOrg           STemWin532_CM4_Keil.lib(guidev_32.o)
    0x0800ba04   0x00000038   Code   RO         2760    i._SetOrientation   STemWin532_CM4_Keil.lib(guidrv_flexcolor_func66708.o)
    0x0800ba3c   0x000000b6   Code   RO         2761    i._SetPhysRAMAddr   STemWin532_CM4_Keil.lib(guidrv_flexcolor_func66708.o)
    0x0800baf2   0x0000000e   Code   RO         2680    i._SetPixelIndex    STemWin532_CM4_Keil.lib(guidrv_flexcolor.o)
    0x0800bb00   0x00000048   Code   RO         3410    i._SetPixelIndex    STemWin532_CM4_Keil.lib(guidev_16.o)
    0x0800bb48   0x00000048   Code   RO         4019    i._SetPixelIndex    STemWin532_CM4_Keil.lib(guidev_32.o)
    0x0800bb90   0x0000045c   Code   RO         4302    i._SetPosition      STemWin532_CM4_Keil.lib(gui_sprite.o)
    0x0800bfec   0x000001b2   Code   RO         2762    i._SetRect          STemWin532_CM4_Keil.lib(guidrv_flexcolor_func66708.o)
    0x0800c19e   0x00000008   Code   RO         2763    i._SetReg_B16       STemWin532_CM4_Keil.lib(guidrv_flexcolor_func66708.o)
    0x0800c1a6   0x0000001a   Code   RO         2764    i._SetReg_B8        STemWin532_CM4_Keil.lib(guidrv_flexcolor_func66708.o)
    0x0800c1c0   0x00000068   Code   RO         3132    i._StoreState       STemWin532_CM4_Keil.lib(gui_pid.o)
    0x0800c228   0x000000ea   Code   RO         2374    i._TestRAM          STemWin532_CM4_Keil.lib(gui_alloc.o)
    0x0800c312   0x00000002   PAD
    0x0800c314   0x00000050   Code   RO         3862    i._Unlink           STemWin532_CM4_Keil.lib(gui_timer.o)
    0x0800c364   0x0000000a   Code   RO         2746    i._WriteData        STemWin532_CM4_Keil.lib(guidrv_flexcolor_16bpp_c0b16.o)
    0x0800c36e   0x00000008   Code   RO         2765    i._WritePara_B16    STemWin532_CM4_Keil.lib(guidrv_flexcolor_func66708.o)
    0x0800c376   0x0000001a   Code   RO         2766    i._WritePara_B8     STemWin532_CM4_Keil.lib(guidrv_flexcolor_func66708.o)
    0x0800c390   0x0000000e   Code   RO         2375    i._WriteTagData     STemWin532_CM4_Keil.lib(gui_alloc.o)
    0x0800c39e   0x00000002   PAD
    0x0800c3a0   0x00000340   Code   RO         4090    i._WriteToActiveOpaque_8  STemWin532_CM4_Keil.lib(guidev_writetoactiveopaque.o)
    0x0800c6e0   0x00000344   Code   RO         4091    i._WriteToActiveOpaque_HT  STemWin532_CM4_Keil.lib(guidev_writetoactiveopaque.o)
    0x0800ca24   0x0000003c   Code   RO         3411    i._XY2PTR           STemWin532_CM4_Keil.lib(guidev_16.o)
    0x0800ca60   0x0000003c   Code   RO         4020    i._XY2PTR           STemWin532_CM4_Keil.lib(guidev_32.o)
    0x0800ca9c   0x00000024   Code   RO         2681    i._XorPixel         STemWin532_CM4_Keil.lib(guidrv_flexcolor.o)
    0x0800cac0   0x00000054   Code   RO         3412    i._XorPixel         STemWin532_CM4_Keil.lib(guidev_16.o)
    0x0800cb14   0x00000058   Code   RO         4021    i._XorPixel         STemWin532_CM4_Keil.lib(guidev_32.o)
    0x0800cb6c   0x0000000e   Code   RO         4481    i.__scatterload_copy  mc_w.l(handlers.o)
    0x0800cb7a   0x00000002   Code   RO         4482    i.__scatterload_null  mc_w.l(handlers.o)
    0x0800cb7c   0x0000000e   Code   RO         4483    i.__scatterload_zeroinit  mc_w.l(handlers.o)
    0x0800cb8a   0x00000002   PAD
    0x0800cb8c   0x00000050   Code   RO         2936    i._cbBackWin        STemWin532_CM4_Keil.lib(wm.o)
    0x0800cbdc   0x000000a8   Code   RO          668    i._cbDialog         windowdlg.o
    0x0800cc84   0x00000004   Code   RO         4150    i._cbInvalidateOne  STemWin532_CM4_Keil.lib(wm_bringtotop.o)
    0x0800cc88   0x00000044   Code   RO         2937    i._cbPaintMemDev    STemWin532_CM4_Keil.lib(wm.o)
    0x0800cccc   0x0000008a   Code   RO         3240    i.emWin_LCD_Init    STemWin532_CM4_Keil.lib(lcd.o)
    0x0800cd56   0x00000002   PAD
    0x0800cd58   0x0000006c   Code   RO          264    i.main              main.o
    0x0800cdc4   0x00000088   Code   RO          490    i.touchGetX         xpt2046.o
    0x0800ce4c   0x0000008c   Code   RO          491    i.touchGetY         xpt2046.o
    0x0800ced8   0x00000070   Data   RO          669    .constdata          windowdlg.o
    0x0800cf48   0x00000010   Data   RO          769    .constdata          stm32f4xx_hal_rcc.o
    0x0800cf58   0x00000008   Data   RO         2427    .constdata          STemWin532_CM4_Keil.lib(gui_core.o)
    0x0800cf60   0x00000018   Data   RO         2488    .constdata          STemWin532_CM4_Keil.lib(guicc_565.o)
    0x0800cf78   0x00000034   Data   RO         2682    .constdata          STemWin532_CM4_Keil.lib(guidrv_flexcolor.o)
    0x0800cfac   0x00000040   Data   RO         2683    .constdata          STemWin532_CM4_Keil.lib(guidrv_flexcolor.o)
    0x0800cfec   0x00000518   Data   RO         2778    .constdata          STemWin532_CM4_Keil.lib(f6x8.o)
    0x0800d504   0x000001c0   Data   RO         2779    .constdata          STemWin532_CM4_Keil.lib(f6x8.o)
    0x0800d6c4   0x00000008   Data   RO         2780    .constdata          STemWin532_CM4_Keil.lib(f6x8.o)
    0x0800d6cc   0x00000014   Data   RO         2781    .constdata          STemWin532_CM4_Keil.lib(f6x8.o)
    0x0800d6e0   0x00000024   Data   RO         2782    .constdata          STemWin532_CM4_Keil.lib(f6x8.o)
    0x0800d704   0x00000020   Data   RO         3014    .constdata          STemWin532_CM4_Keil.lib(gui__divtbl_31_255.o)
    0x0800d724   0x00000040   Data   RO         3015    .constdata          STemWin532_CM4_Keil.lib(gui__divtbl_63_255.o)
    0x0800d764   0x00000100   Data   RO         3016    .constdata          STemWin532_CM4_Keil.lib(gui__divtbl_255_31.o)
    0x0800d864   0x00000100   Data   RO         3017    .constdata          STemWin532_CM4_Keil.lib(gui__divtbl_255_63.o)
    0x0800d964   0x00000010   Data   RO         3204    .constdata          STemWin532_CM4_Keil.lib(gui_uc_encodenone.o)
    0x0800d974   0x0000000c   Data   RO         3241    .constdata          STemWin532_CM4_Keil.lib(lcd.o)
    0x0800d980   0x0000000d   Data   RO         3278    .constdata          STemWin532_CM4_Keil.lib(f13_1.o)
    0x0800d98d   0x0000000d   Data   RO         3279    .constdata          STemWin532_CM4_Keil.lib(f13_1.o)
    0x0800d99a   0x0000000d   Data   RO         3280    .constdata          STemWin532_CM4_Keil.lib(f13_1.o)
    0x0800d9a7   0x0000000d   Data   RO         3281    .constdata          STemWin532_CM4_Keil.lib(f13_1.o)
    0x0800d9b4   0x0000000d   Data   RO         3282    .constdata          STemWin532_CM4_Keil.lib(f13_1.o)
    0x0800d9c1   0x0000000d   Data   RO         3283    .constdata          STemWin532_CM4_Keil.lib(f13_1.o)
    0x0800d9ce   0x0000000d   Data   RO         3284    .constdata          STemWin532_CM4_Keil.lib(f13_1.o)
    0x0800d9db   0x0000000d   Data   RO         3285    .constdata          STemWin532_CM4_Keil.lib(f13_1.o)
    0x0800d9e8   0x0000000d   Data   RO         3286    .constdata          STemWin532_CM4_Keil.lib(f13_1.o)
    0x0800d9f5   0x0000001a   Data   RO         3287    .constdata          STemWin532_CM4_Keil.lib(f13_1.o)
    0x0800da0f   0x0000000d   Data   RO         3288    .constdata          STemWin532_CM4_Keil.lib(f13_1.o)
    0x0800da1c   0x0000000d   Data   RO         3289    .constdata          STemWin532_CM4_Keil.lib(f13_1.o)
    0x0800da29   0x0000000d   Data   RO         3290    .constdata          STemWin532_CM4_Keil.lib(f13_1.o)
    0x0800da36   0x0000000d   Data   RO         3291    .constdata          STemWin532_CM4_Keil.lib(f13_1.o)
    0x0800da43   0x0000001a   Data   RO         3292    .constdata          STemWin532_CM4_Keil.lib(f13_1.o)
    0x0800da5d   0x0000000d   Data   RO         3293    .constdata          STemWin532_CM4_Keil.lib(f13_1.o)
    0x0800da6a   0x0000000d   Data   RO         3294    .constdata          STemWin532_CM4_Keil.lib(f13_1.o)
    0x0800da77   0x0000000d   Data   RO         3295    .constdata          STemWin532_CM4_Keil.lib(f13_1.o)
    0x0800da84   0x0000000d   Data   RO         3296    .constdata          STemWin532_CM4_Keil.lib(f13_1.o)
    0x0800da91   0x0000000d   Data   RO         3297    .constdata          STemWin532_CM4_Keil.lib(f13_1.o)
    0x0800da9e   0x0000000d   Data   RO         3298    .constdata          STemWin532_CM4_Keil.lib(f13_1.o)
    0x0800daab   0x0000000d   Data   RO         3299    .constdata          STemWin532_CM4_Keil.lib(f13_1.o)
    0x0800dab8   0x0000000d   Data   RO         3300    .constdata          STemWin532_CM4_Keil.lib(f13_1.o)
    0x0800dac5   0x0000000d   Data   RO         3301    .constdata          STemWin532_CM4_Keil.lib(f13_1.o)
    0x0800dad2   0x0000000d   Data   RO         3302    .constdata          STemWin532_CM4_Keil.lib(f13_1.o)
    0x0800dadf   0x0000000d   Data   RO         3303    .constdata          STemWin532_CM4_Keil.lib(f13_1.o)
    0x0800daec   0x0000000d   Data   RO         3304    .constdata          STemWin532_CM4_Keil.lib(f13_1.o)
    0x0800daf9   0x0000000d   Data   RO         3305    .constdata          STemWin532_CM4_Keil.lib(f13_1.o)
    0x0800db06   0x0000001a   Data   RO         3306    .constdata          STemWin532_CM4_Keil.lib(f13_1.o)
    0x0800db20   0x0000001a   Data   RO         3307    .constdata          STemWin532_CM4_Keil.lib(f13_1.o)
    0x0800db3a   0x0000001a   Data   RO         3308    .constdata          STemWin532_CM4_Keil.lib(f13_1.o)
    0x0800db54   0x0000000d   Data   RO         3309    .constdata          STemWin532_CM4_Keil.lib(f13_1.o)
    0x0800db61   0x0000000d   Data   RO         3310    .constdata          STemWin532_CM4_Keil.lib(f13_1.o)
    0x0800db6e   0x0000000d   Data   RO         3311    .constdata          STemWin532_CM4_Keil.lib(f13_1.o)
    0x0800db7b   0x0000000d   Data   RO         3312    .constdata          STemWin532_CM4_Keil.lib(f13_1.o)
    0x0800db88   0x0000000d   Data   RO         3313    .constdata          STemWin532_CM4_Keil.lib(f13_1.o)
    0x0800db95   0x0000000d   Data   RO         3314    .constdata          STemWin532_CM4_Keil.lib(f13_1.o)
    0x0800dba2   0x0000000d   Data   RO         3315    .constdata          STemWin532_CM4_Keil.lib(f13_1.o)
    0x0800dbaf   0x0000001a   Data   RO         3316    .constdata          STemWin532_CM4_Keil.lib(f13_1.o)
    0x0800dbc9   0x0000000d   Data   RO         3317    .constdata          STemWin532_CM4_Keil.lib(f13_1.o)
    0x0800dbd6   0x0000000d   Data   RO         3318    .constdata          STemWin532_CM4_Keil.lib(f13_1.o)
    0x0800dbe3   0x0000000d   Data   RO         3319    .constdata          STemWin532_CM4_Keil.lib(f13_1.o)
    0x0800dbf0   0x0000000d   Data   RO         3320    .constdata          STemWin532_CM4_Keil.lib(f13_1.o)
    0x0800dbfd   0x0000000d   Data   RO         3321    .constdata          STemWin532_CM4_Keil.lib(f13_1.o)
    0x0800dc0a   0x0000000d   Data   RO         3322    .constdata          STemWin532_CM4_Keil.lib(f13_1.o)
    0x0800dc17   0x0000000d   Data   RO         3323    .constdata          STemWin532_CM4_Keil.lib(f13_1.o)
    0x0800dc24   0x0000000d   Data   RO         3324    .constdata          STemWin532_CM4_Keil.lib(f13_1.o)
    0x0800dc31   0x0000000d   Data   RO         3325    .constdata          STemWin532_CM4_Keil.lib(f13_1.o)
    0x0800dc3e   0x0000000d   Data   RO         3326    .constdata          STemWin532_CM4_Keil.lib(f13_1.o)
    0x0800dc4b   0x0000000d   Data   RO         3327    .constdata          STemWin532_CM4_Keil.lib(f13_1.o)
    0x0800dc58   0x0000000d   Data   RO         3328    .constdata          STemWin532_CM4_Keil.lib(f13_1.o)
    0x0800dc65   0x0000000d   Data   RO         3329    .constdata          STemWin532_CM4_Keil.lib(f13_1.o)
    0x0800dc72   0x0000000d   Data   RO         3330    .constdata          STemWin532_CM4_Keil.lib(f13_1.o)
    0x0800dc7f   0x0000000d   Data   RO         3331    .constdata          STemWin532_CM4_Keil.lib(f13_1.o)
    0x0800dc8c   0x0000000d   Data   RO         3332    .constdata          STemWin532_CM4_Keil.lib(f13_1.o)
    0x0800dc99   0x0000000d   Data   RO         3333    .constdata          STemWin532_CM4_Keil.lib(f13_1.o)
    0x0800dca6   0x0000000d   Data   RO         3334    .constdata          STemWin532_CM4_Keil.lib(f13_1.o)
    0x0800dcb3   0x0000000d   Data   RO         3335    .constdata          STemWin532_CM4_Keil.lib(f13_1.o)
    0x0800dcc0   0x0000000d   Data   RO         3336    .constdata          STemWin532_CM4_Keil.lib(f13_1.o)
    0x0800dccd   0x0000000d   Data   RO         3337    .constdata          STemWin532_CM4_Keil.lib(f13_1.o)
    0x0800dcda   0x0000000d   Data   RO         3338    .constdata          STemWin532_CM4_Keil.lib(f13_1.o)
    0x0800dce7   0x0000000d   Data   RO         3339    .constdata          STemWin532_CM4_Keil.lib(f13_1.o)
    0x0800dcf4   0x0000000d   Data   RO         3340    .constdata          STemWin532_CM4_Keil.lib(f13_1.o)
    0x0800dd01   0x0000000d   Data   RO         3341    .constdata          STemWin532_CM4_Keil.lib(f13_1.o)
    0x0800dd0e   0x0000000d   Data   RO         3342    .constdata          STemWin532_CM4_Keil.lib(f13_1.o)
    0x0800dd1b   0x0000000d   Data   RO         3343    .constdata          STemWin532_CM4_Keil.lib(f13_1.o)
    0x0800dd28   0x0000000d   Data   RO         3344    .constdata          STemWin532_CM4_Keil.lib(f13_1.o)
    0x0800dd35   0x0000000d   Data   RO         3345    .constdata          STemWin532_CM4_Keil.lib(f13_1.o)
    0x0800dd42   0x0000000d   Data   RO         3346    .constdata          STemWin532_CM4_Keil.lib(f13_1.o)
    0x0800dd4f   0x0000000d   Data   RO         3347    .constdata          STemWin532_CM4_Keil.lib(f13_1.o)
    0x0800dd5c   0x0000001a   Data   RO         3348    .constdata          STemWin532_CM4_Keil.lib(f13_1.o)
    0x0800dd76   0x0000000d   Data   RO         3349    .constdata          STemWin532_CM4_Keil.lib(f13_1.o)
    0x0800dd83   0x0000000d   Data   RO         3350    .constdata          STemWin532_CM4_Keil.lib(f13_1.o)
    0x0800dd90   0x0000000d   Data   RO         3351    .constdata          STemWin532_CM4_Keil.lib(f13_1.o)
    0x0800dd9d   0x0000000d   Data   RO         3352    .constdata          STemWin532_CM4_Keil.lib(f13_1.o)
    0x0800ddaa   0x0000000d   Data   RO         3353    .constdata          STemWin532_CM4_Keil.lib(f13_1.o)
    0x0800ddb7   0x0000000d   Data   RO         3354    .constdata          STemWin532_CM4_Keil.lib(f13_1.o)
    0x0800ddc4   0x0000000d   Data   RO         3355    .constdata          STemWin532_CM4_Keil.lib(f13_1.o)
    0x0800ddd1   0x0000000d   Data   RO         3356    .constdata          STemWin532_CM4_Keil.lib(f13_1.o)
    0x0800ddde   0x0000000d   Data   RO         3357    .constdata          STemWin532_CM4_Keil.lib(f13_1.o)
    0x0800ddeb   0x0000000d   Data   RO         3358    .constdata          STemWin532_CM4_Keil.lib(f13_1.o)
    0x0800ddf8   0x0000000d   Data   RO         3359    .constdata          STemWin532_CM4_Keil.lib(f13_1.o)
    0x0800de05   0x0000000d   Data   RO         3360    .constdata          STemWin532_CM4_Keil.lib(f13_1.o)
    0x0800de12   0x0000000d   Data   RO         3361    .constdata          STemWin532_CM4_Keil.lib(f13_1.o)
    0x0800de1f   0x0000000d   Data   RO         3362    .constdata          STemWin532_CM4_Keil.lib(f13_1.o)
    0x0800de2c   0x0000000d   Data   RO         3363    .constdata          STemWin532_CM4_Keil.lib(f13_1.o)
    0x0800de39   0x0000000d   Data   RO         3364    .constdata          STemWin532_CM4_Keil.lib(f13_1.o)
    0x0800de46   0x0000000d   Data   RO         3365    .constdata          STemWin532_CM4_Keil.lib(f13_1.o)
    0x0800de53   0x0000000d   Data   RO         3366    .constdata          STemWin532_CM4_Keil.lib(f13_1.o)
    0x0800de60   0x0000000d   Data   RO         3367    .constdata          STemWin532_CM4_Keil.lib(f13_1.o)
    0x0800de6d   0x0000000d   Data   RO         3368    .constdata          STemWin532_CM4_Keil.lib(f13_1.o)
    0x0800de7a   0x0000000d   Data   RO         3369    .constdata          STemWin532_CM4_Keil.lib(f13_1.o)
    0x0800de87   0x0000000d   Data   RO         3370    .constdata          STemWin532_CM4_Keil.lib(f13_1.o)
    0x0800de94   0x0000000d   Data   RO         3371    .constdata          STemWin532_CM4_Keil.lib(f13_1.o)
    0x0800dea1   0x0000000d   Data   RO         3372    .constdata          STemWin532_CM4_Keil.lib(f13_1.o)
    0x0800deae   0x0000000d   Data   RO         3373    .constdata          STemWin532_CM4_Keil.lib(f13_1.o)
    0x0800debb   0x00000001   PAD
    0x0800debc   0x00000300   Data   RO         3374    .constdata          STemWin532_CM4_Keil.lib(f13_1.o)
    0x0800e1bc   0x0000000c   Data   RO         3375    .constdata          STemWin532_CM4_Keil.lib(f13_1.o)
    0x0800e1c8   0x00000024   Data   RO         3376    .constdata          STemWin532_CM4_Keil.lib(f13_1.o)
    0x0800e1ec   0x00000074   Data   RO         3413    .constdata          STemWin532_CM4_Keil.lib(guidev_16.o)
    0x0800e260   0x00000018   Data   RO         3887    .constdata          STemWin532_CM4_Keil.lib(guicc_0.o)
    0x0800e278   0x00000018   Data   RO         3897    .constdata          STemWin532_CM4_Keil.lib(guicc_8888.o)
    0x0800e290   0x00000100   Data   RO         3904    .constdata          STemWin532_CM4_Keil.lib(lcd_mirror.o)
    0x0800e390   0x0000000d   Data   RO         3907    .constdata          STemWin532_CM4_Keil.lib(f13_ascii.o)
    0x0800e39d   0x0000000d   Data   RO         3908    .constdata          STemWin532_CM4_Keil.lib(f13_ascii.o)
    0x0800e3aa   0x0000000d   Data   RO         3909    .constdata          STemWin532_CM4_Keil.lib(f13_ascii.o)
    0x0800e3b7   0x0000000d   Data   RO         3910    .constdata          STemWin532_CM4_Keil.lib(f13_ascii.o)
    0x0800e3c4   0x0000000d   Data   RO         3911    .constdata          STemWin532_CM4_Keil.lib(f13_ascii.o)
    0x0800e3d1   0x0000001a   Data   RO         3912    .constdata          STemWin532_CM4_Keil.lib(f13_ascii.o)
    0x0800e3eb   0x0000000d   Data   RO         3913    .constdata          STemWin532_CM4_Keil.lib(f13_ascii.o)
    0x0800e3f8   0x0000000d   Data   RO         3914    .constdata          STemWin532_CM4_Keil.lib(f13_ascii.o)
    0x0800e405   0x0000000d   Data   RO         3915    .constdata          STemWin532_CM4_Keil.lib(f13_ascii.o)
    0x0800e412   0x0000000d   Data   RO         3916    .constdata          STemWin532_CM4_Keil.lib(f13_ascii.o)
    0x0800e41f   0x0000000d   Data   RO         3917    .constdata          STemWin532_CM4_Keil.lib(f13_ascii.o)
    0x0800e42c   0x0000000d   Data   RO         3918    .constdata          STemWin532_CM4_Keil.lib(f13_ascii.o)
    0x0800e439   0x0000000d   Data   RO         3919    .constdata          STemWin532_CM4_Keil.lib(f13_ascii.o)
    0x0800e446   0x0000000d   Data   RO         3920    .constdata          STemWin532_CM4_Keil.lib(f13_ascii.o)
    0x0800e453   0x0000000d   Data   RO         3921    .constdata          STemWin532_CM4_Keil.lib(f13_ascii.o)
    0x0800e460   0x0000000d   Data   RO         3922    .constdata          STemWin532_CM4_Keil.lib(f13_ascii.o)
    0x0800e46d   0x0000000d   Data   RO         3923    .constdata          STemWin532_CM4_Keil.lib(f13_ascii.o)
    0x0800e47a   0x0000000d   Data   RO         3924    .constdata          STemWin532_CM4_Keil.lib(f13_ascii.o)
    0x0800e487   0x0000000d   Data   RO         3925    .constdata          STemWin532_CM4_Keil.lib(f13_ascii.o)
    0x0800e494   0x0000000d   Data   RO         3926    .constdata          STemWin532_CM4_Keil.lib(f13_ascii.o)
    0x0800e4a1   0x0000000d   Data   RO         3927    .constdata          STemWin532_CM4_Keil.lib(f13_ascii.o)
    0x0800e4ae   0x0000000d   Data   RO         3928    .constdata          STemWin532_CM4_Keil.lib(f13_ascii.o)
    0x0800e4bb   0x0000000d   Data   RO         3929    .constdata          STemWin532_CM4_Keil.lib(f13_ascii.o)
    0x0800e4c8   0x0000000d   Data   RO         3930    .constdata          STemWin532_CM4_Keil.lib(f13_ascii.o)
    0x0800e4d5   0x0000000d   Data   RO         3931    .constdata          STemWin532_CM4_Keil.lib(f13_ascii.o)
    0x0800e4e2   0x0000000d   Data   RO         3932    .constdata          STemWin532_CM4_Keil.lib(f13_ascii.o)
    0x0800e4ef   0x0000000d   Data   RO         3933    .constdata          STemWin532_CM4_Keil.lib(f13_ascii.o)
    0x0800e4fc   0x0000000d   Data   RO         3934    .constdata          STemWin532_CM4_Keil.lib(f13_ascii.o)
    0x0800e509   0x0000000d   Data   RO         3935    .constdata          STemWin532_CM4_Keil.lib(f13_ascii.o)
    0x0800e516   0x0000000d   Data   RO         3936    .constdata          STemWin532_CM4_Keil.lib(f13_ascii.o)
    0x0800e523   0x0000000d   Data   RO         3937    .constdata          STemWin532_CM4_Keil.lib(f13_ascii.o)
    0x0800e530   0x0000000d   Data   RO         3938    .constdata          STemWin532_CM4_Keil.lib(f13_ascii.o)
    0x0800e53d   0x0000001a   Data   RO         3939    .constdata          STemWin532_CM4_Keil.lib(f13_ascii.o)
    0x0800e557   0x0000000d   Data   RO         3940    .constdata          STemWin532_CM4_Keil.lib(f13_ascii.o)
    0x0800e564   0x0000000d   Data   RO         3941    .constdata          STemWin532_CM4_Keil.lib(f13_ascii.o)
    0x0800e571   0x0000000d   Data   RO         3942    .constdata          STemWin532_CM4_Keil.lib(f13_ascii.o)
    0x0800e57e   0x0000000d   Data   RO         3943    .constdata          STemWin532_CM4_Keil.lib(f13_ascii.o)
    0x0800e58b   0x0000000d   Data   RO         3944    .constdata          STemWin532_CM4_Keil.lib(f13_ascii.o)
    0x0800e598   0x0000000d   Data   RO         3945    .constdata          STemWin532_CM4_Keil.lib(f13_ascii.o)
    0x0800e5a5   0x0000000d   Data   RO         3946    .constdata          STemWin532_CM4_Keil.lib(f13_ascii.o)
    0x0800e5b2   0x0000000d   Data   RO         3947    .constdata          STemWin532_CM4_Keil.lib(f13_ascii.o)
    0x0800e5bf   0x0000000d   Data   RO         3948    .constdata          STemWin532_CM4_Keil.lib(f13_ascii.o)
    0x0800e5cc   0x0000000d   Data   RO         3949    .constdata          STemWin532_CM4_Keil.lib(f13_ascii.o)
    0x0800e5d9   0x0000000d   Data   RO         3950    .constdata          STemWin532_CM4_Keil.lib(f13_ascii.o)
    0x0800e5e6   0x0000000d   Data   RO         3951    .constdata          STemWin532_CM4_Keil.lib(f13_ascii.o)
    0x0800e5f3   0x0000000d   Data   RO         3952    .constdata          STemWin532_CM4_Keil.lib(f13_ascii.o)
    0x0800e600   0x0000000d   Data   RO         3953    .constdata          STemWin532_CM4_Keil.lib(f13_ascii.o)
    0x0800e60d   0x0000000d   Data   RO         3954    .constdata          STemWin532_CM4_Keil.lib(f13_ascii.o)
    0x0800e61a   0x0000000d   Data   RO         3955    .constdata          STemWin532_CM4_Keil.lib(f13_ascii.o)
    0x0800e627   0x0000000d   Data   RO         3956    .constdata          STemWin532_CM4_Keil.lib(f13_ascii.o)
    0x0800e634   0x0000000d   Data   RO         3957    .constdata          STemWin532_CM4_Keil.lib(f13_ascii.o)
    0x0800e641   0x0000000d   Data   RO         3958    .constdata          STemWin532_CM4_Keil.lib(f13_ascii.o)
    0x0800e64e   0x0000000d   Data   RO         3959    .constdata          STemWin532_CM4_Keil.lib(f13_ascii.o)
    0x0800e65b   0x0000000d   Data   RO         3960    .constdata          STemWin532_CM4_Keil.lib(f13_ascii.o)
    0x0800e668   0x0000000d   Data   RO         3961    .constdata          STemWin532_CM4_Keil.lib(f13_ascii.o)
    0x0800e675   0x0000001a   Data   RO         3962    .constdata          STemWin532_CM4_Keil.lib(f13_ascii.o)
    0x0800e68f   0x0000000d   Data   RO         3963    .constdata          STemWin532_CM4_Keil.lib(f13_ascii.o)
    0x0800e69c   0x0000000d   Data   RO         3964    .constdata          STemWin532_CM4_Keil.lib(f13_ascii.o)
    0x0800e6a9   0x0000000d   Data   RO         3965    .constdata          STemWin532_CM4_Keil.lib(f13_ascii.o)
    0x0800e6b6   0x0000000d   Data   RO         3966    .constdata          STemWin532_CM4_Keil.lib(f13_ascii.o)
    0x0800e6c3   0x0000000d   Data   RO         3967    .constdata          STemWin532_CM4_Keil.lib(f13_ascii.o)
    0x0800e6d0   0x0000000d   Data   RO         3968    .constdata          STemWin532_CM4_Keil.lib(f13_ascii.o)
    0x0800e6dd   0x0000000d   Data   RO         3969    .constdata          STemWin532_CM4_Keil.lib(f13_ascii.o)
    0x0800e6ea   0x0000000d   Data   RO         3970    .constdata          STemWin532_CM4_Keil.lib(f13_ascii.o)
    0x0800e6f7   0x0000000d   Data   RO         3971    .constdata          STemWin532_CM4_Keil.lib(f13_ascii.o)
    0x0800e704   0x0000000d   Data   RO         3972    .constdata          STemWin532_CM4_Keil.lib(f13_ascii.o)
    0x0800e711   0x0000000d   Data   RO         3973    .constdata          STemWin532_CM4_Keil.lib(f13_ascii.o)
    0x0800e71e   0x0000000d   Data   RO         3974    .constdata          STemWin532_CM4_Keil.lib(f13_ascii.o)
    0x0800e72b   0x0000000d   Data   RO         3975    .constdata          STemWin532_CM4_Keil.lib(f13_ascii.o)
    0x0800e738   0x0000000d   Data   RO         3976    .constdata          STemWin532_CM4_Keil.lib(f13_ascii.o)
    0x0800e745   0x0000000d   Data   RO         3977    .constdata          STemWin532_CM4_Keil.lib(f13_ascii.o)
    0x0800e752   0x0000000d   Data   RO         3978    .constdata          STemWin532_CM4_Keil.lib(f13_ascii.o)
    0x0800e75f   0x0000000d   Data   RO         3979    .constdata          STemWin532_CM4_Keil.lib(f13_ascii.o)
    0x0800e76c   0x0000000d   Data   RO         3980    .constdata          STemWin532_CM4_Keil.lib(f13_ascii.o)
    0x0800e779   0x0000000d   Data   RO         3981    .constdata          STemWin532_CM4_Keil.lib(f13_ascii.o)
    0x0800e786   0x0000000d   Data   RO         3982    .constdata          STemWin532_CM4_Keil.lib(f13_ascii.o)
    0x0800e793   0x0000000d   Data   RO         3983    .constdata          STemWin532_CM4_Keil.lib(f13_ascii.o)
    0x0800e7a0   0x0000000d   Data   RO         3984    .constdata          STemWin532_CM4_Keil.lib(f13_ascii.o)
    0x0800e7ad   0x0000000d   Data   RO         3985    .constdata          STemWin532_CM4_Keil.lib(f13_ascii.o)
    0x0800e7ba   0x0000000d   Data   RO         3986    .constdata          STemWin532_CM4_Keil.lib(f13_ascii.o)
    0x0800e7c7   0x0000000d   Data   RO         3987    .constdata          STemWin532_CM4_Keil.lib(f13_ascii.o)
    0x0800e7d4   0x0000000d   Data   RO         3988    .constdata          STemWin532_CM4_Keil.lib(f13_ascii.o)
    0x0800e7e1   0x0000000d   Data   RO         3989    .constdata          STemWin532_CM4_Keil.lib(f13_ascii.o)
    0x0800e7ee   0x0000000d   Data   RO         3990    .constdata          STemWin532_CM4_Keil.lib(f13_ascii.o)
    0x0800e7fb   0x0000000d   Data   RO         3991    .constdata          STemWin532_CM4_Keil.lib(f13_ascii.o)
    0x0800e808   0x0000000d   Data   RO         3992    .constdata          STemWin532_CM4_Keil.lib(f13_ascii.o)
    0x0800e815   0x0000000d   Data   RO         3993    .constdata          STemWin532_CM4_Keil.lib(f13_ascii.o)
    0x0800e822   0x0000000d   Data   RO         3994    .constdata          STemWin532_CM4_Keil.lib(f13_ascii.o)
    0x0800e82f   0x0000000d   Data   RO         3995    .constdata          STemWin532_CM4_Keil.lib(f13_ascii.o)
    0x0800e83c   0x0000000d   Data   RO         3996    .constdata          STemWin532_CM4_Keil.lib(f13_ascii.o)
    0x0800e849   0x0000000d   Data   RO         3997    .constdata          STemWin532_CM4_Keil.lib(f13_ascii.o)
    0x0800e856   0x0000000d   Data   RO         3998    .constdata          STemWin532_CM4_Keil.lib(f13_ascii.o)
    0x0800e863   0x0000000d   Data   RO         3999    .constdata          STemWin532_CM4_Keil.lib(f13_ascii.o)
    0x0800e870   0x0000000d   Data   RO         4000    .constdata          STemWin532_CM4_Keil.lib(f13_ascii.o)
    0x0800e87d   0x0000000d   Data   RO         4001    .constdata          STemWin532_CM4_Keil.lib(f13_ascii.o)
    0x0800e88a   0x00000002   PAD
    0x0800e88c   0x000002f8   Data   RO         4002    .constdata          STemWin532_CM4_Keil.lib(f13_ascii.o)
    0x0800eb84   0x0000000c   Data   RO         4003    .constdata          STemWin532_CM4_Keil.lib(f13_ascii.o)
    0x0800eb90   0x00000074   Data   RO         4022    .constdata          STemWin532_CM4_Keil.lib(guidev_32.o)
    0x0800ec04   0x00000018   Data   RO         4072    .constdata          STemWin532_CM4_Keil.lib(guidev_usagebm.o)
    0x0800ec1c   0x00000008   Data   RO         4092    .constdata          STemWin532_CM4_Keil.lib(guidev_writetoactiveopaque.o)
    0x0800ec24   0x00000010   Data   RO         4110    .constdata          STemWin532_CM4_Keil.lib(button_skinflex.o)
    0x0800ec34   0x0000001c   Data   RO         4125    .constdata          STemWin532_CM4_Keil.lib(widget_effect_simple.o)
    0x0800ec50   0x0000001f   Data   RO          670    .conststring        windowdlg.o
    0x0800ec6f   0x00000001   PAD
    0x0800ec70   0x00000020   Data   RO         4479    Region$$Table       anon$$obj.o


    Execution Region RW_IRAM1 (Base: 0x20000000, Size: 0x00008a08, Max: 0x00020000, ABSOLUTE, COMPRESSED[0x000000e4])

    Base Addr    Size         Type   Attr      Idx    E Section Name        Object

    0x20000000   0x00000008   Data   RW          206    .data               stm32f4xx_hal_msp.o
    0x20000008   0x0000000c   Data   RW          493    .data               xpt2046.o
    0x20000014   0x00000004   Data   RW          545    .data               gui_x.o
    0x20000018   0x00000004   Data   RW          703    .data               system_stm32f4xx.o
    0x2000001c   0x00000004   Data   RW         1313    .data               stm32f4xx_hal.o
    0x20000020   0x00000008   Data   RW         2377    .data               STemWin532_CM4_Keil.lib(gui_alloc.o)
    0x20000028   0x0000002c   Data   RW         2428    .data               STemWin532_CM4_Keil.lib(gui_core.o)
    0x20000054   0x00000004   Data   RW         2429    .data               STemWin532_CM4_Keil.lib(gui_core.o)
    0x20000058   0x00000004   Data   RW         2431    .data               STemWin532_CM4_Keil.lib(gui_core.o)
    0x2000005c   0x00000004   Data   RW         2432    .data               STemWin532_CM4_Keil.lib(gui_core.o)
    0x20000060   0x00000004   Data   RW         2433    .data               STemWin532_CM4_Keil.lib(gui_core.o)
    0x20000064   0x00000004   Data   RW         2434    .data               STemWin532_CM4_Keil.lib(gui_core.o)
    0x20000068   0x00000004   Data   RW         2435    .data               STemWin532_CM4_Keil.lib(gui_core.o)
    0x2000006c   0x00000002   Data   RW         2436    .data               STemWin532_CM4_Keil.lib(gui_core.o)
    0x2000006e   0x00000001   Data   RW         2437    .data               STemWin532_CM4_Keil.lib(gui_core.o)
    0x2000006f   0x00000001   PAD
    0x20000070   0x00000004   Data   RW         2438    .data               STemWin532_CM4_Keil.lib(gui_core.o)
    0x20000074   0x00000002   Data   RW         2439    .data               STemWin532_CM4_Keil.lib(gui_core.o)
    0x20000076   0x00000002   Data   RW         2440    .data               STemWin532_CM4_Keil.lib(gui_core.o)
    0x20000078   0x00000004   Data   RW         2479    .data               STemWin532_CM4_Keil.lib(gui_touch.o)
    0x2000007c   0x00000008   Data   RW         2536    .data               STemWin532_CM4_Keil.lib(lcd_getex.o)
    0x20000084   0x0000001c   Data   RW         2684    .data               STemWin532_CM4_Keil.lib(guidrv_flexcolor.o)
    0x200000a0   0x00000024   Data   RW         2834    .data               STemWin532_CM4_Keil.lib(edit.o)
    0x200000c4   0x00000004   Data   RW         2875    .data               STemWin532_CM4_Keil.lib(window.o)
    0x200000c8   0x00000064   Data   RW         2940    .data               STemWin532_CM4_Keil.lib(wm.o)
    0x2000012c   0x00000001   Data   RW         2941    .data               STemWin532_CM4_Keil.lib(wm.o)
    0x2000012d   0x00000003   PAD
    0x20000130   0x00000004   Data   RW         3005    .data               STemWin532_CM4_Keil.lib(gui__bidirouting.o)
    0x20000134   0x00000004   Data   RW         3010    .data               STemWin532_CM4_Keil.lib(gui__bidirouting.o)
    0x20000138   0x0000000c   Data   RW         3024    .data               STemWin532_CM4_Keil.lib(gui__getcursorpos.o)
    0x20000144   0x00000018   Data   RW         3043    .data               STemWin532_CM4_Keil.lib(gui__managecache.o)
    0x2000015c   0x00000010   Data   RW         3113    .data               STemWin532_CM4_Keil.lib(gui_onkey.o)
    0x2000016c   0x0000000c   Data   RW         3134    .data               STemWin532_CM4_Keil.lib(gui_pid.o)
    0x20000178   0x00000008   Data   RW         3161    .data               STemWin532_CM4_Keil.lib(gui_selectlayer.o)
    0x20000180   0x0000000c   Data   RW         3216    .data               STemWin532_CM4_Keil.lib(gui_waitevent.o)
    0x2000018c   0x00000004   Data   RW         3242    .data               STemWin532_CM4_Keil.lib(lcd.o)
    0x20000190   0x00000010   Data   RW         3268    .data               STemWin532_CM4_Keil.lib(lcd_color.o)
    0x200001a0   0x00000004   Data   RW         3433    .data               STemWin532_CM4_Keil.lib(guidev_banding.o)
    0x200001a4   0x00000001   Data   RW         3448    .data               STemWin532_CM4_Keil.lib(guidev_staticdevices.o)
    0x200001a5   0x00000003   PAD
    0x200001a8   0x0000003c   Data   RW         3479    .data               STemWin532_CM4_Keil.lib(button.o)
    0x200001e4   0x00000004   Data   RW         3524    .data               STemWin532_CM4_Keil.lib(widget.o)
    0x200001e8   0x00000004   Data   RW         3559    .data               STemWin532_CM4_Keil.lib(wm__sendmessage.o)
    0x200001ec   0x0000000c   Data   RW         3637    .data               STemWin532_CM4_Keil.lib(wm_touch.o)
    0x200001f8   0x00000028   Data   RW         3665    .data               STemWin532_CM4_Keil.lib(gui__alpha.o)
    0x20000220   0x00000004   Data   RW         3686    .data               STemWin532_CM4_Keil.lib(gui_charline.o)
    0x20000224   0x00000014   Data   RW         3863    .data               STemWin532_CM4_Keil.lib(gui_timer.o)
    0x20000238   0x0000000c   Data   RW         4102    .data               STemWin532_CM4_Keil.lib(button_skin.o)
    0x20000244   0x00000020   Data   RW         4111    .data               STemWin532_CM4_Keil.lib(button_skinflex.o)
    0x20000264   0x00000020   Data   RW         4112    .data               STemWin532_CM4_Keil.lib(button_skinflex.o)
    0x20000284   0x00000020   Data   RW         4113    .data               STemWin532_CM4_Keil.lib(button_skinflex.o)
    0x200002a4   0x00000020   Data   RW         4114    .data               STemWin532_CM4_Keil.lib(button_skinflex.o)
    0x200002c4   0x00000004   Data   RW         4126    .data               STemWin532_CM4_Keil.lib(widget_effect_simple.o)
    0x200002c8   0x00000004   Data   RW         4364    .data               STemWin532_CM4_Keil.lib(lcd_aa.o)
    0x200002cc   0x000000a8   Zero   RW          265    .bss                main.o
    0x20000374   0x0000000c   Zero   RW          492    .bss                xpt2046.o
    0x20000380   0x00008000   Zero   RW          595    .bss                guiconf.o
    0x20008380   0x000000cc   Zero   RW         2376    .bss                STemWin532_CM4_Keil.lib(gui_alloc.o)
    0x2000844c   0x00000070   Zero   RW         2426    .bss                STemWin532_CM4_Keil.lib(gui_core.o)
    0x200084bc   0x0000000c   Zero   RW         2478    .bss                STemWin532_CM4_Keil.lib(gui_touch.o)
    0x200084c8   0x00000018   Zero   RW         2938    .bss                STemWin532_CM4_Keil.lib(wm.o)
    0x200084e0   0x00000058   Zero   RW         3112    .bss                STemWin532_CM4_Keil.lib(gui_onkey.o)
    0x20008538   0x00000048   Zero   RW         3133    .bss                STemWin532_CM4_Keil.lib(gui_pid.o)
    0x20008580   0x00000048   Zero   RW         3636    .bss                STemWin532_CM4_Keil.lib(wm_touch.o)
    0x200085c8   0x00000028   Zero   RW         3721    .bss                STemWin532_CM4_Keil.lib(gui_curs1.o)
    0x200085f0   0x00000018   Zero   RW         4176    .bss                STemWin532_CM4_Keil.lib(wm_pid__getprevstate.o)
    0x20008608   0x00000400   Zero   RW          690    STACK               startup_stm32f407xx.o


==============================================================================

Image component sizes


      Code (inc. data)   RO Data    RW Data    ZI Data      Debug   Object Name

        56         14          0          4          0       2464   gui_x.o
        28          8          0          0      32768        515   guiconf.o
       524         10          0          0          0       1190   lcd_ini.o
       248         48          0          0          0       6164   lcdconf_flexcolor.o
       788         52          0          0        168       9934   main.o
        36          8        392          0       1024        792   startup_stm32f407xx.o
       154         20          0          4          0       4307   stm32f4xx_hal.o
       322         22          0          0          0      31820   stm32f4xx_hal_cortex.o
       540         46          0          0          0       3031   stm32f4xx_hal_gpio.o
       352         32          0          8          0       2843   stm32f4xx_hal_msp.o
      1756         64         16          0          0       4505   stm32f4xx_hal_rcc.o
      1314          0          0          0          0       5460   stm32f4xx_hal_spi.o
        88          0          0          0          0       1176   stm32f4xx_hal_sram.o
        40          0          0          0          0     709191   stm32f4xx_it.o
       232         10          0          0          0       2667   stm32f4xx_ll_fsmc.o
       100         18          0          4          0       1115   system_stm32f4xx.o
       208         30        143          0          0       1715   windowdlg.o
       496         78          0         12         12       2847   xpt2046.o

    ----------------------------------------------------------------------
      7296        460        584         32      33972     791736   Object Totals
         0          0         32          0          0          0   (incl. Generated)
        14          0          1          0          0          0   (incl. Padding)

    ----------------------------------------------------------------------

      Code (inc. data)   RO Data    RW Data    ZI Data      Debug   Library Member Name

       588         14          0         60          0        944   button.o
        68          0          0          0          0        136   button_createindirect.o
       174          0          0         12          0        272   button_skin.o
       568          6         16        128          0        140   button_skinflex.o
       164          0          0          0          0        136   dialog.o
      2310         20          0         36          0       1884   edit.o
        74          0          0          0          0        136   edit_createindirect.o
         0          0       2155          0          0          0   f13_1.o
         0          0       2046          0          0          0   f13_ascii.o
         0          0       1816          0          0          0   f6x8.o
       124          4          0          0          0        132   gui_2dlib.o
       862         38          0         40          0        800   gui__alpha.o
         0          0          0          8          0          0   gui__bidirouting.o
       158          0          0          0          0        132   gui__calctextrect.o
       664          0          0          0          0        384   gui__compactpixelindices.o
         0          0        256          0          0          0   gui__divtbl_255_31.o
         0          0        256          0          0          0   gui__divtbl_255_63.o
         0          0         32          0          0          0   gui__divtbl_31_255.o
         0          0         64          0          0          0   gui__divtbl_63_255.o
       546          4          0          0          0        424   gui__drawtwinarc.o
       322          0          0          0          0        156   gui__expandpixelindices.o
       186         16          0         12          0        772   gui__getcursorpos.o
        26          0          0          0          0        128   gui__getnumchars.o
        24          0          0          0          0        116   gui__handleeoline.o
        58          0          0          0          0        116   gui__intersectrect.o
        82          0          0          0          0        128   gui__intersectrects.o
       228          8          0         24          0        252   gui__managecache.o
        76          0          0          0          0        124   gui__memset.o
        60          0          0          0          0        124   gui__memset16.o
        26          0          0          0          0        116   gui__reducerect.o
       108          0          0          0          0        136   gui__settext.o
        26          0          0          0          0        116   gui__sqrt32.o
        68          4          0          0          0        244   gui__strcmp.o
        22          0          0          0          0        116   gui__strlen.o
      1850        104          0          8        204       3120   gui_alloc.o
        36          0          0          0          0        128   gui_alloc_alloczero.o
        60          0          0          0          0        124   gui_calccolordist.o
        96         22          0          0          0        464   gui_char.o
       458         36          0          4          0        760   gui_charline.o
       394         12          0          0          0        492   gui_charm.o
       316         10          0          0          0        624   gui_charp.o
        20          0          0          0          0        116   gui_clearrectex.o
       492         76          8         79        112       1012   gui_core.o
       112          6          0          0         40        140   gui_curs1.o
       344         24          0          0          0        736   gui_device.o
       256          4          0          0          0        136   gui_dispstring.o
        16          4          0          0          0        116   gui_dispstringat.o
       400          4          0          0          0        396   gui_dispstringinrect.o
        44          0          0          0          0        136   gui_draw.o
       486         10          0          0          0        300   gui_drawgradient.o
        76          6          0          0          0        132   gui_drawhline.o
        64          4          0          0          0        128   gui_drawvline.o
        68          8          0          0          0        248   gui_exec.o
        72          4          0          0          0        132   gui_fillrect.o
       160          0          0          0          0        248   gui_getbitmappixelindex.o
        10          0          0          0          0        116   gui_getclientrect.o
        28          0          0          0          0        256   gui_getcolor.o
        32         10          0          0          0        232   gui_getorg.o
        20          0          0          0          0        128   gui_getstringdistx.o
        52         12          0          0          0        360   gui_goto.o
        96          6          0          0          0        132   gui_invertrect.o
        88          0          0          0          0        124   gui_mergerect.o
        30          0          0          0          0        116   gui_moverect.o
        94         14          0         16         88        476   gui_onkey.o
        16          4          0          0          0        116   gui_pen.o
       264         38          0         12         72        744   gui_pid.o
        78          0          0          0          0        128   gui_realloc.o
        56          0          0          0          0        116   gui_rectsintersect.o
        32         10          0          0          0        232   gui_savecontext.o
        94         14          0          8          0        488   gui_selectlayer.o
        18          0          0          0          0        128   gui_selectlcd.o
        36          4          0          0          0        124   gui_setalpha.o
         8          0          0          0          0        232   gui_setcolor.o
        64          6          0          0          0        128   gui_setdefault.o
         4          0          0          0          0        116   gui_setdrawmode.o
        20          6          0          0          0        116   gui_setfont.o
        16          4          0          0          0        116   gui_setlinestyle.o
        56         18          0          0          0        128   gui_setorg.o
        20          6          0          0          0        116   gui_settextalign.o
        20          6          0          0          0        116   gui_settextmode.o
      1812         20          0          0          0       1240   gui_sprite.o
        46          0          0          0          0        244   gui_time.o
       538         20          0         20          0       1156   gui_timer.o
        72         10          0          4         12        128   gui_touch.o
       176         30          0          0          0        860   gui_uc.o
        18          0         16          0          0        464   gui_uc_encodenone.o
        16          4          0         12          0        116   gui_waitevent.o
       198          0         24          0          0        388   guicc_0.o
       222         38         24          0          0        628   guicc_565.o
        36          0         24          0          0        480   guicc_8888.o
         2          0          0          0          0        116   guicc_8888_index2color.o
         2          0          0          0          0        116   guicc_888_index2color.o
       756         38          0          0          0       1064   guidev.o
      2282         60        116          0          0       2104   guidev_16.o
      2368         62        116          0          0       2256   guidev_32.o
       340         12          0          4          0        264   guidev_banding.o
        60          6          0          0          0        124   guidev_clear.o
        26          0          0          0          0        128   guidev_getdataptr.o
        40          6          0          0          0        128   guidev_getysize.o
        44          4          0          0          0        128   guidev_reduceysize.o
        88          4          0          0          0        128   guidev_setorg.o
       358         20          0          1          0        284   guidev_staticdevices.o
        76          0          0          0          0        260   guidev_usage.o
       416          6         24          0          0        748   guidev_usagebm.o
       106          4          0          0          0        244   guidev_write.o
       400         14          0          0          0        144   guidev_writetoactivealpha.o
      1854         18          8          0          0        732   guidev_writetoactiveopaque.o
      1506         76        116         28          0       5428   guidrv_flexcolor.o
      1712         62          0          0          0       1308   guidrv_flexcolor_16bpp_c0b16.o
       924         52          0          0          0       1420   guidrv_flexcolor_func66708.o
      1730        118         12          4          0       2300   lcd.o
        16          6          0          4          0        116   lcd_aa.o
       272         30          0         16          0        632   lcd_color.o
        32         12          0          0          0        232   lcd_getcolorindex.o
       432         48          0          8          0       2832   lcd_getex.o
        26          0          0          0          0        128   lcd_getnumdisplays.o
         0          0        256          0          0          0   lcd_mirror.o
       504         18          0          0          0        280   lcd_readrect.o
        64          8          0          0          0        128   lcd_selectlcd.o
       220          0          0          0          0        660   lcd_set.o
        48         10          0          0          0        128   lcd_setcliprectex.o
        36          4          0          0          0        128   lcd_updatecolorindices.o
       624          4          0          4          0       1268   widget.o
       144         12         28          4          0        512   widget_effect_simple.o
       272          6          0          0          0        132   widget_fillstringinrect.o
       418          8          0          4          0        404   window.o
      4602        228          0        101         24       6672   wm.o
        44          0          0          0          0        128   wm__foreachdesc.o
        18          0          0          0          0        124   wm__getfirstsibling.o
        40          8          0          0          0        128   wm__getfocussedchild.o
        24          0          0          0          0        124   wm__getlastsibling.o
        36          0          0          0          0        128   wm__getprevsibling.o
        46          0          0          0          0        244   wm__isancestor.o
        34          0          0          0          0        128   wm__ischild.o
        22          0          0          0          0        124   wm__isenabled.o
        20          0          0          0          0        116   wm__screen2client.o
        60          6          0          4          0        136   wm__sendmessage.o
        28          0          0          0          0        140   wm__sendmessageifenabled.o
        38          0          0          0          0        128   wm__sendmessagenopara.o
       220          0          0          0          0        144   wm__updatechildpositions.o
       126          0          0          0          0        140   wm_bringtobottom.o
       120          6          0          0          0        360   wm_bringtotop.o
        60         12          0          0          0        232   wm_criticalhandle.o
         4          0          0          0          0        116   wm_foreachdesc.o
        64         10          0          0          0        360   wm_getclientrect.o
        22          0          0          0          0        128   wm_getclientwindow.o
        24         10          0          0          0        116   wm_getdesktopwindow.o
        20          4          0          0          0        116   wm_getdesktopwindowex.o
        80          0          0          0          0        248   wm_getdialogitem.o
        14          0          0          0          0        124   wm_getfirstchild.o
        20          8          0          0          0        116   wm_getfocussedwindow.o
        26          0          0          0          0        128   wm_getid.o
        22          0          0          0          0        124   wm_getorg.o
        14          0          0          0          0        124   wm_getparent.o
        78          0          0          0          0        372   wm_getwindowsize.o
        32         10          0          0          0        116   wm_hasfocus.o
        48          0          0          0          0        132   wm_isfocussable.o
         4          0          0          0          0        116   wm_iswindow.o
       268          0          0          0          0        396   wm_move.o
        16          0          0          0          0        124   wm_notifyparent.o
        56          8          0          0          0        132   wm_onkey.o
        24          6          0          0         24        116   wm_pid__getprevstate.o
       236          0          0          0          0        136   wm_resizewindow.o
       184          6          0          0          0        504   wm_screen2win.o
         4          0          0          0          0        116   wm_sendmessagenopara.o
        30          0          0          0          0        140   wm_sendtoparent.o
        48          8          0          0          0        244   wm_setcapture.o
       156          8          0          0          0        136   wm_setfocus.o
       146          6          0          0          0        372   wm_setfocusonnextchild.o
        90          0          0          0          0        252   wm_setfocusonprevchild.o
        62          0          0          0          0        132   wm_setsize.o
        64          6          0          0          0        128   wm_settrans.o
        24          6          0          0          0        124   wm_setusercliprect.o
        78          0          0          0          0        252   wm_show.o
       146          0          0          0          0        388   wm_timer.o
      1100         46          0         12         72        536   wm_touch.o
        44          4          0          0          0        124   wm_validatewindow.o
        86          0          0          0          0          0   __dczerorl2.o
         0          0          0          0          0          0   entry.o
         0          0          0          0          0          0   entry10a.o
         0          0          0          0          0          0   entry11a.o
         8          4          0          0          0          0   entry2.o
         4          0          0          0          0          0   entry5.o
         0          0          0          0          0          0   entry7b.o
         0          0          0          0          0          0   entry8b.o
         8          4          0          0          0          0   entry9a.o
        30          0          0          0          0          0   handlers.o
        36          8          0          0          0         68   init.o
        26          0          0          0          0         80   memcmp.o
        64          0          0          0          0         76   memmovea.o
        36          0          0          0          0        108   memseta.o
        18          0          0          0          0         68   strcpy.o
        14          0          0          0          0         68   strlen.o

    ----------------------------------------------------------------------
     45264       1878       7416        684        648      72096   Library Totals
       132          0          3          7          0          0   (incl. Padding)

    ----------------------------------------------------------------------

      Code (inc. data)   RO Data    RW Data    ZI Data      Debug   Library Name

     44802       1862       7413        677        648      71628   STemWin532_CM4_Keil.lib
       330         16          0          0          0        468   mc_w.l

    ----------------------------------------------------------------------
     45264       1878       7416        684        648      72096   Library Totals

    ----------------------------------------------------------------------

==============================================================================


      Code (inc. data)   RO Data    RW Data    ZI Data      Debug   

     52560       2338       8000        716      34620     801660   Grand Totals
     52560       2338       8000        228      34620     801660   ELF Image Totals (compressed)
     52560       2338       8000        228          0          0   ROM Totals

==============================================================================

    Total RO  Size (Code + RO Data)                60560 (  59.14kB)
    Total RW  Size (RW Data + ZI Data)             35336 (  34.51kB)
    Total ROM Size (Code + RO Data + RW Data)      60788 (  59.36kB)

==============================================================================

