###############################################################################
#
# IAR ELF Linker V7.80.1.11864/W32 for ARM                16/Mar/2017  11:36:51
# Copyright 2007-2016 IAR Systems AB.
#
#    Output file  =  
#        E:\WORK\ALL\ETHDISP\STM32F4Display\EWARM\ETHDISP\Exe\ETHDISP.out
#    Map file     =  
#        E:\WORK\ALL\ETHDISP\STM32F4Display\EWARM\ETHDISP\List\ETHDISP.map
#    Command line =  
#        E:\WORK\ALL\ETHDISP\STM32F4Display\EWARM\ETHDISP\Obj\api_lib.o
#        E:\WORK\ALL\ETHDISP\STM32F4Display\EWARM\ETHDISP\Obj\api_msg.o
#        E:\WORK\ALL\ETHDISP\STM32F4Display\EWARM\ETHDISP\Obj\arc4.o
#        E:\WORK\ALL\ETHDISP\STM32F4Display\EWARM\ETHDISP\Obj\Arial16.o
#        E:\WORK\ALL\ETHDISP\STM32F4Display\EWARM\ETHDISP\Obj\auth.o
#        E:\WORK\ALL\ETHDISP\STM32F4Display\EWARM\ETHDISP\Obj\autoip.o
#        E:\WORK\ALL\ETHDISP\STM32F4Display\EWARM\ETHDISP\Obj\ccp.o
#        E:\WORK\ALL\ETHDISP\STM32F4Display\EWARM\ETHDISP\Obj\chap-md5.o
#        E:\WORK\ALL\ETHDISP\STM32F4Display\EWARM\ETHDISP\Obj\chap-new.o
#        E:\WORK\ALL\ETHDISP\STM32F4Display\EWARM\ETHDISP\Obj\chap_ms.o
#        E:\WORK\ALL\ETHDISP\STM32F4Display\EWARM\ETHDISP\Obj\def.o
#        E:\WORK\ALL\ETHDISP\STM32F4Display\EWARM\ETHDISP\Obj\demand.o
#        E:\WORK\ALL\ETHDISP\STM32F4Display\EWARM\ETHDISP\Obj\des.o
#        E:\WORK\ALL\ETHDISP\STM32F4Display\EWARM\ETHDISP\Obj\dhcp.o
#        E:\WORK\ALL\ETHDISP\STM32F4Display\EWARM\ETHDISP\Obj\dhcp6.o
#        E:\WORK\ALL\ETHDISP\STM32F4Display\EWARM\ETHDISP\Obj\dns.o
#        E:\WORK\ALL\ETHDISP\STM32F4Display\EWARM\ETHDISP\Obj\eap.o
#        E:\WORK\ALL\ETHDISP\STM32F4Display\EWARM\ETHDISP\Obj\ecp.o
#        E:\WORK\ALL\ETHDISP\STM32F4Display\EWARM\ETHDISP\Obj\err.o
#        E:\WORK\ALL\ETHDISP\STM32F4Display\EWARM\ETHDISP\Obj\etharp.o
#        E:\WORK\ALL\ETHDISP\STM32F4Display\EWARM\ETHDISP\Obj\ethernetif.o
#        E:\WORK\ALL\ETHDISP\STM32F4Display\EWARM\ETHDISP\Obj\ethip6.o
#        E:\WORK\ALL\ETHDISP\STM32F4Display\EWARM\ETHDISP\Obj\eui64.o
#        E:\WORK\ALL\ETHDISP\STM32F4Display\EWARM\ETHDISP\Obj\fsm.o
#        E:\WORK\ALL\ETHDISP\STM32F4Display\EWARM\ETHDISP\Obj\GUI_X.o
#        E:\WORK\ALL\ETHDISP\STM32F4Display\EWARM\ETHDISP\Obj\GUIConf.o
#        E:\WORK\ALL\ETHDISP\STM32F4Display\EWARM\ETHDISP\Obj\icmp.o
#        E:\WORK\ALL\ETHDISP\STM32F4Display\EWARM\ETHDISP\Obj\icmp6.o
#        E:\WORK\ALL\ETHDISP\STM32F4Display\EWARM\ETHDISP\Obj\igmp.o
#        E:\WORK\ALL\ETHDISP\STM32F4Display\EWARM\ETHDISP\Obj\inet6.o
#        E:\WORK\ALL\ETHDISP\STM32F4Display\EWARM\ETHDISP\Obj\inet_chksum.o
#        E:\WORK\ALL\ETHDISP\STM32F4Display\EWARM\ETHDISP\Obj\init.o
#        E:\WORK\ALL\ETHDISP\STM32F4Display\EWARM\ETHDISP\Obj\ip4.o
#        E:\WORK\ALL\ETHDISP\STM32F4Display\EWARM\ETHDISP\Obj\ip4_addr.o
#        E:\WORK\ALL\ETHDISP\STM32F4Display\EWARM\ETHDISP\Obj\ip6.o
#        E:\WORK\ALL\ETHDISP\STM32F4Display\EWARM\ETHDISP\Obj\ip6_addr.o
#        E:\WORK\ALL\ETHDISP\STM32F4Display\EWARM\ETHDISP\Obj\ip6_frag.o
#        E:\WORK\ALL\ETHDISP\STM32F4Display\EWARM\ETHDISP\Obj\ip_frag.o
#        E:\WORK\ALL\ETHDISP\STM32F4Display\EWARM\ETHDISP\Obj\ipcp.o
#        E:\WORK\ALL\ETHDISP\STM32F4Display\EWARM\ETHDISP\Obj\ipv6cp.o
#        E:\WORK\ALL\ETHDISP\STM32F4Display\EWARM\ETHDISP\Obj\LCD_ini.o
#        E:\WORK\ALL\ETHDISP\STM32F4Display\EWARM\ETHDISP\Obj\LCDConf_FlexColor.o
#        E:\WORK\ALL\ETHDISP\STM32F4Display\EWARM\ETHDISP\Obj\lcp.o
#        E:\WORK\ALL\ETHDISP\STM32F4Display\EWARM\ETHDISP\Obj\lwip.o
#        E:\WORK\ALL\ETHDISP\STM32F4Display\EWARM\ETHDISP\Obj\lwip_timers.o
#        E:\WORK\ALL\ETHDISP\STM32F4Display\EWARM\ETHDISP\Obj\magic.o
#        E:\WORK\ALL\ETHDISP\STM32F4Display\EWARM\ETHDISP\Obj\main.o
#        E:\WORK\ALL\ETHDISP\STM32F4Display\EWARM\ETHDISP\Obj\md4.o
#        E:\WORK\ALL\ETHDISP\STM32F4Display\EWARM\ETHDISP\Obj\md5.o
#        E:\WORK\ALL\ETHDISP\STM32F4Display\EWARM\ETHDISP\Obj\mem.o
#        E:\WORK\ALL\ETHDISP\STM32F4Display\EWARM\ETHDISP\Obj\memp.o
#        E:\WORK\ALL\ETHDISP\STM32F4Display\EWARM\ETHDISP\Obj\mld6.o
#        E:\WORK\ALL\ETHDISP\STM32F4Display\EWARM\ETHDISP\Obj\mppe.o
#        E:\WORK\ALL\ETHDISP\STM32F4Display\EWARM\ETHDISP\Obj\multilink.o
#        E:\WORK\ALL\ETHDISP\STM32F4Display\EWARM\ETHDISP\Obj\my_tcp.o
#        E:\WORK\ALL\ETHDISP\STM32F4Display\EWARM\ETHDISP\Obj\nd6.o
#        E:\WORK\ALL\ETHDISP\STM32F4Display\EWARM\ETHDISP\Obj\netbuf.o
#        E:\WORK\ALL\ETHDISP\STM32F4Display\EWARM\ETHDISP\Obj\netdb.o
#        E:\WORK\ALL\ETHDISP\STM32F4Display\EWARM\ETHDISP\Obj\netif.o
#        E:\WORK\ALL\ETHDISP\STM32F4Display\EWARM\ETHDISP\Obj\netifapi.o
#        E:\WORK\ALL\ETHDISP\STM32F4Display\EWARM\ETHDISP\Obj\pbuf.o
#        E:\WORK\ALL\ETHDISP\STM32F4Display\EWARM\ETHDISP\Obj\ppp.o
#        E:\WORK\ALL\ETHDISP\STM32F4Display\EWARM\ETHDISP\Obj\pppapi.o
#        E:\WORK\ALL\ETHDISP\STM32F4Display\EWARM\ETHDISP\Obj\pppcrypt.o
#        E:\WORK\ALL\ETHDISP\STM32F4Display\EWARM\ETHDISP\Obj\pppoe.o
#        E:\WORK\ALL\ETHDISP\STM32F4Display\EWARM\ETHDISP\Obj\pppol2tp.o
#        E:\WORK\ALL\ETHDISP\STM32F4Display\EWARM\ETHDISP\Obj\pppos.o
#        E:\WORK\ALL\ETHDISP\STM32F4Display\EWARM\ETHDISP\Obj\raw.o
#        E:\WORK\ALL\ETHDISP\STM32F4Display\EWARM\ETHDISP\Obj\sha1.o
#        E:\WORK\ALL\ETHDISP\STM32F4Display\EWARM\ETHDISP\Obj\slipif.o
#        E:\WORK\ALL\ETHDISP\STM32F4Display\EWARM\ETHDISP\Obj\sockets.o
#        E:\WORK\ALL\ETHDISP\STM32F4Display\EWARM\ETHDISP\Obj\startup_stm32f407xx.o
#        E:\WORK\ALL\ETHDISP\STM32F4Display\EWARM\ETHDISP\Obj\stats.o
#        E:\WORK\ALL\ETHDISP\STM32F4Display\EmWin\STemWin532_CM4_IAR.a
#        E:\WORK\ALL\ETHDISP\STM32F4Display\EWARM\ETHDISP\Obj\stm32f4xx_hal.o
#        E:\WORK\ALL\ETHDISP\STM32F4Display\EWARM\ETHDISP\Obj\stm32f4xx_hal_cortex.o
#        E:\WORK\ALL\ETHDISP\STM32F4Display\EWARM\ETHDISP\Obj\stm32f4xx_hal_dma.o
#        E:\WORK\ALL\ETHDISP\STM32F4Display\EWARM\ETHDISP\Obj\stm32f4xx_hal_dma_ex.o
#        E:\WORK\ALL\ETHDISP\STM32F4Display\EWARM\ETHDISP\Obj\stm32f4xx_hal_eth.o
#        E:\WORK\ALL\ETHDISP\STM32F4Display\EWARM\ETHDISP\Obj\stm32f4xx_hal_flash.o
#        E:\WORK\ALL\ETHDISP\STM32F4Display\EWARM\ETHDISP\Obj\stm32f4xx_hal_flash_ex.o
#        E:\WORK\ALL\ETHDISP\STM32F4Display\EWARM\ETHDISP\Obj\stm32f4xx_hal_flash_ramfunc.o
#        E:\WORK\ALL\ETHDISP\STM32F4Display\EWARM\ETHDISP\Obj\stm32f4xx_hal_gpio.o
#        E:\WORK\ALL\ETHDISP\STM32F4Display\EWARM\ETHDISP\Obj\stm32f4xx_hal_msp.o
#        E:\WORK\ALL\ETHDISP\STM32F4Display\EWARM\ETHDISP\Obj\stm32f4xx_hal_pwr.o
#        E:\WORK\ALL\ETHDISP\STM32F4Display\EWARM\ETHDISP\Obj\stm32f4xx_hal_pwr_ex.o
#        E:\WORK\ALL\ETHDISP\STM32F4Display\EWARM\ETHDISP\Obj\stm32f4xx_hal_rcc.o
#        E:\WORK\ALL\ETHDISP\STM32F4Display\EWARM\ETHDISP\Obj\stm32f4xx_hal_rcc_ex.o
#        E:\WORK\ALL\ETHDISP\STM32F4Display\EWARM\ETHDISP\Obj\stm32f4xx_hal_spi.o
#        E:\WORK\ALL\ETHDISP\STM32F4Display\EWARM\ETHDISP\Obj\stm32f4xx_hal_sram.o
#        E:\WORK\ALL\ETHDISP\STM32F4Display\EWARM\ETHDISP\Obj\stm32f4xx_hal_tim.o
#        E:\WORK\ALL\ETHDISP\STM32F4Display\EWARM\ETHDISP\Obj\stm32f4xx_hal_tim_ex.o
#        E:\WORK\ALL\ETHDISP\STM32F4Display\EWARM\ETHDISP\Obj\stm32f4xx_hal_uart.o
#        E:\WORK\ALL\ETHDISP\STM32F4Display\EWARM\ETHDISP\Obj\stm32f4xx_it.o
#        E:\WORK\ALL\ETHDISP\STM32F4Display\EWARM\ETHDISP\Obj\stm32f4xx_ll_fsmc.o
#        E:\WORK\ALL\ETHDISP\STM32F4Display\EWARM\ETHDISP\Obj\sys.o
#        E:\WORK\ALL\ETHDISP\STM32F4Display\EWARM\ETHDISP\Obj\system_stm32f4xx.o
#        E:\WORK\ALL\ETHDISP\STM32F4Display\EWARM\ETHDISP\Obj\tcp.o
#        E:\WORK\ALL\ETHDISP\STM32F4Display\EWARM\ETHDISP\Obj\tcp_in.o
#        E:\WORK\ALL\ETHDISP\STM32F4Display\EWARM\ETHDISP\Obj\tcp_out.o
#        E:\WORK\ALL\ETHDISP\STM32F4Display\EWARM\ETHDISP\Obj\tcpip.o
#        E:\WORK\ALL\ETHDISP\STM32F4Display\EWARM\ETHDISP\Obj\udp.o
#        E:\WORK\ALL\ETHDISP\STM32F4Display\EWARM\ETHDISP\Obj\upap.o
#        E:\WORK\ALL\ETHDISP\STM32F4Display\EWARM\ETHDISP\Obj\utils.o
#        E:\WORK\ALL\ETHDISP\STM32F4Display\EWARM\ETHDISP\Obj\vj.o
#        E:\WORK\ALL\ETHDISP\STM32F4Display\EWARM\ETHDISP\Obj\WindowDLG.o
#        E:\WORK\ALL\ETHDISP\STM32F4Display\EWARM\ETHDISP\Obj\XPT2046.o
#        --redirect _Printf=_PrintfFull --redirect _Scanf=_ScanfFull -o
#        E:\WORK\ALL\ETHDISP\STM32F4Display\EWARM\ETHDISP\Exe\ETHDISP.out --map
#        E:\WORK\ALL\ETHDISP\STM32F4Display\EWARM\ETHDISP\List\ETHDISP.map
#        --config
#        E:\WORK\ALL\ETHDISP\STM32F4Display\EWARM/stm32f407xx_flash.icf
#        --semihosting --entry __iar_program_start --vfe
#
###############################################################################

*******************************************************************************
*** RUNTIME MODEL ATTRIBUTES
***

CppFlavor       = *
__SystemLibrary = DLib


*******************************************************************************
*** PLACEMENT SUMMARY
***

"A0":  place at 0x08000000 { ro section .intvec };
"P1":  place in [from 0x08000000 to 0x080fffff] { ro };
"P2":  place in [from 0x20000000 to 0x2001ffff] { rw, block CSTACK, block HEAP };
initialize by copy { rw };

  Section             Kind        Address     Size  Object
  -------             ----        -------     ----  ------
"A0":                                        0x188
  .intvec             ro code  0x08000000    0x188  startup_stm32f407xx.o [1]
                             - 0x08000188    0x188

"P1":                                      0x144be
  .text               ro code  0x08000188   0x18fc  tcp_in.o [1]
  .text               ro code  0x08001a84     0x50  ip4_addr.o [1]
  .text               ro code  0x08001ad4     0x40  def.o [1]
  .text               ro code  0x08001b14    0x628  pbuf.o [1]
  .text               ro code  0x0800213c    0xe8c  tcp.o [1]
  .text               ro code  0x08002fc8     0xc4  memp.o [1]
  .text               ro code  0x0800308c    0xeb0  tcp_out.o [1]
  .text               ro code  0x08003f3c    0x268  lwip_timers.o [1]
  .text               ro code  0x080041a4    0x36c  mem.o [1]
  .text               ro code  0x08004510     0x76  ABImemcpy_unaligned.o [6]
  .text               ro code  0x08004586      0x2  GUICC_8888_Index2Color.o [3]
  .text               ro code  0x08004588     0x66  ABImemset.o [6]
  .text               ro code  0x080045ee      0x2  GUICC_888_Index2Color.o [3]
  .text               ro code  0x080045f0    0x3c8  ip4.o [1]
  .text               ro code  0x080049b8    0x790  ip_frag.o [1]
  .text               ro code  0x08005148    0xc08  etharp.o [1]
  .text               ro code  0x08005d50    0xaf2  dhcp.o [1]
  .text               ro code  0x08006844    0x494  ethernetif.o [1]
  .text               ro code  0x08006cd8    0x49c  udp.o [1]
  .text               ro code  0x08007174    0x23e  icmp.o [1]
  .text               ro code  0x080073b4     0x62  memcmp_unaligned.o [6]
  .text               ro code  0x08007418    0x180  netif.o [1]
  .text               ro code  0x08007598     0xe0  rand.o [4]
  .text               ro code  0x08007678    0x230  stm32f4xx_hal_gpio.o [1]
  .text               ro code  0x080078a8    0xaac  stm32f4xx_hal_eth.o [1]
  .text               ro code  0x08008354      0xc  stm32f4xx_hal.o [1]
  .text               ro code  0x08008360      0x2  xtls.o [4]
  .text               ro code  0x08008364    0x2a4  stm32f4xx_hal_rcc.o [1]
  .text               ro code  0x08008608     0x1a  stm32f4xx_hal.o [1]
  .text               ro code  0x08008624     0x28  stm32f4xx_hal.o [1]
  .text               ro code  0x0800864c    0x142  stm32f4xx_hal_cortex.o [1]
  .text               ro code  0x08008790   0x10c8  WM.o [3]
  .text               ro code  0x08009858     0x30  LCD_SetClipRectEx.o [3]
  .text               ro code  0x08009888    0x684  GUI_Alloc.o [3]
  .text               ro code  0x08009f0c     0x40  GUI__IntersectRect.o [3]
  .text               ro code  0x08009f4c     0x58  GUI_MergeRect.o [3]
  .text               ro code  0x08009fa4     0x10  GUI_WaitEvent.o [3]
  .text               ro code  0x08009fb4     0x1c  GUI_MoveRect.o [3]
  .text               ro code  0x08009fd0    0x300  GUIDEV.o [3]
  .text               ro code  0x0800a2d0      0xe  WM_GetFirstChild.o [3]
  .text               ro code  0x0800a2de     0x60  GUI__IntersectRects.o [3]
  .text               ro code  0x0800a33e     0x38  GUI_RectsIntersect.o [3]
  .text               ro code  0x0800a378     0x40  WM__SendMessage.o [3]
  .text               ro code  0x0800a3b8     0x24  GUI_ALLOC_AllocZero.o [3]
  .text               ro code  0x0800a3dc     0x84  WM_BringToBottom.o [3]
  .text               ro code  0x0800a460     0x72  WM_Timer.o [3]
  .text               ro code  0x0800a4d2     0x14  WM_NotifyParent.o [3]
  .text               ro code  0x0800a4e8     0x30  GUI_SelectLayer.o [3]
  .text               ro code  0x0800a518    0x5ac  LCD.o [3]
  .text               ro code  0x0800aac4     0x40  GUI_SetDefault.o [3]
  .text               ro code  0x0800ab04      0x4  WM_SendMessageNoPara.o [3]
  .text               ro code  0x0800ab08    0x154  GUIDEV_Banding.o [3]
  .text               ro code  0x0800ac5c     0x58  GUI_OnKey.o [3]
  .text               ro code  0x0800acb4     0xd0  GUI__ManageCache.o [3]
  .text               ro code  0x0800ad84     0x20  GUI_SaveContext.o [3]
  .text               ro code  0x0800ada4      0x8  GUI_SetColor.o [3]
  .text               ro code  0x0800adac    0x1c0  GUI_Core.o [3]
  .text               ro code  0x0800af6c     0x22  WM_GetClientRect.o [3]
  .text               ro code  0x0800af8e     0x1c  WM_SendToParent.o [3]
  .text               ro code  0x0800afac    0x134  GUI_Device.o [3]
  .text               ro code  0x0800b0e0     0x10  WM_CriticalHandle.o [3]
  .text               ro code  0x0800b0f0     0x78  ABImemmove_unaligned.o [6]
  .text               ro code  0x0800b168      0x6  ABImemclr.o [6]
  .text               ro code  0x0800b16e     0x54  GUI__memset.o [3]
  .text               ro code  0x0800b1c4    0x184  LCD_GetEx.o [3]
  .text               ro code  0x0800b348    0x1ac  GUIDEV_UsageBM.o [3]
  .text               ro code  0x0800b4f4     0x12  GUI_SelectLCD.o [3]
  .text               ro code  0x0800b508     0x4e  GUIDEV_Usage.o [3]
  .text               ro code  0x0800b558     0x24  LCD_UpdateColorIndices.o [3]
  .text               ro code  0x0800b57c      0x4  GUI_SetDrawMode.o [3]
  .text               ro code  0x0800b580    0x600  GUIDEV_WriteToActiveOpaque.o [3]
  .text               ro code  0x0800bb80     0x22  WM__GetPrevSibling.o [3]
  .text               ro code  0x0800bba2      0xe  WM_GetParent.o [3]
  .text               ro code  0x0800bbb0    0x126  GUI_Timer.o [3]
  .text               ro code  0x0800bcd8     0xb8  LCD_Color.o [3]
  .text               ro code  0x0800bd90     0x10  GUI_Pen.o [3]
  .text               ro code  0x0800bda0     0x14  GUI_SetTextAlign.o [3]
  .text               ro code  0x0800bdb4     0x14  GUI_SetTextMode.o [3]
  .text               ro code  0x0800bdc8     0x14  GUI_SetFont.o [3]
  .text               ro code  0x0800bddc     0x10  GUI_SetLineStyle.o [3]
  .text               ro code  0x0800bdec     0x38  WM__SendMessageNoPara.o [3]
  .text               ro code  0x0800be24     0x1e  GUI_GetOrg.o [3]
  .text               ro code  0x0800be44     0x28  GUIDEV_GetYSize.o [3]
  .text               ro code  0x0800be6c     0x30  GUIDEV_ReduceYSize.o [3]
  .text               ro code  0x0800be9c     0x68  GUIDEV_SetOrg.o [3]
  .text               ro code  0x0800bf04     0x3c  GUIDEV_Clear.o [3]
  .text               ro code  0x0800bf40     0x38  WM_OnKey.o [3]
  .text               ro code  0x0800bf78     0x2c  GUI_Goto.o [3]
  .text               ro code  0x0800bfa4     0x1c  GUIConf.o [1]
  .text               ro code  0x0800bfc0     0xea  LCDConf_FlexColor.o [1]
  .text               ro code  0x0800c0ac     0x2a  GUI_X.o [1]
  .text               ro code  0x0800c0d8     0x18  WM_GetDesktopWindow.o [3]
  .text               ro code  0x0800c0f0     0x30  GUI_SetOrg.o [3]
  .text               ro code  0x0800c120     0x44  LCD_SelectLCD.o [3]
  .text               ro code  0x0800c164    0x240  GUI__CompactPixelIndices.o [3]
  .text               ro code  0x0800c3a4     0x1c  GUIDEV_GetDataPtr.o [3]
  .text               ro code  0x0800c3c0     0x10  WM__GetFirstSibling.o [3]
  .text               ro code  0x0800c3d0     0x1a  LCD_GetNumDisplays.o [3]
  .text               ro code  0x0800c3ec     0x90  LCD_Set.o [3]
  .text               ro code  0x0800c47c      0x6  ABImemclr4.o [6]
  .text               ro code  0x0800c484    0x5e4  GUIDRV_FlexColor.o [3]
  .text               ro code  0x0800ca68    0x20c  LCD_ini.o [1]
  .text               ro code  0x0800cc74     0x32  ABImemset48.o [6]
  .rodata             const    0x0800cca8    0xc30  F8x16.o [3]
  .text               ro code  0x0800d8d8    0x958  GUIDEV_32.o [3]
  .text               ro code  0x0800e230    0x304  GUI__Alpha.o [3]
  .text               ro code  0x0800e534    0x1b4  LCD_ReadRect.o [3]
  .text               ro code  0x0800e6e8    0x120  GUI__ExpandPixelIndices.o [3]
  .text               ro code  0x0800e808    0x94c  GUIDEV_16.o [3]
  .text               ro code  0x0800f154     0x40  GUI__memset16.o [3]
  .rodata             const    0x0800f194    0x718  F6x8.o [3]
  .text               ro code  0x0800f8ac    0x610  GUIDRV_FlexColor_16bpp_C0B16.o [3]
  .rodata             const    0x0800febc    0x600  Arial16.o [1]
  .text               ro code  0x080104bc    0x496  main.o [1]
  .text               ro code  0x08010954     0x34  GUI_DispStringHCenter.o [3]
  .text               ro code  0x08010988     0x18  GUI_GetVersionString.o [3]
  .text               ro code  0x080109a0     0x40  stm32f4xx_hal.o [1]
  .text               ro code  0x080109e0    0x118  lwip.o [1]
  .text               ro code  0x08010af8     0x5c  XPT2046.o [1]
  .text               ro code  0x08010b54    0x158  my_tcp.o [1]
  .text               ro code  0x08010cac     0x2a  GUI_Time.o [3]
  .text               ro code  0x08010cd8    0x3b4  stm32f4xx_hal_rcc.o [1]
  .text               ro code  0x0801108c    0x316  stm32f4xx_hal_spi.o [1]
  .text               ro code  0x080113a4    0x398  stm32f4xx_hal_uart.o [1]
  .text               ro code  0x0801173c     0x5c  stm32f4xx_hal_sram.o [1]
  .text               ro code  0x08011798     0x10  GUI_DispStringAt.o [3]
  .text               ro code  0x080117a8    0x200  stm32f4xx_hal_msp.o [1]
  .text               ro code  0x080119a8     0x1c  init.o [1]
  .text               ro code  0x080119c4     0xfc  GUI_DispString.o [3]
  .text               ro code  0x08011ac0     0x48  GUI_Exec.o [3]
  .text               ro code  0x08011b08     0xf0  stm32f4xx_ll_fsmc.o [1]
  .text               ro code  0x08011bf8     0x54  GUI_Char.o [3]
  .text               ro code  0x08011c4c    0x1b8  GUI_CharLine.o [3]
  .text               ro code  0x08011e04     0x4c  GUI_UC.o [3]
  .text               ro code  0x08011e50    0x350  GUIDRV_FlexColor_Func66708.o [3]
  .text               ro code  0x080121a0    0x19c  GUIDEV_WriteToActiveAlpha.o [3]
  .text               ro code  0x0801233c    0x17a  GUI_CharM.o [3]
  .text               ro code  0x080124b8    0x164  GUIDEV_StaticDevices.o [3]
  .text               ro code  0x0801261c     0x48  WM_SetSize.o [3]
  .text               ro code  0x08012664     0x24  GUI_SetAlpha.o [3]
  .text               ro code  0x08012688     0x16  WM_GetOrg.o [3]
  .text               ro code  0x080126a0     0x7c  GUIDEV_Write.o [3]
  .text               ro code  0x0801271c     0xf4  WM_ResizeWindow.o [3]
  .text               ro code  0x08012810     0x10  LCD_AA.o [3]
  .text               ro code  0x08012820     0xc2  WM__UpdateChildPositions.o [3]
  .text               ro code  0x080128e4    0x12c  WM_Move.o [3]
  .text               ro code  0x08012a10    0x12c  GUI_CharP.o [3]
  .text               ro code  0x08012b3c     0x16  GUI_GetColor.o [3]
  .text               ro code  0x08012b54     0x18  LCD_GetColorIndex.o [3]
  .rodata             const    0x08012b6c    0x100  GUI__DivTbl_255_31.o [3]
  .rodata             const    0x08012c6c    0x100  GUI__DivTbl_255_63.o [3]
  .rodata             const    0x08012d6c    0x100  LCD_Mirror.o [3]
  .text               ro code  0x08012e6c     0xc4  GUICC_565.o [3]
  .text               ro code  0x08012f30     0xb8  GUICC_0.o [3]
  .text               ro code  0x08012fe8     0x3e  GUI_CalcColorDist.o [3]
  .text               ro code  0x08013028     0x6c  system_stm32f4xx.o [1]
  .rodata             const    0x08013094     0x40  GUI__DivTbl_63_255.o [3]
  .text               ro code  0x080130d4     0x40  zero_init3.o [6]
  .text               ro code  0x08013114     0x38  packbits_init_single.o [6]
  .rodata             const    0x0801314c     0x34  GUIDRV_FlexColor.o [3]
  .text               ro code  0x08013180     0x28  GUICC_8888.o [3]
  .text               ro code  0x080131a8     0x28  data_init.o [6]
  .rodata             const    0x080131d0     0x24  Arial16.o [1]
  .text               ro code  0x080131f4     0x24  GUI_UC_EncodeNone.o [3]
  .text               ro code  0x08013218     0x22  fpinit_M.o [5]
  .iar.init_table     const    0x0801323c     0x20  - Linker created -
  .rodata             const    0x0801325c     0x20  Arial16.o [1]
  .rodata             const    0x0801327c     0x20  Arial16.o [1]
  .rodata             const    0x0801329c     0x20  Arial16.o [1]
  .rodata             const    0x080132bc     0x20  Arial16.o [1]
  .rodata             const    0x080132dc     0x20  Arial16.o [1]
  .rodata             const    0x080132fc     0x20  Arial16.o [1]
  .rodata             const    0x0801331c     0x20  Arial16.o [1]
  .rodata             const    0x0801333c     0x20  Arial16.o [1]
  .rodata             const    0x0801335c     0x20  Arial16.o [1]
  .rodata             const    0x0801337c     0x20  Arial16.o [1]
  .rodata             const    0x0801339c     0x20  Arial16.o [1]
  .rodata             const    0x080133bc     0x20  Arial16.o [1]
  .rodata             const    0x080133dc     0x20  Arial16.o [1]
  .rodata             const    0x080133fc     0x20  Arial16.o [1]
  .rodata             const    0x0801341c     0x20  Arial16.o [1]
  .rodata             const    0x0801343c     0x20  Arial16.o [1]
  .rodata             const    0x0801345c     0x20  Arial16.o [1]
  .rodata             const    0x0801347c     0x20  Arial16.o [1]
  .rodata             const    0x0801349c     0x20  Arial16.o [1]
  .rodata             const    0x080134bc     0x20  Arial16.o [1]
  .rodata             const    0x080134dc     0x20  Arial16.o [1]
  .rodata             const    0x080134fc     0x20  Arial16.o [1]
  .rodata             const    0x0801351c     0x20  Arial16.o [1]
  .rodata             const    0x0801353c     0x20  Arial16.o [1]
  .rodata             const    0x0801355c     0x20  Arial16.o [1]
  .rodata             const    0x0801357c     0x20  Arial16.o [1]
  .rodata             const    0x0801359c     0x20  Arial16.o [1]
  .rodata             const    0x080135bc     0x20  Arial16.o [1]
  .rodata             const    0x080135dc     0x20  Arial16.o [1]
  .rodata             const    0x080135fc     0x20  Arial16.o [1]
  .rodata             const    0x0801361c     0x20  Arial16.o [1]
  .rodata             const    0x0801363c     0x20  Arial16.o [1]
  .rodata             const    0x0801365c     0x20  Arial16.o [1]
  .rodata             const    0x0801367c     0x20  Arial16.o [1]
  .rodata             const    0x0801369c     0x20  Arial16.o [1]
  .rodata             const    0x080136bc     0x20  Arial16.o [1]
  .rodata             const    0x080136dc     0x20  Arial16.o [1]
  .rodata             const    0x080136fc     0x20  Arial16.o [1]
  .rodata             const    0x0801371c     0x20  Arial16.o [1]
  .rodata             const    0x0801373c     0x20  Arial16.o [1]
  .rodata             const    0x0801375c     0x20  Arial16.o [1]
  .rodata             const    0x0801377c     0x20  Arial16.o [1]
  .rodata             const    0x0801379c     0x20  Arial16.o [1]
  .rodata             const    0x080137bc     0x20  Arial16.o [1]
  .rodata             const    0x080137dc     0x20  Arial16.o [1]
  .rodata             const    0x080137fc     0x20  Arial16.o [1]
  .rodata             const    0x0801381c     0x20  Arial16.o [1]
  .rodata             const    0x0801383c     0x20  Arial16.o [1]
  .rodata             const    0x0801385c     0x20  Arial16.o [1]
  .rodata             const    0x0801387c     0x20  Arial16.o [1]
  .rodata             const    0x0801389c     0x20  Arial16.o [1]
  .rodata             const    0x080138bc     0x20  Arial16.o [1]
  .rodata             const    0x080138dc     0x20  Arial16.o [1]
  .rodata             const    0x080138fc     0x20  Arial16.o [1]
  .rodata             const    0x0801391c     0x20  Arial16.o [1]
  .rodata             const    0x0801393c     0x20  Arial16.o [1]
  .rodata             const    0x0801395c     0x20  Arial16.o [1]
  .rodata             const    0x0801397c     0x20  Arial16.o [1]
  .rodata             const    0x0801399c     0x20  Arial16.o [1]
  .rodata             const    0x080139bc     0x20  Arial16.o [1]
  .rodata             const    0x080139dc     0x20  Arial16.o [1]
  .rodata             const    0x080139fc     0x20  Arial16.o [1]
  .rodata             const    0x08013a1c     0x20  Arial16.o [1]
  .rodata             const    0x08013a3c     0x20  GUI__DivTbl_31_255.o [3]
  .text               ro code  0x08013a5c     0x20  stm32f4xx_it.o [1]
  .text               ro code  0x08013a7c     0x10  stm32f4xx_hal.o [1]
  .rodata             const    0x08013a8c     0x1c  main.o [1]
  .text               ro code  0x08013aa8     0x1a  cmain.o [6]
  .text               ro code  0x08013ac2      0x4  low_level_init.o [4]
  .text               ro code  0x08013ac6      0x4  exit.o [4]
  .text               ro code  0x08013acc      0xa  cexit.o [6]
  .text               ro code  0x08013ad8     0x14  exit.o [7]
  .rodata             const    0x08013aec     0x18  main.o [1]
  .rodata             const    0x08013b04     0x18  main.o [1]
  .rodata             const    0x08013b1c     0x18  my_tcp.o [1]
  .rodata             const    0x08013b34     0x18  GUICC_565.o [3]
  .rodata             const    0x08013b4c     0x18  GUICC_0.o [3]
  .rodata             const    0x08013b64     0x18  GUICC_8888.o [3]
  .rodata             const    0x08013b7c     0x10  Arial16.o [1]
  .rodata             const    0x08013b8c     0x10  Arial16.o [1]
  .rodata             const    0x08013b9c     0x10  Arial16.o [1]
  .rodata             const    0x08013bac     0x10  Arial16.o [1]
  .rodata             const    0x08013bbc     0x10  Arial16.o [1]
  .rodata             const    0x08013bcc     0x10  Arial16.o [1]
  .rodata             const    0x08013bdc     0x10  Arial16.o [1]
  .rodata             const    0x08013bec     0x10  Arial16.o [1]
  .rodata             const    0x08013bfc     0x10  Arial16.o [1]
  .rodata             const    0x08013c0c     0x10  Arial16.o [1]
  .rodata             const    0x08013c1c     0x10  Arial16.o [1]
  .rodata             const    0x08013c2c     0x10  Arial16.o [1]
  .rodata             const    0x08013c3c     0x10  Arial16.o [1]
  .rodata             const    0x08013c4c     0x10  Arial16.o [1]
  .rodata             const    0x08013c5c     0x10  Arial16.o [1]
  .rodata             const    0x08013c6c     0x10  Arial16.o [1]
  .rodata             const    0x08013c7c     0x10  Arial16.o [1]
  .rodata             const    0x08013c8c     0x10  Arial16.o [1]
  .rodata             const    0x08013c9c     0x10  Arial16.o [1]
  .rodata             const    0x08013cac     0x10  Arial16.o [1]
  .rodata             const    0x08013cbc     0x10  Arial16.o [1]
  .rodata             const    0x08013ccc     0x10  Arial16.o [1]
  .rodata             const    0x08013cdc     0x10  Arial16.o [1]
  .rodata             const    0x08013cec     0x10  Arial16.o [1]
  .rodata             const    0x08013cfc     0x10  Arial16.o [1]
  .rodata             const    0x08013d0c     0x10  Arial16.o [1]
  .rodata             const    0x08013d1c     0x10  Arial16.o [1]
  .rodata             const    0x08013d2c     0x10  Arial16.o [1]
  .rodata             const    0x08013d3c     0x10  Arial16.o [1]
  .rodata             const    0x08013d4c     0x10  Arial16.o [1]
  .rodata             const    0x08013d5c     0x10  Arial16.o [1]
  .rodata             const    0x08013d6c     0x10  Arial16.o [1]
  .rodata             const    0x08013d7c     0x10  Arial16.o [1]
  .rodata             const    0x08013d8c     0x10  Arial16.o [1]
  .rodata             const    0x08013d9c     0x10  Arial16.o [1]
  .rodata             const    0x08013dac     0x10  Arial16.o [1]
  .rodata             const    0x08013dbc     0x10  Arial16.o [1]
  .rodata             const    0x08013dcc     0x10  Arial16.o [1]
  .rodata             const    0x08013ddc     0x10  Arial16.o [1]
  .rodata             const    0x08013dec     0x10  Arial16.o [1]
  .rodata             const    0x08013dfc     0x10  Arial16.o [1]
  .rodata             const    0x08013e0c     0x10  Arial16.o [1]
  .rodata             const    0x08013e1c     0x10  Arial16.o [1]
  .rodata             const    0x08013e2c     0x10  Arial16.o [1]
  .rodata             const    0x08013e3c     0x10  Arial16.o [1]
  .rodata             const    0x08013e4c     0x10  Arial16.o [1]
  .rodata             const    0x08013e5c     0x10  Arial16.o [1]
  .rodata             const    0x08013e6c     0x10  Arial16.o [1]
  .rodata             const    0x08013e7c     0x10  Arial16.o [1]
  .rodata             const    0x08013e8c     0x10  Arial16.o [1]
  .rodata             const    0x08013e9c     0x10  Arial16.o [1]
  .rodata             const    0x08013eac     0x10  Arial16.o [1]
  .rodata             const    0x08013ebc     0x10  Arial16.o [1]
  .rodata             const    0x08013ecc     0x10  Arial16.o [1]
  .rodata             const    0x08013edc     0x10  Arial16.o [1]
  .rodata             const    0x08013eec     0x10  Arial16.o [1]
  .rodata             const    0x08013efc     0x10  Arial16.o [1]
  .rodata             const    0x08013f0c     0x10  Arial16.o [1]
  .rodata             const    0x08013f1c     0x10  Arial16.o [1]
  .rodata             const    0x08013f2c     0x10  Arial16.o [1]
  .rodata             const    0x08013f3c     0x10  Arial16.o [1]
  .rodata             const    0x08013f4c     0x10  Arial16.o [1]
  .rodata             const    0x08013f5c     0x10  Arial16.o [1]
  .rodata             const    0x08013f6c     0x10  Arial16.o [1]
  .rodata             const    0x08013f7c     0x10  Arial16.o [1]
  .rodata             const    0x08013f8c     0x10  Arial16.o [1]
  .rodata             const    0x08013f9c     0x10  Arial16.o [1]
  .rodata             const    0x08013fac     0x10  Arial16.o [1]
  .rodata             const    0x08013fbc     0x10  Arial16.o [1]
  .rodata             const    0x08013fcc     0x10  Arial16.o [1]
  .rodata             const    0x08013fdc     0x10  Arial16.o [1]
  .rodata             const    0x08013fec     0x10  Arial16.o [1]
  .rodata             const    0x08013ffc     0x10  Arial16.o [1]
  .rodata             const    0x0801400c     0x10  Arial16.o [1]
  .rodata             const    0x0801401c     0x10  Arial16.o [1]
  .rodata             const    0x0801402c     0x10  Arial16.o [1]
  .rodata             const    0x0801403c     0x10  Arial16.o [1]
  .rodata             const    0x0801404c     0x10  Arial16.o [1]
  .rodata             const    0x0801405c     0x10  Arial16.o [1]
  .rodata             const    0x0801406c     0x10  Arial16.o [1]
  .rodata             const    0x0801407c     0x10  Arial16.o [1]
  .rodata             const    0x0801408c     0x10  Arial16.o [1]
  .rodata             const    0x0801409c     0x10  Arial16.o [1]
  .rodata             const    0x080140ac     0x10  Arial16.o [1]
  .rodata             const    0x080140bc     0x10  Arial16.o [1]
  .rodata             const    0x080140cc     0x10  Arial16.o [1]
  .rodata             const    0x080140dc     0x10  Arial16.o [1]
  .rodata             const    0x080140ec     0x10  Arial16.o [1]
  .rodata             const    0x080140fc     0x10  Arial16.o [1]
  .rodata             const    0x0801410c     0x10  Arial16.o [1]
  .rodata             const    0x0801411c     0x10  Arial16.o [1]
  .rodata             const    0x0801412c     0x10  Arial16.o [1]
  .rodata             const    0x0801413c     0x10  Arial16.o [1]
  .rodata             const    0x0801414c     0x10  Arial16.o [1]
  .rodata             const    0x0801415c     0x10  Arial16.o [1]
  .rodata             const    0x0801416c     0x10  Arial16.o [1]
  .rodata             const    0x0801417c     0x10  Arial16.o [1]
  .rodata             const    0x0801418c     0x10  Arial16.o [1]
  .rodata             const    0x0801419c     0x10  Arial16.o [1]
  .rodata             const    0x080141ac     0x10  Arial16.o [1]
  .rodata             const    0x080141bc     0x10  Arial16.o [1]
  .rodata             const    0x080141cc     0x10  Arial16.o [1]
  .rodata             const    0x080141dc     0x10  Arial16.o [1]
  .rodata             const    0x080141ec     0x10  Arial16.o [1]
  .rodata             const    0x080141fc     0x10  Arial16.o [1]
  .rodata             const    0x0801420c     0x10  Arial16.o [1]
  .rodata             const    0x0801421c     0x10  Arial16.o [1]
  .rodata             const    0x0801422c     0x10  Arial16.o [1]
  .rodata             const    0x0801423c     0x10  Arial16.o [1]
  .rodata             const    0x0801424c     0x10  Arial16.o [1]
  .rodata             const    0x0801425c     0x10  Arial16.o [1]
  .rodata             const    0x0801426c     0x10  Arial16.o [1]
  .rodata             const    0x0801427c     0x10  Arial16.o [1]
  .rodata             const    0x0801428c     0x10  Arial16.o [1]
  .rodata             const    0x0801429c     0x10  Arial16.o [1]
  .rodata             const    0x080142ac     0x10  Arial16.o [1]
  .rodata             const    0x080142bc     0x10  Arial16.o [1]
  .rodata             const    0x080142cc     0x10  Arial16.o [1]
  .rodata             const    0x080142dc     0x10  Arial16.o [1]
  .rodata             const    0x080142ec     0x10  Arial16.o [1]
  .rodata             const    0x080142fc     0x10  Arial16.o [1]
  .rodata             const    0x0801430c     0x10  Arial16.o [1]
  .rodata             const    0x0801431c     0x10  Arial16.o [1]
  .rodata             const    0x0801432c     0x10  Arial16.o [1]
  .rodata             const    0x0801433c     0x10  Arial16.o [1]
  .rodata             const    0x0801434c     0x10  Arial16.o [1]
  .rodata             const    0x0801435c     0x10  Arial16.o [1]
  .rodata             const    0x0801436c     0x10  Arial16.o [1]
  .rodata             const    0x0801437c     0x10  Arial16.o [1]
  .rodata             const    0x0801438c     0x10  my_tcp.o [1]
  .rodata             const    0x0801439c     0x10  stm32f4xx_hal_rcc.o [1]
  .rodata             const    0x080143ac     0x10  tcp.o [1]
  .rodata             const    0x080143bc     0x10  tcp.o [1]
  .text               ro code  0x080143cc     0x10  startup_stm32f407xx.o [1]
  .rodata             const    0x080143dc      0xc  Arial16.o [1]
  .rodata             const    0x080143e8      0xc  Arial16.o [1]
  .rodata             const    0x080143f4      0xc  memp.o [1]
  .rodata             const    0x08014400      0xc  memp.o [1]
  .rodata             const    0x0801440c      0xc  memp.o [1]
  .rodata             const    0x08014418      0xc  memp.o [1]
  .rodata             const    0x08014424      0xc  memp.o [1]
  .rodata             const    0x08014430      0xc  memp.o [1]
  .rodata             const    0x0801443c      0xc  memp.o [1]
  .rodata             const    0x08014448      0xc  memp.o [1]
  .rodata             const    0x08014454      0xc  memp.o [1]
  .rodata             const    0x08014460      0xc  LCD.o [3]
  .text               ro code  0x0801446c      0xc  cstartup_M.o [6]
  .rodata             const    0x08014478      0x8  etharp.o [1]
  .rodata             const    0x08014480      0x8  etharp.o [1]
  .rodata             const    0x08014488      0x8  tcp.o [1]
  .rodata             const    0x08014490      0x4  ip4_addr.o [1]
  .rodata             const    0x08014494      0x4  ip4_addr.o [1]
  .text               ro code  0x08014498      0x4  startup_stm32f407xx.o [1]
  .text               ro code  0x0801449c      0x4  startup_stm32f407xx.o [1]
  .text               ro code  0x080144a0      0x4  startup_stm32f407xx.o [1]
  .text               ro code  0x080144a4      0x4  startup_stm32f407xx.o [1]
  .text               ro code  0x080144a8      0x4  startup_stm32f407xx.o [1]
  .text               ro code  0x080144ac      0x4  startup_stm32f407xx.o [1]
  .text               ro code  0x080144b0      0x4  startup_stm32f407xx.o [1]
  .text               ro code  0x080144b4      0x4  startup_stm32f407xx.o [1]
  .text               ro code  0x080144b8      0x4  startup_stm32f407xx.o [1]
  .text               ro code  0x080144bc      0x4  startup_stm32f407xx.o [1]
  .text               ro code  0x080144c0      0x4  startup_stm32f407xx.o [1]
  .text               ro code  0x080144c4      0x4  startup_stm32f407xx.o [1]
  .text               ro code  0x080144c8      0x4  startup_stm32f407xx.o [1]
  .text               ro code  0x080144cc      0x4  startup_stm32f407xx.o [1]
  .text               ro code  0x080144d0      0x4  startup_stm32f407xx.o [1]
  .text               ro code  0x080144d4      0x4  startup_stm32f407xx.o [1]
  .text               ro code  0x080144d8      0x4  startup_stm32f407xx.o [1]
  .text               ro code  0x080144dc      0x4  startup_stm32f407xx.o [1]
  .text               ro code  0x080144e0      0x4  startup_stm32f407xx.o [1]
  .text               ro code  0x080144e4      0x4  startup_stm32f407xx.o [1]
  .text               ro code  0x080144e8      0x4  startup_stm32f407xx.o [1]
  .text               ro code  0x080144ec      0x4  startup_stm32f407xx.o [1]
  .text               ro code  0x080144f0      0x4  startup_stm32f407xx.o [1]
  .text               ro code  0x080144f4      0x4  startup_stm32f407xx.o [1]
  .text               ro code  0x080144f8      0x4  startup_stm32f407xx.o [1]
  .text               ro code  0x080144fc      0x4  startup_stm32f407xx.o [1]
  .text               ro code  0x08014500      0x4  startup_stm32f407xx.o [1]
  .text               ro code  0x08014504      0x4  startup_stm32f407xx.o [1]
  .text               ro code  0x08014508      0x4  startup_stm32f407xx.o [1]
  .text               ro code  0x0801450c      0x4  startup_stm32f407xx.o [1]
  .text               ro code  0x08014510      0x4  startup_stm32f407xx.o [1]
  .text               ro code  0x08014514      0x4  startup_stm32f407xx.o [1]
  .text               ro code  0x08014518      0x4  startup_stm32f407xx.o [1]
  .text               ro code  0x0801451c      0x4  startup_stm32f407xx.o [1]
  .text               ro code  0x08014520      0x4  startup_stm32f407xx.o [1]
  .text               ro code  0x08014524      0x4  startup_stm32f407xx.o [1]
  .text               ro code  0x08014528      0x4  startup_stm32f407xx.o [1]
  .text               ro code  0x0801452c      0x4  startup_stm32f407xx.o [1]
  .text               ro code  0x08014530      0x4  startup_stm32f407xx.o [1]
  .text               ro code  0x08014534      0x4  startup_stm32f407xx.o [1]
  .text               ro code  0x08014538      0x4  startup_stm32f407xx.o [1]
  .text               ro code  0x0801453c      0x4  startup_stm32f407xx.o [1]
  .text               ro code  0x08014540      0x4  startup_stm32f407xx.o [1]
  .text               ro code  0x08014544      0x4  startup_stm32f407xx.o [1]
  .text               ro code  0x08014548      0x4  startup_stm32f407xx.o [1]
  .text               ro code  0x0801454c      0x4  startup_stm32f407xx.o [1]
  .text               ro code  0x08014550      0x4  startup_stm32f407xx.o [1]
  .text               ro code  0x08014554      0x4  startup_stm32f407xx.o [1]
  .text               ro code  0x08014558      0x4  startup_stm32f407xx.o [1]
  .text               ro code  0x0801455c      0x4  startup_stm32f407xx.o [1]
  .text               ro code  0x08014560      0x4  startup_stm32f407xx.o [1]
  .text               ro code  0x08014564      0x4  startup_stm32f407xx.o [1]
  .text               ro code  0x08014568      0x4  startup_stm32f407xx.o [1]
  .text               ro code  0x0801456c      0x4  startup_stm32f407xx.o [1]
  .text               ro code  0x08014570      0x4  startup_stm32f407xx.o [1]
  .text               ro code  0x08014574      0x4  startup_stm32f407xx.o [1]
  .text               ro code  0x08014578      0x4  startup_stm32f407xx.o [1]
  .text               ro code  0x0801457c      0x4  startup_stm32f407xx.o [1]
  .text               ro code  0x08014580      0x4  startup_stm32f407xx.o [1]
  .text               ro code  0x08014584      0x4  startup_stm32f407xx.o [1]
  .text               ro code  0x08014588      0x4  startup_stm32f407xx.o [1]
  .text               ro code  0x0801458c      0x4  startup_stm32f407xx.o [1]
  .text               ro code  0x08014590      0x4  startup_stm32f407xx.o [1]
  .text               ro code  0x08014594      0x4  startup_stm32f407xx.o [1]
  .text               ro code  0x08014598      0x4  startup_stm32f407xx.o [1]
  .text               ro code  0x0801459c      0x4  startup_stm32f407xx.o [1]
  .text               ro code  0x080145a0      0x4  startup_stm32f407xx.o [1]
  .text               ro code  0x080145a4      0x4  startup_stm32f407xx.o [1]
  .text               ro code  0x080145a8      0x4  startup_stm32f407xx.o [1]
  .text               ro code  0x080145ac      0x4  startup_stm32f407xx.o [1]
  .text               ro code  0x080145b0      0x4  startup_stm32f407xx.o [1]
  .text               ro code  0x080145b4      0x4  startup_stm32f407xx.o [1]
  .text               ro code  0x080145b8      0x4  startup_stm32f407xx.o [1]
  .text               ro code  0x080145bc      0x4  startup_stm32f407xx.o [1]
  .text               ro code  0x080145c0      0x4  startup_stm32f407xx.o [1]
  .text               ro code  0x080145c4      0x4  startup_stm32f407xx.o [1]
  .text               ro code  0x080145c8      0x4  startup_stm32f407xx.o [1]
  .text               ro code  0x080145cc      0x4  startup_stm32f407xx.o [1]
  .text               ro code  0x080145d0      0x4  startup_stm32f407xx.o [1]
  .text               ro code  0x080145d4      0x4  startup_stm32f407xx.o [1]
  .text               ro code  0x080145d8      0x4  startup_stm32f407xx.o [1]
  .rodata             const    0x080145dc      0x0  zero_init3.o [6]
  .rodata             const    0x080145dc      0x0  packbits_init_single.o [6]
  Initializer bytes   const    0x080145dc     0x6a  <for P2-1>
                             - 0x08014646  0x144be

"P2", part 1 of 3:                           0x189
  P2-1                         0x20000000    0x189  <Init block>
    .data             inited   0x20000000      0x4  dhcp.o [1]
    .data             inited   0x20000004     0x24  memp.o [1]
    .data             inited   0x20000028      0x4  system_stm32f4xx.o [1]
    .data             inited   0x2000002c      0x4  tcp.o [1]
    .data             inited   0x20000030     0x80  GUI_Core.o [3]
    .data             inited   0x200000b0      0x8  GUI_GetVersionString.o [3]
    .data             inited   0x200000b8      0x4  LCD.o [3]
    .data             inited   0x200000bc     0x10  LCD_Color.o [3]
    .data             inited   0x200000cc      0x4  GUI_CharLine.o [3]
    .data             inited   0x200000d0     0x10  GUI_OnKey.o [3]
    .data             inited   0x200000e0     0x14  WM_Touch.o [3]
    .data             inited   0x200000f4      0x4  LCD_AA.o [3]
    __DLIB_PERTHREAD  inited   0x200000f8     0x8c  rand.o [4]
    .data             inited   0x20000184      0x2  tcp.o [1]
    .data             inited   0x20000186      0x2  udp.o [1]
    .data             inited   0x20000188      0x1  GUIDEV_StaticDevices.o [3]
                             - 0x20000189    0x189

"P2", part 2 of 3:                           0x400
  CSTACK                       0x20000190    0x400  <Block>
    CSTACK            uninit   0x20000190    0x400  <Block tail>
                             - 0x20000590    0x400

"P2", part 3 of 3:                         0x16e94
  .bss                zero     0x20000590  0x10000  GUIConf.o [1]
  .bss                zero     0x20010590   0x2600  memp.o [1]
  .bss                zero     0x20012b90   0x17d0  ethernetif.o [1]
  .bss                zero     0x20014360   0x17d0  ethernetif.o [1]
  .bss                zero     0x20015b30    0x654  mem.o [1]
  .bss                zero     0x20016184    0x2f8  memp.o [1]
  .bss                zero     0x2001647c    0x200  main.o [1]
  .bss                zero     0x2001667c    0x168  memp.o [1]
  .bss                zero     0x200167e4    0x100  main.o [1]
  .bss                zero     0x200168e4    0x100  memp.o [1]
  .bss                zero     0x200169e4    0x100  memp.o [1]
  .bss                zero     0x20016ae4     0xf0  etharp.o [1]
  .bss                zero     0x20016bd4     0xe0  memp.o [1]
  .bss                zero     0x20016cb4     0xc0  GUI_Alloc.o [3]
  .bss                zero     0x20016d74     0xa0  memp.o [1]
  .bss                zero     0x20016e14     0x80  ethernetif.o [1]
  .bss                zero     0x20016e94     0x80  ethernetif.o [1]
  .bss                zero     0x20016f14     0x80  memp.o [1]
  .bss                zero     0x20016f94     0x78  WM.o [3]
  .bss                zero     0x2001700c     0x58  main.o [1]
  .bss                zero     0x20017064     0x58  GUI_OnKey.o [3]
  .bss                zero     0x200170bc     0x50  main.o [1]
  .bss                zero     0x2001710c     0x50  memp.o [1]
  .bss                zero     0x2001715c     0x48  ethernetif.o [1]
  .bss                zero     0x200171a4     0x40  main.o [1]
  .bss                zero     0x200171e4     0x40  main.o [1]
  .bss                zero     0x20017224     0x40  WM_Touch.o [3]
  .bss                zero     0x20017264     0x34  lwip.o [1]
  .bss                zero     0x20017298     0x1c  GUI__Alpha.o [3]
  .bss                zero     0x200172b4     0x18  ip4.o [1]
  .bss                zero     0x200172cc     0x14  GUI_Alloc.o [3]
  .bss                zero     0x200172e0     0x14  GUI_Timer.o [3]
  .bss                zero     0x200172f4     0x10  tcp_in.o [1]
  .bss                zero     0x20017304     0x10  GUI__ManageCache.o [3]
  .bss                zero     0x20017314      0xc  GUI_Core.o [3]
  .bss                zero     0x20017320      0xc  GUI_Core.o [3]
  .bss                zero     0x2001732c      0x8  LCD_GetEx.o [3]
  .bss                zero     0x20017334      0x4  dhcp.o [1]
  .bss                zero     0x20017338      0x4  GUI_X.o [1]
  .bss                zero     0x2001733c      0x4  ip_frag.o [1]
  .bss                zero     0x20017340      0x4  lwip.o [1]
  .bss                zero     0x20017344      0x4  lwip.o [1]
  .bss                zero     0x20017348      0x4  lwip.o [1]
  .bss                zero     0x2001734c      0x4  lwip.o [1]
  .bss                zero     0x20017350      0x4  lwip.o [1]
  .bss                zero     0x20017354      0x4  lwip.o [1]
  .bss                zero     0x20017358      0x4  lwip_timers.o [1]
  .bss                zero     0x2001735c      0x4  lwip_timers.o [1]
  .bss                zero     0x20017360      0x4  lwip_timers.o [1]
  .bss                zero     0x20017364      0x4  mem.o [1]
  .bss                zero     0x20017368      0x4  mem.o [1]
  .bss                zero     0x2001736c      0x4  mem.o [1]
  .bss                zero     0x20017370      0x4  memp.o [1]
  .bss                zero     0x20017374      0x4  memp.o [1]
  .bss                zero     0x20017378      0x4  memp.o [1]
  .bss                zero     0x2001737c      0x4  memp.o [1]
  .bss                zero     0x20017380      0x4  memp.o [1]
  .bss                zero     0x20017384      0x4  memp.o [1]
  .bss                zero     0x20017388      0x4  memp.o [1]
  .bss                zero     0x2001738c      0x4  memp.o [1]
  .bss                zero     0x20017390      0x4  memp.o [1]
  .bss                zero     0x20017394      0x4  netif.o [1]
  .bss                zero     0x20017398      0x4  netif.o [1]
  .bss                zero     0x2001739c      0x4  stm32f4xx_hal.o [1]
  .bss                zero     0x200173a0      0x4  stm32f4xx_hal_msp.o [1]
  .bss                zero     0x200173a4      0x4  tcp.o [1]
  .bss                zero     0x200173a8      0x4  tcp.o [1]
  .bss                zero     0x200173ac      0x4  tcp.o [1]
  .bss                zero     0x200173b0      0x4  tcp.o [1]
  .bss                zero     0x200173b4      0x4  tcp.o [1]
  .bss                zero     0x200173b8      0x4  tcp_in.o [1]
  .bss                zero     0x200173bc      0x4  tcp_in.o [1]
  .bss                zero     0x200173c0      0x4  tcp_in.o [1]
  .bss                zero     0x200173c4      0x4  tcp_in.o [1]
  .bss                zero     0x200173c8      0x4  tcp_in.o [1]
  .bss                zero     0x200173cc      0x4  tcp_in.o [1]
  .bss                zero     0x200173d0      0x4  udp.o [1]
  .bss                zero     0x200173d4      0x4  GUI_Core.o [3]
  .bss                zero     0x200173d8      0x4  GUI_Core.o [3]
  .bss                zero     0x200173dc      0x4  GUI_Core.o [3]
  .bss                zero     0x200173e0      0x4  GUI_Core.o [3]
  .bss                zero     0x200173e4      0x4  GUI_Core.o [3]
  .bss                zero     0x200173e8      0x4  GUI_Core.o [3]
  .bss                zero     0x200173ec      0x4  GUI_Core.o [3]
  .bss                zero     0x200173f0      0x4  GUIDRV_FlexColor.o [3]
  .bss                zero     0x200173f4      0x4  WM.o [3]
  .bss                zero     0x200173f8      0x4  GUI_WaitEvent.o [3]
  .bss                zero     0x200173fc      0x4  GUIDEV_Banding.o [3]
  .bss                zero     0x20017400      0x4  WM__SendMessage.o [3]
  .bss                zero     0x20017404      0x4  GUI__Alpha.o [3]
  .bss                zero     0x20017408      0x2  ip4.o [1]
  .bss                zero     0x2001740a      0x2  ip_frag.o [1]
  .bss                zero     0x2001740c      0x2  tcp_in.o [1]
  .bss                zero     0x2001740e      0x2  tcp_in.o [1]
  .bss                zero     0x20017410      0x2  tcp_in.o [1]
  .bss                zero     0x20017412      0x2  GUI_Core.o [3]
  .bss                zero     0x20017414      0x2  GUI_Core.o [3]
  .bss                zero     0x20017416      0x2  GUI_Core.o [3]
  .bss                zero     0x20017418      0x1  etharp.o [1]
  .bss                zero     0x20017419      0x1  netif.o [1]
  .bss                zero     0x2001741a      0x1  pbuf.o [1]
  .bss                zero     0x2001741b      0x1  tcp.o [1]
  .bss                zero     0x2001741c      0x1  tcp.o [1]
  .bss                zero     0x2001741d      0x1  tcp.o [1]
  .bss                zero     0x2001741e      0x1  tcp_in.o [1]
  .bss                zero     0x2001741f      0x1  tcp_in.o [1]
  .bss                zero     0x20017420      0x1  GUI_Core.o [3]
                             - 0x20017421  0x16e91


*******************************************************************************
*** INIT TABLE
***

          Address     Size
          -------     ----
Zero (__iar_zero_init3)
    1 destination range, total size 0x16e91:
          0x20000590  0x16e91

Copy/packbits (__iar_packbits_init_single3)
    1 source range, total size 0x6a (26% of destination):
          0x080145dc     0x6a
    1 destination range, total size 0x189:
          0x20000000    0x189



*******************************************************************************
*** MODULE SUMMARY
***

    Module                          ro code  ro data  rw data
    ------                          -------  -------  -------
E:\WORK\ALL\ETHDISP\STM32F4Display\EWARM\ETHDISP\Obj: [1]
    Arial16.o                                  5 676
    GUIConf.o                            28            65 536
    GUI_X.o                              42                 4
    LCDConf_FlexColor.o                 234
    LCD_ini.o                           524
    XPT2046.o                            92
    def.o                                64
    dhcp.o                            2 802        1        8
    etharp.o                          3 080       16      241
    ethernetif.o                      1 172            12 520
    icmp.o                              574
    init.o                               28
    ip4.o                               968                26
    ip4_addr.o                           80        8
    ip_frag.o                         1 936                 6
    lwip.o                              280                76
    lwip_timers.o                       616                12
    main.o                            1 174       76    1 064
    mem.o                               876             1 632
    memp.o                              196      117   12 024
    my_tcp.o                            344       40
    netif.o                             384                 9
    pbuf.o                            1 576                 1
    startup_stm32f407xx.o               732
    stm32f4xx_hal.o                     158                 4
    stm32f4xx_hal_cortex.o              322
    stm32f4xx_hal_eth.o               2 732
    stm32f4xx_hal_gpio.o                560
    stm32f4xx_hal_msp.o                 512                 4
    stm32f4xx_hal_rcc.o               1 624       16
    stm32f4xx_hal_spi.o                 790
    stm32f4xx_hal_sram.o                 92
    stm32f4xx_hal_uart.o                920
    stm32f4xx_it.o                       32
    stm32f4xx_ll_fsmc.o                 240
    system_stm32f4xx.o                  108        1        4
    tcp.o                             3 724       42       29
    tcp_in.o                          6 396                48
    tcp_out.o                         3 760
    udp.o                             1 180                 6
    ---------------------------------------------------------
    Total:                           40 952    5 993   93 254

command line: [2]
    ---------------------------------------------------------
    Total:

STemWin532_CM4_IAR.a: [3]
    F6x8.o                                     1 816
    F8x16.o                                    3 120
    GUICC_0.o                           184       24
    GUICC_565.o                         196       24
    GUICC_8888.o                         40       24
    GUICC_8888_Index2Color.o              2
    GUICC_888_Index2Color.o               2
    GUIDEV.o                            768
    GUIDEV_16.o                       2 380
    GUIDEV_32.o                       2 392
    GUIDEV_Banding.o                    340                 4
    GUIDEV_Clear.o                       60
    GUIDEV_GetDataPtr.o                  28
    GUIDEV_GetYSize.o                    40
    GUIDEV_ReduceYSize.o                 48
    GUIDEV_SetOrg.o                     104
    GUIDEV_StaticDevices.o              356        1        1
    GUIDEV_Usage.o                       78
    GUIDEV_UsageBM.o                    428
    GUIDEV_Write.o                      124
    GUIDEV_WriteToActiveAlpha.o         412
    GUIDEV_WriteToActiveOpaque.o      1 536
    GUIDRV_FlexColor.o                1 508       52        4
    GUIDRV_FlexColor_16bpp_C0B16.o    1 552
    GUIDRV_FlexColor_Func66708.o        848
    GUI_ALLOC_AllocZero.o                36
    GUI_Alloc.o                       1 668               212
    GUI_CalcColorDist.o                  62
    GUI_Char.o                           84
    GUI_CharLine.o                      440        1        4
    GUI_CharM.o                         378
    GUI_CharP.o                         300
    GUI_Core.o                          448       35      187
    GUI_Device.o                        308
    GUI_DispString.o                    252
    GUI_DispStringAt.o                   16
    GUI_DispStringHCenter.o              52
    GUI_Exec.o                           72
    GUI_GetColor.o                       22
    GUI_GetOrg.o                         30
    GUI_GetVersionString.o               24        2        8
    GUI_Goto.o                           44
    GUI_MergeRect.o                      88
    GUI_MoveRect.o                       28
    GUI_OnKey.o                          88        4      104
    GUI_Pen.o                            16
    GUI_RectsIntersect.o                 56
    GUI_SaveContext.o                    32
    GUI_SelectLCD.o                      18
    GUI_SelectLayer.o                    48
    GUI_SetAlpha.o                       36
    GUI_SetColor.o                        8
    GUI_SetDefault.o                     64
    GUI_SetDrawMode.o                     4
    GUI_SetFont.o                        20
    GUI_SetLineStyle.o                   16
    GUI_SetOrg.o                         48
    GUI_SetTextAlign.o                   20
    GUI_SetTextMode.o                    20
    GUI_Time.o                           42
    GUI_Timer.o                         294                20
    GUI_UC.o                             76
    GUI_UC_EncodeNone.o                  36
    GUI_WaitEvent.o                      16                 4
    GUI__Alpha.o                        772                32
    GUI__CompactPixelIndices.o          576
    GUI__DivTbl_255_31.o                         256
    GUI__DivTbl_255_63.o                         256
    GUI__DivTbl_31_255.o                          32
    GUI__DivTbl_63_255.o                          64
    GUI__ExpandPixelIndices.o           288
    GUI__IntersectRect.o                 64
    GUI__IntersectRects.o                96
    GUI__ManageCache.o                  208                16
    GUI__memset.o                        84
    GUI__memset16.o                      64
    LCD.o                             1 452       13        4
    LCD_AA.o                             16        1        4
    LCD_Color.o                         184        5       16
    LCD_GetColorIndex.o                  24
    LCD_GetEx.o                         388                 8
    LCD_GetNumDisplays.o                 26
    LCD_Mirror.o                                 256
    LCD_ReadRect.o                      436
    LCD_SelectLCD.o                      68
    LCD_Set.o                           144
    LCD_SetClipRectEx.o                  48
    LCD_UpdateColorIndices.o             36
    WM.o                              4 296               124
    WM_BringToBottom.o                  132
    WM_CriticalHandle.o                  16
    WM_GetClientRect.o                   34
    WM_GetDesktopWindow.o                24
    WM_GetFirstChild.o                   14
    WM_GetOrg.o                          22
    WM_GetParent.o                       14
    WM_Move.o                           300
    WM_NotifyParent.o                    20
    WM_OnKey.o                           56
    WM_ResizeWindow.o                   244
    WM_SendMessageNoPara.o                4
    WM_SendToParent.o                    28
    WM_SetSize.o                         72
    WM_Timer.o                          114
    WM_Touch.o                                     5       84
    WM__GetFirstSibling.o                16
    WM__GetPrevSibling.o                 34
    WM__SendMessage.o                    64                 4
    WM__SendMessageNoPara.o              56
    WM__UpdateChildPositions.o          194
    ---------------------------------------------------------
    Total:                           29 464    5 991      840

dl7M_tlf.a: [4]
    exit.o                                4
    low_level_init.o                      4
    rand.o                              224       38      140
    xtls.o                                2
    ---------------------------------------------------------
    Total:                              234       38      140

m7M_tls.a: [5]
    fpinit_M.o                           34
    ---------------------------------------------------------
    Total:                               34

rt7M_tl.a: [6]
    ABImemclr.o                           6
    ABImemclr4.o                          6
    ABImemcpy_unaligned.o               118
    ABImemmove_unaligned.o              120
    ABImemset.o                         102
    ABImemset48.o                        50
    cexit.o                              10
    cmain.o                              26
    cstartup_M.o                         12
    data_init.o                          40
    memcmp_unaligned.o                   98
    packbits_init_single.o               56
    zero_init3.o                         64
    ---------------------------------------------------------
    Total:                              708

shb_l.a: [7]
    exit.o                               20
    ---------------------------------------------------------
    Total:                               20

    Gaps                                 56        4
    Linker created                                32    1 024
-------------------------------------------------------------
    Grand Total:                     71 468   12 058   95 258


*******************************************************************************
*** ENTRY LIST
***

Entry                      Address     Size  Type      Object
-----                      -------     ----  ----      ------
.iar.init_table$$Base   0x0801323c            --   Gb  - Linker created -
.iar.init_table$$Limit  0x0801325c            --   Gb  - Linker created -
?main                   0x08013aa9           Code  Gb  cmain.o [6]
APBAHBPrescTable        0x0801439c     0x10  Data  Gb  stm32f4xx_hal_rcc.o [1]
API                     0x0800b4dc     0x18  Data  Lc  GUIDEV_UsageBM.o [3]
BusFault_Handler        0x08013a63      0x2  Code  Gb  stm32f4xx_it.o [1]
CSTACK$$Base            0x20000190            --   Gb  - Linker created -
CSTACK$$Limit           0x20000590            --   Gb  - Linker created -
DMARxDscrTab            0x20016e14     0x80  Data  Gb  ethernetif.o [1]
DMATxDscrTab            0x20016e94     0x80  Data  Gb  ethernetif.o [1]
DebugMon_Handler        0x08013a69      0x2  Code  Gb  stm32f4xx_it.o [1]
ETH_DMAReceptionEnable  0x080082bb     0x16  Code  Lc  stm32f4xx_hal_eth.o [1]
ETH_DMATransmissionEnable
                        0x080082a5     0x16  Code  Lc  stm32f4xx_hal_eth.o [1]
ETH_Delay               0x0800830b     0x26  Code  Lc  stm32f4xx_hal_eth.o [1]
ETH_FlushTransmitFIFO   0x080082d1     0x3a  Code  Lc  stm32f4xx_hal_eth.o [1]
ETH_MACAddressConfig    0x08008211     0x32  Code  Lc  stm32f4xx_hal_eth.o [1]
ETH_MACDMAConfig        0x08007f85    0x28c  Code  Lc  stm32f4xx_hal_eth.o [1]
ETH_MACReceptionEnable  0x0800827b     0x2a  Code  Lc  stm32f4xx_hal_eth.o [1]
ETH_MACTransmissionEnable
                        0x08008251     0x2a  Code  Lc  stm32f4xx_hal_eth.o [1]
Error_Handler           0x08010951      0x2  Code  Gb  main.o [1]
FSMC_Initialized        0x200173a0      0x4  Data  Lc  stm32f4xx_hal_msp.o [1]
FSMC_NORSRAM_Extended_Timing_Init
                        0x08011bad     0x44  Code  Gb  stm32f4xx_ll_fsmc.o [1]
FSMC_NORSRAM_Init       0x08011b09     0x5c  Code  Gb  stm32f4xx_ll_fsmc.o [1]
FSMC_NORSRAM_Timing_Init
                        0x08011b65     0x48  Code  Gb  stm32f4xx_ll_fsmc.o [1]
FontMono8x16            0x0800d8a0     0x14  Data  Lc  F8x16.o [3]
GATEWAY_ADDRESS         0x20017354      0x4  Data  Gb  lwip.o [1]
GL_SetDefault           0x0800aac5     0x3a  Code  Gb  GUI_SetDefault.o [3]
GUIDRV_FlexColor_API    0x0801314c     0x34  Data  Gb  GUIDRV_FlexColor.o [3]
GUIDRV_FlexColor_Config
                        0x0800c9af     0x3e  Code  Gb  GUIDRV_FlexColor.o [3]
GUIDRV_FlexColor_SetFunc
                        0x0800c9ed     0x32  Code  Gb  GUIDRV_FlexColor.o [3]
GUIDRV_FlexColor_SetFunc66708
                        0x0801213d     0x32  Code  Gb  GUIDRV_FlexColor_Func66708.o [3]
GUIDRV_FlexColor_SetMode16bppC0B16
                        0x0800fe5f     0x3e  Code  Gb  GUIDRV_FlexColor_16bpp_C0B16.o [3]
GUIDRV_FlexColor__GetPixelIndexNoCache
                        0x0800c885     0xb0  Code  Gb  GUIDRV_FlexColor.o [3]
GUIDRV_FlexColor__InitOnce
                        0x0800c93f     0x36  Code  Gb  GUIDRV_FlexColor.o [3]
GUIDRV_FlexColor__SetLog2Phys
                        0x0800c979     0x36  Code  Gb  GUIDRV_FlexColor.o [3]
GUIDRV_FlexColor__SetPixelIndexNoCache
                        0x0800c7f9     0x84  Code  Gb  GUIDRV_FlexColor.o [3]
GUIMONO_DispChar        0x0801233d    0x10a  Code  Gb  GUI_CharM.o [3]
GUIMONO_GetCharDistX    0x08012461     0x12  Code  Gb  GUI_CharM.o [3]
GUIMONO_GetFontInfo     0x08012479      0x6  Code  Gb  GUI_CharM.o [3]
GUIMONO_IsInFont        0x0801247f     0x38  Code  Gb  GUI_CharM.o [3]
GUIPROP_DispChar        0x08012a25     0xc8  Code  Gb  GUI_CharP.o [3]
GUIPROP_GetCharDistX    0x08012aed     0x36  Code  Gb  GUI_CharP.o [3]
GUIPROP_GetFontInfo     0x08012b29      0x6  Code  Gb  GUI_CharP.o [3]
GUIPROP_IsInFont        0x08012b2f      0xe  Code  Gb  GUI_CharP.o [3]
GUIPROP__FindChar       0x08012a11     0x14  Code  Gb  GUI_CharP.o [3]
GUI_AA__ClipX0          0x200173e8      0x4  Data  Gb  GUI_Core.o [3]
GUI_ALLOC_AllocNoInit   0x08009e17      0xa  Code  Gb  GUI_Alloc.o [3]
GUI_ALLOC_AllocZero     0x0800a3b9     0x24  Code  Gb  GUI_ALLOC_AllocZero.o [3]
GUI_ALLOC_AssignMemory  0x08009ec7      0xc  Code  Gb  GUI_Alloc.o [3]
GUI_ALLOC_Free          0x08009ed3     0x2c  Code  Gb  GUI_Alloc.o [3]
GUI_ALLOC_FreeFixedBlock
                        0x08009d61     0x10  Code  Gb  GUI_Alloc.o [3]
GUI_ALLOC_GetFixedBlock
                        0x08009d71     0xa6  Code  Gb  GUI_Alloc.o [3]
GUI_ALLOC_GetMaxSize    0x08009e71     0x32  Code  Gb  GUI_Alloc.o [3]
GUI_ALLOC_LockH         0x08009e31     0x16  Code  Gb  GUI_Alloc.o [3]
GUI_ALLOC_RequestSize   0x08009ea3     0x24  Code  Gb  GUI_Alloc.o [3]
GUI_ALLOC_UnlockH       0x08009e47     0x2a  Code  Gb  GUI_Alloc.o [3]
GUI_ALLOC__Context      0x20016cb4     0xc0  Data  Gb  GUI_Alloc.o [3]
GUI_ALLOC_h2p           0x08009e21     0x10  Code  Gb  GUI_Alloc.o [3]
GUI_CalcColorDist       0x08012fe9     0x3e  Code  Gb  GUI_CalcColorDist.o [3]
GUI_CharLine_pfLog2Vis  0x200000cc      0x4  Data  Gb  GUI_CharLine.o [3]
GUI_Clear               0x0800ae31     0x1a  Code  Gb  GUI_Core.o [3]
GUI_ClearRect           0x0800add7     0x5a  Code  Gb  GUI_Core.o [3]
GUI_DEVICE_Create       0x0800afd1     0x46  Code  Gb  GUI_Device.o [3]
GUI_DEVICE_CreateAndLink
                        0x0800b0b1     0x24  Code  Gb  GUI_Device.o [3]
GUI_DEVICE_Delete       0x0800afcd      0x4  Code  Gb  GUI_Device.o [3]
GUI_DEVICE_Link         0x0800b041     0x70  Code  Gb  GUI_Device.o [3]
GUI_DEVICE_Unlink       0x0800b017     0x2a  Code  Gb  GUI_Device.o [3]
GUI_DEVICE__GetpDriver  0x0800afad     0x20  Code  Gb  GUI_Device.o [3]
GUI_DecChar             0x20017314      0x1  Data  Gb  GUI_Core.o [3]
GUI_Delay               0x08010cad     0x2a  Code  Gb  GUI_Time.o [3]
GUI_DispString          0x080119c5     0xea  Code  Gb  GUI_DispString.o [3]
GUI_DispStringAt        0x08011799     0x10  Code  Gb  GUI_DispStringAt.o [3]
GUI_DispStringHCenterAt
                        0x08010955     0x34  Code  Gb  GUI_DispStringHCenter.o [3]
GUI_Exec                0x08011af5     0x14  Code  Gb  GUI_Exec.o [3]
GUI_Exec1               0x08011ac1     0x2c  Code  Gb  GUI_Exec.o [3]
GUI_F6x8_Mono           0x0800f874     0x14  Data  Lc  F6x8.o [3]
GUI_F6x8_TI8859_1       0x0800f86c      0x8  Data  Lc  F6x8.o [3]
GUI_F6x8_TL8859_1       0x0800f6ac    0x1c0  Data  Lc  F6x8.o [3]
GUI_Font6x8             0x0800f888     0x24  Data  Gb  F6x8.o [3]
GUI_Font8x16            0x0800d8b4     0x24  Data  Gb  F8x16.o [3]
GUI_FontArial16         0x080131d0     0x24  Data  Gb  Arial16.o [1]
GUI_FontArial16_CharInfo
                        0x0800febc    0x600  Data  Gb  Arial16.o [1]
GUI_FontArial16_Prop1   0x080143e8      0xc  Data  Gb  Arial16.o [1]
GUI_FontArial16_Prop2   0x080143dc      0xc  Data  Gb  Arial16.o [1]
GUI_GetBitsPerPixelEx   0x0800b231      0xe  Code  Gb  LCD_GetEx.o [3]
GUI_GetBkColor          0x08012b3d      0x8  Code  Gb  GUI_GetColor.o [3]
GUI_GetCharDistX        0x08011c2f      0xc  Code  Gb  GUI_Char.o [3]
GUI_GetCharDistXEx      0x08011c3b      0xa  Code  Gb  GUI_Char.o [3]
GUI_GetColor            0x08012b45      0x6  Code  Gb  GUI_GetColor.o [3]
GUI_GetFontDistY        0x08011c25      0xa  Code  Gb  GUI_Char.o [3]
GUI_GetOrg              0x0800be41      0x2  Code  Gb  GUI_GetOrg.o [3]
GUI_GetVersionString    0x08010989     0x18  Code  Gb  GUI_GetVersionString.o [3]
GUI_GetYAdjust          0x08011bf9     0x2c  Code  Gb  GUI_Char.o [3]
GUI_GetpfColor2IndexEx  0x0800b269      0xc  Code  Gb  LCD_GetEx.o [3]
GUI_GetpfIndex2ColorEx  0x0800b25d      0xc  Code  Gb  LCD_GetEx.o [3]
GUI_GotoXY              0x0800bf91     0x14  Code  Gb  GUI_Goto.o [3]
GUI_Init                0x0800ae6d     0xc6  Code  Gb  GUI_Core.o [3]
GUI_MEMDEV_Clear        0x0800bf05     0x3c  Code  Gb  GUIDEV_Clear.o [3]
GUI_MEMDEV_CopyToLCD    0x0800a2b9      0x6  Code  Gb  GUIDEV.o [3]
GUI_MEMDEV_CopyToLCDAt  0x0800a21d     0x9c  Code  Gb  GUIDEV.o [3]
GUI_MEMDEV_CreateEx     0x0800a167     0x74  Code  Gb  GUIDEV.o [3]
GUI_MEMDEV_DEVICE_16    0x0800f120     0x34  Data  Gb  GUIDEV_16.o [3]
GUI_MEMDEV_DEVICE_32    0x0800e1fc     0x34  Data  Gb  GUIDEV_32.o [3]
GUI_MEMDEV_Delete       0x0800a127     0x3a  Code  Gb  GUIDEV.o [3]
GUI_MEMDEV_Draw         0x0800ab13    0x13c  Code  Gb  GUIDEV_Banding.o [3]
GUI_MEMDEV_GetBitsPerPixel
                        0x0800a103     0x24  Code  Gb  GUIDEV.o [3]
GUI_MEMDEV_GetDataPtr   0x0800c3a5     0x1c  Code  Gb  GUIDEV_GetDataPtr.o [3]
GUI_MEMDEV_GetYSize     0x0800be45     0x28  Code  Gb  GUIDEV_GetYSize.o [3]
GUI_MEMDEV_Paint1Static
                        0x080125eb     0x1e  Code  Gb  GUIDEV_StaticDevices.o [3]
GUI_MEMDEV_ReduceYSize  0x0800be6d     0x30  Code  Gb  GUIDEV_ReduceYSize.o [3]
GUI_MEMDEV_Select       0x0800a1db     0x42  Code  Gb  GUIDEV.o [3]
GUI_MEMDEV_SetOrg       0x0800be9d     0x68  Code  Gb  GUIDEV_SetOrg.o [3]
GUI_MEMDEV_Write        0x080126d1      0x6  Code  Gb  GUIDEV_Write.o [3]
GUI_MEMDEV_WriteAt      0x080126a1     0x30  Code  Gb  GUIDEV_Write.o [3]
GUI_MEMDEV__CreateFixed
                        0x0800a001    0x102  Code  Gb  GUIDEV.o [3]
GUI_MEMDEV__WriteToActiveAlpha
                        0x080121d3    0x15e  Code  Gb  GUIDEV_WriteToActiveAlpha.o [3]
GUI_MEMDEV__WriteToActiveAt
                        0x08009fd1     0x30  Code  Gb  GUIDEV.o [3]
GUI_MEMDEV__WriteToActiveOpaque
                        0x0800bb3b     0x3e  Code  Gb  GUIDEV_WriteToActiveOpaque.o [3]
GUI_MergeRect           0x08009f4d     0x58  Code  Gb  GUI_MergeRect.o [3]
GUI_MoveRect            0x08009fb5     0x1c  Code  Gb  GUI_MoveRect.o [3]
GUI_OrgX                0x20017414      0x2  Data  Gb  GUI_Core.o [3]
GUI_OrgY                0x20017416      0x2  Data  Gb  GUI_Core.o [3]
GUI_PollKeyMsg          0x0800ac85     0x26  Code  Gb  GUI_OnKey.o [3]
GUI_ReadRectEx          0x0800e687     0x56  Code  Gb  LCD_ReadRect.o [3]
GUI_RectsIntersect      0x0800a33f     0x38  Code  Gb  GUI_RectsIntersect.o [3]
GUI_RestoreContext      0x0800ad91      0xe  Code  Gb  GUI_SaveContext.o [3]
GUI_SaveContext_W       0x0800ad85      0x6  Code  Gb  GUI_SaveContext.o [3]
GUI_SelectLCD           0x0800b4f5     0x12  Code  Gb  GUI_SelectLCD.o [3]
GUI_SelectLayer         0x0800a4e9     0x26  Code  Gb  GUI_SelectLayer.o [3]
GUI_SetBkColor          0x0800ada5      0x4  Code  Gb  GUI_SetColor.o [3]
GUI_SetColor            0x0800ada9      0x4  Code  Gb  GUI_SetColor.o [3]
GUI_SetDefaultFont      0x0800add1      0x6  Code  Gb  GUI_Core.o [3]
GUI_SetDrawMode         0x0800b57d      0x4  Code  Gb  GUI_SetDrawMode.o [3]
GUI_SetFont             0x0800bdc9     0x14  Code  Gb  GUI_SetFont.o [3]
GUI_SetLineStyle        0x0800bddd     0x10  Code  Gb  GUI_SetLineStyle.o [3]
GUI_SetOrg              0x0800c0f1     0x30  Code  Gb  GUI_SetOrg.o [3]
GUI_SetPenSize          0x0800bd91      0xc  Code  Gb  GUI_Pen.o [3]
GUI_SetTextAlign        0x0800bda1     0x14  Code  Gb  GUI_SetTextAlign.o [3]
GUI_SetTextMode         0x0800bdb5     0x14  Code  Gb  GUI_SetTextMode.o [3]
GUI_SignalEvent         0x08009fa5      0xc  Code  Gb  GUI_WaitEvent.o [3]
GUI_StoreKey            0x0800ac79      0xc  Code  Gb  GUI_OnKey.o [3]
GUI_TIMER_Delete        0x0800bc57     0x56  Code  Gb  GUI_Timer.o [3]
GUI_TIMER_GetFlag       0x0800bcb5     0x22  Code  Gb  GUI_Timer.o [3]
GUI_TIMER__GetFirstTimer
                        0x0800bbf9     0x20  Code  Gb  GUI_Timer.o [3]
GUI_TIMER__GetNextTimerLin
                        0x0800bc19     0x2c  Code  Gb  GUI_Timer.o [3]
GUI_UC_None             0x08013208     0x10  Data  Gb  GUI_UC_EncodeNone.o [3]
GUI_UC__GetCharCodeInc  0x08011e05     0x22  Code  Gb  GUI_UC.o [3]
GUI_UC__NumChars2NumBytes
                        0x08011e27     0x24  Code  Gb  GUI_UC.o [3]
GUI_USAGE_AddRect       0x0800b52d     0x2a  Code  Gb  GUIDEV_Usage.o [3]
GUI_USAGE_BM_AddHLine   0x0800b373     0x6e  Code  Lc  GUIDEV_UsageBM.o [3]
GUI_USAGE_BM_AddPixel   0x0800b349     0x2a  Code  Lc  GUIDEV_UsageBM.o [3]
GUI_USAGE_BM_Clear      0x0800b3e1      0xe  Code  Lc  GUIDEV_UsageBM.o [3]
GUI_USAGE_BM_Create     0x0800b485     0x58  Code  Gb  GUIDEV_UsageBM.o [3]
GUI_USAGE_BM_GetNextDirty
                        0x0800b3ef     0x92  Code  Lc  GUIDEV_UsageBM.o [3]
GUI_USAGE_DecUseCnt     0x0800b509     0x24  Code  Gb  GUIDEV_Usage.o [3]
GUI_X_Config            0x0800bfa5     0x1c  Code  Gb  GUIConf.o [1]
GUI_X_Config::aMemory   0x20000590  0x10000  Data  Lc  GUIConf.o [1]
GUI_X_Delay             0x0800c0bf     0x12  Code  Gb  GUI_X.o [1]
GUI_X_GetTime           0x0800c0ad      0x6  Code  Gb  GUI_X.o [1]
GUI_X_Init              0x0800c0d5      0x2  Code  Gb  GUI_X.o [1]
GUI__AllocAlphaBuffer   0x0800e4fd     0x16  Code  Gb  GUI__Alpha.o [3]
GUI__AlphaPreserveTrans
                        0x08012665     0x20  Code  Gb  GUI_SetAlpha.o [3]
GUI__BufferSize         0x200173e4      0x4  Data  Gb  GUI_Core.o [3]
GUI__CompactPixelIndices
                        0x0800c165     0xf0  Code  Gb  GUI__CompactPixelIndices.o [3]
GUI__CompactPixelIndicesEx
                        0x0800c397      0xe  Code  Gb  GUI__CompactPixelIndices.o [3]
GUI__Config             0x0800ae4b     0x22  Code  Gb  GUI_Core.o [3]
GUI__Context            0x20000030     0x70  Data  Lc  GUI_Core.o [3]
GUI__ConvertColor2Index
                        0x0800c26d    0x124  Code  Gb  GUI__CompactPixelIndices.o [3]
GUI__DispLine           0x08011d55     0xa0  Code  Gb  GUI_CharLine.o [3]
GUI__DoAlphaBlending    0x0800e2b7    0x1a2  Code  Gb  GUI__Alpha.o [3]
GUI__ExpandPixelIndicesEx
                        0x0800e6e9    0x120  Code  Gb  GUI__ExpandPixelIndices.o [3]
GUI__GetAlphaBuffer     0x0800e467     0x8e  Code  Gb  GUI__Alpha.o [3]
GUI__GetLineDistX       0x08011d01     0x4a  Code  Gb  GUI_CharLine.o [3]
GUI__GetLineNumChars    0x08011cb3     0x32  Code  Gb  GUI_CharLine.o [3]
GUI__GetOrg             0x0800be25     0x12  Code  Gb  GUI_GetOrg.o [3]
GUI__GetOverlap         0x08011ce5     0x1c  Code  Gb  GUI_CharLine.o [3]
GUI__IntersectRect      0x08009f0d     0x40  Code  Gb  GUI__IntersectRect.o [3]
GUI__IntersectRects     0x0800a2df     0x60  Code  Gb  GUI__IntersectRects.o [3]
GUI__IsInitialized      0x20017315      0x1  Data  Gb  GUI_Core.o [3]
GUI__ManageCache        0x0800ad71      0xa  Code  Gb  GUI__ManageCache.o [3]
GUI__ManageCacheEx      0x0800acb5     0xb0  Code  Gb  GUI__ManageCache.o [3]
GUI__MixColors          0x0800e255     0x62  Code  Gb  GUI__Alpha.o [3]
GUI__PreserveTrans      0x20017420      0x1  Data  Gb  GUI_Core.o [3]
GUI__RegisterExit       0x0800af33      0xa  Code  Gb  GUI_Core.o [3]
GUI__aConvert_255_31    0x08012b6c    0x100  Data  Gb  GUI__DivTbl_255_31.o [3]
GUI__aConvert_255_63    0x08012c6c    0x100  Data  Gb  GUI__DivTbl_255_63.o [3]
GUI__aConvert_31_255    0x08013a3c     0x20  Data  Gb  GUI__DivTbl_31_255.o [3]
GUI__aConvert_63_255    0x08013094     0x40  Data  Gb  GUI__DivTbl_63_255.o [3]
GUI__aNumBuffers        0x20017412      0x2  Data  Gb  GUI_Core.o [3]
GUI__apDevice           0x200000a8      0x8  Data  Gb  GUI_Core.o [3]
GUI__memset             0x0800b16f     0x54  Code  Gb  GUI__memset.o [3]
GUI__memset16           0x0800f155     0x40  Code  Gb  GUI__memset16.o [3]
GUI__pFontDefault       0x200000a0      0x4  Data  Gb  GUI_Core.o [3]
GUI_acFont6x8           0x0800f194    0x518  Data  Lc  F6x8.o [3]
GUI_pContext            0x200000a4      0x4  Data  Gb  GUI_Core.o [3]
GUI_pLCD_APIList        0x200173ec      0x4  Data  Gb  GUI_Core.o [3]
GUI_pUC_API             0x20017318      0x4  Data  Gb  GUI_Core.o [3]
GUI_pfDispCharStyle     0x200173e0      0x4  Data  Gb  GUI_Core.o [3]
GUI_pfTimerExec         0x200173d8      0x4  Data  Gb  GUI_Core.o [3]
GUI_pfUpdateSoftLayer   0x200173d4      0x4  Data  Gb  GUI_Core.o [3]
HAL_Delay               0x08008609     0x1a  Code  Wk  stm32f4xx_hal.o [1]
HAL_ETH_DMARxDescListInit
                        0x08007bb7     0x84  Code  Gb  stm32f4xx_hal_eth.o [1]
HAL_ETH_DMATxDescListInit
                        0x08007b39     0x7e  Code  Gb  stm32f4xx_hal_eth.o [1]
HAL_ETH_GetReceivedFrame
                        0x08007d79     0xa2  Code  Gb  stm32f4xx_hal_eth.o [1]
HAL_ETH_Init            0x080078a9    0x290  Code  Gb  stm32f4xx_hal_eth.o [1]
HAL_ETH_MspInit         0x08006845     0xd6  Code  Gb  ethernetif.o [1]
HAL_ETH_ReadPHYRegister
                        0x08007e1b     0x90  Code  Gb  stm32f4xx_hal_eth.o [1]
HAL_ETH_Start           0x08007f3b     0x4a  Code  Gb  stm32f4xx_hal_eth.o [1]
HAL_ETH_TransmitFrame   0x08007c3b    0x13e  Code  Gb  stm32f4xx_hal_eth.o [1]
HAL_ETH_WritePHYRegister
                        0x08007eab     0x90  Code  Gb  stm32f4xx_hal_eth.o [1]
HAL_FSMC_MspInit        0x080118ff     0x6e  Code  Lc  stm32f4xx_hal_msp.o [1]
HAL_GPIO_Init           0x08007679    0x1e4  Code  Gb  stm32f4xx_hal_gpio.o [1]
[...]
acGUI_FontArial16_00FF  0x0801437c     0x10  Data  Gb  Arial16.o [1]
ackno                   0x200173c4      0x4  Data  Lc  tcp_in.o [1]
arp_table               0x20016ae4     0xf0  Data  Lc  etharp.o [1]
arp_timer               0x08003fab     0x16  Code  Lc  lwip_timers.o [1]
dhcp_arp_reply          0x08006043     0x2a  Code  Gb  dhcp.o [1]
dhcp_bind               0x080061d1    0x118  Code  Lc  dhcp.o [1]
dhcp_check              0x08005d51     0x40  Code  Lc  dhcp.o [1]
dhcp_coarse_tmr         0x08005e8b     0x72  Code  Gb  dhcp.o [1]
dhcp_create_msg         0x08006647    0x170  Code  Lc  dhcp.o [1]
dhcp_create_msg::xid    0x20017334      0x4  Data  Lc  dhcp.o [1]
dhcp_decline            0x0800606d     0x94  Code  Lc  dhcp.o [1]
dhcp_delete_msg         0x080067c1     0x1e  Code  Lc  dhcp.o [1]
dhcp_discover           0x08006101     0xd0  Code  Lc  dhcp.o [1]
dhcp_discover_select_options
                        0x20000000      0x4  Data  Lc  dhcp.o [1]
dhcp_fine_tmr           0x08005efd     0x44  Code  Gb  dhcp.o [1]
dhcp_option             0x08006597     0x26  Code  Lc  dhcp.o [1]
dhcp_option_byte        0x080065bd     0x12  Code  Lc  dhcp.o [1]
dhcp_option_long        0x080065f9     0x4c  Code  Lc  dhcp.o [1]
dhcp_option_short       0x080065cf     0x2a  Code  Lc  dhcp.o [1]
dhcp_option_trailer     0x080067df     0x40  Code  Lc  dhcp.o [1]
dhcp_rebind             0x0800637d     0x92  Code  Lc  dhcp.o [1]
dhcp_reboot             0x0800640f     0xac  Code  Lc  dhcp.o [1]
dhcp_release            0x080064bb     0xb6  Code  Gb  dhcp.o [1]
dhcp_renew              0x080062e9     0x94  Code  Gb  dhcp.o [1]
dhcp_select             0x08005d91     0xfa  Code  Lc  dhcp.o [1]
dhcp_set_state          0x08006581     0x16  Code  Lc  dhcp.o [1]
dhcp_supplied_address   0x0800681f     0x24  Code  Gb  dhcp.o [1]
dhcp_t1_timeout         0x08005fb5     0x44  Code  Lc  dhcp.o [1]
dhcp_t2_timeout         0x08005ff9     0x4a  Code  Lc  dhcp.o [1]
dhcp_timeout            0x08005f41     0x74  Code  Lc  dhcp.o [1]
dhcp_timer_coarse       0x08003fc1     0x16  Code  Lc  lwip_timers.o [1]
dhcp_timer_fine         0x08003fd7     0x16  Code  Lc  lwip_timers.o [1]
do_memp_free_pool       0x0800305d      0xe  Code  Lc  memp.o [1]
emWin_LCD_Init          0x0800a9cd     0x8c  Code  Gb  LCD.o [3]
etharp_arp_input        0x0800560f    0x174  Code  Lc  etharp.o [1]
etharp_cached_entry     0x20017418      0x1  Data  Lc  etharp.o [1]
etharp_cleanup_netif    0x080055c9     0x46  Code  Gb  etharp.o [1]
etharp_find_entry       0x080052a9    0x1e4  Code  Lc  etharp.o [1]
etharp_free_entry       0x08005149     0x44  Code  Lc  etharp.o [1]
etharp_output           0x08005857    0x154  Code  Gb  etharp.o [1]
etharp_output_to_arp_index
                        0x08005783     0xd4  Code  Lc  etharp.o [1]
etharp_query            0x080059ab    0x1a8  Code  Gb  etharp.o [1]
etharp_raw              0x08005b53     0xf4  Code  Lc  etharp.o [1]
etharp_request          0x08005c71     0x12  Code  Gb  etharp.o [1]
etharp_request_dst      0x08005c47     0x2a  Code  Lc  etharp.o [1]
etharp_send_ip          0x0800548d     0x3e  Code  Lc  etharp.o [1]
etharp_tmr              0x0800518d    0x11c  Code  Gb  etharp.o [1]
etharp_update_arp_entry
                        0x080054cb     0xfe  Code  Lc  etharp.o [1]
ethbroadcast            0x08014478      0x8  Data  Gb  etharp.o [1]
ethernet_input          0x08005c83     0xbc  Code  Gb  etharp.o [1]
ethernetif_init         0x08006c7f     0x22  Code  Gb  ethernetif.o [1]
ethernetif_input        0x08006c53     0x2c  Code  Gb  ethernetif.o [1]
ethzero                 0x08014480      0x8  Data  Gb  etharp.o [1]
exit                    0x08013ac7      0x4  Code  Gb  exit.o [4]
flags                   0x2001741e      0x1  Data  Lc  tcp_in.o [1]
gnetif                  0x20017264     0x34  Data  Gb  lwip.o [1]
gw                      0x20017348      0x4  Data  Gb  lwip.o [1]
heth                    0x2001715c     0x48  Data  Gb  ethernetif.o [1]
hspi2                   0x2001700c     0x58  Data  Gb  main.o [1]
hsram1                  0x200170bc     0x50  Data  Gb  main.o [1]
huart1                  0x200171e4     0x40  Data  Gb  main.o [1]
huart4                  0x200171a4     0x40  Data  Gb  main.o [1]
icmp_dest_unreach       0x080072fd     0x14  Code  Gb  icmp.o [1]
icmp_input              0x08007175    0x180  Code  Gb  icmp.o [1]
icmp_send_response      0x08007325     0x8e  Code  Lc  icmp.o [1]
icmp_time_exceeded      0x08007311     0x14  Code  Gb  icmp.o [1]
inseg                   0x200172f4     0x10  Data  Lc  tcp_in.o [1]
ip4_addr_isbroadcast_u32
                        0x08001a85     0x50  Code  Gb  ip4_addr.o [1]
ip4_frag                0x08004f5d    0x1e0  Code  Gb  ip_frag.o [1]
ip4_input               0x08004673    0x208  Code  Gb  ip4.o [1]
ip4_output_if           0x0800487b     0x4e  Code  Gb  ip4.o [1]
ip4_output_if_src       0x080048c9     0xdc  Code  Gb  ip4.o [1]
ip4_reass               0x08004d29    0x202  Code  Gb  ip_frag.o [1]
ip4_route               0x080045f1     0x82  Code  Gb  ip4.o [1]
ip_addr_any             0x08014490      0x4  Data  Gb  ip4_addr.o [1]
ip_addr_broadcast       0x08014494      0x4  Data  Gb  ip4_addr.o [1]
ip_data                 0x200172b4     0x18  Data  Gb  ip4.o [1]
ip_frag_alloc_pbuf_custom_ref
                        0x08004f2b      0xa  Code  Lc  ip_frag.o [1]
ip_frag_free_pbuf_custom_ref
                        0x08004f35      0xe  Code  Lc  ip_frag.o [1]
ip_id                   0x20017408      0x2  Data  Lc  ip4.o [1]
ip_reass_chain_frag_into_datagram_and_validate
                        0x08004bc1    0x168  Code  Lc  ip_frag.o [1]
ip_reass_dequeue_datagram
                        0x08004b99     0x28  Code  Lc  ip_frag.o [1]
ip_reass_enqueue_new_datagram
                        0x08004b2f     0x6a  Code  Lc  ip_frag.o [1]
ip_reass_free_complete_datagram
                        0x080049eb     0xa2  Code  Lc  ip_frag.o [1]
ip_reass_pbufcount      0x2001740a      0x2  Data  Lc  ip_frag.o [1]
ip_reass_remove_oldest_datagram
                        0x08004a8d     0xa2  Code  Lc  ip_frag.o [1]
ip_reass_timer          0x08003f95     0x16  Code  Lc  lwip_timers.o [1]
ip_reass_tmr            0x080049b9     0x32  Code  Gb  ip_frag.o [1]
ipaddr                  0x20017340      0x4  Data  Gb  lwip.o [1]
ipfrag_free_pbuf_custom
                        0x08004f43     0x1a  Code  Lc  ip_frag.o [1]
lfree                   0x2001736c      0x4  Data  Lc  mem.o [1]
low_level_init          0x0800691b    0x114  Code  Lc  ethernetif.o [1]
low_level_input         0x08006b2b    0x128  Code  Lc  ethernetif.o [1]
low_level_output        0x08006a2f     0xfc  Code  Lc  ethernetif.o [1]
lwip_htonl              0x08001af1     0x18  Code  Gb  def.o [1]
lwip_htons              0x08001ad5      0xe  Code  Gb  def.o [1]
lwip_init               0x080119a9     0x1c  Code  Gb  init.o [1]
lwip_ntohl              0x08001b09      0xc  Code  Gb  def.o [1]
lwip_ntohs              0x08001ae3      0xe  Code  Gb  def.o [1]
main                    0x08010535     0x64  Code  Gb  main.o [1]
mem_calloc              0x080044dd     0x34  Code  Gb  mem.o [1]
mem_free                0x0800426d     0x38  Code  Gb  mem.o [1]
mem_init                0x0800421b     0x52  Code  Gb  mem.o [1]
mem_malloc              0x080043e1     0xec  Code  Gb  mem.o [1]
mem_trim                0x080042a5    0x13c  Code  Gb  mem.o [1]
memp_FRAG_PBUF          0x08014430      0xc  Data  Gb  memp.o [1]
memp_PBUF               0x08014448      0xc  Data  Gb  memp.o [1]
memp_PBUF_POOL          0x08014454      0xc  Data  Gb  memp.o [1]
memp_REASSDATA          0x08014424      0xc  Data  Gb  memp.o [1]
memp_SYS_TIMEOUT        0x0801443c      0xc  Data  Gb  memp.o [1]
memp_TCP_PCB            0x08014400      0xc  Data  Gb  memp.o [1]
memp_TCP_PCB_LISTEN     0x0801440c      0xc  Data  Gb  memp.o [1]
memp_TCP_SEG            0x08014418      0xc  Data  Gb  memp.o [1]
memp_UDP_PCB            0x080143f4      0xc  Data  Gb  memp.o [1]
memp_free               0x0800306b     0x1c  Code  Gb  memp.o [1]
memp_init               0x08002ffb     0x2c  Code  Gb  memp.o [1]
memp_init_pool          0x08002fc9     0x32  Code  Gb  memp.o [1]
memp_malloc             0x0800303b     0x22  Code  Gb  memp.o [1]
memp_malloc_pool        0x08003027     0x14  Code  Gb  memp.o [1]
memp_memory_FRAG_PBUF_base
                        0x2001667c    0x168  Data  Gb  memp.o [1]
memp_memory_PBUF_POOL_base
                        0x20010590   0x2600  Data  Gb  memp.o [1]
memp_memory_PBUF_base   0x200169e4    0x100  Data  Gb  memp.o [1]
memp_memory_REASSDATA_base
                        0x20016d74     0xa0  Data  Gb  memp.o [1]
memp_memory_SYS_TIMEOUT_base
                        0x2001710c     0x50  Data  Gb  memp.o [1]
memp_memory_TCP_PCB_LISTEN_base
                        0x20016bd4     0xe0  Data  Gb  memp.o [1]
memp_memory_TCP_PCB_base
                        0x20016184    0x2f8  Data  Gb  memp.o [1]
memp_memory_TCP_SEG_base
                        0x200168e4    0x100  Data  Gb  memp.o [1]
memp_memory_UDP_PCB_base
                        0x20016f14     0x80  Data  Gb  memp.o [1]
memp_pools              0x20000004     0x24  Data  Gb  memp.o [1]
memp_tab_FRAG_PBUF      0x20017384      0x4  Data  Lc  memp.o [1]
memp_tab_PBUF           0x2001738c      0x4  Data  Lc  memp.o [1]
memp_tab_PBUF_POOL      0x20017390      0x4  Data  Lc  memp.o [1]
memp_tab_REASSDATA      0x20017380      0x4  Data  Lc  memp.o [1]
memp_tab_SYS_TIMEOUT    0x20017388      0x4  Data  Lc  memp.o [1]
memp_tab_TCP_PCB        0x20017374      0x4  Data  Lc  memp.o [1]
memp_tab_TCP_PCB_LISTEN
                        0x20017378      0x4  Data  Lc  memp.o [1]
memp_tab_TCP_SEG        0x2001737c      0x4  Data  Lc  memp.o [1]
memp_tab_UDP_PCB        0x20017370      0x4  Data  Lc  memp.o [1]
netif_add               0x0800741b     0x76  Code  Gb  netif.o [1]
netif_default           0x20017398      0x4  Data  Gb  netif.o [1]
netif_init              0x08007419      0x2  Code  Gb  netif.o [1]
netif_issue_reports     0x0800754f     0x22  Code  Lc  netif.o [1]
netif_list              0x20017394      0x4  Data  Gb  netif.o [1]
netif_num               0x20017419      0x1  Data  Lc  netif.o [1]
netif_set_addr          0x08007491     0x24  Code  Gb  netif.o [1]
netif_set_default       0x0800750f      0x6  Code  Gb  netif.o [1]
netif_set_down          0x08007571     0x28  Code  Gb  netif.o [1]
netif_set_gw            0x080074f3      0xe  Code  Gb  netif.o [1]
netif_set_ipaddr        0x080074b5     0x3e  Code  Gb  netif.o [1]
netif_set_netmask       0x08007501      0xe  Code  Gb  netif.o [1]
netif_set_up            0x08007525     0x2a  Code  Gb  netif.o [1]
netmask                 0x20017344      0x4  Data  Gb  lwip.o [1]
next_timeout            0x20017358      0x4  Data  Lc  lwip_timers.o [1]
pbuf_alloc              0x08001b51    0x1a6  Code  Gb  pbuf.o [1]
pbuf_alloced_custom     0x08001cf7     0x84  Code  Gb  pbuf.o [1]
pbuf_cat                0x08001f77     0x2e  Code  Gb  pbuf.o [1]
pbuf_chain              0x08001fa5     0x16  Code  Gb  pbuf.o [1]
pbuf_clen               0x08001f57     0x14  Code  Gb  pbuf.o [1]
pbuf_copy               0x08001fbb     0xd4  Code  Gb  pbuf.o [1]
pbuf_copy_partial       0x0800208f     0xae  Code  Gb  pbuf.o [1]
pbuf_free               0x08001ed7     0x80  Code  Gb  pbuf.o [1]
pbuf_free_ooseq         0x08001b15     0x2a  Code  Gb  pbuf.o [1]
pbuf_free_ooseq_pending
                        0x2001741a      0x1  Data  Gb  pbuf.o [1]
pbuf_header             0x08001eaf     0x14  Code  Gb  pbuf.o [1]
pbuf_header_force       0x08001ec3     0x14  Code  Gb  pbuf.o [1]
pbuf_header_impl        0x08001df3     0xbc  Code  Lc  pbuf.o [1]
pbuf_pool_is_empty      0x08001b3f      0x8  Code  Lc  pbuf.o [1]
pbuf_realloc            0x08001d7b     0x78  Code  Gb  pbuf.o [1]
pbuf_ref                0x08001f6b      0xc  Code  Gb  pbuf.o [1]
plug_holes              0x080041a5     0x76  Code  Lc  mem.o [1]
ram                     0x20017364      0x4  Data  Lc  mem.o [1]
ram_end                 0x20017368      0x4  Data  Lc  mem.o [1]
ram_heap                0x20015b30    0x654  Data  Gb  mem.o [1]
rand                    0x08007599     0xe0  Code  Gb  rand.o [4]
reassdatagrams          0x2001733c      0x4  Data  Lc  ip_frag.o [1]
rec                     0x2001647c    0x200  Data  Gb  main.o [1]
recv_data               0x200173c8      0x4  Data  Lc  tcp_in.o [1]
recv_flags              0x2001741f      0x1  Data  Lc  tcp_in.o [1]
seqno                   0x200173c0      0x4  Data  Lc  tcp_in.o [1]
sys_check_timeouts      0x080040fb     0x7e  Code  Gb  lwip_timers.o [1]
sys_now                 0x08006cd1      0x8  Code  Gb  ethernetif.o [1]
sys_timeout             0x08004029     0xd2  Code  Gb  lwip_timers.o [1]
sys_timeouts_init       0x08003fed     0x3c  Code  Gb  lwip_timers.o [1]
tcp_abandon             0x08002343     0xf8  Code  Gb  tcp.o [1]
tcp_abort               0x0800243b      0xe  Code  Gb  tcp.o [1]
tcp_accept              0x08002dff      0x4  Code  Gb  tcp.o [1]
tcp_accept_null         0x0800250d     0x14  Code  Lc  tcp.o [1]
tcp_active_pcbs         0x200173b0      0x4  Data  Gb  tcp.o [1]
tcp_active_pcbs_changed
                        0x2001741b      0x1  Data  Gb  tcp.o [1]
tcp_alloc               0x08002cfd     0xe8  Code  Gb  tcp.o [1]
tcp_arg                 0x08002def      0x4  Code  Gb  tcp.o [1]
tcp_backoff             0x080143ac     0x10  Data  Gb  tcp.o [1]
tcp_bind                0x08002449     0xc4  Code  Gb  tcp.o [1]
tcp_bound_pcbs          0x200173a8      0x4  Data  Gb  tcp.o [1]
tcp_close               0x08002327     0x1c  Code  Gb  tcp.o [1]
tcp_close_shutdown      0x08002163    0x1c4  Code  Lc  tcp.o [1]
tcp_create_segment      0x08003163     0xd6  Code  Lc  tcp_out.o [1]
tcp_eff_send_mss_impl   0x08002ecd     0x42  Code  Gb  tcp.o [1]
tcp_enqueue_flags       0x08003793    0x122  Code  Gb  tcp_out.o [1]
tcp_err                 0x08002df9      0x6  Code  Gb  tcp.o [1]
tcp_fasttmr             0x08002a57     0x7a  Code  Gb  tcp.o [1]
tcp_getoptbyte          0x08001945     0x48  Code  Lc  tcp_in.o [1]
tcp_init                0x0800213d      0x2  Code  Gb  tcp.o [1]
tcp_input               0x08000189    0x552  Code  Gb  tcp_in.o [1]
tcp_input_pcb           0x200173cc      0x4  Data  Gb  tcp_in.o [1]
tcp_keepalive           0x08003df9     0x5c  Code  Gb  tcp_out.o [1]
tcp_kill_prio           0x08002bf3     0x62  Code  Lc  tcp.o [1]
tcp_kill_state          0x08002c65     0x4a  Code  Lc  tcp.o [1]
tcp_kill_timewait       0x08002cb5     0x3c  Code  Lc  tcp.o [1]
tcp_listen_input        0x080006db    0x128  Code  Lc  tcp_in.o [1]
tcp_listen_pcbs         0x200173ac      0x4  Data  Gb  tcp.o [1]
tcp_listen_with_backlog
                        0x08002521     0xae  Code  Gb  tcp.o [1]
tcp_netif_ipv4_addr_changed
                        0x08002f35     0x4e  Code  Gb  tcp.o [1]
tcp_netif_ipv4_addr_changed_pcblist
                        0x08002f0f     0x26  Code  Lc  tcp.o [1]
tcp_new                 0x08002de5      0xa  Code  Gb  tcp.o [1]
tcp_new_port            0x0800266b     0x70  Code  Lc  tcp.o [1]
tcp_next_iss            0x08002eb9     0x14  Code  Gb  tcp.o [1]
tcp_next_iss::iss       0x2000002c      0x4  Data  Lc  tcp.o [1]
tcp_oos_insert_segment  0x08000dcb     0x8e  Code  Lc  tcp_in.o [1]
tcp_optidx              0x2001740e      0x2  Data  Lc  tcp_in.o [1]
tcp_output              0x08003941    0x200  Code  Gb  tcp_out.o [1]
tcp_output_alloc_header
                        0x0800308d     0x8a  Code  Lc  tcp_out.o [1]
tcp_output_segment      0x08003b41     0xfe  Code  Lc  tcp_out.o [1]
tcp_parseopt            0x0800198d     0xbc  Code  Lc  tcp_in.o [1]
tcp_pbuf_prealloc       0x08003239     0xa4  Code  Lc  tcp_out.o [1]
tcp_pcb_lists           0x080143bc     0x10  Data  Gb  tcp.o [1]
tcp_pcb_purge           0x08002e03     0x52  Code  Gb  tcp.o [1]
tcp_pcb_remove          0x08002e55     0x64  Code  Gb  tcp.o [1]
tcp_persist_backoff     0x08014488      0x8  Data  Gb  tcp.o [1]
tcp_port                0x20000184      0x2  Data  Lc  tcp.o [1]
tcp_process             0x080008a7    0x524  Code  Lc  tcp_in.o [1]
tcp_process_refused_data
                        0x08002ad1     0x94  Code  Gb  tcp.o [1]
tcp_receive             0x08000ea5    0xaa0  Code  Lc  tcp_in.o [1]
tcp_recv                0x08002df3      0x6  Code  Gb  tcp.o [1]
tcp_recv_null           0x08002bc3     0x30  Code  Gb  tcp.o [1]
tcp_recved              0x08002617     0x54  Code  Gb  tcp.o [1]
tcp_rexmit              0x08003d2b     0x5e  Code  Gb  tcp_out.o [1]
tcp_rexmit_fast         0x08003d89     0x70  Code  Gb  tcp_out.o [1]
tcp_rexmit_rto          0x08003cf1     0x3a  Code  Gb  tcp_out.o [1]
tcp_rst                 0x08003c49     0xa8  Code  Gb  tcp_out.o [1]
tcp_seg_copy            0x08002b99     0x2a  Code  Gb  tcp.o [1]
tcp_seg_free            0x08002b7b     0x1e  Code  Gb  tcp.o [1]
tcp_segs_free           0x08002b65     0x16  Code  Gb  tcp.o [1]
tcp_send_empty_ack      0x080038b5     0x8c  Code  Gb  tcp_out.o [1]
tcp_send_fin            0x08003117     0x4c  Code  Gb  tcp_out.o [1]
tcp_slowtmr             0x080026db    0x37c  Code  Gb  tcp.o [1]
tcp_ticks               0x200173a4      0x4  Data  Gb  tcp.o [1]
tcp_timer               0x2001741c      0x1  Data  Lc  tcp.o [1]
tcp_timer_ctr           0x2001741d      0x1  Data  Lc  tcp.o [1]
tcp_timer_needed        0x08003f69     0x2c  Code  Gb  lwip_timers.o [1]
tcp_timewait_input      0x08000803     0xa4  Code  Lc  tcp_in.o [1]
tcp_tmr                 0x0800213f     0x24  Code  Gb  tcp.o [1]
tcp_trigger_input_pcb_close
                        0x08001a49      0xe  Code  Gb  tcp_in.o [1]
tcp_tw_pcbs             0x200173b4      0x4  Data  Gb  tcp.o [1]
tcp_update_rcv_ann_wnd  0x080025cf     0x48  Code  Gb  tcp.o [1]
tcp_write               0x0800334f    0x444  Code  Gb  tcp_out.o [1]
tcp_write_checks        0x080032dd     0x72  Code  Lc  tcp_out.o [1]
tcp_zero_window_probe   0x08003e55     0xe8  Code  Gb  tcp_out.o [1]
tcphdr                  0x200173b8      0x4  Data  Lc  tcp_in.o [1]
tcphdr_opt1len          0x2001740c      0x2  Data  Lc  tcp_in.o [1]
tcphdr_opt2             0x200173bc      0x4  Data  Lc  tcp_in.o [1]
tcpip_tcp_timer         0x08003f3d     0x2c  Code  Lc  lwip_timers.o [1]
tcpip_tcp_timer_active  0x20017360      0x4  Data  Lc  lwip_timers.o [1]
tcplen                  0x20017410      0x2  Data  Lc  tcp_in.o [1]
timeouts_last_time      0x2001735c      0x4  Data  Lc  lwip_timers.o [1]
transmitBuffer          0x200167e4    0x100  Data  Gb  main.o [1]
udp_bind                0x08007081     0xae  Code  Gb  udp.o [1]
udp_init                0x08006cd9      0x2  Code  Gb  udp.o [1]
udp_input               0x08006d37    0x208  Code  Gb  udp.o [1]
udp_netif_ipv4_addr_changed
                        0x0800712f     0x34  Code  Gb  udp.o [1]
udp_new_port            0x08006cdb     0x5c  Code  Lc  udp.o [1]
udp_pcbs                0x200173d0      0x4  Data  Gb  udp.o [1]
udp_port                0x20000186      0x2  Data  Lc  udp.o [1]
udp_sendto_if           0x08006f3f     0x5a  Code  Gb  udp.o [1]
udp_sendto_if_src       0x08006f99     0xe8  Code  Gb  udp.o [1]
uwTick                  0x2001739c      0x4  Data  Gb  stm32f4xx_hal.o [1]


[1] = E:\WORK\ALL\ETHDISP\STM32F4Display\EWARM\ETHDISP\Obj
[2] = command line
[3] = STemWin532_CM4_IAR.a
[4] = dl7M_tlf.a
[5] = m7M_tls.a
[6] = rt7M_tl.a
[7] = shb_l.a

  71 468 bytes of readonly  code memory
  12 058 bytes of readonly  data memory
  95 258 bytes of readwrite data memory

Errors: none
Warnings: none
