###############################################################################
#
# IAR ELF Linker V7.80.1.11864/W32 for ARM                20/Mar/2017  14:51:16
# Copyright 2007-2016 IAR Systems AB.
#
#    Output file  =  
#        E:\WORK\ALL\ETHDISP\STM32F4Display\EWARM\ETHDISP\Exe\ETHDISP.out
#    Map file     =  
#        E:\WORK\ALL\ETHDISP\STM32F4Display\EWARM\ETHDISP\List\ETHDISP.map
#    Command line =  
#        E:\WORK\ALL\ETHDISP\STM32F4Display\EWARM\ETHDISP\Obj\api_lib.o
#        E:\WORK\ALL\ETHDISP\STM32F4Display\EWARM\ETHDISP\Obj\api_msg.o
#        E:\WORK\ALL\ETHDISP\STM32F4Display\EWARM\ETHDISP\Obj\arc4.o
#        E:\WORK\ALL\ETHDISP\STM32F4Display\EWARM\ETHDISP\Obj\Arial16.o
#        E:\WORK\ALL\ETHDISP\STM32F4Display\EWARM\ETHDISP\Obj\auth.o
#        E:\WORK\ALL\ETHDISP\STM32F4Display\EWARM\ETHDISP\Obj\autoip.o
#        E:\WORK\ALL\ETHDISP\STM32F4Display\EWARM\ETHDISP\Obj\ccp.o
#        E:\WORK\ALL\ETHDISP\STM32F4Display\EWARM\ETHDISP\Obj\chap-md5.o
#        E:\WORK\ALL\ETHDISP\STM32F4Display\EWARM\ETHDISP\Obj\chap-new.o
#        E:\WORK\ALL\ETHDISP\STM32F4Display\EWARM\ETHDISP\Obj\chap_ms.o
#        E:\WORK\ALL\ETHDISP\STM32F4Display\EWARM\ETHDISP\Obj\def.o
#        E:\WORK\ALL\ETHDISP\STM32F4Display\EWARM\ETHDISP\Obj\demand.o
#        E:\WORK\ALL\ETHDISP\STM32F4Display\EWARM\ETHDISP\Obj\des.o
#        E:\WORK\ALL\ETHDISP\STM32F4Display\EWARM\ETHDISP\Obj\dhcp.o
#        E:\WORK\ALL\ETHDISP\STM32F4Display\EWARM\ETHDISP\Obj\dhcp6.o
#        E:\WORK\ALL\ETHDISP\STM32F4Display\EWARM\ETHDISP\Obj\dns.o
#        E:\WORK\ALL\ETHDISP\STM32F4Display\EWARM\ETHDISP\Obj\eap.o
#        E:\WORK\ALL\ETHDISP\STM32F4Display\EWARM\ETHDISP\Obj\ecp.o
#        E:\WORK\ALL\ETHDISP\STM32F4Display\EWARM\ETHDISP\Obj\err.o
#        E:\WORK\ALL\ETHDISP\STM32F4Display\EWARM\ETHDISP\Obj\etharp.o
#        E:\WORK\ALL\ETHDISP\STM32F4Display\EWARM\ETHDISP\Obj\ethernetif.o
#        E:\WORK\ALL\ETHDISP\STM32F4Display\EWARM\ETHDISP\Obj\ethip6.o
#        E:\WORK\ALL\ETHDISP\STM32F4Display\EWARM\ETHDISP\Obj\eui64.o
#        E:\WORK\ALL\ETHDISP\STM32F4Display\EWARM\ETHDISP\Obj\fsm.o
#        E:\WORK\ALL\ETHDISP\STM32F4Display\EWARM\ETHDISP\Obj\GUI_X.o
#        E:\WORK\ALL\ETHDISP\STM32F4Display\EWARM\ETHDISP\Obj\GUIConf.o
#        E:\WORK\ALL\ETHDISP\STM32F4Display\EWARM\ETHDISP\Obj\icmp.o
#        E:\WORK\ALL\ETHDISP\STM32F4Display\EWARM\ETHDISP\Obj\icmp6.o
#        E:\WORK\ALL\ETHDISP\STM32F4Display\EWARM\ETHDISP\Obj\igmp.o
#        E:\WORK\ALL\ETHDISP\STM32F4Display\EWARM\ETHDISP\Obj\inet6.o
#        E:\WORK\ALL\ETHDISP\STM32F4Display\EWARM\ETHDISP\Obj\inet_chksum.o
#        E:\WORK\ALL\ETHDISP\STM32F4Display\EWARM\ETHDISP\Obj\init.o
#        E:\WORK\ALL\ETHDISP\STM32F4Display\EWARM\ETHDISP\Obj\ip4.o
#        E:\WORK\ALL\ETHDISP\STM32F4Display\EWARM\ETHDISP\Obj\ip4_addr.o
#        E:\WORK\ALL\ETHDISP\STM32F4Display\EWARM\ETHDISP\Obj\ip6.o
#        E:\WORK\ALL\ETHDISP\STM32F4Display\EWARM\ETHDISP\Obj\ip6_addr.o
#        E:\WORK\ALL\ETHDISP\STM32F4Display\EWARM\ETHDISP\Obj\ip6_frag.o
#        E:\WORK\ALL\ETHDISP\STM32F4Display\EWARM\ETHDISP\Obj\ip_frag.o
#        E:\WORK\ALL\ETHDISP\STM32F4Display\EWARM\ETHDISP\Obj\ipcp.o
#        E:\WORK\ALL\ETHDISP\STM32F4Display\EWARM\ETHDISP\Obj\ipv6cp.o
#        E:\WORK\ALL\ETHDISP\STM32F4Display\EWARM\ETHDISP\Obj\LCD_ini.o
#        E:\WORK\ALL\ETHDISP\STM32F4Display\EWARM\ETHDISP\Obj\LCDConf_FlexColor.o
#        E:\WORK\ALL\ETHDISP\STM32F4Display\EWARM\ETHDISP\Obj\lcp.o
#        E:\WORK\ALL\ETHDISP\STM32F4Display\EWARM\ETHDISP\Obj\lwip.o
#        E:\WORK\ALL\ETHDISP\STM32F4Display\EWARM\ETHDISP\Obj\lwip_timers.o
#        E:\WORK\ALL\ETHDISP\STM32F4Display\EWARM\ETHDISP\Obj\magic.o
#        E:\WORK\ALL\ETHDISP\STM32F4Display\EWARM\ETHDISP\Obj\main.o
#        E:\WORK\ALL\ETHDISP\STM32F4Display\EWARM\ETHDISP\Obj\md4.o
#        E:\WORK\ALL\ETHDISP\STM32F4Display\EWARM\ETHDISP\Obj\md5.o
#        E:\WORK\ALL\ETHDISP\STM32F4Display\EWARM\ETHDISP\Obj\mem.o
#        E:\WORK\ALL\ETHDISP\STM32F4Display\EWARM\ETHDISP\Obj\memp.o
#        E:\WORK\ALL\ETHDISP\STM32F4Display\EWARM\ETHDISP\Obj\mld6.o
#        E:\WORK\ALL\ETHDISP\STM32F4Display\EWARM\ETHDISP\Obj\mppe.o
#        E:\WORK\ALL\ETHDISP\STM32F4Display\EWARM\ETHDISP\Obj\multilink.o
#        E:\WORK\ALL\ETHDISP\STM32F4Display\EWARM\ETHDISP\Obj\my_tcp.o
#        E:\WORK\ALL\ETHDISP\STM32F4Display\EWARM\ETHDISP\Obj\nd6.o
#        E:\WORK\ALL\ETHDISP\STM32F4Display\EWARM\ETHDISP\Obj\netbuf.o
#        E:\WORK\ALL\ETHDISP\STM32F4Display\EWARM\ETHDISP\Obj\netdb.o
#        E:\WORK\ALL\ETHDISP\STM32F4Display\EWARM\ETHDISP\Obj\netif.o
#        E:\WORK\ALL\ETHDISP\STM32F4Display\EWARM\ETHDISP\Obj\netifapi.o
#        E:\WORK\ALL\ETHDISP\STM32F4Display\EWARM\ETHDISP\Obj\pbuf.o
#        E:\WORK\ALL\ETHDISP\STM32F4Display\EWARM\ETHDISP\Obj\ppp.o
#        E:\WORK\ALL\ETHDISP\STM32F4Display\EWARM\ETHDISP\Obj\pppapi.o
#        E:\WORK\ALL\ETHDISP\STM32F4Display\EWARM\ETHDISP\Obj\pppcrypt.o
#        E:\WORK\ALL\ETHDISP\STM32F4Display\EWARM\ETHDISP\Obj\pppoe.o
#        E:\WORK\ALL\ETHDISP\STM32F4Display\EWARM\ETHDISP\Obj\pppol2tp.o
#        E:\WORK\ALL\ETHDISP\STM32F4Display\EWARM\ETHDISP\Obj\pppos.o
#        E:\WORK\ALL\ETHDISP\STM32F4Display\EWARM\ETHDISP\Obj\raw.o
#        E:\WORK\ALL\ETHDISP\STM32F4Display\EWARM\ETHDISP\Obj\sha1.o
#        E:\WORK\ALL\ETHDISP\STM32F4Display\EWARM\ETHDISP\Obj\slipif.o
#        E:\WORK\ALL\ETHDISP\STM32F4Display\EWARM\ETHDISP\Obj\sockets.o
#        E:\WORK\ALL\ETHDISP\STM32F4Display\EWARM\ETHDISP\Obj\startup_stm32f407xx.o
#        E:\WORK\ALL\ETHDISP\STM32F4Display\EWARM\ETHDISP\Obj\stats.o
#        E:\WORK\ALL\ETHDISP\STM32F4Display\EmWin\STemWin532_CM4_IAR.a
#        E:\WORK\ALL\ETHDISP\STM32F4Display\EWARM\ETHDISP\Obj\stm32f4xx_hal.o
#        E:\WORK\ALL\ETHDISP\STM32F4Display\EWARM\ETHDISP\Obj\stm32f4xx_hal_cortex.o
#        E:\WORK\ALL\ETHDISP\STM32F4Display\EWARM\ETHDISP\Obj\stm32f4xx_hal_dma.o
#        E:\WORK\ALL\ETHDISP\STM32F4Display\EWARM\ETHDISP\Obj\stm32f4xx_hal_dma_ex.o
#        E:\WORK\ALL\ETHDISP\STM32F4Display\EWARM\ETHDISP\Obj\stm32f4xx_hal_eth.o
#        E:\WORK\ALL\ETHDISP\STM32F4Display\EWARM\ETHDISP\Obj\stm32f4xx_hal_flash.o
#        E:\WORK\ALL\ETHDISP\STM32F4Display\EWARM\ETHDISP\Obj\stm32f4xx_hal_flash_ex.o
#        E:\WORK\ALL\ETHDISP\STM32F4Display\EWARM\ETHDISP\Obj\stm32f4xx_hal_flash_ramfunc.o
#        E:\WORK\ALL\ETHDISP\STM32F4Display\EWARM\ETHDISP\Obj\stm32f4xx_hal_gpio.o
#        E:\WORK\ALL\ETHDISP\STM32F4Display\EWARM\ETHDISP\Obj\stm32f4xx_hal_msp.o
#        E:\WORK\ALL\ETHDISP\STM32F4Display\EWARM\ETHDISP\Obj\stm32f4xx_hal_pwr.o
#        E:\WORK\ALL\ETHDISP\STM32F4Display\EWARM\ETHDISP\Obj\stm32f4xx_hal_pwr_ex.o
#        E:\WORK\ALL\ETHDISP\STM32F4Display\EWARM\ETHDISP\Obj\stm32f4xx_hal_rcc.o
#        E:\WORK\ALL\ETHDISP\STM32F4Display\EWARM\ETHDISP\Obj\stm32f4xx_hal_rcc_ex.o
#        E:\WORK\ALL\ETHDISP\STM32F4Display\EWARM\ETHDISP\Obj\stm32f4xx_hal_spi.o
#        E:\WORK\ALL\ETHDISP\STM32F4Display\EWARM\ETHDISP\Obj\stm32f4xx_hal_sram.o
#        E:\WORK\ALL\ETHDISP\STM32F4Display\EWARM\ETHDISP\Obj\stm32f4xx_hal_tim.o
#        E:\WORK\ALL\ETHDISP\STM32F4Display\EWARM\ETHDISP\Obj\stm32f4xx_hal_tim_ex.o
#        E:\WORK\ALL\ETHDISP\STM32F4Display\EWARM\ETHDISP\Obj\stm32f4xx_hal_uart.o
#        E:\WORK\ALL\ETHDISP\STM32F4Display\EWARM\ETHDISP\Obj\stm32f4xx_it.o
#        E:\WORK\ALL\ETHDISP\STM32F4Display\EWARM\ETHDISP\Obj\stm32f4xx_ll_fsmc.o
#        E:\WORK\ALL\ETHDISP\STM32F4Display\EWARM\ETHDISP\Obj\sys.o
#        E:\WORK\ALL\ETHDISP\STM32F4Display\EWARM\ETHDISP\Obj\system_stm32f4xx.o
#        E:\WORK\ALL\ETHDISP\STM32F4Display\EWARM\ETHDISP\Obj\tcp.o
#        E:\WORK\ALL\ETHDISP\STM32F4Display\EWARM\ETHDISP\Obj\tcp_in.o
#        E:\WORK\ALL\ETHDISP\STM32F4Display\EWARM\ETHDISP\Obj\tcp_out.o
#        E:\WORK\ALL\ETHDISP\STM32F4Display\EWARM\ETHDISP\Obj\tcpip.o
#        E:\WORK\ALL\ETHDISP\STM32F4Display\EWARM\ETHDISP\Obj\udp.o
#        E:\WORK\ALL\ETHDISP\STM32F4Display\EWARM\ETHDISP\Obj\upap.o
#        E:\WORK\ALL\ETHDISP\STM32F4Display\EWARM\ETHDISP\Obj\utils.o
#        E:\WORK\ALL\ETHDISP\STM32F4Display\EWARM\ETHDISP\Obj\vj.o
#        E:\WORK\ALL\ETHDISP\STM32F4Display\EWARM\ETHDISP\Obj\WIDGET_Multipage.o
#        E:\WORK\ALL\ETHDISP\STM32F4Display\EWARM\ETHDISP\Obj\WindowDLG.o
#        E:\WORK\ALL\ETHDISP\STM32F4Display\EWARM\ETHDISP\Obj\XPT2046.o
#        --redirect _Printf=_PrintfFull --redirect _Scanf=_ScanfFull -o
#        E:\WORK\ALL\ETHDISP\STM32F4Display\EWARM\ETHDISP\Exe\ETHDISP.out --map
#        E:\WORK\ALL\ETHDISP\STM32F4Display\EWARM\ETHDISP\List\ETHDISP.map
#        --config
#        E:\WORK\ALL\ETHDISP\STM32F4Display\EWARM/stm32f407xx_flash.icf
#        --semihosting --entry __iar_program_start --vfe
#
###############################################################################

*******************************************************************************
*** RUNTIME MODEL ATTRIBUTES
***

CppFlavor       = *
__SystemLibrary = DLib


*******************************************************************************
*** PLACEMENT SUMMARY
***

"A0":  place at 0x08000000 { ro section .intvec };
"P1":  place in [from 0x08000000 to 0x080fffff] { ro };
"P2":  place in [from 0x20000000 to 0x2001ffff] { rw, block CSTACK, block HEAP };
initialize by copy { rw };

  Section             Kind        Address     Size  Object
  -------             ----        -------     ----  ------
"A0":                                        0x188
  .intvec             ro code  0x08000000    0x188  startup_stm32f407xx.o [1]
                             - 0x08000188    0x188

"P1":                                      0x1b4fd
  .text               ro code  0x08000188   0x18fc  tcp_in.o [1]
  .text               ro code  0x08001a84     0x50  ip4_addr.o [1]
  .text               ro code  0x08001ad4     0x40  def.o [1]
  .text               ro code  0x08001b14    0x5fc  pbuf.o [1]
  .text               ro code  0x08002110    0xe8c  tcp.o [1]
  .text               ro code  0x08002f9c     0xc4  memp.o [1]
  .text               ro code  0x08003060    0xeb0  tcp_out.o [1]
  .text               ro code  0x08003f10    0x1e8  lwip_timers.o [1]
  .text               ro code  0x080040f8    0x36c  mem.o [1]
  .text               ro code  0x08004464     0x76  ABImemcpy_unaligned.o [6]
  .text               ro code  0x080044da      0x2  GUICC_8888_Index2Color.o [3]
  .text               ro code  0x080044dc     0x66  ABImemset.o [6]
  .text               ro code  0x08004542      0x2  GUICC_888_Index2Color.o [3]
  .text               ro code  0x08004544    0x3c8  ip4.o [1]
  .text               ro code  0x0800490c    0x790  ip_frag.o [1]
  .text               ro code  0x0800509c    0xc08  etharp.o [1]
  .text               ro code  0x08005ca4    0xaf2  dhcp.o [1]
  .rodata             const    0x08006796      0x1  WIDGET_Multipage.o [1]
  .text               ro code  0x08006798    0x340  ethernetif.o [1]
  .text               ro code  0x08006ad8    0x49c  udp.o [1]
  .text               ro code  0x08006f74    0x23e  icmp.o [1]
  .text               ro code  0x080071b4     0x62  memcmp_unaligned.o [6]
  .text               ro code  0x08007218    0x180  netif.o [1]
  .text               ro code  0x08007398     0xe0  rand.o [4]
  .text               ro code  0x08007478    0x248  stm32f4xx_hal_gpio.o [1]
  .text               ro code  0x080076c0    0xa0c  stm32f4xx_hal_eth.o [1]
  .text               ro code  0x080080cc      0xc  stm32f4xx_hal.o [1]
  .text               ro code  0x080080d8      0x2  xtls.o [4]
  .text               ro code  0x080080dc    0x2a4  stm32f4xx_hal_rcc.o [1]
  .text               ro code  0x08008380     0x1a  stm32f4xx_hal.o [1]
  .text               ro code  0x0800839c     0x28  stm32f4xx_hal.o [1]
  .text               ro code  0x080083c4    0x142  stm32f4xx_hal_cortex.o [1]
  .text               ro code  0x08008508   0x10dc  WM.o [3]
  .text               ro code  0x080095e4     0x30  LCD_SetClipRectEx.o [3]
  .text               ro code  0x08009614    0x6d8  GUI_Alloc.o [3]
  .text               ro code  0x08009cec     0x40  GUI__IntersectRect.o [3]
  .text               ro code  0x08009d2c     0x58  GUI_MergeRect.o [3]
  .text               ro code  0x08009d84     0x10  GUI_WaitEvent.o [3]
  .text               ro code  0x08009d94     0x1c  GUI_MoveRect.o [3]
  .text               ro code  0x08009db0    0x300  GUIDEV.o [3]
  .text               ro code  0x0800a0b0      0xe  WM_GetFirstChild.o [3]
  .text               ro code  0x0800a0be     0x60  GUI__IntersectRects.o [3]
  .text               ro code  0x0800a11e     0x38  GUI_RectsIntersect.o [3]
  .text               ro code  0x0800a158     0x40  WM__SendMessage.o [3]
  .text               ro code  0x0800a198     0x24  GUI_ALLOC_AllocZero.o [3]
  .text               ro code  0x0800a1bc     0x84  WM_BringToBottom.o [3]
  .text               ro code  0x0800a240    0x134  WM_Timer.o [3]
  .text               ro code  0x0800a374     0x14  WM_NotifyParent.o [3]
  .text               ro code  0x0800a388     0x5c  GUI_SelectLayer.o [3]
  .text               ro code  0x0800a3e4    0x5e4  LCD.o [3]
  .text               ro code  0x0800a9c8     0x40  GUI_SetDefault.o [3]
  .text               ro code  0x0800aa08      0x4  WM_SendMessageNoPara.o [3]
  .text               ro code  0x0800aa0c    0x154  GUIDEV_Banding.o [3]
  .text               ro code  0x0800ab60     0xa0  GUI_OnKey.o [3]
  .text               ro code  0x0800ac00     0xd0  GUI__ManageCache.o [3]
  .text               ro code  0x0800acd0     0x20  GUI_SaveContext.o [3]
  .text               ro code  0x0800acf0      0x8  GUI_SetColor.o [3]
  .text               ro code  0x0800acf8    0x1c0  GUI_Core.o [3]
  .text               ro code  0x0800aeb8     0x40  WM_GetClientRect.o [3]
  .text               ro code  0x0800aef8     0x1c  WM_SendToParent.o [3]
  .text               ro code  0x0800af14    0x134  GUI_Device.o [3]
  .text               ro code  0x0800b048     0x30  WM_CriticalHandle.o [3]
  .text               ro code  0x0800b078     0x78  ABImemmove_unaligned.o [6]
  .text               ro code  0x0800b0f0      0x6  ABImemclr.o [6]
  .text               ro code  0x0800b0f6     0x54  GUI__memset.o [3]
  .text               ro code  0x0800b14c    0x1a8  LCD_GetEx.o [3]
  .text               ro code  0x0800b2f4    0x1ac  GUIDEV_UsageBM.o [3]
  .text               ro code  0x0800b4a0     0x12  GUI_SelectLCD.o [3]
  .text               ro code  0x0800b4b4     0x4e  GUIDEV_Usage.o [3]
  .text               ro code  0x0800b504     0x24  LCD_UpdateColorIndices.o [3]
  .text               ro code  0x0800b528      0x4  GUI_SetDrawMode.o [3]
  .text               ro code  0x0800b52c    0x600  GUIDEV_WriteToActiveOpaque.o [3]
  .text               ro code  0x0800bb2c     0x22  WM__GetPrevSibling.o [3]
  .text               ro code  0x0800bb4e      0xe  WM_GetParent.o [3]
  .text               ro code  0x0800bb5c    0x2de  GUI_Timer.o [3]
  .text               ro code  0x0800be3a     0x2e  GUI_Time.o [3]
  .text               ro code  0x0800be68     0xe0  LCD_Set.o [3]
  .text               ro code  0x0800bf48     0xfc  LCD_Color.o [3]
  .text               ro code  0x0800c044     0x10  GUI_Pen.o [3]
  .text               ro code  0x0800c054     0x14  GUI_SetTextAlign.o [3]
  .text               ro code  0x0800c068     0x14  GUI_SetTextMode.o [3]
  .text               ro code  0x0800c07c     0x14  GUI_SetFont.o [3]
  .text               ro code  0x0800c090     0x10  GUI_SetLineStyle.o [3]
  .text               ro code  0x0800c0a0     0x38  WM__SendMessageNoPara.o [3]
  .text               ro code  0x0800c0d8     0x1e  GUI_GetOrg.o [3]
  .text               ro code  0x0800c0f8     0x28  GUIDEV_GetYSize.o [3]
  .text               ro code  0x0800c120     0x30  GUIDEV_ReduceYSize.o [3]
  .text               ro code  0x0800c150     0x68  GUIDEV_SetOrg.o [3]
  .text               ro code  0x0800c1b8     0x3c  GUIDEV_Clear.o [3]
  .text               ro code  0x0800c1f4     0x38  WM_OnKey.o [3]
  .text               ro code  0x0800c22c     0x2c  GUI_Goto.o [3]
  .text               ro code  0x0800c258     0x60  GUIConf.o [1]
  .text               ro code  0x0800c2b8     0xea  LCDConf_FlexColor.o [1]
  .text               ro code  0x0800c3a4     0x2c  GUI_X.o [1]
  .text               ro code  0x0800c3d0     0x18  WM_GetDesktopWindow.o [3]
  .text               ro code  0x0800c3e8     0x30  GUI_SetOrg.o [3]
  .text               ro code  0x0800c418     0x44  LCD_SelectLCD.o [3]
  .text               ro code  0x0800c45c    0x240  GUI__CompactPixelIndices.o [3]
  .text               ro code  0x0800c69c     0x1c  GUIDEV_GetDataPtr.o [3]
  .text               ro code  0x0800c6b8     0x10  WM__GetFirstSibling.o [3]
  .text               ro code  0x0800c6c8     0x48  GUI_Exec.o [3]
  .text               ro code  0x0800c710     0x1a  LCD_GetNumDisplays.o [3]
  .text               ro code  0x0800c72c     0xa8  GUI_TOUCH_DriverAnalog.o [3]
  .text               ro code  0x0800c7d4      0x6  ABImemclr4.o [6]
  .text               ro code  0x0800c7dc    0x5e4  GUIDRV_FlexColor.o [3]
  .text               ro code  0x0800cdc0    0x20c  LCD_ini.o [1]
  .text               ro code  0x0800cfcc    0x47c  GUI_TOUCH_Calibrate.o [3]
  .text               ro code  0x0800d448     0x32  ABImemset48.o [6]
  .text               ro code  0x0800d47c    0xa94  MULTIPAGE.o [3]
  .text               ro code  0x0800df10     0x34  WM_GetId.o [3]
  .text               ro code  0x0800df44     0x1a  SCROLLBAR_Create.o [3]
  .text               ro code  0x0800df5e     0x1a  WIDGET_SetEffect.o [3]
  .text               ro code  0x0800df78     0x56  WM_MoveChildTo.o [3]
  .text               ro code  0x0800dfce     0x48  WM_SetSize.o [3]
  .text               ro code  0x0800e018    0x588  SCROLLBAR.o [3]
  .text               ro code  0x0800e5a0     0x2c  WM_Hide.o [3]
  .text               ro code  0x0800e5cc     0x52  WM_Show.o [3]
  .text               ro code  0x0800e620     0x14  WM_GetFocussedWindow.o [3]
  .text               ro code  0x0800e634     0x22  WM__IsChild.o [3]
  .text               ro code  0x0800e658     0xac  WM_SetFocus.o [3]
  .text               ro code  0x0800e704      0xa  GUI_GetYSizeOfFont.o [3]
  .text               ro code  0x0800e710     0x74  WM_BringToTop.o [3]
  .text               ro code  0x0800e784     0x2c  WM_GetOrg.o [3]
  .text               ro code  0x0800e7b0     0xb6  WM_Screen2Win.o [3]
  .text               ro code  0x0800e866    0x142  GUI_ARRAY.o [3]
  .text               ro code  0x0800e9a8    0x290  WIDGET.o [3]
  .text               ro code  0x0800ec38     0x14  GUI_GetStringDistX.o [3]
  .text               ro code  0x0800ec4c     0x6e  GUI_DRAW.o [3]
  .text               ro code  0x0800ecba     0x1a  WM_IsVisible.o [3]
  .text               ro code  0x0800ecd4     0x1a  SCROLLBAR_GetValue.o [3]
  .text               ro code  0x0800ecee     0xb2  WM_AttachWindow.o [3]
  .text               ro code  0x0800eda0     0x36  strlen.o [6]
  .text               ro code  0x0800edd8    0x15c  WM_Move.o [3]
  .text               ro code  0x0800ef34     0xf4  WM_ResizeWindow.o [3]
  .text               ro code  0x0800f028     0x18  GUI__DivideRound32.o [3]
  .text               ro code  0x0800f040     0x5a  WM_SetCapture.o [3]
  .text               ro code  0x0800f09a     0x28  WM_GetScrollPartner.o [3]
  .text               ro code  0x0800f0c4     0x14  WM_GetInsideRect.o [3]
  .text               ro code  0x0800f0d8      0x4  WM_IsWindow.o [3]
  .text               ro code  0x0800f0dc      0x4  WM_ForEachDesc.o [3]
  .text               ro code  0x0800f0e0     0x14  WM_GetDesktopWindowEx.o [3]
  .text               ro code  0x0800f0f4     0x3c  GUI_ALLOC_AllocInit.o [3]
  .text               ro code  0x0800f130     0x54  GUI_Realloc.o [3]
  .text               ro code  0x0800f184     0x1a  GUI__ReduceRect.o [3]
  .text               ro code  0x0800f19e     0xc2  WM__UpdateChildPositions.o [3]
  .text               ro code  0x0800f260     0x14  GUI_FillRectEx.o [3]
  .text               ro code  0x0800f274     0x4c  GUI_DrawHLine.o [3]
  .text               ro code  0x0800f2c0     0x44  GUI_DrawVLine.o [3]
  .text               ro code  0x0800f304     0x1a  GUI__GetNumChars.o [3]
  .text               ro code  0x0800f320    0x1b8  GUI_CharLine.o [3]
  .text               ro code  0x0800f4d8     0x50  WM_GetDialogItem.o [3]
  .text               ro code  0x0800f528     0x2c  WM__ForEachDesc.o [3]
  .text               ro code  0x0800f554     0x48  GUI_FillRect.o [3]
  .text               ro code  0x0800f59c     0x4c  GUI_UC.o [3]
  .text               ro code  0x0800f5e8     0x54  GUI_Char.o [3]
  .rodata             const    0x0800f63c    0x984  F13_1.o [3]
  .text               ro code  0x0800ffc0    0x958  GUIDEV_32.o [3]
  .text               ro code  0x08010918    0x304  GUI__Alpha.o [3]
  .text               ro code  0x08010c1c    0x1b4  LCD_ReadRect.o [3]
  .text               ro code  0x08010dd0    0x120  GUI__ExpandPixelIndices.o [3]
  .text               ro code  0x08010ef0    0x94c  GUIDEV_16.o [3]
  .text               ro code  0x0801183c     0x40  GUI__memset16.o [3]
  .rodata             const    0x0801187c    0x918  F13_ASCII.o [3]
  .rodata             const    0x08012194    0x718  F6x8.o [3]
  .text               ro code  0x080128ac    0x6e6  GUI_SPRITE.o [3]
  .text               ro code  0x08012f92     0x9a  GUI_GetBitmapPixelIndex.o [3]
  .text               ro code  0x0801302c    0x6a4  MULTIPAGE_Skin.o [3]
  .text               ro code  0x080136d0     0x18  WM_SetUserClipRect.o [3]
  .text               ro code  0x080136e8    0x672  FRAMEWIN.o [3]
  .text               ro code  0x08013d5a     0x52  WM_SetFocusOnPrevChild.o [3]
  .text               ro code  0x08013dac     0x80  WM_SetFocusOnNextChild.o [3]
  .text               ro code  0x08013e2c      0xe  WM_GetNextSibling.o [3]
  .text               ro code  0x08013e3a     0x54  WM_GetWindowSize.o [3]
  .text               ro code  0x08013e90     0x94  WM_SetCaptureMove.o [3]
  .text               ro code  0x08013f24     0x1c  WM_HasFocus.o [3]
  .text               ro code  0x08013f40     0x30  WM__IsAncestor.o [3]
  .text               ro code  0x08013f70     0x18  WM_MemDev.o [3]
  .text               ro code  0x08013f88     0x6e  GUI__SetText.o [3]
  .text               ro code  0x08013ff6     0x1a  WM__GetLastSibling.o [3]
  .text               ro code  0x08014010     0x28  WM__GetFocussedChild.o [3]
  .text               ro code  0x08014038     0x30  WM_IsFocussable.o [3]
  .text               ro code  0x08014068     0x1c  WM_HasCaptured.o [3]
  .text               ro code  0x08014084     0x42  WM_GetWindowRect.o [3]
  .text               ro code  0x080140c8     0x48  GUI__strcmp.o [3]
  .text               ro code  0x08014110     0x14  GUI__strlen.o [3]
  .text               ro code  0x08014124     0x44  strcpy_unaligned.o [6]
  .text               ro code  0x08014168    0x610  GUIDRV_FlexColor_16bpp_C0B16.o [3]
  .text               ro code  0x08014778    0x54e  stm32f4xx_hal_spi.o [1]
  .text               ro code  0x08014cc8    0x200  stm32f4xx_hal_msp.o [1]
  .text               ro code  0x08014ec8    0x4dc  LCD_RotateCW.o [3]
  .text               ro code  0x080153a4    0x2bc  LCD_AA.o [3]
  .text               ro code  0x08015660      0xe  LCD_GetPixelColor.o [3]
  .text               ro code  0x08015670     0x5c  LCD_GetP.o [3]
  .text               ro code  0x080156cc    0x402  SCROLLBAR_SkinFlex.o [3]
  .text               ro code  0x08015ad0     0x48  GUI_DrawPixel.o [3]
  .text               ro code  0x08015b18    0x226  GUI_DrawGradient.o [3]
  .text               ro code  0x08015d3e     0x16  GUI_GetColor.o [3]
  .text               ro code  0x08015d54     0x18  LCD_GetColorIndex.o [3]
  .text               ro code  0x08015d6c    0x3f6  main.o [1]
  .text               ro code  0x08016164     0x40  stm32f4xx_hal.o [1]
  .text               ro code  0x080161a4    0x10c  lwip.o [1]
  .text               ro code  0x080162b0    0x2c0  XPT2046.o [1]
  .text               ro code  0x08016570    0x158  my_tcp.o [1]
  .text               ro code  0x080166c8    0x128  WIDGET_Multipage.o [1]
  .text               ro code  0x080167f0    0x3b4  stm32f4xx_hal_rcc.o [1]
  .text               ro code  0x08016ba4    0x398  stm32f4xx_hal_uart.o [1]
  .text               ro code  0x08016f3c     0x5c  stm32f4xx_hal_sram.o [1]
  .text               ro code  0x08016f98     0x1c  init.o [1]
  .text               ro code  0x08016fb4     0x40  GUI_TOUCH.o [3]
  .text               ro code  0x08016ff4     0xfc  GUI_DispString.o [3]
  .text               ro code  0x080170f0     0x10  WM_SetCreateFlags.o [3]
  .text               ro code  0x08017100     0x20  GUI_ErrorOut.o [3]
  .text               ro code  0x08017120     0x26  FRAMEWIN_Create.o [3]
  .text               ro code  0x08017146     0x2c  FRAMEWIN_SetColors.o [3]
  .text               ro code  0x08017172     0x18  WM_GetClientWindow.o [3]
  .text               ro code  0x0801718c     0x9e  DIALOG.o [3]
  .text               ro code  0x0801722c     0xf0  stm32f4xx_ll_fsmc.o [1]
  .text               ro code  0x0801731c     0xe0  GUI_PID.o [3]
  .text               ro code  0x080173fc    0x3ec  WM_Touch.o [3]
  .text               ro code  0x080177e8     0x1a  WM__SendMessageIfEnabled.o [3]
  .text               ro code  0x08017804     0x60  GUI_Curs1.o [3]
  .text               ro code  0x08017864     0x16  WM__IsEnabled.o [3]
  .text               ro code  0x0801787c     0x1c  WM_PID__GetPrevState.o [3]
  .text               ro code  0x08017898    0x3d0  CHECKBOX_SkinFlex.o [3]
  .text               ro code  0x08017c68     0x88  GUI_2DLib.o [3]
  .text               ro code  0x08017cf0     0xec  GUI_DrawBitmap.o [3]
  .text               ro code  0x08017ddc     0x9c  GUI_DrawFocusRect.o [3]
  .text               ro code  0x08017e78    0x18c  GUI_DispStringInRect.o [3]
  .text               ro code  0x08018004     0x5e  WM_SetTrans.o [3]
  .text               ro code  0x08018062      0xa  GUI_GetClientRect.o [3]
  .text               ro code  0x0801806c     0x16  GUI__HandleEOLine.o [3]
  .text               ro code  0x08018084     0x30  WM_ValidateWindow.o [3]
  .text               ro code  0x080180b4    0x36a  FRAMEWIN_SkinFlex.o [3]
  .text               ro code  0x0801841e     0x26  FRAMEWIN_Get.o [3]
  .text               ro code  0x08018444    0x32a  GUI__DrawTwinArc.o [3]
  .text               ro code  0x0801876e     0x1a  GUI__sqrt32.o [3]
  .text               ro code  0x08018788    0x350  GUIDRV_FlexColor_Func66708.o [3]
  .text               ro code  0x08018ad8    0x258  SCROLLBAR_Skin.o [3]
  .text               ro code  0x08018d30     0x66  WM_GetScrollbar.o [3]
  .text               ro code  0x08018d98    0x252  MULTIPAGE_SkinFlex.o [3]
  .text               ro code  0x08018fec     0xb4  GUI_DispStringInRectEx.o [3]
  .text               ro code  0x080190a0    0x248  BUTTON_SkinFlex.o [3]
  .text               ro code  0x080192e8    0x228  BUTTON.o [3]
  .text               ro code  0x08019510    0x1d0  CHECKBOX.o [3]
  .text               ro code  0x080196e0     0x36  CHECKBOX_SetState.o [3]
  .text               ro code  0x08019718    0x1ac  WINDOW.o [3]
  .text               ro code  0x080198c4    0x19c  GUIDEV_WriteToActiveAlpha.o [3]
  .text               ro code  0x08019a60    0x17a  GUI_CharM.o [3]
  .text               ro code  0x08019bdc    0x164  GUIDEV_StaticDevices.o [3]
  .text               ro code  0x08019d40     0x24  GUI_SetAlpha.o [3]
  .text               ro code  0x08019d64     0x7c  GUIDEV_Write.o [3]
  .text               ro code  0x08019de0    0x162  FRAMEWIN_Skin.o [3]
  .text               ro code  0x08019f42    0x14a  GUI_DispStringInRectWrap.o [3]
  .text               ro code  0x0801a08c    0x13a  GUI__Wrap.o [3]
  .text               ro code  0x0801a1c8    0x144  TEXT.o [3]
  .text               ro code  0x0801a30c    0x12c  GUI_CharP.o [3]
  .text               ro code  0x0801a438    0x128  MULTIPAGE_SkinClassic.o [3]
  .rodata             const    0x0801a560    0x100  GUI__DivTbl_255_31.o [3]
  .rodata             const    0x0801a660    0x100  GUI__DivTbl_255_63.o [3]
  .rodata             const    0x0801a760    0x100  LCD_Mirror.o [3]
  .text               ro code  0x0801a860     0xc4  GUICC_565.o [3]
  .text               ro code  0x0801a924     0xb8  GUICC_0.o [3]
  .text               ro code  0x0801a9dc     0x3e  GUI_CalcColorDist.o [3]
  .text               ro code  0x0801aa1c     0xb2  CHECKBOX_Skin.o [3]
  .rodata             const    0x0801aad0     0xa8  WIDGET_Multipage.o [1]
  .text               ro code  0x0801ab78     0xa8  BUTTON_Skin.o [3]
  .text               ro code  0x0801ac20     0x78  lz77_init_single.o [6]
  .text               ro code  0x0801ac98     0x6c  system_stm32f4xx.o [1]
  .rodata             const    0x0801ad04     0x68  CHECKBOX_Image.o [3]
  .text               ro code  0x0801ad6c     0x60  WIDGET_Effect_Simple.o [3]
  .rodata             const    0x0801adcc     0x54  WIDGET_Multipage.o [1]
  .text               ro code  0x0801ae20     0x44  BUTTON_CreateIndirect.o [3]
  .rodata             const    0x0801ae64     0x40  GUI__DivTbl_63_255.o [3]
  .text               ro code  0x0801aea4     0x40  zero_init3.o [6]
  .text               ro code  0x0801aee4     0x3c  TEXT_CreateIndirect.o [3]
  .text               ro code  0x0801af20     0x38  CHECKBOX_CreateIndirect.o [3]
  .rodata             const    0x0801af58     0x34  GUIDRV_FlexColor.o [3]
  .text               ro code  0x0801af8c     0x28  GUICC_8888.o [3]
  .text               ro code  0x0801afb4     0x28  data_init.o [6]
  .text               ro code  0x0801afdc     0x24  GUI_UC_EncodeNone.o [3]
  .text               ro code  0x0801b000     0x22  fpinit_M.o [5]
  .iar.init_table     const    0x0801b024     0x20  - Linker created -
  .rodata             const    0x0801b044     0x20  WIDGET_Multipage.o [1]
  .rodata             const    0x0801b064     0x20  GUI__DivTbl_31_255.o [3]
  .text               ro code  0x0801b084     0x20  stm32f4xx_it.o [1]
  .text               ro code  0x0801b0a4     0x10  stm32f4xx_hal.o [1]
  .rodata             const    0x0801b0b4     0x1c  WIDGET_Effect_Simple.o [3]
  .text               ro code  0x0801b0d0     0x1a  cmain.o [6]
  .text               ro code  0x0801b0ea      0x4  low_level_init.o [4]
  .text               ro code  0x0801b0ee      0x4  exit.o [4]
  .text               ro code  0x0801b0f4      0xa  cexit.o [6]
  .text               ro code  0x0801b100     0x14  exit.o [7]
  .rodata             const    0x0801b114     0x18  my_tcp.o [1]
  .rodata             const    0x0801b12c     0x18  GUICC_565.o [3]
  .rodata             const    0x0801b144     0x18  GUICC_0.o [3]
  .rodata             const    0x0801b15c     0x18  GUICC_8888.o [3]
  .rodata             const    0x0801b174     0x10  my_tcp.o [1]
  .rodata             const    0x0801b184     0x10  stm32f4xx_hal_rcc.o [1]
  .rodata             const    0x0801b194     0x10  tcp.o [1]
  .rodata             const    0x0801b1a4     0x10  tcp.o [1]
  .text               ro code  0x0801b1b4     0x10  startup_stm32f407xx.o [1]
  .rodata             const    0x0801b1c4      0xc  memp.o [1]
  .rodata             const    0x0801b1d0      0xc  memp.o [1]
  .rodata             const    0x0801b1dc      0xc  memp.o [1]
  .rodata             const    0x0801b1e8      0xc  memp.o [1]
  .rodata             const    0x0801b1f4      0xc  memp.o [1]
  .rodata             const    0x0801b200      0xc  memp.o [1]
  .rodata             const    0x0801b20c      0xc  memp.o [1]
  .rodata             const    0x0801b218      0xc  memp.o [1]
  .rodata             const    0x0801b224      0xc  memp.o [1]
  .rodata             const    0x0801b230      0xc  WIDGET_Multipage.o [1]
  .rodata             const    0x0801b23c      0xc  WIDGET_Multipage.o [1]
  .rodata             const    0x0801b248      0xc  WIDGET_Multipage.o [1]
  .rodata             const    0x0801b254      0xc  WIDGET_Multipage.o [1]
  .rodata             const    0x0801b260      0xc  WIDGET_Multipage.o [1]
  .rodata             const    0x0801b26c      0xc  LCD.o [3]
  .text               ro code  0x0801b278      0xc  cstartup_M.o [6]
  .rodata             const    0x0801b284      0x8  etharp.o [1]
  .rodata             const    0x0801b28c      0x8  etharp.o [1]
  .rodata             const    0x0801b294      0x8  tcp.o [1]
  .rodata             const    0x0801b29c      0x8  WIDGET_Multipage.o [1]
  .rodata             const    0x0801b2a4      0x8  WIDGET_Multipage.o [1]
  .rodata             const    0x0801b2ac      0x8  WIDGET_Multipage.o [1]
  .rodata             const    0x0801b2b4      0x4  ip4_addr.o [1]
  .rodata             const    0x0801b2b8      0x4  ip4_addr.o [1]
  .text               ro code  0x0801b2bc      0x4  startup_stm32f407xx.o [1]
  .text               ro code  0x0801b2c0      0x4  startup_stm32f407xx.o [1]
  .text               ro code  0x0801b2c4      0x4  startup_stm32f407xx.o [1]
  .text               ro code  0x0801b2c8      0x4  startup_stm32f407xx.o [1]
  .text               ro code  0x0801b2cc      0x4  startup_stm32f407xx.o [1]
  .text               ro code  0x0801b2d0      0x4  startup_stm32f407xx.o [1]
  .text               ro code  0x0801b2d4      0x4  startup_stm32f407xx.o [1]
  .text               ro code  0x0801b2d8      0x4  startup_stm32f407xx.o [1]
  .text               ro code  0x0801b2dc      0x4  startup_stm32f407xx.o [1]
  .text               ro code  0x0801b2e0      0x4  startup_stm32f407xx.o [1]
  .text               ro code  0x0801b2e4      0x4  startup_stm32f407xx.o [1]
  .text               ro code  0x0801b2e8      0x4  startup_stm32f407xx.o [1]
  .text               ro code  0x0801b2ec      0x4  startup_stm32f407xx.o [1]
  .text               ro code  0x0801b2f0      0x4  startup_stm32f407xx.o [1]
  .text               ro code  0x0801b2f4      0x4  startup_stm32f407xx.o [1]
  .text               ro code  0x0801b2f8      0x4  startup_stm32f407xx.o [1]
  .text               ro code  0x0801b2fc      0x4  startup_stm32f407xx.o [1]
  .text               ro code  0x0801b300      0x4  startup_stm32f407xx.o [1]
  .text               ro code  0x0801b304      0x4  startup_stm32f407xx.o [1]
  .text               ro code  0x0801b308      0x4  startup_stm32f407xx.o [1]
  .text               ro code  0x0801b30c      0x4  startup_stm32f407xx.o [1]
  .text               ro code  0x0801b310      0x4  startup_stm32f407xx.o [1]
  .text               ro code  0x0801b314      0x4  startup_stm32f407xx.o [1]
  .text               ro code  0x0801b318      0x4  startup_stm32f407xx.o [1]
  .text               ro code  0x0801b31c      0x4  startup_stm32f407xx.o [1]
  .text               ro code  0x0801b320      0x4  startup_stm32f407xx.o [1]
  .text               ro code  0x0801b324      0x4  startup_stm32f407xx.o [1]
  .text               ro code  0x0801b328      0x4  startup_stm32f407xx.o [1]
  .text               ro code  0x0801b32c      0x4  startup_stm32f407xx.o [1]
  .text               ro code  0x0801b330      0x4  startup_stm32f407xx.o [1]
  .text               ro code  0x0801b334      0x4  startup_stm32f407xx.o [1]
  .text               ro code  0x0801b338      0x4  startup_stm32f407xx.o [1]
  .text               ro code  0x0801b33c      0x4  startup_stm32f407xx.o [1]
  .text               ro code  0x0801b340      0x4  startup_stm32f407xx.o [1]
  .text               ro code  0x0801b344      0x4  startup_stm32f407xx.o [1]
  .text               ro code  0x0801b348      0x4  startup_stm32f407xx.o [1]
  .text               ro code  0x0801b34c      0x4  startup_stm32f407xx.o [1]
  .text               ro code  0x0801b350      0x4  startup_stm32f407xx.o [1]
  .text               ro code  0x0801b354      0x4  startup_stm32f407xx.o [1]
  .text               ro code  0x0801b358      0x4  startup_stm32f407xx.o [1]
  .text               ro code  0x0801b35c      0x4  startup_stm32f407xx.o [1]
  .text               ro code  0x0801b360      0x4  startup_stm32f407xx.o [1]
  .text               ro code  0x0801b364      0x4  startup_stm32f407xx.o [1]
  .text               ro code  0x0801b368      0x4  startup_stm32f407xx.o [1]
  .text               ro code  0x0801b36c      0x4  startup_stm32f407xx.o [1]
  .text               ro code  0x0801b370      0x4  startup_stm32f407xx.o [1]
  .text               ro code  0x0801b374      0x4  startup_stm32f407xx.o [1]
  .text               ro code  0x0801b378      0x4  startup_stm32f407xx.o [1]
  .text               ro code  0x0801b37c      0x4  startup_stm32f407xx.o [1]
  .text               ro code  0x0801b380      0x4  startup_stm32f407xx.o [1]
  .text               ro code  0x0801b384      0x4  startup_stm32f407xx.o [1]
  .text               ro code  0x0801b388      0x4  startup_stm32f407xx.o [1]
  .text               ro code  0x0801b38c      0x4  startup_stm32f407xx.o [1]
  .text               ro code  0x0801b390      0x4  startup_stm32f407xx.o [1]
  .text               ro code  0x0801b394      0x4  startup_stm32f407xx.o [1]
  .text               ro code  0x0801b398      0x4  startup_stm32f407xx.o [1]
  .text               ro code  0x0801b39c      0x4  startup_stm32f407xx.o [1]
  .text               ro code  0x0801b3a0      0x4  startup_stm32f407xx.o [1]
  .text               ro code  0x0801b3a4      0x4  startup_stm32f407xx.o [1]
  .text               ro code  0x0801b3a8      0x4  startup_stm32f407xx.o [1]
  .text               ro code  0x0801b3ac      0x4  startup_stm32f407xx.o [1]
  .text               ro code  0x0801b3b0      0x4  startup_stm32f407xx.o [1]
  .text               ro code  0x0801b3b4      0x4  startup_stm32f407xx.o [1]
  .text               ro code  0x0801b3b8      0x4  startup_stm32f407xx.o [1]
  .text               ro code  0x0801b3bc      0x4  startup_stm32f407xx.o [1]
  .text               ro code  0x0801b3c0      0x4  startup_stm32f407xx.o [1]
  .text               ro code  0x0801b3c4      0x4  startup_stm32f407xx.o [1]
  .text               ro code  0x0801b3c8      0x4  startup_stm32f407xx.o [1]
  .text               ro code  0x0801b3cc      0x4  startup_stm32f407xx.o [1]
  .text               ro code  0x0801b3d0      0x4  startup_stm32f407xx.o [1]
  .text               ro code  0x0801b3d4      0x4  startup_stm32f407xx.o [1]
  .text               ro code  0x0801b3d8      0x4  startup_stm32f407xx.o [1]
  .text               ro code  0x0801b3dc      0x4  startup_stm32f407xx.o [1]
  .text               ro code  0x0801b3e0      0x4  startup_stm32f407xx.o [1]
  .text               ro code  0x0801b3e4      0x4  startup_stm32f407xx.o [1]
  .text               ro code  0x0801b3e8      0x4  startup_stm32f407xx.o [1]
  .text               ro code  0x0801b3ec      0x4  startup_stm32f407xx.o [1]
  .text               ro code  0x0801b3f0      0x4  startup_stm32f407xx.o [1]
  .text               ro code  0x0801b3f4      0x4  startup_stm32f407xx.o [1]
  .text               ro code  0x0801b3f8      0x4  startup_stm32f407xx.o [1]
  .text               ro code  0x0801b3fc      0x4  startup_stm32f407xx.o [1]
  .rodata             const    0x0801b400      0x0  zero_init3.o [6]
  .rodata             const    0x0801b400      0x0  lz77_init_single.o [6]
  Initializer bytes   const    0x0801b400    0x285  <for P2-1>
                             - 0x0801b685  0x1b4fd

"P2", part 1 of 3:                           0x50b
  P2-1                         0x20000000    0x50b  <Init block>
    .data             inited   0x20000000      0x4  dhcp.o [1]
    .data             inited   0x20000004     0x24  memp.o [1]
    .data             inited   0x20000028      0x4  system_stm32f4xx.o [1]
    .data             inited   0x2000002c      0x4  tcp.o [1]
    .data             inited   0x20000030      0x4  GUI_Core.o [3]
    .data             inited   0x20000034     0x80  GUI_Core.o [3]
    .data             inited   0x200000b4     0x2c  FRAMEWIN.o [3]
    .data             inited   0x200000e0     0x10  GUI_OnKey.o [3]
    .data             inited   0x200000f0      0x8  MULTIPAGE.o [3]
    .data             inited   0x200000f8     0x38  MULTIPAGE.o [3]
    .data             inited   0x20000130      0x4  WINDOW.o [3]
    .data             inited   0x20000134     0x34  BUTTON.o [3]
    .data             inited   0x20000168      0x8  BUTTON.o [3]
    .data             inited   0x20000170      0x4  LCD.o [3]
    .data             inited   0x20000174     0x10  LCD_Color.o [3]
    .data             inited   0x20000184      0x4  GUI_CharLine.o [3]
    .data             inited   0x20000188     0x40  CHECKBOX.o [3]
    .data             inited   0x200001c8     0x58  FRAMEWIN_SkinFlex.o [3]
    .data             inited   0x20000220     0x14  FRAMEWIN_Skin.o [3]
    .data             inited   0x20000234      0x4  WIDGET.o [3]
    .data             inited   0x20000238     0x54  MULTIPAGE_SkinFlex.o [3]
    .data             inited   0x2000028c      0xc  MULTIPAGE_Skin.o [3]
    .data             inited   0x20000298     0x18  SCROLLBAR.o [3]
    .data             inited   0x200002b0     0x10  TEXT.o [3]
    .data             inited   0x200002c0     0x20  BUTTON_SkinFlex.o [3]
    .data             inited   0x200002e0     0x20  BUTTON_SkinFlex.o [3]
    .data             inited   0x20000300     0x20  BUTTON_SkinFlex.o [3]
    .data             inited   0x20000320     0x20  BUTTON_SkinFlex.o [3]
    .data             inited   0x20000340      0xc  BUTTON_Skin.o [3]
    .data             inited   0x2000034c     0x14  WM_Touch.o [3]
    .data             inited   0x20000360     0x54  GUI_PID.o [3]
    .data             inited   0x200003b4     0x1c  CHECKBOX_SkinFlex.o [3]
    .data             inited   0x200003d0     0x1c  CHECKBOX_SkinFlex.o [3]
    .data             inited   0x200003ec      0xc  CHECKBOX_Skin.o [3]
    .data             inited   0x200003f8      0xc  LCD_RotateCW.o [3]
    .data             inited   0x20000404     0x58  SCROLLBAR_SkinFlex.o [3]
    .data             inited   0x2000045c      0xc  SCROLLBAR_Skin.o [3]
    .data             inited   0x20000468      0x4  GUI__Alpha.o [3]
    .data             inited   0x2000046c      0x4  LCD_AA.o [3]
    .data             inited   0x20000470      0x8  GUI__Wrap.o [3]
    __DLIB_PERTHREAD  inited   0x20000478     0x8c  rand.o [4]
    .data             inited   0x20000504      0x2  tcp.o [1]
    .data             inited   0x20000506      0x2  udp.o [1]
    .data             inited   0x20000508      0x2  SCROLLBAR.o [3]
    .data             inited   0x2000050a      0x1  GUIDEV_StaticDevices.o [3]
                             - 0x2000050b    0x50b

"P2", part 2 of 3:                           0x400
  CSTACK                       0x20000510    0x400  <Block>
    CSTACK            uninit   0x20000510    0x400  <Block tail>
                             - 0x20000910    0x400

"P2", part 3 of 3:                         0x16f94
  .bss                zero     0x20000910  0x10000  GUIConf.o [1]
  .bss                zero     0x20010910   0x2600  memp.o [1]
  .bss                zero     0x20012f10   0x17d0  ethernetif.o [1]
  .bss                zero     0x200146e0   0x17d0  ethernetif.o [1]
  .bss                zero     0x20015eb0    0x654  mem.o [1]
  .bss                zero     0x20016504    0x2f8  memp.o [1]
  .bss                zero     0x200167fc    0x200  main.o [1]
  .bss                zero     0x200169fc    0x168  memp.o [1]
  .bss                zero     0x20016b64    0x100  main.o [1]
  .bss                zero     0x20016c64    0x100  memp.o [1]
  .bss                zero     0x20016d64    0x100  memp.o [1]
  .bss                zero     0x20016e64     0xf0  etharp.o [1]
  .bss                zero     0x20016f54     0xe0  memp.o [1]
  .bss                zero     0x20017034     0xc0  GUI_Alloc.o [3]
  .bss                zero     0x200170f4     0xa0  memp.o [1]
  .bss                zero     0x20017194     0x80  ethernetif.o [1]
  .bss                zero     0x20017214     0x80  ethernetif.o [1]
  .bss                zero     0x20017294     0x80  memp.o [1]
  .bss                zero     0x20017314     0x78  WM.o [3]
  .bss                zero     0x2001738c     0x58  main.o [1]
  .bss                zero     0x200173e4     0x58  GUI_OnKey.o [3]
  .bss                zero     0x2001743c     0x50  main.o [1]
  .bss                zero     0x2001748c     0x50  memp.o [1]
  .bss                zero     0x200174dc     0x48  ethernetif.o [1]
  .bss                zero     0x20017524     0x40  main.o [1]
  .bss                zero     0x20017564     0x40  main.o [1]
  .bss                zero     0x200175a4     0x40  WM_Touch.o [3]
  .bss                zero     0x200175e4     0x34  lwip.o [1]
  .bss                zero     0x20017618     0x34  GUI_TOUCH_Calibrate.o [3]
  .bss                zero     0x2001764c     0x34  GUI_Curs1.o [3]
  .bss                zero     0x20017680     0x28  GUI_TOUCH_DriverAnalog.o [3]
  .bss                zero     0x200176a8     0x1c  GUI__Alpha.o [3]
  .bss                zero     0x200176c4     0x18  ip4.o [1]
  .bss                zero     0x200176dc     0x18  WM_PID__GetPrevState.o [3]
  .bss                zero     0x200176f4     0x14  GUI_Alloc.o [3]
  .bss                zero     0x20017708     0x14  GUI_Timer.o [3]
  .bss                zero     0x2001771c     0x10  tcp_in.o [1]
  .bss                zero     0x2001772c     0x10  XPT2046.o [1]
  .bss                zero     0x2001773c     0x10  GUI_TOUCH.o [3]
  .bss                zero     0x2001774c     0x10  GUI__ManageCache.o [3]
  .bss                zero     0x2001775c      0xc  XPT2046.o [1]
  .bss                zero     0x20017768      0xc  GUI_Core.o [3]
  .bss                zero     0x20017774      0xc  GUI_Core.o [3]
  .bss                zero     0x20017780      0x8  LCD_GetEx.o [3]
  .bss                zero     0x20017788      0x8  GUI_SelectLayer.o [3]
  .bss                zero     0x20017790      0x8  CHECKBOX_SkinFlex.o [3]
  .bss                zero     0x20017798      0x8  GUI_DispStringInRectEx.o [3]
  .bss                zero     0x200177a0      0x4  dhcp.o [1]
  .bss                zero     0x200177a4      0x4  GUI_X.o [1]
  .bss                zero     0x200177a8      0x4  ip_frag.o [1]
  .bss                zero     0x200177ac      0x4  lwip.o [1]
  .bss                zero     0x200177b0      0x4  lwip.o [1]
  .bss                zero     0x200177b4      0x4  lwip.o [1]
  .bss                zero     0x200177b8      0x4  lwip.o [1]
  .bss                zero     0x200177bc      0x4  lwip.o [1]
  .bss                zero     0x200177c0      0x4  lwip.o [1]
  .bss                zero     0x200177c4      0x4  lwip_timers.o [1]
  .bss                zero     0x200177c8      0x4  lwip_timers.o [1]
  .bss                zero     0x200177cc      0x4  lwip_timers.o [1]
  .bss                zero     0x200177d0      0x4  mem.o [1]
  .bss                zero     0x200177d4      0x4  mem.o [1]
  .bss                zero     0x200177d8      0x4  mem.o [1]
  .bss                zero     0x200177dc      0x4  memp.o [1]
  .bss                zero     0x200177e0      0x4  memp.o [1]
  .bss                zero     0x200177e4      0x4  memp.o [1]
  .bss                zero     0x200177e8      0x4  memp.o [1]
  .bss                zero     0x200177ec      0x4  memp.o [1]
  .bss                zero     0x200177f0      0x4  memp.o [1]
  .bss                zero     0x200177f4      0x4  memp.o [1]
  .bss                zero     0x200177f8      0x4  memp.o [1]
  .bss                zero     0x200177fc      0x4  memp.o [1]
  .bss                zero     0x20017800      0x4  netif.o [1]
  .bss                zero     0x20017804      0x4  netif.o [1]
  .bss                zero     0x20017808      0x4  stm32f4xx_hal.o [1]
  .bss                zero     0x2001780c      0x4  stm32f4xx_hal_msp.o [1]
  .bss                zero     0x20017810      0x4  tcp.o [1]
  .bss                zero     0x20017814      0x4  tcp.o [1]
  .bss                zero     0x20017818      0x4  tcp.o [1]
  .bss                zero     0x2001781c      0x4  tcp.o [1]
  .bss                zero     0x20017820      0x4  tcp.o [1]
  .bss                zero     0x20017824      0x4  tcp_in.o [1]
  .bss                zero     0x20017828      0x4  tcp_in.o [1]
  .bss                zero     0x2001782c      0x4  tcp_in.o [1]
  .bss                zero     0x20017830      0x4  tcp_in.o [1]
  .bss                zero     0x20017834      0x4  tcp_in.o [1]
  .bss                zero     0x20017838      0x4  tcp_in.o [1]
  .bss                zero     0x2001783c      0x4  udp.o [1]
  .bss                zero     0x20017840      0x4  WIDGET_Multipage.o [1]
  .bss                zero     0x20017844      0x4  WIDGET_Multipage.o [1]
  .bss                zero     0x20017848      0x4  GUI_Core.o [3]
  .bss                zero     0x2001784c      0x4  GUI_Core.o [3]
  .bss                zero     0x20017850      0x4  GUI_Core.o [3]
  .bss                zero     0x20017854      0x4  GUI_Core.o [3]
  .bss                zero     0x20017858      0x4  GUI_Core.o [3]
  .bss                zero     0x2001785c      0x4  GUI_Core.o [3]
  .bss                zero     0x20017860      0x4  GUI_Core.o [3]
  .bss                zero     0x20017864      0x4  GUIDRV_FlexColor.o [3]
  .bss                zero     0x20017868      0x4  GUI_ErrorOut.o [3]
  .bss                zero     0x2001786c      0x4  WM.o [3]
  .bss                zero     0x20017870      0x4  WM_SetCaptureMove.o [3]
  .bss                zero     0x20017874      0x4  WM__SendMessage.o [3]
  .bss                zero     0x20017878      0x4  GUI_WaitEvent.o [3]
  .bss                zero     0x2001787c      0x4  GUIDEV_Banding.o [3]
  .bss                zero     0x20017880      0x4  WIDGET_Effect_Simple.o [3]
  .bss                zero     0x20017884      0x4  GUI__Alpha.o [3]
  .bss                zero     0x20017888      0x2  ip4.o [1]
  .bss                zero     0x2001788a      0x2  ip_frag.o [1]
  .bss                zero     0x2001788c      0x2  tcp_in.o [1]
  .bss                zero     0x2001788e      0x2  tcp_in.o [1]
  .bss                zero     0x20017890      0x2  tcp_in.o [1]
  .bss                zero     0x20017892      0x2  GUI_Core.o [3]
  .bss                zero     0x20017894      0x2  GUI_Core.o [3]
  .bss                zero     0x20017896      0x2  GUI_Core.o [3]
  .bss                zero     0x20017898      0x1  etharp.o [1]
  .bss                zero     0x20017899      0x1  netif.o [1]
  .bss                zero     0x2001789a      0x1  pbuf.o [1]
  .bss                zero     0x2001789b      0x1  tcp.o [1]
  .bss                zero     0x2001789c      0x1  tcp.o [1]
  .bss                zero     0x2001789d      0x1  tcp.o [1]
  .bss                zero     0x2001789e      0x1  tcp_in.o [1]
  .bss                zero     0x2001789f      0x1  tcp_in.o [1]
  .bss                zero     0x200178a0      0x1  WIDGET_Multipage.o [1]
  .bss                zero     0x200178a1      0x1  GUI_Core.o [3]
  .bss                zero     0x200178a2      0x1  WM.o [3]
                             - 0x200178a3  0x16f93


*******************************************************************************
*** INIT TABLE
***

          Address     Size
          -------     ----
Zero (__iar_zero_init3)
    1 destination range, total size 0x16f93:
          0x20000910  0x16f93

Copy/lz77 (__iar_lz77_init_single3)
    1 source range, total size 0x285 (49% of destination):
          0x0801b400    0x285
    1 destination range, total size 0x50b:
          0x20000000    0x50b



*******************************************************************************
*** MODULE SUMMARY
***

    Module                          ro code  ro data  rw data
    ------                          -------  -------  -------
E:\WORK\ALL\ETHDISP\STM32F4Display\EWARM\ETHDISP\Obj: [1]
    GUIConf.o                            96            65 536
    GUI_X.o                              44                 4
    LCDConf_FlexColor.o                 234
    LCD_ini.o                           524
    WIDGET_Multipage.o                  296      369        9
    XPT2046.o                           704                28
    def.o                                64
    dhcp.o                            2 802        1        8
    etharp.o                          3 080       16      241
    ethernetif.o                        832            12 520
    icmp.o                              574
    init.o                               28
    ip4.o                               968                26
    ip4_addr.o                           80        8
    ip_frag.o                         1 936                 6
    lwip.o                              268                76
    lwip_timers.o                       488                12
    main.o                            1 014             1 064
    mem.o                               876             1 632
    memp.o                              196      126   12 024
    my_tcp.o                            344       40
    netif.o                             384                 9
    pbuf.o                            1 532                 1
    startup_stm32f407xx.o               732
    stm32f4xx_hal.o                     158                 4
    stm32f4xx_hal_cortex.o              322
    stm32f4xx_hal_eth.o               2 572
    stm32f4xx_hal_gpio.o                584
    stm32f4xx_hal_msp.o                 512                 4
    stm32f4xx_hal_rcc.o               1 624       16
    stm32f4xx_hal_spi.o               1 358
    stm32f4xx_hal_sram.o                 92
    stm32f4xx_hal_uart.o                920
    stm32f4xx_it.o                       32
    stm32f4xx_ll_fsmc.o                 240
    system_stm32f4xx.o                  108        2        4
    tcp.o                             3 724       43       29
    tcp_in.o                          6 396                48
    tcp_out.o                         3 760
    udp.o                             1 180        1        6
    ---------------------------------------------------------
    Total:                           41 678      622   93 291

command line: [2]
    ---------------------------------------------------------
    Total:

STemWin532_CM4_IAR.a: [3]
    BUTTON.o                            552       30       60
    BUTTON_CreateIndirect.o              68
    BUTTON_Skin.o                       168        6       12
    BUTTON_SkinFlex.o                   584       64      128
    CHECKBOX.o                          464       32       64
    CHECKBOX_CreateIndirect.o            56
    CHECKBOX_Image.o                             104
    CHECKBOX_SetState.o                  54
    CHECKBOX_Skin.o                     178        6       12
    CHECKBOX_SkinFlex.o                 976       28       64
    DIALOG.o                            158
    F13_1.o                                    2 436
    F13_ASCII.o                                2 328
    F6x8.o                                     1 816
    FRAMEWIN.o                        1 650       22       44
    FRAMEWIN_Create.o                    38
    FRAMEWIN_Get.o                       38
    FRAMEWIN_SetColors.o                 44
    FRAMEWIN_Skin.o                     354       10       20
    FRAMEWIN_SkinFlex.o                 874       44       88
    GUICC_0.o                           184       24
    GUICC_565.o                         196       24
    GUICC_8888.o                         40       24
    GUICC_8888_Index2Color.o              2
    GUICC_888_Index2Color.o               2
    GUIDEV.o                            768
    GUIDEV_16.o                       2 380
    GUIDEV_32.o                       2 392
    GUIDEV_Banding.o                    340                 4
    GUIDEV_Clear.o                       60
    GUIDEV_GetDataPtr.o                  28
    GUIDEV_GetYSize.o                    40
    GUIDEV_ReduceYSize.o                 48
    GUIDEV_SetOrg.o                     104
    GUIDEV_StaticDevices.o              356        1        1
    GUIDEV_Usage.o                       78
    GUIDEV_UsageBM.o                    428
    GUIDEV_Write.o                      124
    GUIDEV_WriteToActiveAlpha.o         412
    GUIDEV_WriteToActiveOpaque.o      1 536
    GUIDRV_FlexColor.o                1 508       52        4
    GUIDRV_FlexColor_16bpp_C0B16.o    1 552
    GUIDRV_FlexColor_Func66708.o        848
    GUI_2DLib.o                         136
    GUI_ALLOC_AllocInit.o                60
    GUI_ALLOC_AllocZero.o                36
    GUI_ARRAY.o                         322
    GUI_Alloc.o                       1 752               212
    GUI_CalcColorDist.o                  62
    GUI_Char.o                           84
    GUI_CharLine.o                      440        2        4
    GUI_CharM.o                         378
    GUI_CharP.o                         300
    GUI_Core.o                          448       66      191
    GUI_Curs1.o                          96                52
    GUI_DRAW.o                          110
    GUI_Device.o                        308
    GUI_DispString.o                    252
    GUI_DispStringInRect.o              396
    GUI_DispStringInRectEx.o            180                 8
    GUI_DispStringInRectWrap.o          330
    GUI_DrawBitmap.o                    236
    GUI_DrawFocusRect.o                 156
    GUI_DrawGradient.o                  550
    GUI_DrawHLine.o                      76
    GUI_DrawPixel.o                      72
    GUI_DrawVLine.o                      68
    GUI_ErrorOut.o                       32                 4
    GUI_Exec.o                           72
    GUI_FillRect.o                       72
    GUI_FillRectEx.o                     20
    GUI_GetBitmapPixelIndex.o           154
    GUI_GetClientRect.o                  10
    GUI_GetColor.o                       22
    GUI_GetOrg.o                         30
    GUI_GetStringDistX.o                 20
    GUI_GetYSizeOfFont.o                 10
    GUI_Goto.o                           44
    GUI_MergeRect.o                      88
    GUI_MoveRect.o                       28
    GUI_OnKey.o                         160        8      104
    GUI_PID.o                           224       42       84
    GUI_Pen.o                            16
    GUI_Realloc.o                        84
    GUI_RectsIntersect.o                 56
    GUI_SPRITE.o                      1 766
    GUI_SaveContext.o                    32
    GUI_SelectLCD.o                      18
    GUI_SelectLayer.o                    92                 8
    GUI_SetAlpha.o                       36
    GUI_SetColor.o                        8
    GUI_SetDefault.o                     64
    GUI_SetDrawMode.o                     4
    GUI_SetFont.o                        20
    GUI_SetLineStyle.o                   16
    GUI_SetOrg.o                         48
    GUI_SetTextAlign.o                   20
    GUI_SetTextMode.o                    20
    GUI_TOUCH.o                          64                16
    GUI_TOUCH_Calibrate.o             1 148                52
    GUI_TOUCH_DriverAnalog.o            168                40
    GUI_Time.o                           46
    GUI_Timer.o                         734                20
    GUI_UC.o                             76
    GUI_UC_EncodeNone.o                  36
    GUI_WaitEvent.o                      16                 4
    GUI__Alpha.o                        772        2       36
    GUI__CompactPixelIndices.o          576
    GUI__DivTbl_255_31.o                         256
    GUI__DivTbl_255_63.o                         256
    GUI__DivTbl_31_255.o                          32
    GUI__DivTbl_63_255.o                          64
    GUI__DivideRound32.o                 24
    GUI__DrawTwinArc.o                  810
    GUI__ExpandPixelIndices.o           288
    GUI__GetNumChars.o                   26
    GUI__HandleEOLine.o                  22
    GUI__IntersectRect.o                 64
    GUI__IntersectRects.o                96
    GUI__ManageCache.o                  208                16
    GUI__ReduceRect.o                    26
    GUI__SetText.o                      110
    GUI__Wrap.o                         314        4        8
    GUI__memset.o                        84
    GUI__memset16.o                      64
    GUI__sqrt32.o                        26
    GUI__strcmp.o                        72
    GUI__strlen.o                        20
    LCD.o                             1 508       14        4
    LCD_AA.o                            700        2        4
    LCD_Color.o                         252        8       16
    LCD_GetColorIndex.o                  24
    LCD_GetEx.o                         424                 8
    LCD_GetNumDisplays.o                 26
    LCD_GetP.o                           92
    LCD_GetPixelColor.o                  14
    LCD_Mirror.o                                 256
    LCD_ReadRect.o                      436
    LCD_RotateCW.o                    1 244        6       12
    LCD_SelectLCD.o                      68
    LCD_Set.o                           224
    LCD_SetClipRectEx.o                  48
    LCD_UpdateColorIndices.o             36
    MULTIPAGE.o                       2 708       32       64
    MULTIPAGE_Skin.o                  1 700        6       12
    MULTIPAGE_SkinClassic.o             296
    MULTIPAGE_SkinFlex.o                594       42       84
    SCROLLBAR.o                       1 416       13       26
    SCROLLBAR_Create.o                   26
    SCROLLBAR_GetValue.o                 26
    SCROLLBAR_Skin.o                    600        6       12
    SCROLLBAR_SkinFlex.o              1 026       44       88
    TEXT.o                              324        8       16
    TEXT_CreateIndirect.o                60
    WIDGET.o                            656        2        4
    WIDGET_Effect_Simple.o               96       28        4
    WIDGET_SetEffect.o                   26
    WINDOW.o                            428        2        4
    WM.o                              4 316               125
    WM_AttachWindow.o                   178
    WM_BringToBottom.o                  132
    WM_BringToTop.o                     116
    WM_CriticalHandle.o                  48
    WM_ForEachDesc.o                      4
    WM_GetClientRect.o                   64
    WM_GetClientWindow.o                 24
    WM_GetDesktopWindow.o                24
    WM_GetDesktopWindowEx.o              20
    WM_GetDialogItem.o                   80
    WM_GetFirstChild.o                   14
    WM_GetFocussedWindow.o               20
    WM_GetId.o                           52
    WM_GetInsideRect.o                   20
    WM_GetNextSibling.o                  14
    WM_GetOrg.o                          44
    WM_GetParent.o                       14
    WM_GetScrollPartner.o                40
    WM_GetScrollbar.o                   102
    WM_GetWindowRect.o                   66
    WM_GetWindowSize.o                   84
    WM_HasCaptured.o                     28
    WM_HasFocus.o                        28
    WM_Hide.o                            44
    WM_IsFocussable.o                    48
    WM_IsVisible.o                       26
    WM_IsWindow.o                         4
    WM_MemDev.o                          24
    WM_Move.o                           348
    WM_MoveChildTo.o                     86
    WM_NotifyParent.o                    20
    WM_OnKey.o                           56
    WM_PID__GetPrevState.o               28                24
    WM_ResizeWindow.o                   244
    WM_Screen2Win.o                     182
    WM_SendMessageNoPara.o                4
    WM_SendToParent.o                    28
    WM_SetCapture.o                      90
    WM_SetCaptureMove.o                 148                 4
    WM_SetCreateFlags.o                  16
    WM_SetFocus.o                       172
    WM_SetFocusOnNextChild.o            128
    WM_SetFocusOnPrevChild.o             82
    WM_SetSize.o                         72
    WM_SetTrans.o                        94
    WM_SetUserClipRect.o                 24
    WM_Show.o                            82
    WM_Timer.o                          308
    WM_Touch.o                        1 004       10       84
    WM_ValidateWindow.o                  48
    WM__ForEachDesc.o                    44
    WM__GetFirstSibling.o                16
    WM__GetFocussedChild.o               40
    WM__GetLastSibling.o                 26
    WM__GetPrevSibling.o                 34
    WM__IsAncestor.o                     48
    WM__IsChild.o                        34
    WM__IsEnabled.o                      22
    WM__SendMessage.o                    64                 4
    WM__SendMessageIfEnabled.o           26
    WM__SendMessageNoPara.o              56
    WM__UpdateChildPositions.o          194
    ---------------------------------------------------------
    Total:                           60 330    8 262    1 959

dl7M_tlf.a: [4]
    exit.o                                4
    low_level_init.o                      4
    rand.o                              224       70      140
    xtls.o                                2
    ---------------------------------------------------------
    Total:                              234       70      140

m7M_tls.a: [5]
    fpinit_M.o                           34
    ---------------------------------------------------------
    Total:                               34

rt7M_tl.a: [6]
    ABImemclr.o                           6
    ABImemclr4.o                          6
    ABImemcpy_unaligned.o               118
    ABImemmove_unaligned.o              120
    ABImemset.o                         102
    ABImemset48.o                        50
    cexit.o                              10
    cmain.o                              26
    cstartup_M.o                         12
    data_init.o                          40
    lz77_init_single.o                  120
    memcmp_unaligned.o                   98
    strcpy_unaligned.o                   68
    strlen.o                             54
    zero_init3.o                         64
    ---------------------------------------------------------
    Total:                              894

shb_l.a: [7]
    exit.o                               20
    ---------------------------------------------------------
    Total:                               20

    Gaps                                 81        4
    Linker created                                32    1 024
-------------------------------------------------------------
    Grand Total:                    103 271    8 990   96 414


*******************************************************************************
*** ENTRY LIST
***

Entry                      Address     Size  Type      Object
-----                      -------     ----  ----      ------
.iar.init_table$$Base   0x0801b024            --   Gb  - Linker created -
.iar.init_table$$Limit  0x0801b044            --   Gb  - Linker created -
?main                   0x0801b0d1           Code  Gb  cmain.o [6]
APBAHBPrescTable        0x0801b184     0x10  Data  Gb  stm32f4xx_hal_rcc.o [1]
API                     0x0800b488     0x18  Data  Lc  GUIDEV_UsageBM.o [3]
BUTTON_Callback         0x08019383     0xc0  Code  Gb  BUTTON.o [3]
BUTTON_CreateIndirect   0x0801ae21     0x44  Code  Gb  BUTTON_CreateIndirect.o [3]
BUTTON_CreateUser       0x08019449     0x4e  Code  Gb  BUTTON.o [3]
BUTTON_DrawSkinFlex     0x080190a1    0x21e  Code  Gb  BUTTON_SkinFlex.o [3]
BUTTON_SetPressed       0x080194f7     0x10  Code  Gb  BUTTON.o [3]
BUTTON_SetText          0x080194b1     0x46  Code  Gb  BUTTON.o [3]
BUTTON__DefaultProps    0x20000134     0x30  Data  Gb  BUTTON.o [3]
BUTTON__Skin            0x20000340      0xc  Data  Gb  BUTTON_Skin.o [3]
BUTTON__pSkinDefault    0x20000164      0x4  Data  Gb  BUTTON.o [3]
BusFault_Handler        0x0801b08b      0x2  Code  Gb  stm32f4xx_it.o [1]
CHECKBOX_Callback       0x08019531     0xfc  Code  Gb  CHECKBOX.o [3]
CHECKBOX_CreateIndirect
                        0x0801af21     0x38  Code  Gb  CHECKBOX_CreateIndirect.o [3]
CHECKBOX_CreateUser     0x08019639     0x9e  Code  Gb  CHECKBOX.o [3]
CHECKBOX_DrawSkinFlex   0x08017b69     0xe2  Code  Gb  CHECKBOX_SkinFlex.o [3]
CHECKBOX_GetSkinFlexButtonSize
                        0x08017c4b     0x16  Code  Gb  CHECKBOX_SkinFlex.o [3]
CHECKBOX_SetState       0x080196e1     0x36  Code  Gb  CHECKBOX_SetState.o [3]
CHECKBOX__DefaultProps  0x20000188     0x3c  Data  Gb  CHECKBOX.o [3]
CHECKBOX__GetButtonSize
                        0x08019511     0x20  Code  Gb  CHECKBOX.o [3]
CHECKBOX__Skin          0x200003ec      0xc  Data  Gb  CHECKBOX_Skin.o [3]
CHECKBOX__abmCheck      0x0801ad44     0x28  Data  Gb  CHECKBOX_Image.o [3]
CHECKBOX__pSkinDefault  0x200001c4      0x4  Data  Gb  CHECKBOX.o [3]
CSTACK$$Base            0x20000510            --   Gb  - Linker created -
CSTACK$$Limit           0x20000910            --   Gb  - Linker created -
Callibrate              0x08016519     0x32  Code  Gb  XPT2046.o [1]
DMARxDscrTab            0x20017194     0x80  Data  Gb  ethernetif.o [1]
DMATxDscrTab            0x20017214     0x80  Data  Gb  ethernetif.o [1]
DebugMon_Handler        0x0801b091      0x2  Code  Gb  stm32f4xx_it.o [1]
ETH_DMAReceptionEnable  0x08008033     0x16  Code  Lc  stm32f4xx_hal_eth.o [1]
ETH_DMATransmissionEnable
                        0x0800801d     0x16  Code  Lc  stm32f4xx_hal_eth.o [1]
ETH_Delay               0x08008083     0x26  Code  Lc  stm32f4xx_hal_eth.o [1]
ETH_FlushTransmitFIFO   0x08008049     0x3a  Code  Lc  stm32f4xx_hal_eth.o [1]
ETH_MACAddressConfig    0x08007f87     0x32  Code  Lc  stm32f4xx_hal_eth.o [1]
ETH_MACDMAConfig        0x08007cfb    0x28c  Code  Lc  stm32f4xx_hal_eth.o [1]
ETH_MACReceptionEnable  0x08007ff3     0x2a  Code  Lc  stm32f4xx_hal_eth.o [1]
ETH_MACTransmissionEnable
                        0x08007fc9     0x2a  Code  Lc  stm32f4xx_hal_eth.o [1]
Error_Handler           0x08016161      0x2  Code  Gb  main.o [1]
FRAMEWIN_Callback       0x080139c3    0x24c  Code  Gb  FRAMEWIN.o [3]
FRAMEWIN_Create         0x08017121     0x1e  Code  Gb  FRAMEWIN_Create.o [3]
FRAMEWIN_CreateEx       0x08013ced     0x28  Code  Gb  FRAMEWIN.o [3]
FRAMEWIN_CreateUser     0x08013c17     0xc6  Code  Gb  FRAMEWIN.o [3]
FRAMEWIN_DrawSkinFlex   0x080180b5    0x342  Code  Gb  FRAMEWIN_SkinFlex.o [3]
FRAMEWIN_GetActive      0x08018425     0x20  Code  Gb  FRAMEWIN_Get.o [3]
FRAMEWIN_SetActive      0x08013d51      0xa  Code  Gb  FRAMEWIN.o [3]
FRAMEWIN_SetClientColor
                        0x0801714d     0x26  Code  Gb  FRAMEWIN_SetColors.o [3]
FRAMEWIN_SetText        0x08013d15     0x3c  Code  Gb  FRAMEWIN.o [3]
FRAMEWIN__CalcPositions
                        0x080138eb     0xd8  Code  Gb  FRAMEWIN.o [3]
FRAMEWIN__CalcTitleHeight
                        0x0801383d     0x20  Code  Gb  FRAMEWIN.o [3]
FRAMEWIN__DefaultProps  0x200000b4     0x28  Data  Gb  FRAMEWIN.o [3]
FRAMEWIN__GetBorderSize
                        0x080137fd     0x40  Code  Gb  FRAMEWIN.o [3]
FRAMEWIN__GetTitleLimits
                        0x0801385d     0x8e  Code  Gb  FRAMEWIN.o [3]
FRAMEWIN__Skin          0x20000228      0xc  Data  Gb  FRAMEWIN_Skin.o [3]
FRAMEWIN__cbClient      0x08013727     0xd6  Code  Lc  FRAMEWIN.o [3]
FRAMEWIN__pSkinDefault  0x200000dc      0x4  Data  Gb  FRAMEWIN.o [3]
FSMC_Initialized        0x2001780c      0x4  Data  Lc  stm32f4xx_hal_msp.o [1]
FSMC_NORSRAM_Extended_Timing_Init
                        0x080172d1     0x44  Code  Gb  stm32f4xx_ll_fsmc.o [1]
FSMC_NORSRAM_Init       0x0801722d     0x5c  Code  Gb  stm32f4xx_ll_fsmc.o [1]
FSMC_NORSRAM_Timing_Init
                        0x08017289     0x48  Code  Gb  stm32f4xx_ll_fsmc.o [1]
GATEWAY_ADDRESS         0x200177c0      0x4  Data  Gb  lwip.o [1]
GL_DrawBitmap           0x08017cf1     0x8e  Code  Gb  GUI_DrawBitmap.o [3]
GL_SetDefault           0x0800a9c9     0x3a  Code  Gb  GUI_SetDefault.o [3]
GUIDRV_FlexColor_API    0x0801af58     0x34  Data  Gb  GUIDRV_FlexColor.o [3]
GUIDRV_FlexColor_Config
                        0x0800cd07     0x3e  Code  Gb  GUIDRV_FlexColor.o [3]
GUIDRV_FlexColor_SetFunc
                        0x0800cd45     0x32  Code  Gb  GUIDRV_FlexColor.o [3]
GUIDRV_FlexColor_SetFunc66708
                        0x08018a75     0x32  Code  Gb  GUIDRV_FlexColor_Func66708.o [3]
GUIDRV_FlexColor_SetMode16bppC0B16
                        0x0801471b     0x3e  Code  Gb  GUIDRV_FlexColor_16bpp_C0B16.o [3]
GUIDRV_FlexColor__GetPixelIndexNoCache
                        0x0800cbdd     0xb0  Code  Gb  GUIDRV_FlexColor.o [3]
GUIDRV_FlexColor__InitOnce
                        0x0800cc97     0x36  Code  Gb  GUIDRV_FlexColor.o [3]
GUIDRV_FlexColor__SetLog2Phys
                        0x0800ccd1     0x36  Code  Gb  GUIDRV_FlexColor.o [3]
GUIDRV_FlexColor__SetPixelIndexNoCache
                        0x0800cb51     0x84  Code  Gb  GUIDRV_FlexColor.o [3]
GUIMONO_DispChar        0x08019a61    0x10a  Code  Gb  GUI_CharM.o [3]
GUIMONO_GetCharDistX    0x08019b85     0x12  Code  Gb  GUI_CharM.o [3]
GUIMONO_GetFontInfo     0x08019b9d      0x6  Code  Gb  GUI_CharM.o [3]
GUIMONO_IsInFont        0x08019ba3     0x38  Code  Gb  GUI_CharM.o [3]
GUIPROP_DispChar        0x0801a321     0xc8  Code  Gb  GUI_CharP.o [3]
GUIPROP_GetCharDistX    0x0801a3e9     0x36  Code  Gb  GUI_CharP.o [3]
GUIPROP_GetFontInfo     0x0801a425      0x6  Code  Gb  GUI_CharP.o [3]
GUIPROP_IsInFont        0x0801a42b      0xe  Code  Gb  GUI_CharP.o [3]
GUIPROP__FindChar       0x0801a30d     0x14  Code  Gb  GUI_CharP.o [3]
GUI_AA__ClipX0          0x2001785c      0x4  Data  Gb  GUI_Core.o [3]
GUI_ALLOC_AllocInit     0x0800f0f5     0x3c  Code  Gb  GUI_ALLOC_AllocInit.o [3]
GUI_ALLOC_AllocNoInit   0x08009ba3      0xa  Code  Gb  GUI_Alloc.o [3]
GUI_ALLOC_AllocZero     0x0800a199     0x24  Code  Gb  GUI_ALLOC_AllocZero.o [3]
GUI_ALLOC_AssignMemory  0x08009c61      0xc  Code  Gb  GUI_Alloc.o [3]
GUI_ALLOC_Free          0x08009c85     0x2c  Code  Gb  GUI_Alloc.o [3]
GUI_ALLOC_FreeFixedBlock
                        0x08009aed     0x10  Code  Gb  GUI_Alloc.o [3]
GUI_ALLOC_FreePtr       0x08009cb1     0x10  Code  Gb  GUI_Alloc.o [3]
GUI_ALLOC_FreePtrArray  0x08009cc1     0x20  Code  Gb  GUI_Alloc.o [3]
GUI_ALLOC_GetFixedBlock
                        0x08009afd     0xa6  Code  Gb  GUI_Alloc.o [3]
GUI_ALLOC_GetMaxSize    0x08009c0b     0x32  Code  Gb  GUI_Alloc.o [3]
GUI_ALLOC_GetNumFreeBytes
                        0x08009bfd      0xe  Code  Gb  GUI_Alloc.o [3]
GUI_ALLOC_GetSize       0x08009c6d     0x18  Code  Gb  GUI_Alloc.o [3]
GUI_ALLOC_LockH         0x08009bbd     0x16  Code  Gb  GUI_Alloc.o [3]
GUI_ALLOC_Realloc       0x0800f131     0x54  Code  Gb  GUI_Realloc.o [3]
GUI_ALLOC_RequestSize   0x08009c3d     0x24  Code  Gb  GUI_Alloc.o [3]
GUI_ALLOC_UnlockH       0x08009bd3     0x2a  Code  Gb  GUI_Alloc.o [3]
GUI_ALLOC__Context      0x20017034     0xc0  Data  Gb  GUI_Alloc.o [3]
GUI_ALLOC_h2p           0x08009bad     0x10  Code  Gb  GUI_Alloc.o [3]
GUI_ARRAY_AddItem       0x0800e8b5     0x74  Code  Gb  GUI_ARRAY.o [3]
GUI_ARRAY_Create        0x0800e9a3      0x6  Code  Gb  GUI_ARRAY.o [3]
GUI_ARRAY_Delete        0x0800e929     0x50  Code  Gb  GUI_ARRAY.o [3]
GUI_ARRAY_GetNumItems   0x0800e89d     0x18  Code  Gb  GUI_ARRAY.o [3]
GUI_ARRAY_GetpItemLocked
                        0x0800e987     0x1c  Code  Gb  GUI_ARRAY.o [3]
GUI_ARRAY__GethItem     0x0800e867     0x22  Code  Gb  GUI_ARRAY.o [3]
GUI_ARRAY__GetpItemLocked
                        0x0800e889     0x14  Code  Gb  GUI_ARRAY.o [3]
GUI_CURSOR_SetPositionEx
                        0x08017805     0x5c  Code  Gb  GUI_Curs1.o [3]
GUI_CalcColorDist       0x0801a9dd     0x3e  Code  Gb  GUI_CalcColorDist.o [3]
GUI_CharLine_pfLog2Vis  0x20000184      0x4  Data  Gb  GUI_CharLine.o [3]
GUI_Clear               0x0800ad7d     0x1a  Code  Gb  GUI_Core.o [3]
GUI_ClearRect           0x0800ad23     0x5a  Code  Gb  GUI_Core.o [3]
GUI_CreateDialogBox     0x0801718d     0x9e  Code  Gb  DIALOG.o [3]
GUI_DEVICE_Create       0x0800af39     0x46  Code  Gb  GUI_Device.o [3]
GUI_DEVICE_CreateAndLink
                        0x0800b019     0x24  Code  Gb  GUI_Device.o [3]
GUI_DEVICE_Delete       0x0800af35      0x4  Code  Gb  GUI_Device.o [3]
GUI_DEVICE_Link         0x0800afa9     0x70  Code  Gb  GUI_Device.o [3]
GUI_DEVICE_Unlink       0x0800af7f     0x2a  Code  Gb  GUI_Device.o [3]
GUI_DEVICE__GetpDriver  0x0800af15     0x20  Code  Gb  GUI_Device.o [3]
GUI_DRAW__Draw          0x0800ec4d     0x2e  Code  Gb  GUI_DRAW.o [3]
GUI_DRAW__GetXSize      0x0800ec7b     0x20  Code  Gb  GUI_DRAW.o [3]
GUI_DRAW__GetYSize      0x0800ec9b     0x20  Code  Gb  GUI_DRAW.o [3]
GUI_DecChar             0x20017768      0x1  Data  Gb  GUI_Core.o [3]
GUI_Delay               0x0800be3f     0x2a  Code  Gb  GUI_Time.o [3]
GUI_DispString          0x08016ff5     0xea  Code  Gb  GUI_DispString.o [3]
GUI_DispStringInRect    0x08017fff      0x6  Code  Gb  GUI_DispStringInRect.o [3]
GUI_DispStringInRectEx  0x08019009     0x82  Code  Gb  GUI_DispStringInRectEx.o [3]
GUI_DispStringInRectMax
                        0x08017fbd     0x42  Code  Gb  GUI_DispStringInRect.o [3]
GUI_DispStringInRectWrap
                        0x08019f65    0x128  Code  Gb  GUI_DispStringInRectWrap.o [3]
GUI_DrawBitmap          0x08017d7f     0x54  Code  Gb  GUI_DrawBitmap.o [3]
GUI_DrawFocusRect       0x08017ddd     0x9c  Code  Gb  GUI_DrawFocusRect.o [3]
GUI_DrawGradientH       0x08015cd1     0x42  Code  Gb  GUI_DrawGradient.o [3]
GUI_DrawGradientV       0x08015c8f     0x38  Code  Gb  GUI_DrawGradient.o [3]
GUI_DrawHLine           0x0800f275     0x4c  Code  Gb  GUI_DrawHLine.o [3]
GUI_DrawPixel           0x08015ad1     0x48  Code  Gb  GUI_DrawPixel.o [3]
GUI_DrawRect            0x08017c69     0x80  Code  Gb  GUI_2DLib.o [3]
GUI_DrawVLine           0x0800f2c1     0x44  Code  Gb  GUI_DrawVLine.o [3]
GUI_ErrorOut            0x08017101     0x1a  Code  Gb  GUI_ErrorOut.o [3]
GUI_Exec                0x0800c6fd     0x14  Code  Gb  GUI_Exec.o [3]
GUI_Exec1               0x0800c6c9     0x2c  Code  Gb  GUI_Exec.o [3]
GUI_F6x8_Mono           0x08012874     0x14  Data  Lc  F6x8.o [3]
GUI_F6x8_TI8859_1       0x0801286c      0x8  Data  Lc  F6x8.o [3]
GUI_F6x8_TL8859_1       0x080126ac    0x1c0  Data  Lc  F6x8.o [3]
[...]
arp_table               0x20016e64     0xf0  Data  Lc  etharp.o [1]
arp_timer               0x08003f7f     0x16  Code  Lc  lwip_timers.o [1]
dhcp_arp_reply          0x08005f97     0x2a  Code  Gb  dhcp.o [1]
dhcp_bind               0x08006125    0x118  Code  Lc  dhcp.o [1]
dhcp_check              0x08005ca5     0x40  Code  Lc  dhcp.o [1]
dhcp_coarse_tmr         0x08005ddf     0x72  Code  Gb  dhcp.o [1]
dhcp_create_msg         0x0800659b    0x170  Code  Lc  dhcp.o [1]
dhcp_create_msg::xid    0x200177a0      0x4  Data  Lc  dhcp.o [1]
dhcp_decline            0x08005fc1     0x94  Code  Lc  dhcp.o [1]
dhcp_delete_msg         0x08006715     0x1e  Code  Lc  dhcp.o [1]
dhcp_discover           0x08006055     0xd0  Code  Lc  dhcp.o [1]
dhcp_discover_select_options
                        0x20000000      0x4  Data  Lc  dhcp.o [1]
dhcp_fine_tmr           0x08005e51     0x44  Code  Gb  dhcp.o [1]
dhcp_option             0x080064eb     0x26  Code  Lc  dhcp.o [1]
dhcp_option_byte        0x08006511     0x12  Code  Lc  dhcp.o [1]
dhcp_option_long        0x0800654d     0x4c  Code  Lc  dhcp.o [1]
dhcp_option_short       0x08006523     0x2a  Code  Lc  dhcp.o [1]
dhcp_option_trailer     0x08006733     0x40  Code  Lc  dhcp.o [1]
dhcp_rebind             0x080062d1     0x92  Code  Lc  dhcp.o [1]
dhcp_reboot             0x08006363     0xac  Code  Lc  dhcp.o [1]
dhcp_release            0x0800640f     0xb6  Code  Gb  dhcp.o [1]
dhcp_renew              0x0800623d     0x94  Code  Gb  dhcp.o [1]
dhcp_select             0x08005ce5     0xfa  Code  Lc  dhcp.o [1]
dhcp_set_state          0x080064d5     0x16  Code  Lc  dhcp.o [1]
dhcp_supplied_address   0x08006773     0x24  Code  Gb  dhcp.o [1]
dhcp_t1_timeout         0x08005f09     0x44  Code  Lc  dhcp.o [1]
dhcp_t2_timeout         0x08005f4d     0x4a  Code  Lc  dhcp.o [1]
dhcp_timeout            0x08005e95     0x74  Code  Lc  dhcp.o [1]
dhcp_timer_coarse       0x08003f95     0x16  Code  Lc  lwip_timers.o [1]
dhcp_timer_fine         0x08003fab     0x16  Code  Lc  lwip_timers.o [1]
do_memp_free_pool       0x08003031      0xe  Code  Lc  memp.o [1]
emWin_LCD_Init          0x0800a8d3     0x8c  Code  Gb  LCD.o [3]
etharp_arp_input        0x08005563    0x174  Code  Lc  etharp.o [1]
etharp_cached_entry     0x20017898      0x1  Data  Lc  etharp.o [1]
etharp_cleanup_netif    0x0800551d     0x46  Code  Gb  etharp.o [1]
etharp_find_entry       0x080051fd    0x1e4  Code  Lc  etharp.o [1]
etharp_free_entry       0x0800509d     0x44  Code  Lc  etharp.o [1]
etharp_output           0x080057ab    0x154  Code  Gb  etharp.o [1]
etharp_output_to_arp_index
                        0x080056d7     0xd4  Code  Lc  etharp.o [1]
etharp_query            0x080058ff    0x1a8  Code  Gb  etharp.o [1]
etharp_raw              0x08005aa7     0xf4  Code  Lc  etharp.o [1]
etharp_request          0x08005bc5     0x12  Code  Gb  etharp.o [1]
etharp_request_dst      0x08005b9b     0x2a  Code  Lc  etharp.o [1]
etharp_send_ip          0x080053e1     0x3e  Code  Lc  etharp.o [1]
etharp_tmr              0x080050e1    0x11c  Code  Gb  etharp.o [1]
etharp_update_arp_entry
                        0x0800541f     0xfe  Code  Lc  etharp.o [1]
ethbroadcast            0x0801b284      0x8  Data  Gb  etharp.o [1]
ethernet_input          0x08005bd7     0xbc  Code  Gb  etharp.o [1]
ethernetif_init         0x08006a7f     0x22  Code  Gb  ethernetif.o [1]
ethzero                 0x0801b28c      0x8  Data  Gb  etharp.o [1]
exit                    0x0801b0ef      0x4  Code  Gb  exit.o [4]
flags                   0x2001789e      0x1  Data  Lc  tcp_in.o [1]
gnetif                  0x200175e4     0x34  Data  Gb  lwip.o [1]
gw                      0x200177b4      0x4  Data  Gb  lwip.o [1]
heth                    0x200174dc     0x48  Data  Gb  ethernetif.o [1]
hspi2                   0x2001738c     0x58  Data  Gb  main.o [1]
hsram1                  0x2001743c     0x50  Data  Gb  main.o [1]
huart1                  0x20017564     0x40  Data  Gb  main.o [1]
huart4                  0x20017524     0x40  Data  Gb  main.o [1]
icmp_dest_unreach       0x080070fd     0x14  Code  Gb  icmp.o [1]
icmp_input              0x08006f75    0x180  Code  Gb  icmp.o [1]
icmp_send_response      0x08007125     0x8e  Code  Lc  icmp.o [1]
icmp_time_exceeded      0x08007111     0x14  Code  Gb  icmp.o [1]
inseg                   0x2001771c     0x10  Data  Lc  tcp_in.o [1]
ip4_addr_isbroadcast_u32
                        0x08001a85     0x50  Code  Gb  ip4_addr.o [1]
ip4_frag                0x08004eb1    0x1e0  Code  Gb  ip_frag.o [1]
ip4_input               0x080045c7    0x208  Code  Gb  ip4.o [1]
ip4_output_if           0x080047cf     0x4e  Code  Gb  ip4.o [1]
ip4_output_if_src       0x0800481d     0xdc  Code  Gb  ip4.o [1]
ip4_reass               0x08004c7d    0x202  Code  Gb  ip_frag.o [1]
ip4_route               0x08004545     0x82  Code  Gb  ip4.o [1]
ip_addr_any             0x0801b2b4      0x4  Data  Gb  ip4_addr.o [1]
ip_addr_broadcast       0x0801b2b8      0x4  Data  Gb  ip4_addr.o [1]
ip_data                 0x200176c4     0x18  Data  Gb  ip4.o [1]
ip_frag_alloc_pbuf_custom_ref
                        0x08004e7f      0xa  Code  Lc  ip_frag.o [1]
ip_frag_free_pbuf_custom_ref
                        0x08004e89      0xe  Code  Lc  ip_frag.o [1]
ip_id                   0x20017888      0x2  Data  Lc  ip4.o [1]
ip_reass_chain_frag_into_datagram_and_validate
                        0x08004b15    0x168  Code  Lc  ip_frag.o [1]
ip_reass_dequeue_datagram
                        0x08004aed     0x28  Code  Lc  ip_frag.o [1]
ip_reass_enqueue_new_datagram
                        0x08004a83     0x6a  Code  Lc  ip_frag.o [1]
ip_reass_free_complete_datagram
                        0x0800493f     0xa2  Code  Lc  ip_frag.o [1]
ip_reass_pbufcount      0x2001788a      0x2  Data  Lc  ip_frag.o [1]
ip_reass_remove_oldest_datagram
                        0x080049e1     0xa2  Code  Lc  ip_frag.o [1]
ip_reass_timer          0x08003f69     0x16  Code  Lc  lwip_timers.o [1]
ip_reass_tmr            0x0800490d     0x32  Code  Gb  ip_frag.o [1]
ipaddr                  0x200177ac      0x4  Data  Gb  lwip.o [1]
ipfrag_free_pbuf_custom
                        0x08004e97     0x1a  Code  Lc  ip_frag.o [1]
lfree                   0x200177d8      0x4  Data  Lc  mem.o [1]
low_level_init          0x0800686f    0x114  Code  Lc  ethernetif.o [1]
low_level_output        0x08006983     0xfc  Code  Lc  ethernetif.o [1]
lwip_htonl              0x08001af1     0x18  Code  Gb  def.o [1]
lwip_htons              0x08001ad5      0xe  Code  Gb  def.o [1]
lwip_init               0x08016f99     0x1c  Code  Gb  init.o [1]
lwip_ntohl              0x08001b09      0xc  Code  Gb  def.o [1]
lwip_ntohs              0x08001ae3      0xe  Code  Gb  def.o [1]
main                    0x08015d6d     0x56  Code  Gb  main.o [1]
mem_calloc              0x08004431     0x34  Code  Gb  mem.o [1]
mem_free                0x080041c1     0x38  Code  Gb  mem.o [1]
mem_init                0x0800416f     0x52  Code  Gb  mem.o [1]
mem_malloc              0x08004335     0xec  Code  Gb  mem.o [1]
mem_trim                0x080041f9    0x13c  Code  Gb  mem.o [1]
memp_FRAG_PBUF          0x0801b200      0xc  Data  Gb  memp.o [1]
memp_PBUF               0x0801b218      0xc  Data  Gb  memp.o [1]
memp_PBUF_POOL          0x0801b224      0xc  Data  Gb  memp.o [1]
memp_REASSDATA          0x0801b1f4      0xc  Data  Gb  memp.o [1]
memp_SYS_TIMEOUT        0x0801b20c      0xc  Data  Gb  memp.o [1]
memp_TCP_PCB            0x0801b1d0      0xc  Data  Gb  memp.o [1]
memp_TCP_PCB_LISTEN     0x0801b1dc      0xc  Data  Gb  memp.o [1]
memp_TCP_SEG            0x0801b1e8      0xc  Data  Gb  memp.o [1]
memp_UDP_PCB            0x0801b1c4      0xc  Data  Gb  memp.o [1]
memp_free               0x0800303f     0x1c  Code  Gb  memp.o [1]
memp_init               0x08002fcf     0x2c  Code  Gb  memp.o [1]
memp_init_pool          0x08002f9d     0x32  Code  Gb  memp.o [1]
memp_malloc             0x0800300f     0x22  Code  Gb  memp.o [1]
memp_malloc_pool        0x08002ffb     0x14  Code  Gb  memp.o [1]
memp_memory_FRAG_PBUF_base
                        0x200169fc    0x168  Data  Gb  memp.o [1]
memp_memory_PBUF_POOL_base
                        0x20010910   0x2600  Data  Gb  memp.o [1]
memp_memory_PBUF_base   0x20016d64    0x100  Data  Gb  memp.o [1]
memp_memory_REASSDATA_base
                        0x200170f4     0xa0  Data  Gb  memp.o [1]
memp_memory_SYS_TIMEOUT_base
                        0x2001748c     0x50  Data  Gb  memp.o [1]
memp_memory_TCP_PCB_LISTEN_base
                        0x20016f54     0xe0  Data  Gb  memp.o [1]
memp_memory_TCP_PCB_base
                        0x20016504    0x2f8  Data  Gb  memp.o [1]
memp_memory_TCP_SEG_base
                        0x20016c64    0x100  Data  Gb  memp.o [1]
memp_memory_UDP_PCB_base
                        0x20017294     0x80  Data  Gb  memp.o [1]
memp_pools              0x20000004     0x24  Data  Gb  memp.o [1]
memp_tab_FRAG_PBUF      0x200177f0      0x4  Data  Lc  memp.o [1]
memp_tab_PBUF           0x200177f8      0x4  Data  Lc  memp.o [1]
memp_tab_PBUF_POOL      0x200177fc      0x4  Data  Lc  memp.o [1]
memp_tab_REASSDATA      0x200177ec      0x4  Data  Lc  memp.o [1]
memp_tab_SYS_TIMEOUT    0x200177f4      0x4  Data  Lc  memp.o [1]
memp_tab_TCP_PCB        0x200177e0      0x4  Data  Lc  memp.o [1]
memp_tab_TCP_PCB_LISTEN
                        0x200177e4      0x4  Data  Lc  memp.o [1]
memp_tab_TCP_SEG        0x200177e8      0x4  Data  Lc  memp.o [1]
memp_tab_UDP_PCB        0x200177dc      0x4  Data  Lc  memp.o [1]
netif_add               0x0800721b     0x76  Code  Gb  netif.o [1]
netif_default           0x20017804      0x4  Data  Gb  netif.o [1]
netif_init              0x08007219      0x2  Code  Gb  netif.o [1]
netif_issue_reports     0x0800734f     0x22  Code  Lc  netif.o [1]
netif_list              0x20017800      0x4  Data  Gb  netif.o [1]
netif_num               0x20017899      0x1  Data  Lc  netif.o [1]
netif_set_addr          0x08007291     0x24  Code  Gb  netif.o [1]
netif_set_default       0x0800730f      0x6  Code  Gb  netif.o [1]
netif_set_down          0x08007371     0x28  Code  Gb  netif.o [1]
netif_set_gw            0x080072f3      0xe  Code  Gb  netif.o [1]
netif_set_ipaddr        0x080072b5     0x3e  Code  Gb  netif.o [1]
netif_set_netmask       0x08007301      0xe  Code  Gb  netif.o [1]
netif_set_up            0x08007325     0x2a  Code  Gb  netif.o [1]
netmask                 0x200177b0      0x4  Data  Gb  lwip.o [1]
next_timeout            0x200177c4      0x4  Data  Lc  lwip_timers.o [1]
pbuf_alloc              0x08001b25    0x1a6  Code  Gb  pbuf.o [1]
pbuf_alloced_custom     0x08001ccb     0x84  Code  Gb  pbuf.o [1]
pbuf_cat                0x08001f4b     0x2e  Code  Gb  pbuf.o [1]
pbuf_chain              0x08001f79     0x16  Code  Gb  pbuf.o [1]
pbuf_clen               0x08001f2b     0x14  Code  Gb  pbuf.o [1]
pbuf_copy               0x08001f8f     0xd4  Code  Gb  pbuf.o [1]
pbuf_copy_partial       0x08002063     0xae  Code  Gb  pbuf.o [1]
pbuf_free               0x08001eab     0x80  Code  Gb  pbuf.o [1]
pbuf_free_ooseq_pending
                        0x2001789a      0x1  Data  Gb  pbuf.o [1]
pbuf_header             0x08001e83     0x14  Code  Gb  pbuf.o [1]
pbuf_header_force       0x08001e97     0x14  Code  Gb  pbuf.o [1]
pbuf_header_impl        0x08001dc7     0xbc  Code  Lc  pbuf.o [1]
pbuf_pool_is_empty      0x08001b15      0x8  Code  Lc  pbuf.o [1]
pbuf_realloc            0x08001d4f     0x78  Code  Gb  pbuf.o [1]
pbuf_ref                0x08001f3f      0xc  Code  Gb  pbuf.o [1]
plug_holes              0x080040f9     0x76  Code  Lc  mem.o [1]
ram                     0x200177d0      0x4  Data  Lc  mem.o [1]
ram_end                 0x200177d4      0x4  Data  Lc  mem.o [1]
ram_heap                0x20015eb0    0x654  Data  Gb  mem.o [1]
rand                    0x08007399     0xe0  Code  Gb  rand.o [4]
reassdatagrams          0x200177a8      0x4  Data  Lc  ip_frag.o [1]
rec                     0x200167fc    0x200  Data  Gb  main.o [1]
recv_data               0x20017834      0x4  Data  Lc  tcp_in.o [1]
recv_flags              0x2001789f      0x1  Data  Lc  tcp_in.o [1]
seqno                   0x2001782c      0x4  Data  Lc  tcp_in.o [1]
strlen                  0x0800eda1           Code  Gb  strlen.o [6]
sys_now                 0x08006ad1      0x8  Code  Gb  ethernetif.o [1]
sys_timeout             0x08003ffd     0xd2  Code  Gb  lwip_timers.o [1]
sys_timeouts_init       0x08003fc1     0x3c  Code  Gb  lwip_timers.o [1]
tcp_abandon             0x08002317     0xf8  Code  Gb  tcp.o [1]
tcp_abort               0x0800240f      0xe  Code  Gb  tcp.o [1]
tcp_accept              0x08002dd3      0x4  Code  Gb  tcp.o [1]
tcp_accept_null         0x080024e1     0x14  Code  Lc  tcp.o [1]
tcp_active_pcbs         0x2001781c      0x4  Data  Gb  tcp.o [1]
tcp_active_pcbs_changed
                        0x2001789b      0x1  Data  Gb  tcp.o [1]
tcp_alloc               0x08002cd1     0xe8  Code  Gb  tcp.o [1]
tcp_arg                 0x08002dc3      0x4  Code  Gb  tcp.o [1]
tcp_backoff             0x0801b194     0x10  Data  Gb  tcp.o [1]
tcp_bind                0x0800241d     0xc4  Code  Gb  tcp.o [1]
tcp_bound_pcbs          0x20017814      0x4  Data  Gb  tcp.o [1]
tcp_close               0x080022fb     0x1c  Code  Gb  tcp.o [1]
tcp_close_shutdown      0x08002137    0x1c4  Code  Lc  tcp.o [1]
tcp_create_segment      0x08003137     0xd6  Code  Lc  tcp_out.o [1]
tcp_eff_send_mss_impl   0x08002ea1     0x42  Code  Gb  tcp.o [1]
tcp_enqueue_flags       0x08003767    0x122  Code  Gb  tcp_out.o [1]
tcp_err                 0x08002dcd      0x6  Code  Gb  tcp.o [1]
tcp_fasttmr             0x08002a2b     0x7a  Code  Gb  tcp.o [1]
tcp_getoptbyte          0x08001945     0x48  Code  Lc  tcp_in.o [1]
tcp_init                0x08002111      0x2  Code  Gb  tcp.o [1]
tcp_input               0x08000189    0x552  Code  Gb  tcp_in.o [1]
tcp_input_pcb           0x20017838      0x4  Data  Gb  tcp_in.o [1]
tcp_keepalive           0x08003dcd     0x5c  Code  Gb  tcp_out.o [1]
tcp_kill_prio           0x08002bc7     0x62  Code  Lc  tcp.o [1]
tcp_kill_state          0x08002c39     0x4a  Code  Lc  tcp.o [1]
tcp_kill_timewait       0x08002c89     0x3c  Code  Lc  tcp.o [1]
tcp_listen_input        0x080006db    0x128  Code  Lc  tcp_in.o [1]
tcp_listen_pcbs         0x20017818      0x4  Data  Gb  tcp.o [1]
tcp_listen_with_backlog
                        0x080024f5     0xae  Code  Gb  tcp.o [1]
tcp_netif_ipv4_addr_changed
                        0x08002f09     0x4e  Code  Gb  tcp.o [1]
tcp_netif_ipv4_addr_changed_pcblist
                        0x08002ee3     0x26  Code  Lc  tcp.o [1]
tcp_new                 0x08002db9      0xa  Code  Gb  tcp.o [1]
tcp_new_port            0x0800263f     0x70  Code  Lc  tcp.o [1]
tcp_next_iss            0x08002e8d     0x14  Code  Gb  tcp.o [1]
tcp_next_iss::iss       0x2000002c      0x4  Data  Lc  tcp.o [1]
tcp_oos_insert_segment  0x08000dcb     0x8e  Code  Lc  tcp_in.o [1]
tcp_optidx              0x2001788e      0x2  Data  Lc  tcp_in.o [1]
tcp_output              0x08003915    0x200  Code  Gb  tcp_out.o [1]
tcp_output_alloc_header
                        0x08003061     0x8a  Code  Lc  tcp_out.o [1]
tcp_output_segment      0x08003b15     0xfe  Code  Lc  tcp_out.o [1]
tcp_parseopt            0x0800198d     0xbc  Code  Lc  tcp_in.o [1]
tcp_pbuf_prealloc       0x0800320d     0xa4  Code  Lc  tcp_out.o [1]
tcp_pcb_lists           0x0801b1a4     0x10  Data  Gb  tcp.o [1]
tcp_pcb_purge           0x08002dd7     0x52  Code  Gb  tcp.o [1]
tcp_pcb_remove          0x08002e29     0x64  Code  Gb  tcp.o [1]
tcp_persist_backoff     0x0801b294      0x8  Data  Gb  tcp.o [1]
tcp_port                0x20000504      0x2  Data  Lc  tcp.o [1]
tcp_process             0x080008a7    0x524  Code  Lc  tcp_in.o [1]
tcp_process_refused_data
                        0x08002aa5     0x94  Code  Gb  tcp.o [1]
tcp_receive             0x08000ea5    0xaa0  Code  Lc  tcp_in.o [1]
tcp_recv                0x08002dc7      0x6  Code  Gb  tcp.o [1]
tcp_recv_null           0x08002b97     0x30  Code  Gb  tcp.o [1]
tcp_recved              0x080025eb     0x54  Code  Gb  tcp.o [1]
tcp_rexmit              0x08003cff     0x5e  Code  Gb  tcp_out.o [1]
tcp_rexmit_fast         0x08003d5d     0x70  Code  Gb  tcp_out.o [1]
tcp_rexmit_rto          0x08003cc5     0x3a  Code  Gb  tcp_out.o [1]
tcp_rst                 0x08003c1d     0xa8  Code  Gb  tcp_out.o [1]
tcp_seg_copy            0x08002b6d     0x2a  Code  Gb  tcp.o [1]
tcp_seg_free            0x08002b4f     0x1e  Code  Gb  tcp.o [1]
tcp_segs_free           0x08002b39     0x16  Code  Gb  tcp.o [1]
tcp_send_empty_ack      0x08003889     0x8c  Code  Gb  tcp_out.o [1]
tcp_send_fin            0x080030eb     0x4c  Code  Gb  tcp_out.o [1]
tcp_slowtmr             0x080026af    0x37c  Code  Gb  tcp.o [1]
tcp_ticks               0x20017810      0x4  Data  Gb  tcp.o [1]
tcp_timer               0x2001789c      0x1  Data  Lc  tcp.o [1]
tcp_timer_ctr           0x2001789d      0x1  Data  Lc  tcp.o [1]
tcp_timer_needed        0x08003f3d     0x2c  Code  Gb  lwip_timers.o [1]
tcp_timewait_input      0x08000803     0xa4  Code  Lc  tcp_in.o [1]
tcp_tmr                 0x08002113     0x24  Code  Gb  tcp.o [1]
tcp_trigger_input_pcb_close
                        0x08001a49      0xe  Code  Gb  tcp_in.o [1]
tcp_tw_pcbs             0x20017820      0x4  Data  Gb  tcp.o [1]
tcp_update_rcv_ann_wnd  0x080025a3     0x48  Code  Gb  tcp.o [1]
tcp_write               0x08003323    0x444  Code  Gb  tcp_out.o [1]
tcp_write_checks        0x080032b1     0x72  Code  Lc  tcp_out.o [1]
tcp_zero_window_probe   0x08003e29     0xe8  Code  Gb  tcp_out.o [1]
tcphdr                  0x20017824      0x4  Data  Lc  tcp_in.o [1]
tcphdr_opt1len          0x2001788c      0x2  Data  Lc  tcp_in.o [1]
tcphdr_opt2             0x20017828      0x4  Data  Lc  tcp_in.o [1]
tcpip_tcp_timer         0x08003f11     0x2c  Code  Lc  lwip_timers.o [1]
tcpip_tcp_timer_active  0x200177cc      0x4  Data  Lc  lwip_timers.o [1]
tcplen                  0x20017890      0x2  Data  Lc  tcp_in.o [1]
timeouts_last_time      0x200177c8      0x4  Data  Lc  lwip_timers.o [1]
touchGetX               0x08016375     0xb0  Code  Gb  XPT2046.o [1]
touchGetY               0x08016425     0xb0  Code  Gb  XPT2046.o [1]
touch_en                0x200178a0      0x1  Data  Gb  WIDGET_Multipage.o [1]
touch_x                 0x20017844      0x4  Data  Gb  WIDGET_Multipage.o [1]
touch_y                 0x20017840      0x4  Data  Gb  WIDGET_Multipage.o [1]
transmitBuffer          0x20016b64    0x100  Data  Gb  main.o [1]
udp_bind                0x08006e81     0xae  Code  Gb  udp.o [1]
udp_init                0x08006ad9      0x2  Code  Gb  udp.o [1]
udp_input               0x08006b37    0x208  Code  Gb  udp.o [1]
udp_netif_ipv4_addr_changed
                        0x08006f2f     0x34  Code  Gb  udp.o [1]
udp_new_port            0x08006adb     0x5c  Code  Lc  udp.o [1]
udp_pcbs                0x2001783c      0x4  Data  Gb  udp.o [1]
udp_port                0x20000506      0x2  Data  Lc  udp.o [1]
udp_sendto_if           0x08006d3f     0x5a  Code  Gb  udp.o [1]
udp_sendto_if_src       0x08006d99     0xe8  Code  Gb  udp.o [1]
uwTick                  0x20017808      0x4  Data  Gb  stm32f4xx_hal.o [1]


[1] = E:\WORK\ALL\ETHDISP\STM32F4Display\EWARM\ETHDISP\Obj
[2] = command line
[3] = STemWin532_CM4_IAR.a
[4] = dl7M_tlf.a
[5] = m7M_tls.a
[6] = rt7M_tl.a
[7] = shb_l.a

  103 271 bytes of readonly  code memory
    8 990 bytes of readonly  data memory
   96 414 bytes of readwrite data memory

Errors: none
Warnings: none
