###############################################################################
#
# IAR ELF Linker V7.80.1.11864/W32 for ARM                15/Mar/2017  18:57:03
# Copyright 2007-2016 IAR Systems AB.
#
#    Output file  =  E:\WORK\ALL\ETHDISP\EWARM\ETHDISP\Exe\ETHDISP.out
#    Map file     =  E:\WORK\ALL\ETHDISP\EWARM\ETHDISP\List\ETHDISP.map
#    Command line =  
#        E:\WORK\ALL\ETHDISP\EWARM\ETHDISP\Obj\api_lib.o
#        E:\WORK\ALL\ETHDISP\EWARM\ETHDISP\Obj\api_msg.o
#        E:\WORK\ALL\ETHDISP\EWARM\ETHDISP\Obj\arc4.o
#        E:\WORK\ALL\ETHDISP\EWARM\ETHDISP\Obj\Arial16.o
#        E:\WORK\ALL\ETHDISP\EWARM\ETHDISP\Obj\auth.o
#        E:\WORK\ALL\ETHDISP\EWARM\ETHDISP\Obj\autoip.o
#        E:\WORK\ALL\ETHDISP\EWARM\ETHDISP\Obj\ccp.o
#        E:\WORK\ALL\ETHDISP\EWARM\ETHDISP\Obj\chap-md5.o
#        E:\WORK\ALL\ETHDISP\EWARM\ETHDISP\Obj\chap-new.o
#        E:\WORK\ALL\ETHDISP\EWARM\ETHDISP\Obj\chap_ms.o
#        E:\WORK\ALL\ETHDISP\EWARM\ETHDISP\Obj\def.o
#        E:\WORK\ALL\ETHDISP\EWARM\ETHDISP\Obj\demand.o
#        E:\WORK\ALL\ETHDISP\EWARM\ETHDISP\Obj\des.o
#        E:\WORK\ALL\ETHDISP\EWARM\ETHDISP\Obj\dhcp.o
#        E:\WORK\ALL\ETHDISP\EWARM\ETHDISP\Obj\dhcp6.o
#        E:\WORK\ALL\ETHDISP\EWARM\ETHDISP\Obj\dns.o
#        E:\WORK\ALL\ETHDISP\EWARM\ETHDISP\Obj\eap.o
#        E:\WORK\ALL\ETHDISP\EWARM\ETHDISP\Obj\ecp.o
#        E:\WORK\ALL\ETHDISP\EWARM\ETHDISP\Obj\err.o
#        E:\WORK\ALL\ETHDISP\EWARM\ETHDISP\Obj\etharp.o
#        E:\WORK\ALL\ETHDISP\EWARM\ETHDISP\Obj\ethernetif.o
#        E:\WORK\ALL\ETHDISP\EWARM\ETHDISP\Obj\ethip6.o
#        E:\WORK\ALL\ETHDISP\EWARM\ETHDISP\Obj\eui64.o
#        E:\WORK\ALL\ETHDISP\EWARM\ETHDISP\Obj\fsm.o
#        E:\WORK\ALL\ETHDISP\EWARM\ETHDISP\Obj\GUI_X.o
#        E:\WORK\ALL\ETHDISP\EWARM\ETHDISP\Obj\GUIConf.o
#        E:\WORK\ALL\ETHDISP\EWARM\ETHDISP\Obj\icmp.o
#        E:\WORK\ALL\ETHDISP\EWARM\ETHDISP\Obj\icmp6.o
#        E:\WORK\ALL\ETHDISP\EWARM\ETHDISP\Obj\igmp.o
#        E:\WORK\ALL\ETHDISP\EWARM\ETHDISP\Obj\inet6.o
#        E:\WORK\ALL\ETHDISP\EWARM\ETHDISP\Obj\inet_chksum.o
#        E:\WORK\ALL\ETHDISP\EWARM\ETHDISP\Obj\init.o
#        E:\WORK\ALL\ETHDISP\EWARM\ETHDISP\Obj\ip4.o
#        E:\WORK\ALL\ETHDISP\EWARM\ETHDISP\Obj\ip4_addr.o
#        E:\WORK\ALL\ETHDISP\EWARM\ETHDISP\Obj\ip6.o
#        E:\WORK\ALL\ETHDISP\EWARM\ETHDISP\Obj\ip6_addr.o
#        E:\WORK\ALL\ETHDISP\EWARM\ETHDISP\Obj\ip6_frag.o
#        E:\WORK\ALL\ETHDISP\EWARM\ETHDISP\Obj\ip_frag.o
#        E:\WORK\ALL\ETHDISP\EWARM\ETHDISP\Obj\ipcp.o
#        E:\WORK\ALL\ETHDISP\EWARM\ETHDISP\Obj\ipv6cp.o
#        E:\WORK\ALL\ETHDISP\EWARM\ETHDISP\Obj\LCD_ini.o
#        E:\WORK\ALL\ETHDISP\EWARM\ETHDISP\Obj\LCDConf_FlexColor.o
#        E:\WORK\ALL\ETHDISP\EWARM\ETHDISP\Obj\lcp.o
#        E:\WORK\ALL\ETHDISP\EWARM\ETHDISP\Obj\lwip.o
#        E:\WORK\ALL\ETHDISP\EWARM\ETHDISP\Obj\lwip_timers.o
#        E:\WORK\ALL\ETHDISP\EWARM\ETHDISP\Obj\magic.o
#        E:\WORK\ALL\ETHDISP\EWARM\ETHDISP\Obj\main.o
#        E:\WORK\ALL\ETHDISP\EWARM\ETHDISP\Obj\md4.o
#        E:\WORK\ALL\ETHDISP\EWARM\ETHDISP\Obj\md5.o
#        E:\WORK\ALL\ETHDISP\EWARM\ETHDISP\Obj\mem.o
#        E:\WORK\ALL\ETHDISP\EWARM\ETHDISP\Obj\memp.o
#        E:\WORK\ALL\ETHDISP\EWARM\ETHDISP\Obj\mld6.o
#        E:\WORK\ALL\ETHDISP\EWARM\ETHDISP\Obj\mppe.o
#        E:\WORK\ALL\ETHDISP\EWARM\ETHDISP\Obj\multilink.o
#        E:\WORK\ALL\ETHDISP\EWARM\ETHDISP\Obj\my_tcp.o
#        E:\WORK\ALL\ETHDISP\EWARM\ETHDISP\Obj\nd6.o
#        E:\WORK\ALL\ETHDISP\EWARM\ETHDISP\Obj\netbuf.o
#        E:\WORK\ALL\ETHDISP\EWARM\ETHDISP\Obj\netdb.o
#        E:\WORK\ALL\ETHDISP\EWARM\ETHDISP\Obj\netif.o
#        E:\WORK\ALL\ETHDISP\EWARM\ETHDISP\Obj\netifapi.o
#        E:\WORK\ALL\ETHDISP\EWARM\ETHDISP\Obj\pbuf.o
#        E:\WORK\ALL\ETHDISP\EWARM\ETHDISP\Obj\ppp.o
#        E:\WORK\ALL\ETHDISP\EWARM\ETHDISP\Obj\pppapi.o
#        E:\WORK\ALL\ETHDISP\EWARM\ETHDISP\Obj\pppcrypt.o
#        E:\WORK\ALL\ETHDISP\EWARM\ETHDISP\Obj\pppoe.o
#        E:\WORK\ALL\ETHDISP\EWARM\ETHDISP\Obj\pppol2tp.o
#        E:\WORK\ALL\ETHDISP\EWARM\ETHDISP\Obj\pppos.o
#        E:\WORK\ALL\ETHDISP\EWARM\ETHDISP\Obj\raw.o
#        E:\WORK\ALL\ETHDISP\EWARM\ETHDISP\Obj\sha1.o
#        E:\WORK\ALL\ETHDISP\EWARM\ETHDISP\Obj\slipif.o
#        E:\WORK\ALL\ETHDISP\EWARM\ETHDISP\Obj\sockets.o
#        E:\WORK\ALL\ETHDISP\EWARM\ETHDISP\Obj\startup_stm32f407xx.o
#        E:\WORK\ALL\ETHDISP\EWARM\ETHDISP\Obj\stats.o
#        E:\WORK\ALL\ETHDISP\EmWin\STemWin532_CM4_IAR.a
#        E:\WORK\ALL\ETHDISP\EWARM\ETHDISP\Obj\stm32f4xx_hal.o
#        E:\WORK\ALL\ETHDISP\EWARM\ETHDISP\Obj\stm32f4xx_hal_cortex.o
#        E:\WORK\ALL\ETHDISP\EWARM\ETHDISP\Obj\stm32f4xx_hal_dma.o
#        E:\WORK\ALL\ETHDISP\EWARM\ETHDISP\Obj\stm32f4xx_hal_dma_ex.o
#        E:\WORK\ALL\ETHDISP\EWARM\ETHDISP\Obj\stm32f4xx_hal_eth.o
#        E:\WORK\ALL\ETHDISP\EWARM\ETHDISP\Obj\stm32f4xx_hal_flash.o
#        E:\WORK\ALL\ETHDISP\EWARM\ETHDISP\Obj\stm32f4xx_hal_flash_ex.o
#        E:\WORK\ALL\ETHDISP\EWARM\ETHDISP\Obj\stm32f4xx_hal_flash_ramfunc.o
#        E:\WORK\ALL\ETHDISP\EWARM\ETHDISP\Obj\stm32f4xx_hal_gpio.o
#        E:\WORK\ALL\ETHDISP\EWARM\ETHDISP\Obj\stm32f4xx_hal_msp.o
#        E:\WORK\ALL\ETHDISP\EWARM\ETHDISP\Obj\stm32f4xx_hal_pwr.o
#        E:\WORK\ALL\ETHDISP\EWARM\ETHDISP\Obj\stm32f4xx_hal_pwr_ex.o
#        E:\WORK\ALL\ETHDISP\EWARM\ETHDISP\Obj\stm32f4xx_hal_rcc.o
#        E:\WORK\ALL\ETHDISP\EWARM\ETHDISP\Obj\stm32f4xx_hal_rcc_ex.o
#        E:\WORK\ALL\ETHDISP\EWARM\ETHDISP\Obj\stm32f4xx_hal_spi.o
#        E:\WORK\ALL\ETHDISP\EWARM\ETHDISP\Obj\stm32f4xx_hal_sram.o
#        E:\WORK\ALL\ETHDISP\EWARM\ETHDISP\Obj\stm32f4xx_hal_tim.o
#        E:\WORK\ALL\ETHDISP\EWARM\ETHDISP\Obj\stm32f4xx_hal_tim_ex.o
#        E:\WORK\ALL\ETHDISP\EWARM\ETHDISP\Obj\stm32f4xx_hal_uart.o
#        E:\WORK\ALL\ETHDISP\EWARM\ETHDISP\Obj\stm32f4xx_it.o
#        E:\WORK\ALL\ETHDISP\EWARM\ETHDISP\Obj\stm32f4xx_ll_fsmc.o
#        E:\WORK\ALL\ETHDISP\EWARM\ETHDISP\Obj\sys.o
#        E:\WORK\ALL\ETHDISP\EWARM\ETHDISP\Obj\system_stm32f4xx.o
#        E:\WORK\ALL\ETHDISP\EWARM\ETHDISP\Obj\tcp.o
#        E:\WORK\ALL\ETHDISP\EWARM\ETHDISP\Obj\tcp_in.o
#        E:\WORK\ALL\ETHDISP\EWARM\ETHDISP\Obj\tcp_out.o
#        E:\WORK\ALL\ETHDISP\EWARM\ETHDISP\Obj\tcpip.o
#        E:\WORK\ALL\ETHDISP\EWARM\ETHDISP\Obj\udp.o
#        E:\WORK\ALL\ETHDISP\EWARM\ETHDISP\Obj\upap.o
#        E:\WORK\ALL\ETHDISP\EWARM\ETHDISP\Obj\utils.o
#        E:\WORK\ALL\ETHDISP\EWARM\ETHDISP\Obj\vj.o
#        E:\WORK\ALL\ETHDISP\EWARM\ETHDISP\Obj\WindowDLG.o
#        E:\WORK\ALL\ETHDISP\EWARM\ETHDISP\Obj\XPT2046.o --redirect
#        _Printf=_PrintfFull --redirect _Scanf=_ScanfFull -o
#        E:\WORK\ALL\ETHDISP\EWARM\ETHDISP\Exe\ETHDISP.out --map
#        E:\WORK\ALL\ETHDISP\EWARM\ETHDISP\List\ETHDISP.map --config
#        E:\WORK\ALL\ETHDISP\EWARM/stm32f407xx_flash.icf --semihosting --entry
#        __iar_program_start --vfe
#
###############################################################################

*******************************************************************************
*** RUNTIME MODEL ATTRIBUTES
***

CppFlavor       = *
__SystemLibrary = DLib


*******************************************************************************
*** PLACEMENT SUMMARY
***

"A0":  place at 0x08000000 { ro section .intvec };
"P1":  place in [from 0x08000000 to 0x080fffff] { ro };
"P2":  place in [from 0x20000000 to 0x2001ffff] { rw, block CSTACK, block HEAP };
initialize by copy { rw };

  Section             Kind        Address     Size  Object
  -------             ----        -------     ----  ------
"A0":                                        0x188
  .intvec             ro code  0x08000000    0x188  startup_stm32f407xx.o [1]
                             - 0x08000188    0x188

"P1":                                      0x140ad
  .text               ro code  0x08000188   0x18fc  tcp_in.o [1]
  .text               ro code  0x08001a84     0x50  ip4_addr.o [1]
  .text               ro code  0x08001ad4     0x40  def.o [1]
  .text               ro code  0x08001b14    0x628  pbuf.o [1]
  .text               ro code  0x0800213c    0xe8c  tcp.o [1]
  .text               ro code  0x08002fc8     0xc4  memp.o [1]
  .text               ro code  0x0800308c    0xeb0  tcp_out.o [1]
  .text               ro code  0x08003f3c    0x268  lwip_timers.o [1]
  .text               ro code  0x080041a4    0x36c  mem.o [1]
  .text               ro code  0x08004510     0x76  ABImemcpy_unaligned.o [6]
  .text               ro code  0x08004586      0x2  GUICC_8888_Index2Color.o [3]
  .text               ro code  0x08004588     0x66  ABImemset.o [6]
  .text               ro code  0x080045ee      0x2  GUICC_888_Index2Color.o [3]
  .text               ro code  0x080045f0    0x3c8  ip4.o [1]
  .text               ro code  0x080049b8    0x790  ip_frag.o [1]
  .text               ro code  0x08005148    0xc08  etharp.o [1]
  .text               ro code  0x08005d50    0xaf2  dhcp.o [1]
  .text               ro code  0x08006844    0x494  ethernetif.o [1]
  .text               ro code  0x08006cd8    0x49c  udp.o [1]
  .text               ro code  0x08007174    0x23e  icmp.o [1]
  .text               ro code  0x080073b4     0x62  memcmp_unaligned.o [6]
  .text               ro code  0x08007418    0x180  netif.o [1]
  .text               ro code  0x08007598     0xe0  rand.o [4]
  .text               ro code  0x08007678    0x248  stm32f4xx_hal_gpio.o [1]
  .text               ro code  0x080078c0    0xaac  stm32f4xx_hal_eth.o [1]
  .text               ro code  0x0800836c      0xc  stm32f4xx_hal.o [1]
  .text               ro code  0x08008378      0x2  xtls.o [4]
  .text               ro code  0x0800837c    0x2a4  stm32f4xx_hal_rcc.o [1]
  .text               ro code  0x08008620     0x1a  stm32f4xx_hal.o [1]
  .text               ro code  0x0800863c     0x28  stm32f4xx_hal.o [1]
  .text               ro code  0x08008664    0x142  stm32f4xx_hal_cortex.o [1]
  .text               ro code  0x080087a8   0x10c8  WM.o [3]
  .text               ro code  0x08009870     0x30  LCD_SetClipRectEx.o [3]
  .text               ro code  0x080098a0    0x684  GUI_Alloc.o [3]
  .text               ro code  0x08009f24     0x40  GUI__IntersectRect.o [3]
  .text               ro code  0x08009f64     0x58  GUI_MergeRect.o [3]
  .text               ro code  0x08009fbc     0x10  GUI_WaitEvent.o [3]
  .text               ro code  0x08009fcc     0x1c  GUI_MoveRect.o [3]
  .text               ro code  0x08009fe8    0x300  GUIDEV.o [3]
  .text               ro code  0x0800a2e8      0xe  WM_GetFirstChild.o [3]
  .text               ro code  0x0800a2f6     0x60  GUI__IntersectRects.o [3]
  .text               ro code  0x0800a356     0x38  GUI_RectsIntersect.o [3]
  .text               ro code  0x0800a390     0x40  WM__SendMessage.o [3]
  .text               ro code  0x0800a3d0     0x24  GUI_ALLOC_AllocZero.o [3]
  .text               ro code  0x0800a3f4     0x84  WM_BringToBottom.o [3]
  .text               ro code  0x0800a478     0x72  WM_Timer.o [3]
  .text               ro code  0x0800a4ea     0x14  WM_NotifyParent.o [3]
  .text               ro code  0x0800a500     0x5c  GUI_SelectLayer.o [3]
  .text               ro code  0x0800a55c    0x5ac  LCD.o [3]
  .text               ro code  0x0800ab08     0x40  GUI_SetDefault.o [3]
  .text               ro code  0x0800ab48      0x4  WM_SendMessageNoPara.o [3]
  .text               ro code  0x0800ab4c    0x154  GUIDEV_Banding.o [3]
  .text               ro code  0x0800aca0     0x58  GUI_OnKey.o [3]
  .text               ro code  0x0800acf8     0xd0  GUI__ManageCache.o [3]
  .text               ro code  0x0800adc8     0x20  GUI_SaveContext.o [3]
  .text               ro code  0x0800ade8      0x8  GUI_SetColor.o [3]
  .text               ro code  0x0800adf0    0x1c0  GUI_Core.o [3]
  .text               ro code  0x0800afb0     0x22  WM_GetClientRect.o [3]
  .text               ro code  0x0800afd2     0x1c  WM_SendToParent.o [3]
  .text               ro code  0x0800aff0    0x134  GUI_Device.o [3]
  .text               ro code  0x0800b124     0x30  WM_CriticalHandle.o [3]
  .text               ro code  0x0800b154     0x78  ABImemmove_unaligned.o [6]
  .text               ro code  0x0800b1cc      0x6  ABImemclr.o [6]
  .text               ro code  0x0800b1d2     0x54  GUI__memset.o [3]
  .text               ro code  0x0800b228    0x184  LCD_GetEx.o [3]
  .text               ro code  0x0800b3ac    0x1ac  GUIDEV_UsageBM.o [3]
  .text               ro code  0x0800b558     0x12  GUI_SelectLCD.o [3]
  .text               ro code  0x0800b56c     0x4e  GUIDEV_Usage.o [3]
  .text               ro code  0x0800b5bc     0x24  LCD_UpdateColorIndices.o [3]
  .text               ro code  0x0800b5e0      0x4  GUI_SetDrawMode.o [3]
  .text               ro code  0x0800b5e4    0x600  GUIDEV_WriteToActiveOpaque.o [3]
  .text               ro code  0x0800bbe4     0x22  WM__GetPrevSibling.o [3]
  .text               ro code  0x0800bc06      0xe  WM_GetParent.o [3]
  .text               ro code  0x0800bc14    0x126  GUI_Timer.o [3]
  .text               ro code  0x0800bd3c     0xe0  LCD_Set.o [3]
  .text               ro code  0x0800be1c     0xb8  LCD_Color.o [3]
  .text               ro code  0x0800bed4     0x10  GUI_Pen.o [3]
  .text               ro code  0x0800bee4     0x14  GUI_SetTextAlign.o [3]
  .text               ro code  0x0800bef8     0x14  GUI_SetTextMode.o [3]
  .text               ro code  0x0800bf0c     0x14  GUI_SetFont.o [3]
  .text               ro code  0x0800bf20     0x10  GUI_SetLineStyle.o [3]
  .text               ro code  0x0800bf30     0x38  WM__SendMessageNoPara.o [3]
  .text               ro code  0x0800bf68     0x1e  GUI_GetOrg.o [3]
  .text               ro code  0x0800bf88     0x28  GUIDEV_GetYSize.o [3]
  .text               ro code  0x0800bfb0     0x30  GUIDEV_ReduceYSize.o [3]
  .text               ro code  0x0800bfe0     0x68  GUIDEV_SetOrg.o [3]
  .text               ro code  0x0800c048     0x3c  GUIDEV_Clear.o [3]
  .text               ro code  0x0800c084     0x38  WM_OnKey.o [3]
  .text               ro code  0x0800c0bc     0x2c  GUI_Goto.o [3]
  .text               ro code  0x0800c0e8     0x1c  GUIConf.o [1]
  .text               ro code  0x0800c104     0xea  LCDConf_FlexColor.o [1]
  .text               ro code  0x0800c1f0     0x2a  GUI_X.o [1]
  .text               ro code  0x0800c21c     0x18  WM_GetDesktopWindow.o [3]
  .text               ro code  0x0800c234     0x30  GUI_SetOrg.o [3]
  .text               ro code  0x0800c264     0x44  LCD_SelectLCD.o [3]
  .text               ro code  0x0800c2a8    0x240  GUI__CompactPixelIndices.o [3]
  .text               ro code  0x0800c4e8     0x1c  GUIDEV_GetDataPtr.o [3]
  .text               ro code  0x0800c504     0x10  WM__GetFirstSibling.o [3]
  .text               ro code  0x0800c514     0x1a  LCD_GetNumDisplays.o [3]
  .text               ro code  0x0800c530      0x6  ABImemclr4.o [6]
  .text               ro code  0x0800c538    0x5e4  GUIDRV_FlexColor.o [3]
  .text               ro code  0x0800cb1c    0x20c  LCD_ini.o [1]
  .text               ro code  0x0800cd28     0x32  ABImemset48.o [6]
  .rodata             const    0x0800cd5c    0xc30  F8x16.o [3]
  .text               ro code  0x0800d98c    0x958  GUIDEV_32.o [3]
  .text               ro code  0x0800e2e4    0x304  GUI__Alpha.o [3]
  .text               ro code  0x0800e5e8    0x1b4  LCD_ReadRect.o [3]
  .text               ro code  0x0800e79c    0x120  GUI__ExpandPixelIndices.o [3]
  .text               ro code  0x0800e8bc    0x94c  GUIDEV_16.o [3]
  .text               ro code  0x0800f208     0x40  GUI__memset16.o [3]
  .rodata             const    0x0800f248    0x718  F6x8.o [3]
  .text               ro code  0x0800f960    0x6e6  GUI_SPRITE.o [3]
  .text               ro code  0x08010046     0x9a  GUI_GetBitmapPixelIndex.o [3]
  .text               ro code  0x080100e0    0x610  GUIDRV_FlexColor_16bpp_C0B16.o [3]
  .text               ro code  0x080106f0    0x54e  stm32f4xx_hal_spi.o [1]
  .text               ro code  0x08010c40    0x200  stm32f4xx_hal_msp.o [1]
  .text               ro code  0x08010e40    0x4a6  main.o [1]
  .text               ro code  0x080112e8     0x34  GUI_DispStringHCenter.o [3]
  .text               ro code  0x0801131c     0x40  stm32f4xx_hal.o [1]
  .text               ro code  0x0801135c    0x118  lwip.o [1]
  .text               ro code  0x08011474    0x2b0  XPT2046.o [1]
  .text               ro code  0x08011724    0x148  my_tcp.o [1]
  .text               ro code  0x0801186c     0x2a  GUI_Time.o [3]
  .text               ro code  0x08011898    0x3b4  stm32f4xx_hal_rcc.o [1]
  .text               ro code  0x08011c4c    0x398  stm32f4xx_hal_uart.o [1]
  .text               ro code  0x08011fe4     0x5c  stm32f4xx_hal_sram.o [1]
  .text               ro code  0x08012040     0x10  GUI_DispStringAt.o [3]
  .text               ro code  0x08012050     0x1c  init.o [1]
  .text               ro code  0x0801206c     0x40  GUI_TOUCH.o [3]
  .text               ro code  0x080120ac     0x48  GUI_Exec.o [3]
  .text               ro code  0x080120f4     0xf0  stm32f4xx_ll_fsmc.o [1]
  .text               ro code  0x080121e4     0xfc  GUI_DispString.o [3]
  .text               ro code  0x080122e0     0xe0  GUI_PID.o [3]
  .text               ro code  0x080123c0     0x54  GUI_Char.o [3]
  .text               ro code  0x08012414    0x1b8  GUI_CharLine.o [3]
  .text               ro code  0x080125cc     0x4c  GUI_UC.o [3]
  .text               ro code  0x08012618    0x3ec  WM_Touch.o [3]
  .text               ro code  0x08012a04     0x24  WM__IsAncestor.o [3]
  .text               ro code  0x08012a28     0x1a  WM__SendMessageIfEnabled.o [3]
  .text               ro code  0x08012a42      0x4  WM_IsWindow.o [3]
  .text               ro code  0x08012a48     0x60  GUI_Curs1.o [3]
  .text               ro code  0x08012aa8     0xb4  WM_Screen2Win.o [3]
  .text               ro code  0x08012b5c     0x16  WM__IsEnabled.o [3]
  .text               ro code  0x08012b74     0x32  WM_SetCapture.o [3]
  .text               ro code  0x08012ba8     0x1c  WM_PID__GetPrevState.o [3]
  .text               ro code  0x08012bc4     0x14  WM_GetDesktopWindowEx.o [3]
  .text               ro code  0x08012bd8    0x350  GUIDRV_FlexColor_Func66708.o [3]
  .text               ro code  0x08012f28    0x19c  GUIDEV_WriteToActiveAlpha.o [3]
  .text               ro code  0x080130c4    0x17a  GUI_CharM.o [3]
  .text               ro code  0x08013240    0x164  GUIDEV_StaticDevices.o [3]
  .text               ro code  0x080133a4     0x48  WM_SetSize.o [3]
  .text               ro code  0x080133ec     0x24  GUI_SetAlpha.o [3]
  .text               ro code  0x08013410     0x16  WM_GetOrg.o [3]
  .text               ro code  0x08013428     0x7c  GUIDEV_Write.o [3]
  .text               ro code  0x080134a4     0xf4  WM_ResizeWindow.o [3]
  .text               ro code  0x08013598     0x10  LCD_AA.o [3]
  .text               ro code  0x080135a8     0xc2  WM__UpdateChildPositions.o [3]
  .text               ro code  0x0801366c    0x12c  WM_Move.o [3]
  .rodata             const    0x08013798    0x100  GUI__DivTbl_255_31.o [3]
  .rodata             const    0x08013898    0x100  GUI__DivTbl_255_63.o [3]
  .rodata             const    0x08013998    0x100  LCD_Mirror.o [3]
  .text               ro code  0x08013a98     0xc4  GUICC_565.o [3]
  .text               ro code  0x08013b5c     0xb8  GUICC_0.o [3]
  .text               ro code  0x08013c14     0x3e  GUI_CalcColorDist.o [3]
  .text               ro code  0x08013c54     0x6c  system_stm32f4xx.o [1]
  .rodata             const    0x08013cc0     0x40  GUI__DivTbl_63_255.o [3]
  .text               ro code  0x08013d00     0x40  zero_init3.o [6]
  .text               ro code  0x08013d40     0x38  packbits_init_single.o [6]
  .rodata             const    0x08013d78     0x34  GUIDRV_FlexColor.o [3]
  .text               ro code  0x08013dac     0x28  GUICC_8888.o [3]
  .text               ro code  0x08013dd4     0x28  data_init.o [6]
  .text               ro code  0x08013dfc     0x24  GUI_UC_EncodeNone.o [3]
  .text               ro code  0x08013e20     0x22  fpinit_M.o [5]
  .iar.init_table     const    0x08013e44     0x20  - Linker created -
  .rodata             const    0x08013e64     0x20  GUI__DivTbl_31_255.o [3]
  .text               ro code  0x08013e84     0x20  stm32f4xx_it.o [1]
  .text               ro code  0x08013ea4     0x10  stm32f4xx_hal.o [1]
  .rodata             const    0x08013eb4     0x1c  main.o [1]
  .text               ro code  0x08013ed0     0x1a  cmain.o [6]
  .text               ro code  0x08013eea      0x4  low_level_init.o [4]
  .text               ro code  0x08013eee      0x4  exit.o [4]
  .text               ro code  0x08013ef4      0xa  cexit.o [6]
  .text               ro code  0x08013f00     0x14  exit.o [7]
  .rodata             const    0x08013f14     0x18  main.o [1]
  .rodata             const    0x08013f2c     0x18  my_tcp.o [1]
  .rodata             const    0x08013f44     0x18  GUICC_565.o [3]
  .rodata             const    0x08013f5c     0x18  GUICC_0.o [3]
  .rodata             const    0x08013f74     0x18  GUICC_8888.o [3]
  .rodata             const    0x08013f8c     0x10  my_tcp.o [1]
  .rodata             const    0x08013f9c     0x10  stm32f4xx_hal_rcc.o [1]
  .rodata             const    0x08013fac     0x10  tcp.o [1]
  .rodata             const    0x08013fbc     0x10  tcp.o [1]
  .text               ro code  0x08013fcc     0x10  startup_stm32f407xx.o [1]
  .rodata             const    0x08013fdc      0xc  memp.o [1]
  .rodata             const    0x08013fe8      0xc  memp.o [1]
  .rodata             const    0x08013ff4      0xc  memp.o [1]
  .rodata             const    0x08014000      0xc  memp.o [1]
  .rodata             const    0x0801400c      0xc  memp.o [1]
  .rodata             const    0x08014018      0xc  memp.o [1]
  .rodata             const    0x08014024      0xc  memp.o [1]
  .rodata             const    0x08014030      0xc  memp.o [1]
  .rodata             const    0x0801403c      0xc  memp.o [1]
  .rodata             const    0x08014048      0xc  LCD.o [3]
  .text               ro code  0x08014054      0xc  cstartup_M.o [6]
  .rodata             const    0x08014060      0x8  etharp.o [1]
  .rodata             const    0x08014068      0x8  etharp.o [1]
  .rodata             const    0x08014070      0x8  tcp.o [1]
  .rodata             const    0x08014078      0x4  ip4_addr.o [1]
  .rodata             const    0x0801407c      0x4  ip4_addr.o [1]
  .text               ro code  0x08014080      0x4  startup_stm32f407xx.o [1]
  .text               ro code  0x08014084      0x4  startup_stm32f407xx.o [1]
  .text               ro code  0x08014088      0x4  startup_stm32f407xx.o [1]
  .text               ro code  0x0801408c      0x4  startup_stm32f407xx.o [1]
  .text               ro code  0x08014090      0x4  startup_stm32f407xx.o [1]
  .text               ro code  0x08014094      0x4  startup_stm32f407xx.o [1]
  .text               ro code  0x08014098      0x4  startup_stm32f407xx.o [1]
  .text               ro code  0x0801409c      0x4  startup_stm32f407xx.o [1]
  .text               ro code  0x080140a0      0x4  startup_stm32f407xx.o [1]
  .text               ro code  0x080140a4      0x4  startup_stm32f407xx.o [1]
  .text               ro code  0x080140a8      0x4  startup_stm32f407xx.o [1]
  .text               ro code  0x080140ac      0x4  startup_stm32f407xx.o [1]
  .text               ro code  0x080140b0      0x4  startup_stm32f407xx.o [1]
  .text               ro code  0x080140b4      0x4  startup_stm32f407xx.o [1]
  .text               ro code  0x080140b8      0x4  startup_stm32f407xx.o [1]
  .text               ro code  0x080140bc      0x4  startup_stm32f407xx.o [1]
  .text               ro code  0x080140c0      0x4  startup_stm32f407xx.o [1]
  .text               ro code  0x080140c4      0x4  startup_stm32f407xx.o [1]
  .text               ro code  0x080140c8      0x4  startup_stm32f407xx.o [1]
  .text               ro code  0x080140cc      0x4  startup_stm32f407xx.o [1]
  .text               ro code  0x080140d0      0x4  startup_stm32f407xx.o [1]
  .text               ro code  0x080140d4      0x4  startup_stm32f407xx.o [1]
  .text               ro code  0x080140d8      0x4  startup_stm32f407xx.o [1]
  .text               ro code  0x080140dc      0x4  startup_stm32f407xx.o [1]
  .text               ro code  0x080140e0      0x4  startup_stm32f407xx.o [1]
  .text               ro code  0x080140e4      0x4  startup_stm32f407xx.o [1]
  .text               ro code  0x080140e8      0x4  startup_stm32f407xx.o [1]
  .text               ro code  0x080140ec      0x4  startup_stm32f407xx.o [1]
  .text               ro code  0x080140f0      0x4  startup_stm32f407xx.o [1]
  .text               ro code  0x080140f4      0x4  startup_stm32f407xx.o [1]
  .text               ro code  0x080140f8      0x4  startup_stm32f407xx.o [1]
  .text               ro code  0x080140fc      0x4  startup_stm32f407xx.o [1]
  .text               ro code  0x08014100      0x4  startup_stm32f407xx.o [1]
  .text               ro code  0x08014104      0x4  startup_stm32f407xx.o [1]
  .text               ro code  0x08014108      0x4  startup_stm32f407xx.o [1]
  .text               ro code  0x0801410c      0x4  startup_stm32f407xx.o [1]
  .text               ro code  0x08014110      0x4  startup_stm32f407xx.o [1]
  .text               ro code  0x08014114      0x4  startup_stm32f407xx.o [1]
  .text               ro code  0x08014118      0x4  startup_stm32f407xx.o [1]
  .text               ro code  0x0801411c      0x4  startup_stm32f407xx.o [1]
  .text               ro code  0x08014120      0x4  startup_stm32f407xx.o [1]
  .text               ro code  0x08014124      0x4  startup_stm32f407xx.o [1]
  .text               ro code  0x08014128      0x4  startup_stm32f407xx.o [1]
  .text               ro code  0x0801412c      0x4  startup_stm32f407xx.o [1]
  .text               ro code  0x08014130      0x4  startup_stm32f407xx.o [1]
  .text               ro code  0x08014134      0x4  startup_stm32f407xx.o [1]
  .text               ro code  0x08014138      0x4  startup_stm32f407xx.o [1]
  .text               ro code  0x0801413c      0x4  startup_stm32f407xx.o [1]
  .text               ro code  0x08014140      0x4  startup_stm32f407xx.o [1]
  .text               ro code  0x08014144      0x4  startup_stm32f407xx.o [1]
  .text               ro code  0x08014148      0x4  startup_stm32f407xx.o [1]
  .text               ro code  0x0801414c      0x4  startup_stm32f407xx.o [1]
  .text               ro code  0x08014150      0x4  startup_stm32f407xx.o [1]
  .text               ro code  0x08014154      0x4  startup_stm32f407xx.o [1]
  .text               ro code  0x08014158      0x4  startup_stm32f407xx.o [1]
  .text               ro code  0x0801415c      0x4  startup_stm32f407xx.o [1]
  .text               ro code  0x08014160      0x4  startup_stm32f407xx.o [1]
  .text               ro code  0x08014164      0x4  startup_stm32f407xx.o [1]
  .text               ro code  0x08014168      0x4  startup_stm32f407xx.o [1]
  .text               ro code  0x0801416c      0x4  startup_stm32f407xx.o [1]
  .text               ro code  0x08014170      0x4  startup_stm32f407xx.o [1]
  .text               ro code  0x08014174      0x4  startup_stm32f407xx.o [1]
  .text               ro code  0x08014178      0x4  startup_stm32f407xx.o [1]
  .text               ro code  0x0801417c      0x4  startup_stm32f407xx.o [1]
  .text               ro code  0x08014180      0x4  startup_stm32f407xx.o [1]
  .text               ro code  0x08014184      0x4  startup_stm32f407xx.o [1]
  .text               ro code  0x08014188      0x4  startup_stm32f407xx.o [1]
  .text               ro code  0x0801418c      0x4  startup_stm32f407xx.o [1]
  .text               ro code  0x08014190      0x4  startup_stm32f407xx.o [1]
  .text               ro code  0x08014194      0x4  startup_stm32f407xx.o [1]
  .text               ro code  0x08014198      0x4  startup_stm32f407xx.o [1]
  .text               ro code  0x0801419c      0x4  startup_stm32f407xx.o [1]
  .text               ro code  0x080141a0      0x4  startup_stm32f407xx.o [1]
  .text               ro code  0x080141a4      0x4  startup_stm32f407xx.o [1]
  .text               ro code  0x080141a8      0x4  startup_stm32f407xx.o [1]
  .text               ro code  0x080141ac      0x4  startup_stm32f407xx.o [1]
  .text               ro code  0x080141b0      0x4  startup_stm32f407xx.o [1]
  .text               ro code  0x080141b4      0x4  startup_stm32f407xx.o [1]
  .text               ro code  0x080141b8      0x4  startup_stm32f407xx.o [1]
  .text               ro code  0x080141bc      0x4  startup_stm32f407xx.o [1]
  .text               ro code  0x080141c0      0x4  startup_stm32f407xx.o [1]
  .rodata             const    0x080141c4      0x0  zero_init3.o [6]
  .rodata             const    0x080141c4      0x0  packbits_init_single.o [6]
  Initializer bytes   const    0x080141c4     0x71  <for P2-1>
                             - 0x08014235  0x140ad

"P2", part 1 of 3:                           0x1d5
  P2-1                         0x20000000    0x1d5  <Init block>
    .data             inited   0x20000000      0x4  dhcp.o [1]
    .data             inited   0x20000004     0x24  memp.o [1]
    .data             inited   0x20000028      0x4  system_stm32f4xx.o [1]
    .data             inited   0x2000002c      0x4  tcp.o [1]
    .data             inited   0x20000030     0x80  GUI_Core.o [3]
    .data             inited   0x200000b0      0x4  LCD.o [3]
    .data             inited   0x200000b4     0x10  LCD_Color.o [3]
    .data             inited   0x200000c4     0x10  GUI_OnKey.o [3]
    .data             inited   0x200000d4     0x14  WM_Touch.o [3]
    .data             inited   0x200000e8     0x54  GUI_PID.o [3]
    .data             inited   0x2000013c      0x4  GUI_CharLine.o [3]
    .data             inited   0x20000140      0x4  LCD_AA.o [3]
    __DLIB_PERTHREAD  inited   0x20000144     0x8c  rand.o [4]
    .data             inited   0x200001d0      0x2  tcp.o [1]
    .data             inited   0x200001d2      0x2  udp.o [1]
    .data             inited   0x200001d4      0x1  GUIDEV_StaticDevices.o [3]
                             - 0x200001d5    0x1d5

"P2", part 2 of 3:                           0x400
  CSTACK                       0x200001d8    0x400  <Block>
    CSTACK            uninit   0x200001d8    0x400  <Block tail>
                             - 0x200005d8    0x400

"P2", part 3 of 3:                         0x16f1c
  .bss                zero     0x200005d8  0x10000  GUIConf.o [1]
  .bss                zero     0x200105d8   0x2600  memp.o [1]
  .bss                zero     0x20012bd8   0x17d0  ethernetif.o [1]
  .bss                zero     0x200143a8   0x17d0  ethernetif.o [1]
  .bss                zero     0x20015b78    0x654  mem.o [1]
  .bss                zero     0x200161cc    0x2f8  memp.o [1]
  .bss                zero     0x200164c4    0x200  main.o [1]
  .bss                zero     0x200166c4    0x168  memp.o [1]
  .bss                zero     0x2001682c    0x100  main.o [1]
  .bss                zero     0x2001692c    0x100  memp.o [1]
  .bss                zero     0x20016a2c    0x100  memp.o [1]
  .bss                zero     0x20016b2c     0xf0  etharp.o [1]
  .bss                zero     0x20016c1c     0xe0  memp.o [1]
  .bss                zero     0x20016cfc     0xc0  GUI_Alloc.o [3]
  .bss                zero     0x20016dbc     0xa0  memp.o [1]
  .bss                zero     0x20016e5c     0x80  ethernetif.o [1]
  .bss                zero     0x20016edc     0x80  ethernetif.o [1]
  .bss                zero     0x20016f5c     0x80  memp.o [1]
  .bss                zero     0x20016fdc     0x78  WM.o [3]
  .bss                zero     0x20017054     0x58  main.o [1]
  .bss                zero     0x200170ac     0x58  GUI_OnKey.o [3]
  .bss                zero     0x20017104     0x50  main.o [1]
  .bss                zero     0x20017154     0x50  memp.o [1]
  .bss                zero     0x200171a4     0x48  ethernetif.o [1]
  .bss                zero     0x200171ec     0x40  main.o [1]
  .bss                zero     0x2001722c     0x40  main.o [1]
  .bss                zero     0x2001726c     0x40  WM_Touch.o [3]
  .bss                zero     0x200172ac     0x34  lwip.o [1]
  .bss                zero     0x200172e0     0x34  GUI_Curs1.o [3]
  .bss                zero     0x20017314     0x1c  GUI__Alpha.o [3]
  .bss                zero     0x20017330     0x18  ip4.o [1]
  .bss                zero     0x20017348     0x18  WM_PID__GetPrevState.o [3]
  .bss                zero     0x20017360     0x14  GUI_Alloc.o [3]
  .bss                zero     0x20017374     0x14  GUI_Timer.o [3]
  .bss                zero     0x20017388     0x10  tcp_in.o [1]
  .bss                zero     0x20017398     0x10  XPT2046.o [1]
  .bss                zero     0x200173a8     0x10  GUI_TOUCH.o [3]
  .bss                zero     0x200173b8     0x10  GUI__ManageCache.o [3]
  .bss                zero     0x200173c8      0xc  XPT2046.o [1]
  .bss                zero     0x200173d4      0xc  GUI_Core.o [3]
  .bss                zero     0x200173e0      0xc  GUI_Core.o [3]
  .bss                zero     0x200173ec      0x8  LCD_GetEx.o [3]
  .bss                zero     0x200173f4      0x8  GUI_SelectLayer.o [3]
  .bss                zero     0x200173fc      0x4  dhcp.o [1]
  .bss                zero     0x20017400      0x4  GUI_X.o [1]
  .bss                zero     0x20017404      0x4  ip_frag.o [1]
  .bss                zero     0x20017408      0x4  lwip.o [1]
  .bss                zero     0x2001740c      0x4  lwip.o [1]
  .bss                zero     0x20017410      0x4  lwip.o [1]
  .bss                zero     0x20017414      0x4  lwip.o [1]
  .bss                zero     0x20017418      0x4  lwip.o [1]
  .bss                zero     0x2001741c      0x4  lwip_timers.o [1]
  .bss                zero     0x20017420      0x4  lwip_timers.o [1]
  .bss                zero     0x20017424      0x4  lwip_timers.o [1]
  .bss                zero     0x20017428      0x4  main.o [1]
  .bss                zero     0x2001742c      0x4  mem.o [1]
  .bss                zero     0x20017430      0x4  mem.o [1]
  .bss                zero     0x20017434      0x4  mem.o [1]
  .bss                zero     0x20017438      0x4  memp.o [1]
  .bss                zero     0x2001743c      0x4  memp.o [1]
  .bss                zero     0x20017440      0x4  memp.o [1]
  .bss                zero     0x20017444      0x4  memp.o [1]
  .bss                zero     0x20017448      0x4  memp.o [1]
  .bss                zero     0x2001744c      0x4  memp.o [1]
  .bss                zero     0x20017450      0x4  memp.o [1]
  .bss                zero     0x20017454      0x4  memp.o [1]
  .bss                zero     0x20017458      0x4  memp.o [1]
  .bss                zero     0x2001745c      0x4  netif.o [1]
  .bss                zero     0x20017460      0x4  netif.o [1]
  .bss                zero     0x20017464      0x4  stm32f4xx_hal.o [1]
  .bss                zero     0x20017468      0x4  stm32f4xx_hal_msp.o [1]
  .bss                zero     0x2001746c      0x4  tcp.o [1]
  .bss                zero     0x20017470      0x4  tcp.o [1]
  .bss                zero     0x20017474      0x4  tcp.o [1]
  .bss                zero     0x20017478      0x4  tcp.o [1]
  .bss                zero     0x2001747c      0x4  tcp.o [1]
  .bss                zero     0x20017480      0x4  tcp_in.o [1]
  .bss                zero     0x20017484      0x4  tcp_in.o [1]
  .bss                zero     0x20017488      0x4  tcp_in.o [1]
  .bss                zero     0x2001748c      0x4  tcp_in.o [1]
  .bss                zero     0x20017490      0x4  tcp_in.o [1]
  .bss                zero     0x20017494      0x4  tcp_in.o [1]
  .bss                zero     0x20017498      0x4  udp.o [1]
  .bss                zero     0x2001749c      0x4  XPT2046.o [1]
  .bss                zero     0x200174a0      0x4  XPT2046.o [1]
  .bss                zero     0x200174a4      0x4  GUI_Core.o [3]
  .bss                zero     0x200174a8      0x4  GUI_Core.o [3]
  .bss                zero     0x200174ac      0x4  GUI_Core.o [3]
  .bss                zero     0x200174b0      0x4  GUI_Core.o [3]
  .bss                zero     0x200174b4      0x4  GUI_Core.o [3]
  .bss                zero     0x200174b8      0x4  GUI_Core.o [3]
  .bss                zero     0x200174bc      0x4  GUI_Core.o [3]
  .bss                zero     0x200174c0      0x4  GUIDRV_FlexColor.o [3]
  .bss                zero     0x200174c4      0x4  WM.o [3]
  .bss                zero     0x200174c8      0x4  GUI_WaitEvent.o [3]
  .bss                zero     0x200174cc      0x4  GUIDEV_Banding.o [3]
  .bss                zero     0x200174d0      0x4  WM__SendMessage.o [3]
  .bss                zero     0x200174d4      0x4  GUI__Alpha.o [3]
  .bss                zero     0x200174d8      0x2  ip4.o [1]
  .bss                zero     0x200174da      0x2  ip_frag.o [1]
  .bss                zero     0x200174dc      0x2  tcp_in.o [1]
  .bss                zero     0x200174de      0x2  tcp_in.o [1]
  .bss                zero     0x200174e0      0x2  tcp_in.o [1]
  .bss                zero     0x200174e2      0x2  GUI_Core.o [3]
  .bss                zero     0x200174e4      0x2  GUI_Core.o [3]
  .bss                zero     0x200174e6      0x2  GUI_Core.o [3]
  .bss                zero     0x200174e8      0x1  etharp.o [1]
  .bss                zero     0x200174e9      0x1  netif.o [1]
  .bss                zero     0x200174ea      0x1  pbuf.o [1]
  .bss                zero     0x200174eb      0x1  tcp.o [1]
  .bss                zero     0x200174ec      0x1  tcp.o [1]
  .bss                zero     0x200174ed      0x1  tcp.o [1]
  .bss                zero     0x200174ee      0x1  tcp_in.o [1]
  .bss                zero     0x200174ef      0x1  tcp_in.o [1]
  .bss                zero     0x200174f0      0x1  XPT2046.o [1]
  .bss                zero     0x200174f1      0x1  GUI_Core.o [3]
  .bss                zero     0x200174f2      0x1  WM.o [3]
                             - 0x200174f3  0x16f1b


*******************************************************************************
*** INIT TABLE
***

          Address     Size
          -------     ----
Zero (__iar_zero_init3)
    1 destination range, total size 0x16f1b:
          0x200005d8  0x16f1b

Copy/packbits (__iar_packbits_init_single3)
    1 source range, total size 0x71 (24% of destination):
          0x080141c4     0x71
    1 destination range, total size 0x1d5:
          0x20000000    0x1d5



*******************************************************************************
*** MODULE SUMMARY
***

    Module                          ro code  ro data  rw data
    ------                          -------  -------  -------
E:\WORK\ALL\ETHDISP\EWARM\ETHDISP\Obj: [1]
    GUIConf.o                            28            65 536
    GUI_X.o                              42                 4
    LCDConf_FlexColor.o                 234
    LCD_ini.o                           524
    XPT2046.o                           688                37
    def.o                                64
    dhcp.o                            2 802                 8
    etharp.o                          3 080       16      241
    ethernetif.o                      1 172            12 520
    icmp.o                              574
    init.o                               28
    ip4.o                               968                26
    ip4_addr.o                           80        8
    ip_frag.o                         1 936                 6
    lwip.o                              280                72
    lwip_timers.o                       616                12
    main.o                            1 190       52    1 068
    mem.o                               876             1 632
    memp.o                              196      117   12 024
    my_tcp.o                            328       40
    netif.o                             384                 9
    pbuf.o                            1 576                 1
    startup_stm32f407xx.o               732
    stm32f4xx_hal.o                     158                 4
    stm32f4xx_hal_cortex.o              322
    stm32f4xx_hal_eth.o               2 732
    stm32f4xx_hal_gpio.o                584
    stm32f4xx_hal_msp.o                 512                 4
    stm32f4xx_hal_rcc.o               1 624       16
    stm32f4xx_hal_spi.o               1 358
    stm32f4xx_hal_sram.o                 92
    stm32f4xx_hal_uart.o                920
    stm32f4xx_it.o                       32
    stm32f4xx_ll_fsmc.o                 240
    system_stm32f4xx.o                  108        1        4
    tcp.o                             3 724       42       29
    tcp_in.o                          6 396                48
    tcp_out.o                         3 760
    udp.o                             1 180                 6
    ---------------------------------------------------------
    Total:                           42 140      292   93 291

command line: [2]
    ---------------------------------------------------------
    Total:

STemWin532_CM4_IAR.a: [3]
    F6x8.o                                     1 816
    F8x16.o                                    3 120
    GUICC_0.o                           184       24
    GUICC_565.o                         196       24
    GUICC_8888.o                         40       24
    GUICC_8888_Index2Color.o              2
    GUICC_888_Index2Color.o               2
    GUIDEV.o                            768
    GUIDEV_16.o                       2 380
    GUIDEV_32.o                       2 392
    GUIDEV_Banding.o                    340                 4
    GUIDEV_Clear.o                       60
    GUIDEV_GetDataPtr.o                  28
    GUIDEV_GetYSize.o                    40
    GUIDEV_ReduceYSize.o                 48
    GUIDEV_SetOrg.o                     104
    GUIDEV_StaticDevices.o              356        1        1
    GUIDEV_Usage.o                       78
    GUIDEV_UsageBM.o                    428
    GUIDEV_Write.o                      124
    GUIDEV_WriteToActiveAlpha.o         412
    GUIDEV_WriteToActiveOpaque.o      1 536
    GUIDRV_FlexColor.o                1 508       52        4
    GUIDRV_FlexColor_16bpp_C0B16.o    1 552
    GUIDRV_FlexColor_Func66708.o        848
    GUI_ALLOC_AllocZero.o                36
    GUI_Alloc.o                       1 668               212
    GUI_CalcColorDist.o                  62
    GUI_Char.o                           84
    GUI_CharLine.o                      440        1        4
    GUI_CharM.o                         378
    GUI_Core.o                          448       31      187
    GUI_Curs1.o                          96                52
    GUI_Device.o                        308
    GUI_DispString.o                    252
    GUI_DispStringAt.o                   16
    GUI_DispStringHCenter.o              52
    GUI_Exec.o                           72
    GUI_GetBitmapPixelIndex.o           154
    GUI_GetOrg.o                         30
    GUI_Goto.o                           44
    GUI_MergeRect.o                      88
    GUI_MoveRect.o                       28
    GUI_OnKey.o                          88        4      104
    GUI_PID.o                           224       21       84
    GUI_Pen.o                            16
    GUI_RectsIntersect.o                 56
    GUI_SPRITE.o                      1 766
    GUI_SaveContext.o                    32
    GUI_SelectLCD.o                      18
    GUI_SelectLayer.o                    92                 8
    GUI_SetAlpha.o                       36
    GUI_SetColor.o                        8
    GUI_SetDefault.o                     64
    GUI_SetDrawMode.o                     4
    GUI_SetFont.o                        20
    GUI_SetLineStyle.o                   16
    GUI_SetOrg.o                         48
    GUI_SetTextAlign.o                   20
    GUI_SetTextMode.o                    20
    GUI_TOUCH.o                          64                16
    GUI_Time.o                           42
    GUI_Timer.o                         294                20
    GUI_UC.o                             76
    GUI_UC_EncodeNone.o                  36
    GUI_WaitEvent.o                      16                 4
    GUI__Alpha.o                        772                32
    GUI__CompactPixelIndices.o          576
    GUI__DivTbl_255_31.o                         256
    GUI__DivTbl_255_63.o                         256
    GUI__DivTbl_31_255.o                          32
    GUI__DivTbl_63_255.o                          64
    GUI__ExpandPixelIndices.o           288
    GUI__IntersectRect.o                 64
    GUI__IntersectRects.o                96
    GUI__ManageCache.o                  208                16
    GUI__memset.o                        84
    GUI__memset16.o                      64
    LCD.o                             1 452       13        4
    LCD_AA.o                             16        1        4
    LCD_Color.o                         184        4       16
    LCD_GetEx.o                         388                 8
    LCD_GetNumDisplays.o                 26
    LCD_Mirror.o                                 256
    LCD_ReadRect.o                      436
    LCD_SelectLCD.o                      68
    LCD_Set.o                           224
    LCD_SetClipRectEx.o                  48
    LCD_UpdateColorIndices.o             36
    WM.o                              4 296               125
    WM_BringToBottom.o                  132
    WM_CriticalHandle.o                  48
    WM_GetClientRect.o                   34
    WM_GetDesktopWindow.o                24
    WM_GetDesktopWindowEx.o              20
    WM_GetFirstChild.o                   14
    WM_GetOrg.o                          22
    WM_GetParent.o                       14
    WM_IsWindow.o                         4
    WM_Move.o                           300
    WM_NotifyParent.o                    20
    WM_OnKey.o                           56
    WM_PID__GetPrevState.o               28                24
    WM_ResizeWindow.o                   244
    WM_Screen2Win.o                     180
    WM_SendMessageNoPara.o                4
    WM_SendToParent.o                    28
    WM_SetCapture.o                      50
    WM_SetSize.o                         72
    WM_Timer.o                          114
    WM_Touch.o                        1 004        4       84
    WM__GetFirstSibling.o                16
    WM__GetPrevSibling.o                 34
    WM__IsAncestor.o                     36
    WM__IsEnabled.o                      22
    WM__SendMessage.o                    64                 4
    WM__SendMessageIfEnabled.o           26
    WM__SendMessageNoPara.o              56
    WM__UpdateChildPositions.o          194
    ---------------------------------------------------------
    Total:                           32 924    6 004    1 017

dl7M_tlf.a: [4]
    exit.o                                4
    low_level_init.o                      4
    rand.o                              224       33      140
    xtls.o                                2
    ---------------------------------------------------------
    Total:                              234       33      140

m7M_tls.a: [5]
    fpinit_M.o                           34
    ---------------------------------------------------------
    Total:                               34

rt7M_tl.a: [6]
    ABImemclr.o                           6
    ABImemclr4.o                          6
    ABImemcpy_unaligned.o               118
    ABImemmove_unaligned.o              120
    ABImemset.o                         102
    ABImemset48.o                        50
    cexit.o                              10
    cmain.o                              26
    cstartup_M.o                         12
    data_init.o                          40
    memcmp_unaligned.o                   98
    packbits_init_single.o               56
    zero_init3.o                         64
    ---------------------------------------------------------
    Total:                              708

shb_l.a: [7]
    exit.o                               20
    ---------------------------------------------------------
    Total:                               20

    Gaps                                 60        4
    Linker created                                32    1 024
-------------------------------------------------------------
    Grand Total:                     76 120    6 365   95 472


*******************************************************************************
*** ENTRY LIST
***

Entry                      Address     Size  Type      Object
-----                      -------     ----  ----      ------
.iar.init_table$$Base   0x08013e44            --   Gb  - Linker created -
.iar.init_table$$Limit  0x08013e64            --   Gb  - Linker created -
?main                   0x08013ed1           Code  Gb  cmain.o [6]
APBAHBPrescTable        0x08013f9c     0x10  Data  Gb  stm32f4xx_hal_rcc.o [1]
API                     0x0800b540     0x18  Data  Lc  GUIDEV_UsageBM.o [3]
BusFault_Handler        0x08013e8b      0x2  Code  Gb  stm32f4xx_it.o [1]
CSTACK$$Base            0x200001d8            --   Gb  - Linker created -
CSTACK$$Limit           0x200005d8            --   Gb  - Linker created -
Callibrate              0x080116dd     0x22  Code  Gb  XPT2046.o [1]
DMARxDscrTab            0x20016e5c     0x80  Data  Gb  ethernetif.o [1]
DMATxDscrTab            0x20016edc     0x80  Data  Gb  ethernetif.o [1]
DebugMon_Handler        0x08013e91      0x2  Code  Gb  stm32f4xx_it.o [1]
ETH_DMAReceptionEnable  0x080082d3     0x16  Code  Lc  stm32f4xx_hal_eth.o [1]
ETH_DMATransmissionEnable
                        0x080082bd     0x16  Code  Lc  stm32f4xx_hal_eth.o [1]
ETH_Delay               0x08008323     0x26  Code  Lc  stm32f4xx_hal_eth.o [1]
ETH_FlushTransmitFIFO   0x080082e9     0x3a  Code  Lc  stm32f4xx_hal_eth.o [1]
ETH_MACAddressConfig    0x08008229     0x32  Code  Lc  stm32f4xx_hal_eth.o [1]
ETH_MACDMAConfig        0x08007f9d    0x28c  Code  Lc  stm32f4xx_hal_eth.o [1]
ETH_MACReceptionEnable  0x08008293     0x2a  Code  Lc  stm32f4xx_hal_eth.o [1]
ETH_MACTransmissionEnable
                        0x08008269     0x2a  Code  Lc  stm32f4xx_hal_eth.o [1]
Error_Handler           0x080112e5      0x2  Code  Gb  main.o [1]
FSMC_Initialized        0x20017468      0x4  Data  Lc  stm32f4xx_hal_msp.o [1]
FSMC_NORSRAM_Extended_Timing_Init
                        0x08012199     0x44  Code  Gb  stm32f4xx_ll_fsmc.o [1]
FSMC_NORSRAM_Init       0x080120f5     0x5c  Code  Gb  stm32f4xx_ll_fsmc.o [1]
FSMC_NORSRAM_Timing_Init
                        0x08012151     0x48  Code  Gb  stm32f4xx_ll_fsmc.o [1]
FontMono8x16            0x0800d954     0x14  Data  Lc  F8x16.o [3]
GATEWAY_ADDRESS         0x20017418      0x4  Data  Gb  lwip.o [1]
GL_SetDefault           0x0800ab09     0x3a  Code  Gb  GUI_SetDefault.o [3]
GUIDRV_FlexColor_API    0x08013d78     0x34  Data  Gb  GUIDRV_FlexColor.o [3]
GUIDRV_FlexColor_Config
                        0x0800ca63     0x3e  Code  Gb  GUIDRV_FlexColor.o [3]
GUIDRV_FlexColor_SetFunc
                        0x0800caa1     0x32  Code  Gb  GUIDRV_FlexColor.o [3]
GUIDRV_FlexColor_SetFunc66708
                        0x08012ec5     0x32  Code  Gb  GUIDRV_FlexColor_Func66708.o [3]
GUIDRV_FlexColor_SetMode16bppC0B16
                        0x08010693     0x3e  Code  Gb  GUIDRV_FlexColor_16bpp_C0B16.o [3]
GUIDRV_FlexColor__GetPixelIndexNoCache
                        0x0800c939     0xb0  Code  Gb  GUIDRV_FlexColor.o [3]
GUIDRV_FlexColor__InitOnce
                        0x0800c9f3     0x36  Code  Gb  GUIDRV_FlexColor.o [3]
GUIDRV_FlexColor__SetLog2Phys
                        0x0800ca2d     0x36  Code  Gb  GUIDRV_FlexColor.o [3]
GUIDRV_FlexColor__SetPixelIndexNoCache
                        0x0800c8ad     0x84  Code  Gb  GUIDRV_FlexColor.o [3]
GUIMONO_DispChar        0x080130c5    0x10a  Code  Gb  GUI_CharM.o [3]
GUIMONO_GetCharDistX    0x080131e9     0x12  Code  Gb  GUI_CharM.o [3]
GUIMONO_GetFontInfo     0x08013201      0x6  Code  Gb  GUI_CharM.o [3]
GUIMONO_IsInFont        0x08013207     0x38  Code  Gb  GUI_CharM.o [3]
GUI_AA__ClipX0          0x200174b8      0x4  Data  Gb  GUI_Core.o [3]
GUI_ALLOC_AllocNoInit   0x08009e2f      0xa  Code  Gb  GUI_Alloc.o [3]
GUI_ALLOC_AllocZero     0x0800a3d1     0x24  Code  Gb  GUI_ALLOC_AllocZero.o [3]
GUI_ALLOC_AssignMemory  0x08009edf      0xc  Code  Gb  GUI_Alloc.o [3]
GUI_ALLOC_Free          0x08009eeb     0x2c  Code  Gb  GUI_Alloc.o [3]
GUI_ALLOC_FreeFixedBlock
                        0x08009d79     0x10  Code  Gb  GUI_Alloc.o [3]
GUI_ALLOC_GetFixedBlock
                        0x08009d89     0xa6  Code  Gb  GUI_Alloc.o [3]
GUI_ALLOC_GetMaxSize    0x08009e89     0x32  Code  Gb  GUI_Alloc.o [3]
GUI_ALLOC_LockH         0x08009e49     0x16  Code  Gb  GUI_Alloc.o [3]
GUI_ALLOC_RequestSize   0x08009ebb     0x24  Code  Gb  GUI_Alloc.o [3]
GUI_ALLOC_UnlockH       0x08009e5f     0x2a  Code  Gb  GUI_Alloc.o [3]
GUI_ALLOC__Context      0x20016cfc     0xc0  Data  Gb  GUI_Alloc.o [3]
GUI_ALLOC_h2p           0x08009e39     0x10  Code  Gb  GUI_Alloc.o [3]
GUI_CURSOR_SetPositionEx
                        0x08012a49     0x5c  Code  Gb  GUI_Curs1.o [3]
GUI_CalcColorDist       0x08013c15     0x3e  Code  Gb  GUI_CalcColorDist.o [3]
GUI_CharLine_pfLog2Vis  0x2000013c      0x4  Data  Gb  GUI_CharLine.o [3]
GUI_Clear               0x0800ae75     0x1a  Code  Gb  GUI_Core.o [3]
GUI_ClearRect           0x0800ae1b     0x5a  Code  Gb  GUI_Core.o [3]
GUI_DEVICE_Create       0x0800b015     0x46  Code  Gb  GUI_Device.o [3]
GUI_DEVICE_CreateAndLink
                        0x0800b0f5     0x24  Code  Gb  GUI_Device.o [3]
GUI_DEVICE_Delete       0x0800b011      0x4  Code  Gb  GUI_Device.o [3]
GUI_DEVICE_Link         0x0800b085     0x70  Code  Gb  GUI_Device.o [3]
GUI_DEVICE_Unlink       0x0800b05b     0x2a  Code  Gb  GUI_Device.o [3]
GUI_DEVICE__GetpDriver  0x0800aff1     0x20  Code  Gb  GUI_Device.o [3]
GUI_DecChar             0x200173d4      0x1  Data  Gb  GUI_Core.o [3]
GUI_Delay               0x0801186d     0x2a  Code  Gb  GUI_Time.o [3]
GUI_DispString          0x080121e5     0xea  Code  Gb  GUI_DispString.o [3]
GUI_DispStringAt        0x08012041     0x10  Code  Gb  GUI_DispStringAt.o [3]
GUI_DispStringHCenterAt
                        0x080112e9     0x34  Code  Gb  GUI_DispStringHCenter.o [3]
GUI_Exec                0x080120e1     0x14  Code  Gb  GUI_Exec.o [3]
GUI_Exec1               0x080120ad     0x2c  Code  Gb  GUI_Exec.o [3]
GUI_F6x8_Mono           0x0800f928     0x14  Data  Lc  F6x8.o [3]
GUI_F6x8_TI8859_1       0x0800f920      0x8  Data  Lc  F6x8.o [3]
GUI_F6x8_TL8859_1       0x0800f760    0x1c0  Data  Lc  F6x8.o [3]
GUI_Font6x8             0x0800f93c     0x24  Data  Gb  F6x8.o [3]
GUI_Font8x16            0x0800d968     0x24  Data  Gb  F8x16.o [3]
GUI_GetBitmapPixelIndex
                        0x080100cb     0x16  Code  Gb  GUI_GetBitmapPixelIndex.o [3]
GUI_GetBitmapPixelIndexEx
                        0x08010047     0x84  Code  Gb  GUI_GetBitmapPixelIndex.o [3]
GUI_GetBitsPerPixelEx   0x0800b295      0xe  Code  Gb  LCD_GetEx.o [3]
GUI_GetCharDistX        0x080123f7      0xc  Code  Gb  GUI_Char.o [3]
GUI_GetCharDistXEx      0x08012403      0xa  Code  Gb  GUI_Char.o [3]
GUI_GetCursorLayer      0x0800a501     0x10  Code  Gb  GUI_SelectLayer.o [3]
GUI_GetFontDistY        0x080123ed      0xa  Code  Gb  GUI_Char.o [3]
GUI_GetLayerPosEx       0x0800a511     0x14  Code  Gb  GUI_SelectLayer.o [3]
GUI_GetOrg              0x0800bf85      0x2  Code  Gb  GUI_GetOrg.o [3]
GUI_GetYAdjust          0x080123c1     0x2c  Code  Gb  GUI_Char.o [3]
GUI_GetpfColor2IndexEx  0x0800b2cd      0xc  Code  Gb  LCD_GetEx.o [3]
GUI_GetpfIndex2ColorEx  0x0800b2c1      0xc  Code  Gb  LCD_GetEx.o [3]
GUI_GotoXY              0x0800c0d5     0x14  Code  Gb  GUI_Goto.o [3]
GUI_Init                0x0800aeb1     0xc6  Code  Gb  GUI_Core.o [3]
GUI_MEMDEV_Clear        0x0800c049     0x3c  Code  Gb  GUIDEV_Clear.o [3]
GUI_MEMDEV_CopyToLCD    0x0800a2d1      0x6  Code  Gb  GUIDEV.o [3]
GUI_MEMDEV_CopyToLCDAt  0x0800a235     0x9c  Code  Gb  GUIDEV.o [3]
GUI_MEMDEV_CreateEx     0x0800a17f     0x74  Code  Gb  GUIDEV.o [3]
GUI_MEMDEV_DEVICE_16    0x0800f1d4     0x34  Data  Gb  GUIDEV_16.o [3]
GUI_MEMDEV_DEVICE_32    0x0800e2b0     0x34  Data  Gb  GUIDEV_32.o [3]
GUI_MEMDEV_Delete       0x0800a13f     0x3a  Code  Gb  GUIDEV.o [3]
GUI_MEMDEV_Draw         0x0800ab57    0x13c  Code  Gb  GUIDEV_Banding.o [3]
GUI_MEMDEV_GetBitsPerPixel
                        0x0800a11b     0x24  Code  Gb  GUIDEV.o [3]
GUI_MEMDEV_GetDataPtr   0x0800c4e9     0x1c  Code  Gb  GUIDEV_GetDataPtr.o [3]
GUI_MEMDEV_GetYSize     0x0800bf89     0x28  Code  Gb  GUIDEV_GetYSize.o [3]
GUI_MEMDEV_Paint1Static
                        0x08013373     0x1e  Code  Gb  GUIDEV_StaticDevices.o [3]
GUI_MEMDEV_ReduceYSize  0x0800bfb1     0x30  Code  Gb  GUIDEV_ReduceYSize.o [3]
GUI_MEMDEV_Select       0x0800a1f3     0x42  Code  Gb  GUIDEV.o [3]
GUI_MEMDEV_SetOrg       0x0800bfe1     0x68  Code  Gb  GUIDEV_SetOrg.o [3]
GUI_MEMDEV_Write        0x08013459      0x6  Code  Gb  GUIDEV_Write.o [3]
GUI_MEMDEV_WriteAt      0x08013429     0x30  Code  Gb  GUIDEV_Write.o [3]
GUI_MEMDEV__CreateFixed
                        0x0800a019    0x102  Code  Gb  GUIDEV.o [3]
GUI_MEMDEV__WriteToActiveAlpha
                        0x08012f5b    0x15e  Code  Gb  GUIDEV_WriteToActiveAlpha.o [3]
GUI_MEMDEV__WriteToActiveAt
                        0x08009fe9     0x30  Code  Gb  GUIDEV.o [3]
GUI_MEMDEV__WriteToActiveOpaque
                        0x0800bb9f     0x3e  Code  Gb  GUIDEV_WriteToActiveOpaque.o [3]
GUI_MergeRect           0x08009f65     0x58  Code  Gb  GUI_MergeRect.o [3]
GUI_MoveRect            0x08009fcd     0x1c  Code  Gb  GUI_MoveRect.o [3]
GUI_OrgX                0x200174e4      0x2  Data  Gb  GUI_Core.o [3]
GUI_OrgY                0x200174e6      0x2  Data  Gb  GUI_Core.o [3]
GUI_PID_GetState        0x08012305     0x38  Code  Gb  GUI_PID.o [3]
GUI_PID_IsEmpty         0x080123a5     0x10  Code  Gb  GUI_PID.o [3]
GUI_PID_StoreState      0x0801233d     0x68  Code  Gb  GUI_PID.o [3]
GUI_PollKeyMsg          0x0800acc9     0x26  Code  Gb  GUI_OnKey.o [3]
GUI_ReadRectEx          0x0800e73b     0x56  Code  Gb  LCD_ReadRect.o [3]
GUI_RectsIntersect      0x0800a357     0x38  Code  Gb  GUI_RectsIntersect.o [3]
GUI_RestoreContext      0x0800add5      0xe  Code  Gb  GUI_SaveContext.o [3]
GUI_SPRITE_SetPosition  0x0801003d      0xa  Code  Gb  GUI_SPRITE.o [3]
GUI_SaveContext_W       0x0800adc9      0x6  Code  Gb  GUI_SaveContext.o [3]
GUI_SelectLCD           0x0800b559     0x12  Code  Gb  GUI_SelectLCD.o [3]
GUI_SelectLayer         0x0800a525     0x26  Code  Gb  GUI_SelectLayer.o [3]
GUI_SetBkColor          0x0800ade9      0x4  Code  Gb  GUI_SetColor.o [3]
GUI_SetColor            0x0800aded      0x4  Code  Gb  GUI_SetColor.o [3]
GUI_SetDefaultFont      0x0800ae15      0x6  Code  Gb  GUI_Core.o [3]
GUI_SetDrawMode         0x0800b5e1      0x4  Code  Gb  GUI_SetDrawMode.o [3]
GUI_SetFont             0x0800bf0d     0x14  Code  Gb  GUI_SetFont.o [3]
GUI_SetLayerPosEx       0x0800a559      0x4  Code  Gb  GUI_SelectLayer.o [3]
GUI_SetLineStyle        0x0800bf21     0x10  Code  Gb  GUI_SetLineStyle.o [3]
GUI_SetOrg              0x0800c235     0x30  Code  Gb  GUI_SetOrg.o [3]
GUI_SetPenSize          0x0800bed5      0xc  Code  Gb  GUI_Pen.o [3]
GUI_SetTextAlign        0x0800bee5     0x14  Code  Gb  GUI_SetTextAlign.o [3]
GUI_SetTextMode         0x0800bef9     0x14  Code  Gb  GUI_SetTextMode.o [3]
GUI_SignalEvent         0x08009fbd      0xc  Code  Gb  GUI_WaitEvent.o [3]
GUI_StoreKey            0x0800acbd      0xc  Code  Gb  GUI_OnKey.o [3]
GUI_TIMER_Delete        0x0800bcbb     0x56  Code  Gb  GUI_Timer.o [3]
GUI_TIMER_GetFlag       0x0800bd19     0x22  Code  Gb  GUI_Timer.o [3]
GUI_TIMER__GetFirstTimer
                        0x0800bc5d     0x20  Code  Gb  GUI_Timer.o [3]
GUI_TIMER__GetNextTimerLin
                        0x0800bc7d     0x2c  Code  Gb  GUI_Timer.o [3]
GUI_TOUCH_StoreStateEx  0x0801206d     0x3c  Code  Gb  GUI_TOUCH.o [3]
GUI_UC_None             0x08013e10     0x10  Data  Gb  GUI_UC_EncodeNone.o [3]
GUI_UC__GetCharCodeInc  0x080125cd     0x22  Code  Gb  GUI_UC.o [3]
GUI_UC__NumChars2NumBytes
                        0x080125ef     0x24  Code  Gb  GUI_UC.o [3]
GUI_USAGE_AddRect       0x0800b591     0x2a  Code  Gb  GUIDEV_Usage.o [3]
GUI_USAGE_BM_AddHLine   0x0800b3d7     0x6e  Code  Lc  GUIDEV_UsageBM.o [3]
GUI_USAGE_BM_AddPixel   0x0800b3ad     0x2a  Code  Lc  GUIDEV_UsageBM.o [3]
GUI_USAGE_BM_Clear      0x0800b445      0xe  Code  Lc  GUIDEV_UsageBM.o [3]
GUI_USAGE_BM_Create     0x0800b4e9     0x58  Code  Gb  GUIDEV_UsageBM.o [3]
GUI_USAGE_BM_GetNextDirty
                        0x0800b453     0x92  Code  Lc  GUIDEV_UsageBM.o [3]
GUI_USAGE_DecUseCnt     0x0800b56d     0x24  Code  Gb  GUIDEV_Usage.o [3]
GUI_X_Config            0x0800c0e9     0x1c  Code  Gb  GUIConf.o [1]
GUI_X_Config::aMemory   0x200005d8  0x10000  Data  Lc  GUIConf.o [1]
GUI_X_Delay             0x0800c203     0x12  Code  Gb  GUI_X.o [1]
GUI_X_GetTime           0x0800c1f1      0x6  Code  Gb  GUI_X.o [1]
GUI_X_Init              0x0800c219      0x2  Code  Gb  GUI_X.o [1]
GUI__AllocAlphaBuffer   0x0800e5b1     0x16  Code  Gb  GUI__Alpha.o [3]
GUI__AlphaPreserveTrans
                        0x080133ed     0x20  Code  Gb  GUI_SetAlpha.o [3]
GUI__BufferSize         0x200174b4      0x4  Data  Gb  GUI_Core.o [3]
GUI__CompactPixelIndices
                        0x0800c2a9     0xf0  Code  Gb  GUI__CompactPixelIndices.o [3]
GUI__CompactPixelIndicesEx
                        0x0800c4db      0xe  Code  Gb  GUI__CompactPixelIndices.o [3]
GUI__Config             0x0800ae8f     0x22  Code  Gb  GUI_Core.o [3]
GUI__Context            0x20000030     0x70  Data  Lc  GUI_Core.o [3]
GUI__ConvertColor2Index
                        0x0800c3b1    0x124  Code  Gb  GUI__CompactPixelIndices.o [3]
GUI__DispLine           0x0801251d     0xa0  Code  Gb  GUI_CharLine.o [3]
GUI__DoAlphaBlending    0x0800e36b    0x1a2  Code  Gb  GUI__Alpha.o [3]
GUI__ExpandPixelIndicesEx
                        0x0800e79d    0x120  Code  Gb  GUI__ExpandPixelIndices.o [3]
GUI__GetAlphaBuffer     0x0800e51b     0x8e  Code  Gb  GUI__Alpha.o [3]
GUI__GetLineDistX       0x080124c9     0x4a  Code  Gb  GUI_CharLine.o [3]
GUI__GetLineNumChars    0x0801247b     0x32  Code  Gb  GUI_CharLine.o [3]
GUI__GetOrg             0x0800bf69     0x12  Code  Gb  GUI_GetOrg.o [3]
GUI__GetOverlap         0x080124ad     0x1c  Code  Gb  GUI_CharLine.o [3]
GUI__IntersectRect      0x08009f25     0x40  Code  Gb  GUI__IntersectRect.o [3]
GUI__IntersectRects     0x0800a2f7     0x60  Code  Gb  GUI__IntersectRects.o [3]
GUI__IsInitialized      0x200173d5      0x1  Data  Gb  GUI_Core.o [3]
GUI__ManageCache        0x0800adb5      0xa  Code  Gb  GUI__ManageCache.o [3]
GUI__ManageCacheEx      0x0800acf9     0xb0  Code  Gb  GUI__ManageCache.o [3]
GUI__MixColors          0x0800e309     0x62  Code  Gb  GUI__Alpha.o [3]
GUI__PreserveTrans      0x200174f1      0x1  Data  Gb  GUI_Core.o [3]
GUI__RegisterExit       0x0800af77      0xa  Code  Gb  GUI_Core.o [3]
GUI__aConvert_255_31    0x08013798    0x100  Data  Gb  GUI__DivTbl_255_31.o [3]
GUI__aConvert_255_63    0x08013898    0x100  Data  Gb  GUI__DivTbl_255_63.o [3]
GUI__aConvert_31_255    0x08013e64     0x20  Data  Gb  GUI__DivTbl_31_255.o [3]
GUI__aConvert_63_255    0x08013cc0     0x40  Data  Gb  GUI__DivTbl_63_255.o [3]
GUI__aNumBuffers        0x200174e2      0x2  Data  Gb  GUI_Core.o [3]
GUI__apDevice           0x200000a8      0x8  Data  Gb  GUI_Core.o [3]
GUI__memset             0x0800b1d3     0x54  Code  Gb  GUI__memset.o [3]
GUI__memset16           0x0800f209     0x40  Code  Gb  GUI__memset16.o [3]
GUI__pFontDefault       0x200000a0      0x4  Data  Gb  GUI_Core.o [3]
GUI_acFont6x8           0x0800f248    0x518  Data  Lc  F6x8.o [3]
GUI_pContext            0x200000a4      0x4  Data  Gb  GUI_Core.o [3]
GUI_pLCD_APIList        0x200174bc      0x4  Data  Gb  GUI_Core.o [3]
GUI_pUC_API             0x200173d8      0x4  Data  Gb  GUI_Core.o [3]
GUI_pfDispCharStyle     0x200174b0      0x4  Data  Gb  GUI_Core.o [3]
GUI_pfTimerExec         0x200174a8      0x4  Data  Gb  GUI_Core.o [3]
GUI_pfUpdateSoftLayer   0x200174a4      0x4  Data  Gb  GUI_Core.o [3]
GetTouchState           0x08011475     0x70  Code  Gb  XPT2046.o [1]
HAL_Delay               0x08008621     0x1a  Code  Wk  stm32f4xx_hal.o [1]
HAL_ETH_DMARxDescListInit
                        0x08007bcf     0x84  Code  Gb  stm32f4xx_hal_eth.o [1]
HAL_ETH_DMATxDescListInit
                        0x08007b51     0x7e  Code  Gb  stm32f4xx_hal_eth.o [1]
HAL_ETH_GetReceivedFrame
                        0x08007d91     0xa2  Code  Gb  stm32f4xx_hal_eth.o [1]
HAL_ETH_Init            0x080078c1    0x290  Code  Gb  stm32f4xx_hal_eth.o [1]
HAL_ETH_MspInit         0x08006845     0xd6  Code  Gb  ethernetif.o [1]
HAL_ETH_ReadPHYRegister
                        0x08007e33     0x90  Code  Gb  stm32f4xx_hal_eth.o [1]
HAL_ETH_Start           0x08007f53     0x4a  Code  Gb  stm32f4xx_hal_eth.o [1]
HAL_ETH_TransmitFrame   0x08007c53    0x13e  Code  Gb  stm32f4xx_hal_eth.o [1]
HAL_ETH_WritePHYRegister
                        0x08007ec3     0x90  Code  Gb  stm32f4xx_hal_eth.o [1]
HAL_FSMC_MspInit        0x08010d97     0x6e  Code  Lc  stm32f4xx_hal_msp.o [1]
HAL_GPIO_Init           0x08007679    0x1e4  Code  Gb  stm32f4xx_hal_gpio.o [1]
HAL_GPIO_ReadPin        0x0800785d     0x18  Code  Gb  stm32f4xx_hal_gpio.o [1]
HAL_GPIO_WritePin       0x08007875     0x14  Code  Gb  stm32f4xx_hal_gpio.o [1]
HAL_GetTick             0x0800836d      0xc  Code  Wk  stm32f4xx_hal.o [1]
HAL_IncTick             0x08013ea5     0x10  Code  Wk  stm32f4xx_hal.o [1]
HAL_Init                0x0801131d     0x3a  Code  Gb  stm32f4xx_hal.o [1]
HAL_InitTick            0x0800863d     0x28  Code  Wk  stm32f4xx_hal.o [1]
HAL_MspInit             0x08010c41     0x5e  Code  Gb  stm32f4xx_hal_msp.o [1]
HAL_NVIC_SetPriority    0x0800872d     0x26  Code  Gb  stm32f4xx_hal_cortex.o [1]
HAL_NVIC_SetPriorityGrouping
                        0x08008721      0xc  Code  Gb  stm32f4xx_hal_cortex.o [1]
HAL_RCC_ClockConfig     0x0800837d    0x190  Code  Gb  stm32f4xx_hal_rcc.o [1]
HAL_RCC_GetHCLKFreq     0x0800850d      0x6  Code  Gb  stm32f4xx_hal_rcc.o [1]
HAL_RCC_GetPCLK1Freq    0x08008513     0x20  Code  Gb  stm32f4xx_hal_rcc.o [1]
HAL_RCC_GetPCLK2Freq    0x08008533     0x20  Code  Gb  stm32f4xx_hal_rcc.o [1]
HAL_RCC_GetSysClockFreq
                        0x08008569     0xb8  Code  Wk  stm32f4xx_hal_rcc.o [1]
HAL_RCC_OscConfig       0x08011899    0x3b4  Code  Wk  stm32f4xx_hal_rcc.o [1]
HAL_SPI_Init            0x080106f1     0x8e  Code  Gb  stm32f4xx_hal_spi.o [1]
HAL_SPI_MspInit         0x08010c9f     0x68  Code  Gb  stm32f4xx_hal_msp.o [1]
HAL_SPI_Transmit        0x0801077f    0x1ba  Code  Gb  stm32f4xx_hal_spi.o [1]
HAL_SPI_TransmitReceive
                        0x08010939    0x238  Code  Gb  stm32f4xx_hal_spi.o [1]
HAL_SRAM_Init           0x08011fe5     0x5c  Code  Gb  stm32f4xx_hal_sram.o [1]
HAL_SRAM_MspInit        0x08010e05      0xa  Code  Gb  stm32f4xx_hal_msp.o [1]
HAL_SYSTICK_CLKSourceConfig
                        0x0800875f     0x20  Code  Gb  stm32f4xx_hal_cortex.o [1]
HAL_SYSTICK_Callback    0x080087a5      0x2  Code  Wk  stm32f4xx_hal_cortex.o [1]
HAL_SYSTICK_Config      0x08008753      0xc  Code  Gb  stm32f4xx_hal_cortex.o [1]
HAL_SYSTICK_IRQHandler  0x0800879d      0x8  Code  Gb  stm32f4xx_hal_cortex.o [1]
HAL_UART_Init           0x08011c4d     0x76  Code  Gb  stm32f4xx_hal_uart.o [1]
HAL_UART_MspInit        0x08010d07     0x90  Code  Gb  stm32f4xx_hal_msp.o [1]
HardFault_Handler       0x08013e87      0x2  Code  Gb  stm32f4xx_it.o [1]
IP_ADDRESS              0x20017428      0x4  Data  Gb  main.o [1]
LCD_AA_SetAndMask       0x08013599      0xa  Code  Gb  LCD_AA.o [3]
LCD_API_ColorConv_0     0x08013f5c     0x18  Data  Gb  GUICC_0.o [3]
LCD_API_ColorConv_565   0x08013f44     0x18  Data  Gb  GUICC_565.o [3]
LCD_API_ColorConv_8888  0x08013f74     0x18  Data  Gb  GUICC_8888.o [3]
LCD_Color2Index         0x0800aa9d     0x12  Code  Gb  LCD.o [3]
LCD_DrawBitmap          0x0800a7d9    0x14a  Code  Gb  LCD.o [3]
LCD_DrawHLine           0x0800a619     0x3a  Code  Gb  LCD.o [3]
LCD_DrawPixel           0x0800a5bf     0x5a  Code  Gb  LCD.o [3]
LCD_FillRect            0x0800a669     0x54  Code  Gb  LCD.o [3]
LCD_GetBitsPerPixelEx   0x0800b275      0x4  Code  Gb  LCD_GetEx.o [3]
LCD_GetNumColors        0x0800b28d      0x8  Code  Gb  LCD_GetEx.o [3]
LCD_GetNumColorsEx      0x0800b279      0x4  Code  Gb  LCD_GetEx.o [3]
LCD_GetNumLayers        0x0800c515     0x1a  Code  Gb  LCD_GetNumDisplays.o [3]
LCD_GetPalette          0x0800b2b9      0x8  Code  Gb  LCD_GetEx.o [3]
LCD_GetPaletteEx        0x0800b2a3     0x16  Code  Gb  LCD_GetEx.o [3]
LCD_GetPosEx            0x0800bdf5     0x28  Code  Gb  LCD_Set.o [3]
LCD_GetVXSizeEx         0x0800b26d      0x4  Code  Gb  LCD_GetEx.o [3]
LCD_GetVXSizeMax        0x0800b2e1      0x4  Code  Gb  LCD_GetEx.o [3]
LCD_GetVYSizeEx         0x0800b271      0x4  Code  Gb  LCD_GetEx.o [3]
LCD_GetXSize            0x0800b27d      0x8  Code  Gb  LCD_GetEx.o [3]
LCD_GetXSizeDisplay     0x0800b2ed      0x6  Code  Gb  LCD_GetEx.o [3]
LCD_GetXSizeEx          0x0800b265      0x4  Code  Gb  LCD_GetEx.o [3]
LCD_GetXSizeMax         0x0800b2d9      0x4  Code  Gb  LCD_GetEx.o [3]
LCD_GetYSize            0x0800b285      0x8  Code  Gb  LCD_GetEx.o [3]
LCD_GetYSizeDisplay     0x0800b2f3      0x6  Code  Gb  LCD_GetEx.o [3]
LCD_GetYSizeEx          0x0800b269      0x4  Code  Gb  LCD_GetEx.o [3]
LCD_GetYSizeMax         0x0800b2dd      0x4  Code  Gb  LCD_GetEx.o [3]
LCD_Index2Color         0x0800aaaf     0x12  Code  Gb  LCD.o [3]
LCD_Index2Color_565     0x08013a99     0x22  Code  Gb  GUICC_565.o [3]
LCD_Index2Color_888     0x080045ef      0x2  Code  Gb  GUICC_888_Index2Color.o [3]
LCD_Index2Color_8888    0x08004587      0x2  Code  Gb  GUICC_8888_Index2Color.o [3]
LCD_InitColors          0x0800be2d     0x28  Code  Gb  LCD_Color.o [3]
LCD_InitLUT             0x0800be55     0x6c  Code  Gb  LCD_Color.o [3]
LCD_ReadRectEx          0x0800e5e9    0x14a  Code  Lc  LCD_ReadRect.o [3]
LCD_SelectLCD           0x0800c265     0x44  Code  Gb  LCD_SelectLCD.o [3]
LCD_SetBkColor          0x0800aae5      0x8  Code  Gb  LCD.o [3]
LCD_SetBkColorIndex     0x0800aad3     0x12  Code  Gb  LCD.o [3]
LCD_SetClipRectEx       0x08009871     0x30  Code  Gb  LCD_SetClipRectEx.o [3]
LCD_SetClipRectMax      0x0800a9fd     0x14  Code  Gb  LCD.o [3]
LCD_SetColor            0x0800aaed      0x8  Code  Gb  LCD.o [3]
LCD_SetColorIndex       0x0800aac1     0x12  Code  Gb  LCD.o [3]
LCD_SetDisplaySize      0x0800b2e5      0x8  Code  Gb  LCD_GetEx.o [3]
LCD_SetDrawMode         0x0800a5b5      0xa  Code  Gb  LCD.o [3]
LCD_SetLUTEntryEx       0x0800bdcd     0x28  Code  Gb  LCD_Set.o [3]
LCD_SetPosEx            0x0800bd8d     0x28  Code  Gb  LCD_Set.o [3]
LCD_SetSizeEx           0x0800bd65     0x28  Code  Gb  LCD_Set.o [3]
LCD_SetVSizeEx          0x0800bd3d     0x28  Code  Gb  LCD_Set.o [3]
LCD_UpdateColorIndices  0x0800b5bd     0x24  Code  Gb  LCD_UpdateColorIndices.o [3]
LCD_X_Config            0x0800c13b     0x72  Code  Gb  LCDConf_FlexColor.o [1]
LCD_X_DisplayDriver     0x0800c1d1     0x1e  Code  Gb  LCDConf_FlexColor.o [1]
LCD__DrawBitmap_1bpp    0x0800a6bd    0x106  Code  Gb  LCD.o [3]
LCD__GetBPP             0x0800b309     0x72  Code  Gb  LCD_GetEx.o [3]
LCD__GetBPPDevice       0x0800b37b     0x32  Code  Gb  LCD_GetEx.o [3]
LCD__aConvTable         0x200000b8      0x4  Data  Gb  LCD_Color.o [3]
LCD__pSetColorAPI       0x200000b0      0x4  Data  Gb  LCD.o [3]
LCD_aMirror             0x08013998    0x100  Data  Gb  LCD_Mirror.o [3]
LCD_ini                 0x0800cb29    0x1f4  Code  Gb  LCD_ini.o [1]
LCD_write_reg           0x0800cb1d      0xc  Code  Gb  LCD_ini.o [1]
LcdReadDataMultiple     0x0800c127     0x14  Code  Lc  LCDConf_FlexColor.o [1]
LcdWriteData            0x0800c10d      0x6  Code  Lc  LCDConf_FlexColor.o [1]
LcdWriteDataMultiple    0x0800c113     0x14  Code  Lc  LCDConf_FlexColor.o [1]
LcdWriteReg             0x0800c105      0x8  Code  Lc  LCDConf_FlexColor.o [1]
MX_FSMC_Init            0x080111f5     0x9a  Code  Lc  main.o [1]
MX_GPIO_Init            0x080110d9    0x11c  Code  Lc  main.o [1]
MX_LWIP_Init            0x0801135d     0xe6  Code  Gb  lwip.o [1]
MX_LWIP_Process         0x08011443      0xe  Code  Gb  lwip.o [1]
MX_SPI2_Init            0x08010ff3     0x5e  Code  Lc  main.o [1]
MX_UART4_Init           0x08011051     0x44  Code  Lc  main.o [1]
MX_USART1_UART_Init     0x08011095     0x44  Code  Lc  main.o [1]
MemManage_Handler       0x08013e89      0x2  Code  Gb  stm32f4xx_it.o [1]
MyTCP_accept            0x08011751     0x3c  Code  Gb  my_tcp.o [1]
MyTCP_conn_err          0x0801178d     0x10  Code  Lc  my_tcp.o [1]
MyTCP_init              0x08011725     0x2a  Code  Gb  my_tcp.o [1]
MyTCP_recv              0x0801179d     0xbc  Code  Lc  my_tcp.o [1]
NETMASK_ADDRESS         0x20017414      0x4  Data  Gb  lwip.o [1]
NMI_Handler             0x08013e85      0x2  Code  Gb  stm32f4xx_it.o [1]
NVIC_EncodePriority     0x080086b3     0x3e  Code  Lc  stm32f4xx_hal_cortex.o [1]
NVIC_GetPriorityGrouping
                        0x08008683      0xa  Code  Lc  stm32f4xx_hal_cortex.o [1]
NVIC_SetPriority        0x0800868d     0x26  Code  Lc  stm32f4xx_hal_cortex.o [1]
NVIC_SetPriorityGrouping
                        0x08008665     0x1e  Code  Lc  stm32f4xx_hal_cortex.o [1]
OS_TimeMS               0x20017400      0x4  Data  Gb  GUI_X.o [1]
OS_TimeMS_Inc           0x0800c1f7      0xc  Code  Gb  GUI_X.o [1]
PendSV_Handler          0x08013e93      0x2  Code  Gb  stm32f4xx_it.o [1]
Region$$Table$$Base     0x08013e44            --   Gb  - Linker created -
Region$$Table$$Limit    0x08013e64            --   Gb  - Linker created -
Rx_Buff                 0x20012bd8   0x17d0  Data  Gb  ethernetif.o [1]
SPI_CheckFlag_BSY       0x08010c13     0x2c  Code  Lc  stm32f4xx_hal_spi.o [1]
SPI_WaitFlagStateUntilTimeout
                        0x08010b71     0xa2  Code  Lc  stm32f4xx_hal_spi.o [1]
SVC_Handler             0x08013e8f      0x2  Code  Gb  stm32f4xx_it.o [1]
SysTick_Config          0x080086f1     0x30  Code  Lc  stm32f4xx_hal_cortex.o [1]
SysTick_Handler         0x08013e95     0x10  Code  Gb  stm32f4xx_it.o [1]
SystemClock_Config      0x08010f29     0xca  Code  Gb  main.o [1]
SystemCoreClock         0x20000028      0x4  Data  Gb  system_stm32f4xx.o [1]
SystemInit              0x08013c55     0x4c  Code  Gb  system_stm32f4xx.o [1]
TS_PID_State            0x200173c8      0xc  Data  Gb  XPT2046.o [1]
TS_State                0x20017398     0x10  Data  Gb  XPT2046.o [1]
TransInfo8x16           0x0800d94c      0x8  Data  Lc  F8x16.o [3]
TransList8x16           0x0800d78c    0x1c0  Data  Lc  F8x16.o [3]
Tx_Buff                 0x200143a8   0x17d0  Data  Gb  ethernetif.o [1]
UART_SetConfig          0x08011cc3    0x312  Code  Lc  stm32f4xx_hal_uart.o [1]
UsageFault_Handler      0x08013e8d      0x2  Code  Gb  stm32f4xx_it.o [1]
User_notification       0x08010e41     0x60  Code  Gb  main.o [1]
Usrednenie_XY           0x08011699     0x44  Code  Gb  XPT2046.o [1]
WM_Activate             0x0800970d      0xc  Code  Gb  WM.o [3]
WM_BringToBottom        0x0800a3f5     0x84  Code  Gb  WM_BringToBottom.o [3]
WM_CreateWindowAsChild  0x08008db3    0x13c  Code  Gb  WM.o [3]
WM_Deactivate           0x08009719      0xe  Code  Gb  WM.o [3]
WM_DefaultProc          0x0800972d     0x42  Code  Gb  WM.o [3]
WM_DeleteTimer          0x0800a4c5     0x20  Code  Gb  WM_Timer.o [3]
WM_DeleteWindow         0x08008ef9     0xd6  Code  Gb  WM.o [3]
WM_Exec                 0x080095b3    0x110  Code  Gb  WM.o [3]
WM_GetDesktopWindow     0x0800c21d     0x18  Code  Gb  WM_GetDesktopWindow.o [3]
WM_GetDesktopWindowEx   0x08012bc5     0x14  Code  Gb  WM_GetDesktopWindowEx.o [3]
WM_GetFirstChild        0x0800a2e9      0xe  Code  Gb  WM_GetFirstChild.o [3]
WM_GetParent            0x0800bc07      0xe  Code  Gb  WM_GetParent.o [3]
WM_GetWindowOrgX        0x08013411     0x16  Code  Gb  WM_GetOrg.o [3]
WM_HandlePID            0x080126e9    0x2e6  Code  Gb  WM_Touch.o [3]
WM_Init                 0x0800978b     0xb0  Code  Gb  WM.o [3]
WM_InvalidateRect       0x08008d3f     0x70  Code  Gb  WM.o [3]
WM_InvalidateWindow     0x08008daf      0x4  Code  Gb  WM.o [3]
WM_InvalidateWindowAndDescsEx
                        0x08008aab     0x54  Code  Gb  WM.o [3]
WM_IsWindow             0x08012a43      0x4  Code  Gb  WM_IsWindow.o [3]
WM_MULTIBUF__pAPI       0x20017030      0x4  Data  Gb  WM.o [3]
WM_MoveWindow           0x08013775      0x2  Code  Gb  WM_Move.o [3]
WM_NotifyParent         0x0800a4eb     0x14  Code  Gb  WM_NotifyParent.o [3]
WM_OnKey                0x0800c085     0x38  Code  Gb  WM_OnKey.o [3]
WM_PID__SetPrevState    0x08012ba9      0xc  Code  Gb  WM_PID__GetPrevState.o [3]
WM_ReleaseCapture       0x08012ba5      0x2  Code  Gb  WM_SetCapture.o [3]
WM_ResizeWindow         0x080134a5     0xf4  Code  Gb  WM_ResizeWindow.o [3]
WM_Screen2hWin          0x08012b55      0x8  Code  Gb  WM_Screen2Win.o [3]
WM_SelectWindow         0x08008ffb     0x36  Code  Gb  WM.o [3]
WM_SendMessageNoPara    0x0800ab49      0x4  Code  Gb  WM_SendMessageNoPara.o [3]
WM_SendToParent         0x0800afd3     0x1c  Code  Gb  WM_SendToParent.o [3]
WM_SetDefault           0x08009283     0x12  Code  Gb  WM.o [3]
WM_SetSize              0x080133a5     0x48  Code  Gb  WM_SetSize.o [3]
WM__ActivateClipRect    0x080088f5     0x44  Code  Gb  WM.o [3]
WM__AddCriticalHandle   0x0800b125      0xa  Code  Gb  WM_CriticalHandle.o [3]
WM__CaptureReleaseAuto  0x200174f2      0x1  Data  Gb  WM.o [3]
WM__Client2Screen       0x08008a31     0x10  Code  Gb  WM.o [3]
WM__ClipAtParentBorders
                        0x080088b5     0x40  Code  Gb  WM.o [3]
WM__CreateFlags         0x20017028      0x4  Data  Gb  WM.o [3]
WM__DeleteAssocTimer    0x0800a479     0x4c  Code  Gb  WM_Timer.o [3]
WM__DetachWindow        0x08008a0b     0x26  Code  Gb  WM.o [3]
WM__FirstWin            0x20017018      0x4  Data  Gb  WM.o [3]
[...]
dhcp_arp_reply          0x08006043     0x2a  Code  Gb  dhcp.o [1]
dhcp_bind               0x080061d1    0x118  Code  Lc  dhcp.o [1]
dhcp_check              0x08005d51     0x40  Code  Lc  dhcp.o [1]
dhcp_coarse_tmr         0x08005e8b     0x72  Code  Gb  dhcp.o [1]
dhcp_create_msg         0x08006647    0x170  Code  Lc  dhcp.o [1]
dhcp_create_msg::xid    0x200173fc      0x4  Data  Lc  dhcp.o [1]
dhcp_decline            0x0800606d     0x94  Code  Lc  dhcp.o [1]
dhcp_delete_msg         0x080067c1     0x1e  Code  Lc  dhcp.o [1]
dhcp_discover           0x08006101     0xd0  Code  Lc  dhcp.o [1]
dhcp_discover_select_options
                        0x20000000      0x4  Data  Lc  dhcp.o [1]
dhcp_fine_tmr           0x08005efd     0x44  Code  Gb  dhcp.o [1]
dhcp_option             0x08006597     0x26  Code  Lc  dhcp.o [1]
dhcp_option_byte        0x080065bd     0x12  Code  Lc  dhcp.o [1]
dhcp_option_long        0x080065f9     0x4c  Code  Lc  dhcp.o [1]
dhcp_option_short       0x080065cf     0x2a  Code  Lc  dhcp.o [1]
dhcp_option_trailer     0x080067df     0x40  Code  Lc  dhcp.o [1]
dhcp_rebind             0x0800637d     0x92  Code  Lc  dhcp.o [1]
dhcp_reboot             0x0800640f     0xac  Code  Lc  dhcp.o [1]
dhcp_release            0x080064bb     0xb6  Code  Gb  dhcp.o [1]
dhcp_renew              0x080062e9     0x94  Code  Gb  dhcp.o [1]
dhcp_select             0x08005d91     0xfa  Code  Lc  dhcp.o [1]
dhcp_set_state          0x08006581     0x16  Code  Lc  dhcp.o [1]
dhcp_supplied_address   0x0800681f     0x24  Code  Gb  dhcp.o [1]
dhcp_t1_timeout         0x08005fb5     0x44  Code  Lc  dhcp.o [1]
dhcp_t2_timeout         0x08005ff9     0x4a  Code  Lc  dhcp.o [1]
dhcp_timeout            0x08005f41     0x74  Code  Lc  dhcp.o [1]
dhcp_timer_coarse       0x08003fc1     0x16  Code  Lc  lwip_timers.o [1]
dhcp_timer_fine         0x08003fd7     0x16  Code  Lc  lwip_timers.o [1]
do_memp_free_pool       0x0800305d      0xe  Code  Lc  memp.o [1]
emWin_LCD_Init          0x0800aa11     0x8c  Code  Gb  LCD.o [3]
etharp_arp_input        0x0800560f    0x174  Code  Lc  etharp.o [1]
etharp_cached_entry     0x200174e8      0x1  Data  Lc  etharp.o [1]
etharp_cleanup_netif    0x080055c9     0x46  Code  Gb  etharp.o [1]
etharp_find_entry       0x080052a9    0x1e4  Code  Lc  etharp.o [1]
etharp_free_entry       0x08005149     0x44  Code  Lc  etharp.o [1]
etharp_output           0x08005857    0x154  Code  Gb  etharp.o [1]
etharp_output_to_arp_index
                        0x08005783     0xd4  Code  Lc  etharp.o [1]
etharp_query            0x080059ab    0x1a8  Code  Gb  etharp.o [1]
etharp_raw              0x08005b53     0xf4  Code  Lc  etharp.o [1]
etharp_request          0x08005c71     0x12  Code  Gb  etharp.o [1]
etharp_request_dst      0x08005c47     0x2a  Code  Lc  etharp.o [1]
etharp_send_ip          0x0800548d     0x3e  Code  Lc  etharp.o [1]
etharp_tmr              0x0800518d    0x11c  Code  Gb  etharp.o [1]
etharp_update_arp_entry
                        0x080054cb     0xfe  Code  Lc  etharp.o [1]
ethbroadcast            0x08014060      0x8  Data  Gb  etharp.o [1]
ethernet_input          0x08005c83     0xbc  Code  Gb  etharp.o [1]
ethernetif_init         0x08006c7f     0x22  Code  Gb  ethernetif.o [1]
ethernetif_input        0x08006c53     0x2c  Code  Gb  ethernetif.o [1]
ethzero                 0x08014068      0x8  Data  Gb  etharp.o [1]
exit                    0x08013eef      0x4  Code  Gb  exit.o [4]
flags                   0x200174ee      0x1  Data  Lc  tcp_in.o [1]
gnetif                  0x200172ac     0x34  Data  Gb  lwip.o [1]
gw                      0x20017410      0x4  Data  Gb  lwip.o [1]
heth                    0x200171a4     0x48  Data  Gb  ethernetif.o [1]
hspi2                   0x20017054     0x58  Data  Gb  main.o [1]
hsram1                  0x20017104     0x50  Data  Gb  main.o [1]
huart1                  0x2001722c     0x40  Data  Gb  main.o [1]
huart4                  0x200171ec     0x40  Data  Gb  main.o [1]
icmp_dest_unreach       0x080072fd     0x14  Code  Gb  icmp.o [1]
icmp_input              0x08007175    0x180  Code  Gb  icmp.o [1]
icmp_send_response      0x08007325     0x8e  Code  Lc  icmp.o [1]
icmp_time_exceeded      0x08007311     0x14  Code  Gb  icmp.o [1]
inseg                   0x20017388     0x10  Data  Lc  tcp_in.o [1]
ip4_addr_isbroadcast_u32
                        0x08001a85     0x50  Code  Gb  ip4_addr.o [1]
ip4_frag                0x08004f5d    0x1e0  Code  Gb  ip_frag.o [1]
ip4_input               0x08004673    0x208  Code  Gb  ip4.o [1]
ip4_output_if           0x0800487b     0x4e  Code  Gb  ip4.o [1]
ip4_output_if_src       0x080048c9     0xdc  Code  Gb  ip4.o [1]
ip4_reass               0x08004d29    0x202  Code  Gb  ip_frag.o [1]
ip4_route               0x080045f1     0x82  Code  Gb  ip4.o [1]
ip_addr_any             0x08014078      0x4  Data  Gb  ip4_addr.o [1]
ip_addr_broadcast       0x0801407c      0x4  Data  Gb  ip4_addr.o [1]
ip_data                 0x20017330     0x18  Data  Gb  ip4.o [1]
ip_frag_alloc_pbuf_custom_ref
                        0x08004f2b      0xa  Code  Lc  ip_frag.o [1]
ip_frag_free_pbuf_custom_ref
                        0x08004f35      0xe  Code  Lc  ip_frag.o [1]
ip_id                   0x200174d8      0x2  Data  Lc  ip4.o [1]
ip_reass_chain_frag_into_datagram_and_validate
                        0x08004bc1    0x168  Code  Lc  ip_frag.o [1]
ip_reass_dequeue_datagram
                        0x08004b99     0x28  Code  Lc  ip_frag.o [1]
ip_reass_enqueue_new_datagram
                        0x08004b2f     0x6a  Code  Lc  ip_frag.o [1]
ip_reass_free_complete_datagram
                        0x080049eb     0xa2  Code  Lc  ip_frag.o [1]
ip_reass_pbufcount      0x200174da      0x2  Data  Lc  ip_frag.o [1]
ip_reass_remove_oldest_datagram
                        0x08004a8d     0xa2  Code  Lc  ip_frag.o [1]
ip_reass_timer          0x08003f95     0x16  Code  Lc  lwip_timers.o [1]
ip_reass_tmr            0x080049b9     0x32  Code  Gb  ip_frag.o [1]
ipaddr                  0x20017408      0x4  Data  Gb  lwip.o [1]
ipfrag_free_pbuf_custom
                        0x08004f43     0x1a  Code  Lc  ip_frag.o [1]
lfree                   0x20017434      0x4  Data  Lc  mem.o [1]
low_level_init          0x0800691b    0x114  Code  Lc  ethernetif.o [1]
low_level_input         0x08006b2b    0x128  Code  Lc  ethernetif.o [1]
low_level_output        0x08006a2f     0xfc  Code  Lc  ethernetif.o [1]
lwip_htonl              0x08001af1     0x18  Code  Gb  def.o [1]
lwip_htons              0x08001ad5      0xe  Code  Gb  def.o [1]
lwip_init               0x08012051     0x1c  Code  Gb  init.o [1]
lwip_ntohl              0x08001b09      0xc  Code  Gb  def.o [1]
lwip_ntohs              0x08001ae3      0xe  Code  Gb  def.o [1]
main                    0x08010ea1     0x88  Code  Gb  main.o [1]
mem_calloc              0x080044dd     0x34  Code  Gb  mem.o [1]
mem_free                0x0800426d     0x38  Code  Gb  mem.o [1]
mem_init                0x0800421b     0x52  Code  Gb  mem.o [1]
mem_malloc              0x080043e1     0xec  Code  Gb  mem.o [1]
mem_trim                0x080042a5    0x13c  Code  Gb  mem.o [1]
memp_FRAG_PBUF          0x08014018      0xc  Data  Gb  memp.o [1]
memp_PBUF               0x08014030      0xc  Data  Gb  memp.o [1]
memp_PBUF_POOL          0x0801403c      0xc  Data  Gb  memp.o [1]
memp_REASSDATA          0x0801400c      0xc  Data  Gb  memp.o [1]
memp_SYS_TIMEOUT        0x08014024      0xc  Data  Gb  memp.o [1]
memp_TCP_PCB            0x08013fe8      0xc  Data  Gb  memp.o [1]
memp_TCP_PCB_LISTEN     0x08013ff4      0xc  Data  Gb  memp.o [1]
memp_TCP_SEG            0x08014000      0xc  Data  Gb  memp.o [1]
memp_UDP_PCB            0x08013fdc      0xc  Data  Gb  memp.o [1]
memp_free               0x0800306b     0x1c  Code  Gb  memp.o [1]
memp_init               0x08002ffb     0x2c  Code  Gb  memp.o [1]
memp_init_pool          0x08002fc9     0x32  Code  Gb  memp.o [1]
memp_malloc             0x0800303b     0x22  Code  Gb  memp.o [1]
memp_malloc_pool        0x08003027     0x14  Code  Gb  memp.o [1]
memp_memory_FRAG_PBUF_base
                        0x200166c4    0x168  Data  Gb  memp.o [1]
memp_memory_PBUF_POOL_base
                        0x200105d8   0x2600  Data  Gb  memp.o [1]
memp_memory_PBUF_base   0x20016a2c    0x100  Data  Gb  memp.o [1]
memp_memory_REASSDATA_base
                        0x20016dbc     0xa0  Data  Gb  memp.o [1]
memp_memory_SYS_TIMEOUT_base
                        0x20017154     0x50  Data  Gb  memp.o [1]
memp_memory_TCP_PCB_LISTEN_base
                        0x20016c1c     0xe0  Data  Gb  memp.o [1]
memp_memory_TCP_PCB_base
                        0x200161cc    0x2f8  Data  Gb  memp.o [1]
memp_memory_TCP_SEG_base
                        0x2001692c    0x100  Data  Gb  memp.o [1]
memp_memory_UDP_PCB_base
                        0x20016f5c     0x80  Data  Gb  memp.o [1]
memp_pools              0x20000004     0x24  Data  Gb  memp.o [1]
memp_tab_FRAG_PBUF      0x2001744c      0x4  Data  Lc  memp.o [1]
memp_tab_PBUF           0x20017454      0x4  Data  Lc  memp.o [1]
memp_tab_PBUF_POOL      0x20017458      0x4  Data  Lc  memp.o [1]
memp_tab_REASSDATA      0x20017448      0x4  Data  Lc  memp.o [1]
memp_tab_SYS_TIMEOUT    0x20017450      0x4  Data  Lc  memp.o [1]
memp_tab_TCP_PCB        0x2001743c      0x4  Data  Lc  memp.o [1]
memp_tab_TCP_PCB_LISTEN
                        0x20017440      0x4  Data  Lc  memp.o [1]
memp_tab_TCP_SEG        0x20017444      0x4  Data  Lc  memp.o [1]
memp_tab_UDP_PCB        0x20017438      0x4  Data  Lc  memp.o [1]
netif_add               0x0800741b     0x76  Code  Gb  netif.o [1]
netif_default           0x20017460      0x4  Data  Gb  netif.o [1]
netif_init              0x08007419      0x2  Code  Gb  netif.o [1]
netif_issue_reports     0x0800754f     0x22  Code  Lc  netif.o [1]
netif_list              0x2001745c      0x4  Data  Gb  netif.o [1]
netif_num               0x200174e9      0x1  Data  Lc  netif.o [1]
netif_set_addr          0x08007491     0x24  Code  Gb  netif.o [1]
netif_set_default       0x0800750f      0x6  Code  Gb  netif.o [1]
netif_set_down          0x08007571     0x28  Code  Gb  netif.o [1]
netif_set_gw            0x080074f3      0xe  Code  Gb  netif.o [1]
netif_set_ipaddr        0x080074b5     0x3e  Code  Gb  netif.o [1]
netif_set_netmask       0x08007501      0xe  Code  Gb  netif.o [1]
netif_set_up            0x08007525     0x2a  Code  Gb  netif.o [1]
netmask                 0x2001740c      0x4  Data  Gb  lwip.o [1]
next_timeout            0x2001741c      0x4  Data  Lc  lwip_timers.o [1]
pbuf_alloc              0x08001b51    0x1a6  Code  Gb  pbuf.o [1]
pbuf_alloced_custom     0x08001cf7     0x84  Code  Gb  pbuf.o [1]
pbuf_cat                0x08001f77     0x2e  Code  Gb  pbuf.o [1]
pbuf_chain              0x08001fa5     0x16  Code  Gb  pbuf.o [1]
pbuf_clen               0x08001f57     0x14  Code  Gb  pbuf.o [1]
pbuf_copy               0x08001fbb     0xd4  Code  Gb  pbuf.o [1]
pbuf_copy_partial       0x0800208f     0xae  Code  Gb  pbuf.o [1]
pbuf_free               0x08001ed7     0x80  Code  Gb  pbuf.o [1]
pbuf_free_ooseq         0x08001b15     0x2a  Code  Gb  pbuf.o [1]
pbuf_free_ooseq_pending
                        0x200174ea      0x1  Data  Gb  pbuf.o [1]
pbuf_header             0x08001eaf     0x14  Code  Gb  pbuf.o [1]
pbuf_header_force       0x08001ec3     0x14  Code  Gb  pbuf.o [1]
pbuf_header_impl        0x08001df3     0xbc  Code  Lc  pbuf.o [1]
pbuf_pool_is_empty      0x08001b3f      0x8  Code  Lc  pbuf.o [1]
pbuf_realloc            0x08001d7b     0x78  Code  Gb  pbuf.o [1]
pbuf_ref                0x08001f6b      0xc  Code  Gb  pbuf.o [1]
plug_holes              0x080041a5     0x76  Code  Lc  mem.o [1]
ram                     0x2001742c      0x4  Data  Lc  mem.o [1]
ram_end                 0x20017430      0x4  Data  Lc  mem.o [1]
ram_heap                0x20015b78    0x654  Data  Gb  mem.o [1]
rand                    0x08007599     0xe0  Code  Gb  rand.o [4]
reassdatagrams          0x20017404      0x4  Data  Lc  ip_frag.o [1]
rec                     0x200164c4    0x200  Data  Gb  main.o [1]
recv_data               0x20017490      0x4  Data  Lc  tcp_in.o [1]
recv_flags              0x200174ef      0x1  Data  Lc  tcp_in.o [1]
seqno                   0x20017488      0x4  Data  Lc  tcp_in.o [1]
sys_check_timeouts      0x080040fb     0x7e  Code  Gb  lwip_timers.o [1]
sys_now                 0x08006cd1      0x8  Code  Gb  ethernetif.o [1]
sys_timeout             0x08004029     0xd2  Code  Gb  lwip_timers.o [1]
sys_timeouts_init       0x08003fed     0x3c  Code  Gb  lwip_timers.o [1]
tcp_abandon             0x08002343     0xf8  Code  Gb  tcp.o [1]
tcp_abort               0x0800243b      0xe  Code  Gb  tcp.o [1]
tcp_accept              0x08002dff      0x4  Code  Gb  tcp.o [1]
tcp_accept_null         0x0800250d     0x14  Code  Lc  tcp.o [1]
tcp_active_pcbs         0x20017478      0x4  Data  Gb  tcp.o [1]
tcp_active_pcbs_changed
                        0x200174eb      0x1  Data  Gb  tcp.o [1]
tcp_alloc               0x08002cfd     0xe8  Code  Gb  tcp.o [1]
tcp_arg                 0x08002def      0x4  Code  Gb  tcp.o [1]
tcp_backoff             0x08013fac     0x10  Data  Gb  tcp.o [1]
tcp_bind                0x08002449     0xc4  Code  Gb  tcp.o [1]
tcp_bound_pcbs          0x20017470      0x4  Data  Gb  tcp.o [1]
tcp_close               0x08002327     0x1c  Code  Gb  tcp.o [1]
tcp_close_shutdown      0x08002163    0x1c4  Code  Lc  tcp.o [1]
tcp_create_segment      0x08003163     0xd6  Code  Lc  tcp_out.o [1]
tcp_eff_send_mss_impl   0x08002ecd     0x42  Code  Gb  tcp.o [1]
tcp_enqueue_flags       0x08003793    0x122  Code  Gb  tcp_out.o [1]
tcp_err                 0x08002df9      0x6  Code  Gb  tcp.o [1]
tcp_fasttmr             0x08002a57     0x7a  Code  Gb  tcp.o [1]
tcp_getoptbyte          0x08001945     0x48  Code  Lc  tcp_in.o [1]
tcp_init                0x0800213d      0x2  Code  Gb  tcp.o [1]
tcp_input               0x08000189    0x552  Code  Gb  tcp_in.o [1]
tcp_input_pcb           0x20017494      0x4  Data  Gb  tcp_in.o [1]
tcp_keepalive           0x08003df9     0x5c  Code  Gb  tcp_out.o [1]
tcp_kill_prio           0x08002bf3     0x62  Code  Lc  tcp.o [1]
tcp_kill_state          0x08002c65     0x4a  Code  Lc  tcp.o [1]
tcp_kill_timewait       0x08002cb5     0x3c  Code  Lc  tcp.o [1]
tcp_listen_input        0x080006db    0x128  Code  Lc  tcp_in.o [1]
tcp_listen_pcbs         0x20017474      0x4  Data  Gb  tcp.o [1]
tcp_listen_with_backlog
                        0x08002521     0xae  Code  Gb  tcp.o [1]
tcp_netif_ipv4_addr_changed
                        0x08002f35     0x4e  Code  Gb  tcp.o [1]
tcp_netif_ipv4_addr_changed_pcblist
                        0x08002f0f     0x26  Code  Lc  tcp.o [1]
tcp_new                 0x08002de5      0xa  Code  Gb  tcp.o [1]
tcp_new_port            0x0800266b     0x70  Code  Lc  tcp.o [1]
tcp_next_iss            0x08002eb9     0x14  Code  Gb  tcp.o [1]
tcp_next_iss::iss       0x2000002c      0x4  Data  Lc  tcp.o [1]
tcp_oos_insert_segment  0x08000dcb     0x8e  Code  Lc  tcp_in.o [1]
tcp_optidx              0x200174de      0x2  Data  Lc  tcp_in.o [1]
tcp_output              0x08003941    0x200  Code  Gb  tcp_out.o [1]
tcp_output_alloc_header
                        0x0800308d     0x8a  Code  Lc  tcp_out.o [1]
tcp_output_segment      0x08003b41     0xfe  Code  Lc  tcp_out.o [1]
tcp_parseopt            0x0800198d     0xbc  Code  Lc  tcp_in.o [1]
tcp_pbuf_prealloc       0x08003239     0xa4  Code  Lc  tcp_out.o [1]
tcp_pcb_lists           0x08013fbc     0x10  Data  Gb  tcp.o [1]
tcp_pcb_purge           0x08002e03     0x52  Code  Gb  tcp.o [1]
tcp_pcb_remove          0x08002e55     0x64  Code  Gb  tcp.o [1]
tcp_persist_backoff     0x08014070      0x8  Data  Gb  tcp.o [1]
tcp_port                0x200001d0      0x2  Data  Lc  tcp.o [1]
tcp_process             0x080008a7    0x524  Code  Lc  tcp_in.o [1]
tcp_process_refused_data
                        0x08002ad1     0x94  Code  Gb  tcp.o [1]
tcp_receive             0x08000ea5    0xaa0  Code  Lc  tcp_in.o [1]
tcp_recv                0x08002df3      0x6  Code  Gb  tcp.o [1]
tcp_recv_null           0x08002bc3     0x30  Code  Gb  tcp.o [1]
tcp_recved              0x08002617     0x54  Code  Gb  tcp.o [1]
tcp_rexmit              0x08003d2b     0x5e  Code  Gb  tcp_out.o [1]
tcp_rexmit_fast         0x08003d89     0x70  Code  Gb  tcp_out.o [1]
tcp_rexmit_rto          0x08003cf1     0x3a  Code  Gb  tcp_out.o [1]
tcp_rst                 0x08003c49     0xa8  Code  Gb  tcp_out.o [1]
tcp_seg_copy            0x08002b99     0x2a  Code  Gb  tcp.o [1]
tcp_seg_free            0x08002b7b     0x1e  Code  Gb  tcp.o [1]
tcp_segs_free           0x08002b65     0x16  Code  Gb  tcp.o [1]
tcp_send_empty_ack      0x080038b5     0x8c  Code  Gb  tcp_out.o [1]
tcp_send_fin            0x08003117     0x4c  Code  Gb  tcp_out.o [1]
tcp_slowtmr             0x080026db    0x37c  Code  Gb  tcp.o [1]
tcp_ticks               0x2001746c      0x4  Data  Gb  tcp.o [1]
tcp_timer               0x200174ec      0x1  Data  Lc  tcp.o [1]
tcp_timer_ctr           0x200174ed      0x1  Data  Lc  tcp.o [1]
tcp_timer_needed        0x08003f69     0x2c  Code  Gb  lwip_timers.o [1]
tcp_timewait_input      0x08000803     0xa4  Code  Lc  tcp_in.o [1]
tcp_tmr                 0x0800213f     0x24  Code  Gb  tcp.o [1]
tcp_trigger_input_pcb_close
                        0x08001a49      0xe  Code  Gb  tcp_in.o [1]
tcp_tw_pcbs             0x2001747c      0x4  Data  Gb  tcp.o [1]
tcp_update_rcv_ann_wnd  0x080025cf     0x48  Code  Gb  tcp.o [1]
tcp_write               0x0800334f    0x444  Code  Gb  tcp_out.o [1]
tcp_write_checks        0x080032dd     0x72  Code  Lc  tcp_out.o [1]
tcp_zero_window_probe   0x08003e55     0xe8  Code  Gb  tcp_out.o [1]
tcphdr                  0x20017480      0x4  Data  Lc  tcp_in.o [1]
tcphdr_opt1len          0x200174dc      0x2  Data  Lc  tcp_in.o [1]
tcphdr_opt2             0x20017484      0x4  Data  Lc  tcp_in.o [1]
tcpip_tcp_timer         0x08003f3d     0x2c  Code  Lc  lwip_timers.o [1]
tcpip_tcp_timer_active  0x20017424      0x4  Data  Lc  lwip_timers.o [1]
tcplen                  0x200174e0      0x2  Data  Lc  tcp_in.o [1]
timeouts_last_time      0x20017420      0x4  Data  Lc  lwip_timers.o [1]
touchGetX               0x08011539     0xb0  Code  Gb  XPT2046.o [1]
touchGetY               0x080115e9     0xb0  Code  Gb  XPT2046.o [1]
touch_en                0x200174f0      0x1  Data  Gb  XPT2046.o [1]
touch_x                 0x200174a0      0x4  Data  Gb  XPT2046.o [1]
touch_y                 0x2001749c      0x4  Data  Gb  XPT2046.o [1]
transmitBuffer          0x2001682c    0x100  Data  Gb  main.o [1]
udp_bind                0x08007081     0xae  Code  Gb  udp.o [1]
udp_init                0x08006cd9      0x2  Code  Gb  udp.o [1]
udp_input               0x08006d37    0x208  Code  Gb  udp.o [1]
udp_netif_ipv4_addr_changed
                        0x0800712f     0x34  Code  Gb  udp.o [1]
udp_new_port            0x08006cdb     0x5c  Code  Lc  udp.o [1]
udp_pcbs                0x20017498      0x4  Data  Gb  udp.o [1]
udp_port                0x200001d2      0x2  Data  Lc  udp.o [1]
udp_sendto_if           0x08006f3f     0x5a  Code  Gb  udp.o [1]
udp_sendto_if_src       0x08006f99     0xe8  Code  Gb  udp.o [1]
uwTick                  0x20017464      0x4  Data  Gb  stm32f4xx_hal.o [1]


[1] = E:\WORK\ALL\ETHDISP\EWARM\ETHDISP\Obj
[2] = command line
[3] = STemWin532_CM4_IAR.a
[4] = dl7M_tlf.a
[5] = m7M_tls.a
[6] = rt7M_tl.a
[7] = shb_l.a

  76 120 bytes of readonly  code memory
   6 365 bytes of readonly  data memory
  95 472 bytes of readwrite data memory

Errors: none
Warnings: none
